
==================================================================
[2026-07-31 08:00:21] Starting training (attempt 1/3, start_fold=0)
==================================================================
[2026-07-31 08:00:21] Training PID=6118 started (start_fold=0, attempt=1)
[97m24s] Ep   1/200  loss=1.5924  AUC=0.5598  AP=0.7142  (114.4s)
[98m25s] Ep   1/200  loss=1.5924  AUC=0.5598  AP=0.7142  (114.4s)
[99m25s] Ep   2/200  loss=1.4802  AUC=0.5745  AP=0.7565  (90.2s)
[100m25s] Ep   2/200  loss=1.4802  AUC=0.5745  AP=0.7565  (90.2s)
[101m25s] Ep   3/200  loss=1.3996  AUC=0.5611  AP=0.7173  (121.5s)
[102m25s] Ep   3/200  loss=1.3996  AUC=0.5611  AP=0.7173  (121.5s)
[103m25s] Ep   3/200  loss=1.3996  AUC=0.5611  AP=0.7173  (121.5s)
[110m39s] Ep   4/200  loss=1.2916  AUC=0.5675  AP=0.7231  (185.6s)
[121m13s] Ep   4/200  loss=1.2916  AUC=0.5675  AP=0.7231  (185.6s)
[122m13s] Ep   5/200  loss=1.2521  AUC=0.5861  AP=0.7399  (1104.4s)
[123m13s] Ep   5/200  loss=1.2521  AUC=0.5861  AP=0.7399  (1104.4s)
[124m13s] Ep   5/200  loss=1.2521  AUC=0.5861  AP=0.7399  (1104.4s)
[125m14s] Ep   5/200  loss=1.2521  AUC=0.5861  AP=0.7399  (1104.4s)
[126m14s] Ep   6/200  loss=1.2846  AUC=0.5713  AP=0.7212  (197.5s)
[127m14s] Ep   6/200  loss=1.2846  AUC=0.5713  AP=0.7212  (197.5s)
[128m14s] Ep   7/200  loss=1.2441  AUC=0.5546  AP=0.7196  (152.2s)
[129m14s] Ep   7/200  loss=1.2441  AUC=0.5546  AP=0.7196  (152.2s)
[130m14s] Ep   7/200  loss=1.2441  AUC=0.5546  AP=0.7196  (152.2s)
[131m14s] Ep   7/200  loss=1.2441  AUC=0.5546  AP=0.7196  (152.2s)
[132m14s] Ep   7/200  loss=1.2441  AUC=0.5546  AP=0.7196  (152.2s)
[133m14s] Ep   8/200  loss=1.2301  AUC=0.5423  AP=0.7235  (267.3s)
[134m14s] Ep   8/200  loss=1.2301  AUC=0.5423  AP=0.7235  (267.3s)
[135m14s] Ep   8/200  loss=1.2301  AUC=0.5423  AP=0.7235  (267.3s)
[136m14s] Ep   9/200  loss=1.1739  AUC=0.5518  AP=0.7298  (203.4s)
[137m14s] Ep   9/200  loss=1.1739  AUC=0.5518  AP=0.7298  (203.4s)
[138m14s] Ep   9/200  loss=1.1739  AUC=0.5518  AP=0.7298  (203.4s)
[139m15s] Ep   9/200  loss=1.1739  AUC=0.5518  AP=0.7298  (203.4s)
[140m15s] Ep   9/200  loss=1.1739  AUC=0.5518  AP=0.7298  (203.4s)
[141m15s] Ep  10/200  loss=1.3328  AUC=0.5725  AP=0.7488  (285.4s)
[142m15s] Ep  11/200  loss=1.1178  AUC=0.5493  AP=0.7325  (95.6s)
[143m15s] Ep  11/200  loss=1.1178  AUC=0.5493  AP=0.7325  (95.6s)
[144m15s] Ep  11/200  loss=1.1178  AUC=0.5493  AP=0.7325  (95.6s)
[145m15s] Ep  12/200  loss=1.1459  AUC=0.5618  AP=0.7400  (155.3s)
[146m16s] Ep  12/200  loss=1.1459  AUC=0.5618  AP=0.7400  (155.3s)
[147m16s] Ep  12/200  loss=1.1459  AUC=0.5618  AP=0.7400  (155.3s)
[148m16s] Ep  13/200  loss=1.1533  AUC=0.5586  AP=0.7277  (200.5s)
[149m16s] Ep  13/200  loss=1.1533  AUC=0.5586  AP=0.7277  (200.5s)
[150m16s] Ep  13/200  loss=1.1533  AUC=0.5586  AP=0.7277  (200.5s)
[151m16s] Ep  14/200  loss=1.1406  AUC=0.5400  AP=0.7240  (174.6s)
[152m16s] Ep  14/200  loss=1.1406  AUC=0.5400  AP=0.7240  (174.6s)
[153m16s] Ep  15/200  loss=1.1245  AUC=0.5547  AP=0.7324  (136.9s)
[154m16s] Ep  15/200  loss=1.1245  AUC=0.5547  AP=0.7324  (136.9s)
[155m16s] Ep  15/200  loss=1.1245  AUC=0.5547  AP=0.7324  (136.9s)
[156m16s] Ep  16/200  loss=1.1772  AUC=0.5481  AP=0.7310  (133.1s)
[157m16s] Ep  16/200  loss=1.1772  AUC=0.5481  AP=0.7310  (133.1s)
[158m16s] Ep  16/200  loss=1.1772  AUC=0.5481  AP=0.7310  (133.1s)
[159m17s] Ep  17/200  loss=1.1458  AUC=0.5591  AP=0.7418  (225.8s)
[160m17s] Ep  17/200  loss=1.1458  AUC=0.5591  AP=0.7418  (225.8s)
[161m17s] Ep  17/200  loss=1.1458  AUC=0.5591  AP=0.7418  (225.8s)
[162m17s] Ep  17/200  loss=1.1458  AUC=0.5591  AP=0.7418  (225.8s)
[163m17s] Ep  17/200  loss=1.1458  AUC=0.5591  AP=0.7418  (225.8s)
[164m17s] Ep  18/200  loss=1.1606  AUC=0.5754  AP=0.7451  (267.5s)
[165m17s] Ep  18/200  loss=1.1606  AUC=0.5754  AP=0.7451  (267.5s)
[166m17s] Ep  19/200  loss=1.1191  AUC=0.5746  AP=0.7489  (137.8s)
[167m17s] Ep  19/200  loss=1.1191  AUC=0.5746  AP=0.7489  (137.8s)
[168m17s] Ep  20/200  loss=1.1278  AUC=0.5466  AP=0.7329  (141.9s)
[169m17s] Ep  20/200  loss=1.1278  AUC=0.5466  AP=0.7329  (141.9s)
[170m18s] Ep  20/200  loss=1.1278  AUC=0.5466  AP=0.7329  (141.9s)
[171m18s] Ep  21/200  loss=1.1030  AUC=0.5359  AP=0.7213  (166.7s)
[172m18s] Ep  21/200  loss=1.1030  AUC=0.5359  AP=0.7213  (166.7s)
[173m18s] Ep  22/200  loss=1.1549  AUC=0.5627  AP=0.7347  (131.9s)
[191m1s] Ep  22/200  loss=1.1549  AUC=0.5627  AP=0.7347  (131.9s)
[208m13s] Ep  22/200  loss=1.1549  AUC=0.5627  AP=0.7347  (131.9s)
[225m4s] Ep  23/200  loss=1.0930  AUC=0.5802  AP=0.7440  (3096.3s)
[234m54s] Ep  23/200  loss=1.0930  AUC=0.5802  AP=0.7440  (3096.3s)
[250m52s] Ep  23/200  loss=1.0930  AUC=0.5802  AP=0.7440  (3096.3s)
[251m52s] Ep  23/200  loss=1.0930  AUC=0.5802  AP=0.7440  (3096.3s)
[254m28s] Ep  23/200  loss=1.0930  AUC=0.5802  AP=0.7440  (3096.3s)
[261m24s] Ep  24/200  loss=1.0908  AUC=0.5663  AP=0.7366  (1790.0s)
[293m48s] Ep  24/200  loss=1.0908  AUC=0.5663  AP=0.7366  (1790.0s)
[310m24s] Ep  24/200  loss=1.0908  AUC=0.5663  AP=0.7366  (1790.0s)

┌──────────────────────────────────────────────────────────────┐
│  FOLD 1/5 COMPLETE                                          │
│  Best val AUC: 0.5861   Test AUC: 0.5263   Test AP: 0.7134
│  Elapsed: 311m 59s   Est. remaining: 1247m
└──────────────────────────────────────────────────────────────┘
[311m59s] Ep  25/200  loss=1.0402  AUC=0.5606  AP=0.7362  (3343.9s)
[320m49s] Ep  25/200  loss=1.0402  AUC=0.5606  AP=0.7362  (3343.9s)
[321m49s] Ep  25/200  loss=1.0402  AUC=0.5606  AP=0.7362  (3343.9s)
[323m21s] Ep  25/200  loss=1.0402  AUC=0.5606  AP=0.7362  (3343.9s)
[340m26s] Ep  25/200  loss=1.0402  AUC=0.5606  AP=0.7362  (3343.9s)
[341m26s] Ep   1/200  loss=1.5933  AUC=0.5735  AP=0.7456  (1798.6s)
[342m26s] Ep   1/200  loss=1.5933  AUC=0.5735  AP=0.7456  (1798.6s)
[343m26s] Ep   2/200  loss=1.4662  AUC=0.5845  AP=0.7411  (128.0s)
[344m26s] Ep   2/200  loss=1.4662  AUC=0.5845  AP=0.7411  (128.0s)
[345m26s] Ep   2/200  loss=1.4662  AUC=0.5845  AP=0.7411  (128.0s)
[346m26s] Ep   3/200  loss=1.3213  AUC=0.5621  AP=0.7350  (191.4s)
[347m27s] Ep   3/200  loss=1.3213  AUC=0.5621  AP=0.7350  (191.4s)
[348m27s] Ep   3/200  loss=1.3213  AUC=0.5621  AP=0.7350  (191.4s)
[349m27s] Ep   4/200  loss=1.2855  AUC=0.5009  AP=0.6910  (211.0s)
[350m27s] Ep   4/200  loss=1.2855  AUC=0.5009  AP=0.6910  (211.0s)
[351m27s] Ep   4/200  loss=1.2855  AUC=0.5009  AP=0.6910  (211.0s)
[352m27s] Ep   4/200  loss=1.2855  AUC=0.5009  AP=0.6910  (211.0s)
[353m27s] Ep   4/200  loss=1.2855  AUC=0.5009  AP=0.6910  (211.0s)
[354m27s] Ep   5/200  loss=1.2727  AUC=0.5318  AP=0.7353  (304.9s)
[355m27s] Ep   5/200  loss=1.2727  AUC=0.5318  AP=0.7353  (304.9s)
[356m28s] Ep   5/200  loss=1.2727  AUC=0.5318  AP=0.7353  (304.9s)
[357m28s] Ep   5/200  loss=1.2727  AUC=0.5318  AP=0.7353  (304.9s)
[358m28s] Ep   5/200  loss=1.2727  AUC=0.5318  AP=0.7353  (304.9s)
[359m28s] Ep   5/200  loss=1.2727  AUC=0.5318  AP=0.7353  (304.9s)
[360m28s] Ep   6/200  loss=1.2976  AUC=0.5738  AP=0.7640  (304.7s)
[361m29s] Ep   6/200  loss=1.2976  AUC=0.5738  AP=0.7640  (304.7s)
[362m33s] Ep   6/200  loss=1.2976  AUC=0.5738  AP=0.7640  (304.7s)
[363m33s] Ep   6/200  loss=1.2976  AUC=0.5738  AP=0.7640  (304.7s)
[364m33s] Ep   6/200  loss=1.2976  AUC=0.5738  AP=0.7640  (304.7s)
[365m34s] Ep   6/200  loss=1.2976  AUC=0.5738  AP=0.7640  (304.7s)
[366m34s] Ep   7/200  loss=1.2814  AUC=0.5380  AP=0.7345  (394.8s)
[367m34s] Ep   7/200  loss=1.2814  AUC=0.5380  AP=0.7345  (394.8s)
[368m34s] Ep   7/200  loss=1.2814  AUC=0.5380  AP=0.7345  (394.8s)
[369m34s] Ep   7/200  loss=1.2814  AUC=0.5380  AP=0.7345  (394.8s)
[370m35s] Ep   7/200  loss=1.2814  AUC=0.5380  AP=0.7345  (394.8s)
[371m35s] Ep   8/200  loss=1.2256  AUC=0.5373  AP=0.7405  (308.8s)
[372m35s] Ep   8/200  loss=1.2256  AUC=0.5373  AP=0.7405  (308.8s)
[373m35s] Ep   8/200  loss=1.2256  AUC=0.5373  AP=0.7405  (308.8s)
[374m35s] Ep   8/200  loss=1.2256  AUC=0.5373  AP=0.7405  (308.8s)
[375m35s] Ep   8/200  loss=1.2256  AUC=0.5373  AP=0.7405  (308.8s)
[376m36s] Ep   8/200  loss=1.2256  AUC=0.5373  AP=0.7405  (308.8s)
[377m36s] Ep   9/200  loss=1.1610  AUC=0.5367  AP=0.7453  (370.4s)
[378m36s] Ep   9/200  loss=1.1610  AUC=0.5367  AP=0.7453  (370.4s)
[379m36s] Ep   9/200  loss=1.1610  AUC=0.5367  AP=0.7453  (370.4s)
[380m37s] Ep   9/200  loss=1.1610  AUC=0.5367  AP=0.7453  (370.4s)
[381m37s] Ep   9/200  loss=1.1610  AUC=0.5367  AP=0.7453  (370.4s)
[382m37s] Ep   9/200  loss=1.1610  AUC=0.5367  AP=0.7453  (370.4s)
[383m37s] Ep  10/200  loss=1.1673  AUC=0.5552  AP=0.7692  (370.9s)
[384m37s] Ep  10/200  loss=1.1673  AUC=0.5552  AP=0.7692  (370.9s)
[385m38s] Ep  10/200  loss=1.1673  AUC=0.5552  AP=0.7692  (370.9s)
[386m38s] Ep  10/200  loss=1.1673  AUC=0.5552  AP=0.7692  (370.9s)
[387m38s] Ep  11/200  loss=1.1396  AUC=0.5628  AP=0.7632  (196.7s)
[388m38s] Ep  11/200  loss=1.1396  AUC=0.5628  AP=0.7632  (196.7s)
[389m38s] Ep  11/200  loss=1.1396  AUC=0.5628  AP=0.7632  (196.7s)
[390m38s] Ep  12/200  loss=1.1627  AUC=0.5401  AP=0.7547  (206.7s)
[391m38s] Ep  12/200  loss=1.1627  AUC=0.5401  AP=0.7547  (206.7s)
[392m38s] Ep  12/200  loss=1.1627  AUC=0.5401  AP=0.7547  (206.7s)
[393m38s] Ep  12/200  loss=1.1627  AUC=0.5401  AP=0.7547  (206.7s)
[394m38s] Ep  13/200  loss=1.0986  AUC=0.5563  AP=0.7687  (206.5s)
[395m38s] Ep  13/200  loss=1.0986  AUC=0.5563  AP=0.7687  (206.5s)
[396m38s] Ep  13/200  loss=1.0986  AUC=0.5563  AP=0.7687  (206.5s)
[397m39s] Ep  13/200  loss=1.0986  AUC=0.5563  AP=0.7687  (206.5s)
[398m39s] Ep  14/200  loss=1.2056  AUC=0.5546  AP=0.7653  (243.1s)
[399m39s] Ep  14/200  loss=1.2056  AUC=0.5546  AP=0.7653  (243.1s)
[400m39s] Ep  14/200  loss=1.2056  AUC=0.5546  AP=0.7653  (243.1s)
[401m39s] Ep  15/200  loss=1.1387  AUC=0.5442  AP=0.7635  (200.1s)
[419m43s] Ep  15/200  loss=1.1387  AUC=0.5442  AP=0.7635  (200.1s)
[433m44s] Ep  15/200  loss=1.1387  AUC=0.5442  AP=0.7635  (200.1s)
[434m45s] Ep  15/200  loss=1.1387  AUC=0.5442  AP=0.7635  (200.1s)
[450m44s] Ep  16/200  loss=1.1341  AUC=0.5315  AP=0.7516  (2956.8s)
[451m44s] Ep  16/200  loss=1.1341  AUC=0.5315  AP=0.7516  (2956.8s)
[452m44s] Ep  16/200  loss=1.1341  AUC=0.5315  AP=0.7516  (2956.8s)
[453m44s] Ep  16/200  loss=1.1341  AUC=0.5315  AP=0.7516  (2956.8s)
[454m44s] Ep  16/200  loss=1.1341  AUC=0.5315  AP=0.7516  (2956.8s)
[455m44s] Ep  17/200  loss=1.1182  AUC=0.5404  AP=0.7621  (296.6s)
[456m44s] Ep  17/200  loss=1.1182  AUC=0.5404  AP=0.7621  (296.6s)
[457m44s] Ep  17/200  loss=1.1182  AUC=0.5404  AP=0.7621  (296.6s)
[458m44s] Ep  18/200  loss=1.1612  AUC=0.5463  AP=0.7693  (194.0s)
[459m44s] Ep  18/200  loss=1.1612  AUC=0.5463  AP=0.7693  (194.0s)
[460m44s] Ep  18/200  loss=1.1612  AUC=0.5463  AP=0.7693  (194.0s)
[461m45s] Ep  18/200  loss=1.1612  AUC=0.5463  AP=0.7693  (194.0s)
[462m45s] Ep  18/200  loss=1.1612  AUC=0.5463  AP=0.7693  (194.0s)
[463m45s] Ep  19/200  loss=1.1429  AUC=0.5277  AP=0.7454  (251.0s)
[464m45s] Ep  19/200  loss=1.1429  AUC=0.5277  AP=0.7454  (251.0s)
[465m45s] Ep  19/200  loss=1.1429  AUC=0.5277  AP=0.7454  (251.0s)
[466m45s] Ep  19/200  loss=1.1429  AUC=0.5277  AP=0.7454  (251.0s)
[467m45s] Ep  19/200  loss=1.1429  AUC=0.5277  AP=0.7454  (251.0s)
[468m45s] Ep  20/200  loss=1.0832  AUC=0.5367  AP=0.7586  (301.4s)
[469m45s] Ep  20/200  loss=1.0832  AUC=0.5367  AP=0.7586  (301.4s)
[470m45s] Ep  20/200  loss=1.0832  AUC=0.5367  AP=0.7586  (301.4s)
[471m45s] Ep  20/200  loss=1.0832  AUC=0.5367  AP=0.7586  (301.4s)
[472m47s] Ep  20/200  loss=1.0832  AUC=0.5367  AP=0.7586  (301.4s)
[473m47s] Ep  21/200  loss=1.1698  AUC=0.5332  AP=0.7552  (337.8s)
[474m47s] Ep  21/200  loss=1.1698  AUC=0.5332  AP=0.7552  (337.8s)
[475m47s] Ep  21/200  loss=1.1698  AUC=0.5332  AP=0.7552  (337.8s)
[476m47s] Ep  21/200  loss=1.1698  AUC=0.5332  AP=0.7552  (337.8s)

┌──────────────────────────────────────────────────────────────┐
│  FOLD 2/5 COMPLETE                                          │
│  Best val AUC: 0.5845   Test AUC: 0.5680   Test AP: 0.7211
│  Elapsed: 477m 47s   Est. remaining: 716m
└──────────────────────────────────────────────────────────────┘
[477m47s] Ep  22/200  loss=1.1000  AUC=0.5401  AP=0.7572  (228.1s)
[478m48s] Ep  22/200  loss=1.1000  AUC=0.5401  AP=0.7572  (228.1s)
[479m48s] Ep  22/200  loss=1.1000  AUC=0.5401  AP=0.7572  (228.1s)
[480m49s] Ep  22/200  loss=1.1000  AUC=0.5401  AP=0.7572  (228.1s)
[481m49s] Ep  22/200  loss=1.1000  AUC=0.5401  AP=0.7572  (228.1s)
[482m49s] Ep   1/200  loss=1.6139  AUC=0.4772  AP=0.7136  (308.5s)
[483m50s] Ep   1/200  loss=1.6139  AUC=0.4772  AP=0.7136  (308.5s)
[484m50s] Ep   1/200  loss=1.6139  AUC=0.4772  AP=0.7136  (308.5s)
[485m50s] Ep   1/200  loss=1.6139  AUC=0.4772  AP=0.7136  (308.5s)
[486m50s] Ep   2/200  loss=1.5549  AUC=0.5313  AP=0.7155  (236.7s)
[487m50s] Ep   2/200  loss=1.5549  AUC=0.5313  AP=0.7155  (236.7s)
[488m50s] Ep   2/200  loss=1.5549  AUC=0.5313  AP=0.7155  (236.7s)
[489m50s] Ep   2/200  loss=1.5549  AUC=0.5313  AP=0.7155  (236.7s)
[490m50s] Ep   3/200  loss=1.4574  AUC=0.5240  AP=0.7314  (224.7s)
[491m50s] Ep   3/200  loss=1.4574  AUC=0.5240  AP=0.7314  (224.7s)
[492m50s] Ep   3/200  loss=1.4574  AUC=0.5240  AP=0.7314  (224.7s)
[493m50s] Ep   4/200  loss=1.4139  AUC=0.4666  AP=0.6885  (218.5s)
[494m50s] Ep   4/200  loss=1.4139  AUC=0.4666  AP=0.6885  (218.5s)
[495m50s] Ep   4/200  loss=1.4139  AUC=0.4666  AP=0.6885  (218.5s)
[496m50s] Ep   4/200  loss=1.4139  AUC=0.4666  AP=0.6885  (218.5s)
[497m50s] Ep   5/200  loss=1.3980  AUC=0.4784  AP=0.6961  (208.0s)
[498m51s] Ep   5/200  loss=1.3980  AUC=0.4784  AP=0.6961  (208.0s)
[499m51s] Ep   5/200  loss=1.3980  AUC=0.4784  AP=0.6961  (208.0s)
[500m51s] Ep   6/200  loss=1.3832  AUC=0.5195  AP=0.7271  (210.7s)
[501m51s] Ep   6/200  loss=1.3832  AUC=0.5195  AP=0.7271  (210.7s)
[502m51s] Ep   6/200  loss=1.3832  AUC=0.5195  AP=0.7271  (210.7s)
[503m51s] Ep   6/200  loss=1.3832  AUC=0.5195  AP=0.7271  (210.7s)
[504m51s] Ep   7/200  loss=1.3502  AUC=0.4897  AP=0.7222  (220.6s)
[505m51s] Ep   7/200  loss=1.3502  AUC=0.4897  AP=0.7222  (220.6s)
[506m52s] Ep   7/200  loss=1.3502  AUC=0.4897  AP=0.7222  (220.6s)
[507m52s] Ep   8/200  loss=1.3034  AUC=0.5050  AP=0.7095  (202.6s)
[508m52s] Ep   8/200  loss=1.3034  AUC=0.5050  AP=0.7095  (202.6s)
[509m52s] Ep   8/200  loss=1.3034  AUC=0.5050  AP=0.7095  (202.6s)
[510m52s] Ep   9/200  loss=1.2722  AUC=0.4923  AP=0.7092  (176.6s)
[511m52s] Ep   9/200  loss=1.2722  AUC=0.4923  AP=0.7092  (176.6s)
[512m52s] Ep   9/200  loss=1.2722  AUC=0.4923  AP=0.7092  (176.6s)
[513m52s] Ep   9/200  loss=1.2722  AUC=0.4923  AP=0.7092  (176.6s)
[514m52s] Ep   9/200  loss=1.2722  AUC=0.4923  AP=0.7092  (176.6s)
[515m52s] Ep   9/200  loss=1.2722  AUC=0.4923  AP=0.7092  (176.6s)
[516m53s] Ep   9/200  loss=1.2722  AUC=0.4923  AP=0.7092  (176.6s)
[517m53s] Ep  10/200  loss=1.3251  AUC=0.5163  AP=0.7346  (382.3s)
[518m53s] Ep  10/200  loss=1.3251  AUC=0.5163  AP=0.7346  (382.3s)
[519m53s] Ep  10/200  loss=1.3251  AUC=0.5163  AP=0.7346  (382.3s)
[520m53s] Ep  11/200  loss=1.2932  AUC=0.5231  AP=0.7125  (219.4s)
[521m53s] Ep  11/200  loss=1.2932  AUC=0.5231  AP=0.7125  (219.4s)
[522m53s] Ep  11/200  loss=1.2932  AUC=0.5231  AP=0.7125  (219.4s)
[523m53s] Ep  11/200  loss=1.2932  AUC=0.5231  AP=0.7125  (219.4s)
[524m53s] Ep  11/200  loss=1.2932  AUC=0.5231  AP=0.7125  (219.4s)
[525m53s] Ep  12/200  loss=1.2809  AUC=0.5216  AP=0.7106  (288.2s)
[526m53s] Ep  12/200  loss=1.2809  AUC=0.5216  AP=0.7106  (288.2s)
[527m53s] Ep  12/200  loss=1.2809  AUC=0.5216  AP=0.7106  (288.2s)
[528m53s] Ep  12/200  loss=1.2809  AUC=0.5216  AP=0.7106  (288.2s)
[529m54s] Ep  13/200  loss=1.2211  AUC=0.5201  AP=0.7333  (229.7s)
[530m54s] Ep  13/200  loss=1.2211  AUC=0.5201  AP=0.7333  (229.7s)
[531m54s] Ep  13/200  loss=1.2211  AUC=0.5201  AP=0.7333  (229.7s)
[532m54s] Ep  14/200  loss=1.2440  AUC=0.5148  AP=0.7334  (197.3s)
[533m54s] Ep  14/200  loss=1.2440  AUC=0.5148  AP=0.7334  (197.3s)
[534m54s] Ep  14/200  loss=1.2440  AUC=0.5148  AP=0.7334  (197.3s)
[535m54s] Ep  14/200  loss=1.2440  AUC=0.5148  AP=0.7334  (197.3s)
[536m54s] Ep  15/200  loss=1.2166  AUC=0.5423  AP=0.7354  (226.7s)
[537m54s] Ep  15/200  loss=1.2166  AUC=0.5423  AP=0.7354  (226.7s)
[538m54s] Ep  15/200  loss=1.2166  AUC=0.5423  AP=0.7354  (226.7s)
[539m54s] Ep  16/200  loss=1.1868  AUC=0.5139  AP=0.7261  (199.3s)
[540m54s] Ep  16/200  loss=1.1868  AUC=0.5139  AP=0.7261  (199.3s)
[541m55s] Ep  16/200  loss=1.1868  AUC=0.5139  AP=0.7261  (199.3s)
[542m55s] Ep  16/200  loss=1.1868  AUC=0.5139  AP=0.7261  (199.3s)
[543m55s] Ep  16/200  loss=1.1868  AUC=0.5139  AP=0.7261  (199.3s)
[544m55s] Ep  17/200  loss=1.1885  AUC=0.4979  AP=0.7090  (275.7s)
[545m55s] Ep  17/200  loss=1.1885  AUC=0.4979  AP=0.7090  (275.7s)
[546m55s] Ep  17/200  loss=1.1885  AUC=0.4979  AP=0.7090  (275.7s)
[547m55s] Ep  17/200  loss=1.1885  AUC=0.4979  AP=0.7090  (275.7s)
[548m55s] Ep  17/200  loss=1.1885  AUC=0.4979  AP=0.7090  (275.7s)
[549m55s] Ep  18/200  loss=1.2150  AUC=0.4994  AP=0.7179  (304.6s)
[550m55s] Ep  18/200  loss=1.2150  AUC=0.4994  AP=0.7179  (304.6s)
[551m55s] Ep  18/200  loss=1.2150  AUC=0.4994  AP=0.7179  (304.6s)
[552m56s] Ep  18/200  loss=1.2150  AUC=0.4994  AP=0.7179  (304.6s)
[553m56s] Ep  19/200  loss=1.1434  AUC=0.4790  AP=0.7195  (250.1s)
[554m56s] Ep  19/200  loss=1.1434  AUC=0.4790  AP=0.7195  (250.1s)
[555m56s] Ep  19/200  loss=1.1434  AUC=0.4790  AP=0.7195  (250.1s)
[556m56s] Ep  19/200  loss=1.1434  AUC=0.4790  AP=0.7195  (250.1s)
[557m56s] Ep  19/200  loss=1.1434  AUC=0.4790  AP=0.7195  (250.1s)
[558m57s] Ep  20/200  loss=1.2120  AUC=0.4571  AP=0.7023  (311.7s)
[559m57s] Ep  20/200  loss=1.2120  AUC=0.4571  AP=0.7023  (311.7s)
[560m57s] Ep  20/200  loss=1.2120  AUC=0.4571  AP=0.7023  (311.7s)
[561m57s] Ep  20/200  loss=1.2120  AUC=0.4571  AP=0.7023  (311.7s)
[562m57s] Ep  21/200  loss=1.1858  AUC=0.4616  AP=0.6969  (233.3s)
[563m57s] Ep  21/200  loss=1.1858  AUC=0.4616  AP=0.6969  (233.3s)
[564m57s] Ep  21/200  loss=1.1858  AUC=0.4616  AP=0.6969  (233.3s)
[565m57s] Ep  21/200  loss=1.1858  AUC=0.4616  AP=0.6969  (233.3s)
[566m57s] Ep  22/200  loss=1.1498  AUC=0.4817  AP=0.7105  (250.3s)
[567m57s] Ep  22/200  loss=1.1498  AUC=0.4817  AP=0.7105  (250.3s)
[568m57s] Ep  22/200  loss=1.1498  AUC=0.4817  AP=0.7105  (250.3s)
[569m57s] Ep  22/200  loss=1.1498  AUC=0.4817  AP=0.7105  (250.3s)
[570m57s] Ep  23/200  loss=1.1077  AUC=0.4692  AP=0.7072  (210.9s)
[571m57s] Ep  23/200  loss=1.1077  AUC=0.4692  AP=0.7072  (210.9s)
[572m58s] Ep  23/200  loss=1.1077  AUC=0.4692  AP=0.7072  (210.9s)
[573m58s] Ep  23/200  loss=1.1077  AUC=0.4692  AP=0.7072  (210.9s)
[574m58s] Ep  23/200  loss=1.1077  AUC=0.4692  AP=0.7072  (210.9s)
[575m58s] Ep  23/200  loss=1.1077  AUC=0.4692  AP=0.7072  (210.9s)
[576m58s] Ep  24/200  loss=1.1629  AUC=0.4743  AP=0.7119  (333.1s)
[577m58s] Ep  24/200  loss=1.1629  AUC=0.4743  AP=0.7119  (333.1s)
[578m58s] Ep  24/200  loss=1.1629  AUC=0.4743  AP=0.7119  (333.1s)
[579m58s] Ep  25/200  loss=1.1838  AUC=0.4758  AP=0.7090  (224.2s)
[580m58s] Ep  25/200  loss=1.1838  AUC=0.4758  AP=0.7090  (224.2s)
[581m59s] Ep  25/200  loss=1.1838  AUC=0.4758  AP=0.7090  (224.2s)
[582m59s] Ep  25/200  loss=1.1838  AUC=0.4758  AP=0.7090  (224.2s)
[583m59s] Ep  25/200  loss=1.1838  AUC=0.4758  AP=0.7090  (224.2s)
[584m59s] Ep  26/200  loss=1.1871  AUC=0.4435  AP=0.7023  (306.6s)
[585m59s] Ep  26/200  loss=1.1871  AUC=0.4435  AP=0.7023  (306.6s)
[586m59s] Ep  26/200  loss=1.1871  AUC=0.4435  AP=0.7023  (306.6s)
[587m59s] Ep  26/200  loss=1.1871  AUC=0.4435  AP=0.7023  (306.6s)
[588m59s] Ep  26/200  loss=1.1871  AUC=0.4435  AP=0.7023  (306.6s)
[589m59s] Ep  27/200  loss=1.1325  AUC=0.4651  AP=0.7124  (255.1s)
[590m59s] Ep  27/200  loss=1.1325  AUC=0.4651  AP=0.7124  (255.1s)
[591m59s] Ep  27/200  loss=1.1325  AUC=0.4651  AP=0.7124  (255.1s)
[592m59s] Ep  27/200  loss=1.1325  AUC=0.4651  AP=0.7124  (255.1s)
[593m59s] Ep  28/200  loss=1.0907  AUC=0.4746  AP=0.7049  (256.7s)
[595m0s] Ep  28/200  loss=1.0907  AUC=0.4746  AP=0.7049  (256.7s)
[596m0s] Ep  28/200  loss=1.0907  AUC=0.4746  AP=0.7049  (256.7s)
[597m0s] Ep  28/200  loss=1.0907  AUC=0.4746  AP=0.7049  (256.7s)
[598m0s] Ep  29/200  loss=1.1624  AUC=0.4666  AP=0.7016  (261.1s)
[599m0s] Ep  29/200  loss=1.1624  AUC=0.4666  AP=0.7016  (261.1s)
[600m0s] Ep  29/200  loss=1.1624  AUC=0.4666  AP=0.7016  (261.1s)
[601m0s] Ep  29/200  loss=1.1624  AUC=0.4666  AP=0.7016  (261.1s)
[602m0s] Ep  29/200  loss=1.1624  AUC=0.4666  AP=0.7016  (261.1s)
[603m1s] Ep  29/200  loss=1.1624  AUC=0.4666  AP=0.7016  (261.1s)
[604m1s] Ep  30/200  loss=1.1548  AUC=0.4639  AP=0.7058  (327.9s)
[605m1s] Ep  30/200  loss=1.1548  AUC=0.4639  AP=0.7058  (327.9s)
[606m1s] Ep  30/200  loss=1.1548  AUC=0.4639  AP=0.7058  (327.9s)
[607m1s] Ep  30/200  loss=1.1548  AUC=0.4639  AP=0.7058  (327.9s)
[608m1s] Ep  30/200  loss=1.1548  AUC=0.4639  AP=0.7058  (327.9s)
[609m1s] Ep  31/200  loss=1.1079  AUC=0.4622  AP=0.7032  (320.0s)
[610m1s] Ep  31/200  loss=1.1079  AUC=0.4622  AP=0.7032  (320.0s)
[614m51s] Ep  31/200  loss=1.1079  AUC=0.4622  AP=0.7032  (320.0s)
[618m19s] Ep  31/200  loss=1.1079  AUC=0.4622  AP=0.7032  (320.0s)
[625m52s] Ep  31/200  loss=1.1079  AUC=0.4622  AP=0.7032  (320.0s)
[626m52s] Ep  32/200  loss=1.1170  AUC=0.4695  AP=0.7137  (1050.4s)
[644m15s] Ep  32/200  loss=1.1170  AUC=0.4695  AP=0.7137  (1050.4s)
[660m47s] Ep  32/200  loss=1.1170  AUC=0.4695  AP=0.7137  (1050.4s)
[662m12s] Ep  32/200  loss=1.1170  AUC=0.4695  AP=0.7137  (1050.4s)
[676m13s] Ep  33/200  loss=1.1481  AUC=0.4607  AP=0.7105  (2977.9s)
[680m22s] Ep  33/200  loss=1.1481  AUC=0.4607  AP=0.7105  (2977.9s)
[697m10s] Ep  33/200  loss=1.1481  AUC=0.4607  AP=0.7105  (2977.9s)
[704m43s] Ep  33/200  loss=1.1481  AUC=0.4607  AP=0.7105  (2977.9s)
[705m57s] Ep  34/200  loss=1.1375  AUC=0.4769  AP=0.7125  (1808.2s)
[709m33s] Ep  34/200  loss=1.1375  AUC=0.4769  AP=0.7125  (1808.2s)
[717m4s] Ep  34/200  loss=1.1375  AUC=0.4769  AP=0.7125  (1808.2s)
[718m20s] Ep  34/200  loss=1.1375  AUC=0.4769  AP=0.7125  (1808.2s)
[734m48s] Ep  34/200  loss=1.1375  AUC=0.4769  AP=0.7125  (1808.2s)

┌──────────────────────────────────────────────────────────────┐
│  FOLD 3/5 COMPLETE                                          │
│  Best val AUC: 0.5423   Test AUC: 0.5422   Test AP: 0.7143
│  Elapsed: 735m 48s   Est. remaining: 490m
└──────────────────────────────────────────────────────────────┘
[735m48s] Ep  35/200  loss=1.1924  AUC=0.4772  AP=0.7134  (1782.0s)
[737m8s] Ep  35/200  loss=1.1924  AUC=0.4772  AP=0.7134  (1782.0s)
[753m49s] Ep  35/200  loss=1.1924  AUC=0.4772  AP=0.7134  (1782.0s)
[754m49s] Ep  35/200  loss=1.1924  AUC=0.4772  AP=0.7134  (1782.0s)
[773m29s] Ep   1/200  loss=1.5547  AUC=0.5885  AP=0.7878  (2271.0s)
[774m29s] Ep   1/200  loss=1.5547  AUC=0.5885  AP=0.7878  (2271.0s)
[775m54s] Ep   1/200  loss=1.5547  AUC=0.5885  AP=0.7878  (2271.0s)
[777m54s] Ep   1/200  loss=1.5547  AUC=0.5885  AP=0.7878  (2271.0s)
[779m18s] Ep   1/200  loss=1.5547  AUC=0.5885  AP=0.7878  (2271.0s)
[780m18s] Ep   2/200  loss=1.6068  AUC=0.6670  AP=0.8022  (359.0s)
[781m18s] Ep   2/200  loss=1.6068  AUC=0.6670  AP=0.8022  (359.0s)
[782m18s] Ep   2/200  loss=1.6068  AUC=0.6670  AP=0.8022  (359.0s)
[783m19s] Ep   3/200  loss=1.5208  AUC=0.5493  AP=0.7368  (178.5s)
[784m19s] Ep   3/200  loss=1.5208  AUC=0.5493  AP=0.7368  (178.5s)
[785m19s] Ep   3/200  loss=1.5208  AUC=0.5493  AP=0.7368  (178.5s)
[786m19s] Ep   3/200  loss=1.5208  AUC=0.5493  AP=0.7368  (178.5s)
[787m19s] Ep   4/200  loss=1.4539  AUC=0.5753  AP=0.7447  (279.1s)
[788m19s] Ep   4/200  loss=1.4539  AUC=0.5753  AP=0.7447  (279.1s)
[789m19s] Ep   4/200  loss=1.4539  AUC=0.5753  AP=0.7447  (279.1s)
[790m19s] Ep   4/200  loss=1.4539  AUC=0.5753  AP=0.7447  (279.1s)
[791m19s] Ep   4/200  loss=1.4539  AUC=0.5753  AP=0.7447  (279.1s)
[792m19s] Ep   5/200  loss=1.3763  AUC=0.4705  AP=0.7005  (312.7s)
[793m19s] Ep   5/200  loss=1.3763  AUC=0.4705  AP=0.7005  (312.7s)
[794m19s] Ep   5/200  loss=1.3763  AUC=0.4705  AP=0.7005  (312.7s)
[795m19s] Ep   5/200  loss=1.3763  AUC=0.4705  AP=0.7005  (312.7s)
[796m19s] Ep   5/200  loss=1.3763  AUC=0.4705  AP=0.7005  (312.7s)
[797m19s] Ep   6/200  loss=1.3720  AUC=0.5079  AP=0.7211  (272.2s)
[798m19s] Ep   6/200  loss=1.3720  AUC=0.5079  AP=0.7211  (272.2s)
[799m20s] Ep   6/200  loss=1.3720  AUC=0.5079  AP=0.7211  (272.2s)
[800m20s] Ep   6/200  loss=1.3720  AUC=0.5079  AP=0.7211  (272.2s)
[801m20s] Ep   6/200  loss=1.3720  AUC=0.5079  AP=0.7211  (272.2s)
[802m20s] Ep   7/200  loss=1.2932  AUC=0.5288  AP=0.7302  (304.7s)
[803m20s] Ep   7/200  loss=1.2932  AUC=0.5288  AP=0.7302  (304.7s)
[804m20s] Ep   7/200  loss=1.2932  AUC=0.5288  AP=0.7302  (304.7s)
[805m20s] Ep   7/200  loss=1.2932  AUC=0.5288  AP=0.7302  (304.7s)
[806m20s] Ep   7/200  loss=1.2932  AUC=0.5288  AP=0.7302  (304.7s)
[807m20s] Ep   7/200  loss=1.2932  AUC=0.5288  AP=0.7302  (304.7s)
[808m20s] Ep   7/200  loss=1.2932  AUC=0.5288  AP=0.7302  (304.7s)
[809m20s] Ep   8/200  loss=1.2351  AUC=0.5680  AP=0.7608  (398.7s)
[810m20s] Ep   8/200  loss=1.2351  AUC=0.5680  AP=0.7608  (398.7s)
[811m20s] Ep   8/200  loss=1.2351  AUC=0.5680  AP=0.7608  (398.7s)
[812m21s] Ep   8/200  loss=1.2351  AUC=0.5680  AP=0.7608  (398.7s)
[813m21s] Ep   8/200  loss=1.2351  AUC=0.5680  AP=0.7608  (398.7s)
[814m21s] Ep   8/200  loss=1.2351  AUC=0.5680  AP=0.7608  (398.7s)
[815m21s] Ep   9/200  loss=1.2622  AUC=0.5701  AP=0.7640  (382.9s)
[816m21s] Ep   9/200  loss=1.2622  AUC=0.5701  AP=0.7640  (382.9s)
[817m21s] Ep   9/200  loss=1.2622  AUC=0.5701  AP=0.7640  (382.9s)
[818m21s] Ep   9/200  loss=1.2622  AUC=0.5701  AP=0.7640  (382.9s)
[819m21s] Ep   9/200  loss=1.2622  AUC=0.5701  AP=0.7640  (382.9s)
[820m21s] Ep   9/200  loss=1.2622  AUC=0.5701  AP=0.7640  (382.9s)
[821m21s] Ep  10/200  loss=1.2249  AUC=0.5469  AP=0.7477  (335.7s)
[822m21s] Ep  10/200  loss=1.2249  AUC=0.5469  AP=0.7477  (335.7s)
[823m22s] Ep  10/200  loss=1.2249  AUC=0.5469  AP=0.7477  (335.7s)
[824m22s] Ep  10/200  loss=1.2249  AUC=0.5469  AP=0.7477  (335.7s)
[825m22s] Ep  11/200  loss=1.2352  AUC=0.5810  AP=0.7777  (287.2s)
[826m22s] Ep  11/200  loss=1.2352  AUC=0.5810  AP=0.7777  (287.2s)
[827m22s] Ep  11/200  loss=1.2352  AUC=0.5810  AP=0.7777  (287.2s)
[828m22s] Ep  11/200  loss=1.2352  AUC=0.5810  AP=0.7777  (287.2s)
[829m22s] Ep  11/200  loss=1.2352  AUC=0.5810  AP=0.7777  (287.2s)
[830m22s] Ep  11/200  loss=1.2352  AUC=0.5810  AP=0.7777  (287.2s)
[831m22s] Ep  11/200  loss=1.2352  AUC=0.5810  AP=0.7777  (287.2s)
[832m22s] Ep  12/200  loss=1.1470  AUC=0.5807  AP=0.7757  (420.4s)
[833m22s] Ep  12/200  loss=1.1470  AUC=0.5807  AP=0.7757  (420.4s)
[834m22s] Ep  12/200  loss=1.1470  AUC=0.5807  AP=0.7757  (420.4s)
[835m22s] Ep  12/200  loss=1.1470  AUC=0.5807  AP=0.7757  (420.4s)
[836m23s] Ep  12/200  loss=1.1470  AUC=0.5807  AP=0.7757  (420.4s)
[837m23s] Ep  13/200  loss=1.1310  AUC=0.5648  AP=0.7710  (307.9s)
[838m23s] Ep  13/200  loss=1.1310  AUC=0.5648  AP=0.7710  (307.9s)
[839m23s] Ep  13/200  loss=1.1310  AUC=0.5648  AP=0.7710  (307.9s)
[840m23s] Ep  13/200  loss=1.1310  AUC=0.5648  AP=0.7710  (307.9s)
[841m23s] Ep  13/200  loss=1.1310  AUC=0.5648  AP=0.7710  (307.9s)
[842m23s] Ep  14/200  loss=1.1770  AUC=0.5707  AP=0.7669  (297.9s)
[843m23s] Ep  14/200  loss=1.1770  AUC=0.5707  AP=0.7669  (297.9s)
[844m23s] Ep  14/200  loss=1.1770  AUC=0.5707  AP=0.7669  (297.9s)
[845m23s] Ep  14/200  loss=1.1770  AUC=0.5707  AP=0.7669  (297.9s)
[846m23s] Ep  14/200  loss=1.1770  AUC=0.5707  AP=0.7669  (297.9s)
[847m23s] Ep  14/200  loss=1.1770  AUC=0.5707  AP=0.7669  (297.9s)
[848m23s] Ep  15/200  loss=1.1331  AUC=0.5631  AP=0.7572  (343.9s)
[849m24s] Ep  15/200  loss=1.1331  AUC=0.5631  AP=0.7572  (343.9s)
[850m24s] Ep  15/200  loss=1.1331  AUC=0.5631  AP=0.7572  (343.9s)
[851m49s] Ep  15/200  loss=1.1331  AUC=0.5631  AP=0.7572  (343.9s)
[868m59s] Ep  15/200  loss=1.1331  AUC=0.5631  AP=0.7572  (343.9s)
[873m48s] Ep  16/200  loss=1.1477  AUC=0.5567  AP=0.7548  (1541.9s)
[875m13s] Ep  16/200  loss=1.1477  AUC=0.5567  AP=0.7548  (1541.9s)
[892m15s] Ep  16/200  loss=1.1477  AUC=0.5567  AP=0.7548  (1541.9s)
[893m15s] Ep  16/200  loss=1.1477  AUC=0.5567  AP=0.7548  (1541.9s)
[894m15s] Ep  16/200  loss=1.1477  AUC=0.5567  AP=0.7548  (1541.9s)
[911m5s] Ep  17/200  loss=1.2152  AUC=0.5813  AP=0.7751  (2198.1s)
[922m14s] Ep  17/200  loss=1.2152  AUC=0.5813  AP=0.7751  (2198.1s)
[923m14s] Ep  17/200  loss=1.2152  AUC=0.5813  AP=0.7751  (2198.1s)
[924m14s] Ep  17/200  loss=1.2152  AUC=0.5813  AP=0.7751  (2198.1s)
[925m14s] Ep  17/200  loss=1.2152  AUC=0.5813  AP=0.7751  (2198.1s)
[926m14s] Ep  17/200  loss=1.2152  AUC=0.5813  AP=0.7751  (2198.1s)
[927m14s] Ep  18/200  loss=1.1667  AUC=0.5766  AP=0.7728  (955.2s)
[928m14s] Ep  18/200  loss=1.1667  AUC=0.5766  AP=0.7728  (955.2s)
[929m14s] Ep  18/200  loss=1.1667  AUC=0.5766  AP=0.7728  (955.2s)
[930m14s] Ep  18/200  loss=1.1667  AUC=0.5766  AP=0.7728  (955.2s)
[931m15s] Ep  18/200  loss=1.1667  AUC=0.5766  AP=0.7728  (955.2s)
[932m15s] Ep  19/200  loss=1.0979  AUC=0.5765  AP=0.7674  (325.7s)
[933m15s] Ep  19/200  loss=1.0979  AUC=0.5765  AP=0.7674  (325.7s)
[934m15s] Ep  19/200  loss=1.0979  AUC=0.5765  AP=0.7674  (325.7s)
[935m15s] Ep  19/200  loss=1.0979  AUC=0.5765  AP=0.7674  (325.7s)
[936m15s] Ep  19/200  loss=1.0979  AUC=0.5765  AP=0.7674  (325.7s)
[937m15s] Ep  20/200  loss=1.1252  AUC=0.5794  AP=0.7707  (278.7s)
[938m15s] Ep  20/200  loss=1.1252  AUC=0.5794  AP=0.7707  (278.7s)
[939m15s] Ep  20/200  loss=1.1252  AUC=0.5794  AP=0.7707  (278.7s)
[940m15s] Ep  20/200  loss=1.1252  AUC=0.5794  AP=0.7707  (278.7s)
[941m15s] Ep  20/200  loss=1.1252  AUC=0.5794  AP=0.7707  (278.7s)
[942m15s] Ep  21/200  loss=1.1380  AUC=0.5990  AP=0.7811  (345.2s)
[943m15s] Ep  21/200  loss=1.1380  AUC=0.5990  AP=0.7811  (345.2s)
[944m15s] Ep  21/200  loss=1.1380  AUC=0.5990  AP=0.7811  (345.2s)
[945m15s] Ep  21/200  loss=1.1380  AUC=0.5990  AP=0.7811  (345.2s)
[946m15s] Ep  21/200  loss=1.1380  AUC=0.5990  AP=0.7811  (345.2s)

┌──────────────────────────────────────────────────────────────┐
│  FOLD 4/5 COMPLETE                                          │
│  Best val AUC: 0.6670   Test AUC: 0.4830   Test AP: 0.6863
│  Elapsed: 947m 15s   Est. remaining: 236m
└──────────────────────────────────────────────────────────────┘
[947m16s] Ep  22/200  loss=1.1275  AUC=0.5915  AP=0.7815  (273.5s)
[948m16s] Ep  22/200  loss=1.1275  AUC=0.5915  AP=0.7815  (273.5s)
[949m16s] Ep  22/200  loss=1.1275  AUC=0.5915  AP=0.7815  (273.5s)
[950m16s] Ep  22/200  loss=1.1275  AUC=0.5915  AP=0.7815  (273.5s)
[951m16s] Ep  22/200  loss=1.1275  AUC=0.5915  AP=0.7815  (273.5s)
[952m16s] Ep  22/200  loss=1.1275  AUC=0.5915  AP=0.7815  (273.5s)
[953m16s] Ep   1/200  loss=1.5898  AUC=0.5056  AP=0.6838  (367.2s)
[954m16s] Ep   1/200  loss=1.5898  AUC=0.5056  AP=0.6838  (367.2s)
[955m16s] Ep   1/200  loss=1.5898  AUC=0.5056  AP=0.6838  (367.2s)
[956m16s] Ep   1/200  loss=1.5898  AUC=0.5056  AP=0.6838  (367.2s)
[957m16s] Ep   1/200  loss=1.5898  AUC=0.5056  AP=0.6838  (367.2s)
[958m17s] Ep   1/200  loss=1.5898  AUC=0.5056  AP=0.6838  (367.2s)
[974m20s] Ep   2/200  loss=1.5349  AUC=0.5860  AP=0.7636  (1269.5s)
[991m11s] Ep   2/200  loss=1.5349  AUC=0.5860  AP=0.7636  (1269.5s)
[992m11s] Ep   2/200  loss=1.5349  AUC=0.5860  AP=0.7636  (1269.5s)
[993m11s] Ep   2/200  loss=1.5349  AUC=0.5860  AP=0.7636  (1269.5s)
[994m11s] Ep   2/200  loss=1.5349  AUC=0.5860  AP=0.7636  (1269.5s)
[995m11s] Ep   3/200  loss=1.4083  AUC=0.5265  AP=0.7401  (1212.0s)
[996m12s] Ep   3/200  loss=1.4083  AUC=0.5265  AP=0.7401  (1212.0s)
[997m12s] Ep   3/200  loss=1.4083  AUC=0.5265  AP=0.7401  (1212.0s)
[998m12s] Ep   3/200  loss=1.4083  AUC=0.5265  AP=0.7401  (1212.0s)
[999m12s] Ep   3/200  loss=1.4083  AUC=0.5265  AP=0.7401  (1212.0s)
[1000m12s] Ep   4/200  loss=1.2967  AUC=0.4609  AP=0.6796  (319.8s)
[1001m12s] Ep   4/200  loss=1.2967  AUC=0.4609  AP=0.6796  (319.8s)
[1002m12s] Ep   4/200  loss=1.2967  AUC=0.4609  AP=0.6796  (319.8s)
[1003m12s] Ep   4/200  loss=1.2967  AUC=0.4609  AP=0.6796  (319.8s)
[1004m12s] Ep   5/200  loss=1.3195  AUC=0.4740  AP=0.7005  (262.4s)
[1005m13s] Ep   5/200  loss=1.3195  AUC=0.4740  AP=0.7005  (262.4s)
[1006m13s] Ep   5/200  loss=1.3195  AUC=0.4740  AP=0.7005  (262.4s)
[1007m13s] Ep   5/200  loss=1.3195  AUC=0.4740  AP=0.7005  (262.4s)
[1008m13s] Ep   5/200  loss=1.3195  AUC=0.4740  AP=0.7005  (262.4s)
[1009m13s] Ep   5/200  loss=1.3195  AUC=0.4740  AP=0.7005  (262.4s)
[1010m13s] Ep   6/200  loss=1.3040  AUC=0.4881  AP=0.6981  (359.8s)
[1011m13s] Ep   6/200  loss=1.3040  AUC=0.4881  AP=0.6981  (359.8s)
[1012m13s] Ep   6/200  loss=1.3040  AUC=0.4881  AP=0.6981  (359.8s)
[1013m13s] Ep   6/200  loss=1.3040  AUC=0.4881  AP=0.6981  (359.8s)
[1014m13s] Ep   6/200  loss=1.3040  AUC=0.4881  AP=0.6981  (359.8s)
[1015m13s] Ep   7/200  loss=1.3133  AUC=0.4674  AP=0.6776  (289.4s)
[1016m13s] Ep   7/200  loss=1.3133  AUC=0.4674  AP=0.6776  (289.4s)
[1017m13s] Ep   7/200  loss=1.3133  AUC=0.4674  AP=0.6776  (289.4s)
[1018m13s] Ep   7/200  loss=1.3133  AUC=0.4674  AP=0.6776  (289.4s)
[1019m13s] Ep   7/200  loss=1.3133  AUC=0.4674  AP=0.6776  (289.4s)
[1020m13s] Ep   7/200  loss=1.3133  AUC=0.4674  AP=0.6776  (289.4s)
[1021m13s] Ep   8/200  loss=1.3545  AUC=0.4898  AP=0.6836  (324.2s)
[1037m34s] Ep   8/200  loss=1.3545  AUC=0.4898  AP=0.6836  (324.2s)
[1038m34s] Ep   8/200  loss=1.3545  AUC=0.4898  AP=0.6836  (324.2s)
[1039m34s] Ep   8/200  loss=1.3545  AUC=0.4898  AP=0.6836  (324.2s)
[1040m34s] Ep   8/200  loss=1.3545  AUC=0.4898  AP=0.6836  (324.2s)
[1041m35s] Ep   9/200  loss=1.2671  AUC=0.5337  AP=0.7214  (1258.1s)
[1042m35s] Ep   9/200  loss=1.2671  AUC=0.5337  AP=0.7214  (1258.1s)
[1043m35s] Ep   9/200  loss=1.2671  AUC=0.5337  AP=0.7214  (1258.1s)
[1044m35s] Ep   9/200  loss=1.2671  AUC=0.5337  AP=0.7214  (1258.1s)
[1045m35s] Ep   9/200  loss=1.2671  AUC=0.5337  AP=0.7214  (1258.1s)
[1046m35s] Ep  10/200  loss=1.3065  AUC=0.5137  AP=0.7311  (278.9s)
[1047m35s] Ep  10/200  loss=1.3065  AUC=0.5137  AP=0.7311  (278.9s)
[1048m35s] Ep  10/200  loss=1.3065  AUC=0.5137  AP=0.7311  (278.9s)
[1049m35s] Ep  10/200  loss=1.3065  AUC=0.5137  AP=0.7311  (278.9s)
[1050m35s] Ep  10/200  loss=1.3065  AUC=0.5137  AP=0.7311  (278.9s)
[1051m35s] Ep  11/200  loss=1.1973  AUC=0.5186  AP=0.7355  (321.8s)
[1052m35s] Ep  11/200  loss=1.1973  AUC=0.5186  AP=0.7355  (321.8s)
[1053m36s] Ep  11/200  loss=1.1973  AUC=0.5186  AP=0.7355  (321.8s)
[1054m36s] Ep  11/200  loss=1.1973  AUC=0.5186  AP=0.7355  (321.8s)
[1055m36s] Ep  11/200  loss=1.1973  AUC=0.5186  AP=0.7355  (321.8s)
[1056m36s] Ep  12/200  loss=1.3078  AUC=0.5270  AP=0.7316  (269.1s)
[1057m36s] Ep  12/200  loss=1.3078  AUC=0.5270  AP=0.7316  (269.1s)
[1058m36s] Ep  12/200  loss=1.3078  AUC=0.5270  AP=0.7316  (269.1s)
[1059m36s] Ep  12/200  loss=1.3078  AUC=0.5270  AP=0.7316  (269.1s)
[1060m36s] Ep  13/200  loss=1.2330  AUC=0.5512  AP=0.7377  (279.1s)
[1061m36s] Ep  13/200  loss=1.2330  AUC=0.5512  AP=0.7377  (279.1s)
[1062m36s] Ep  13/200  loss=1.2330  AUC=0.5512  AP=0.7377  (279.1s)
[1063m36s] Ep  13/200  loss=1.2330  AUC=0.5512  AP=0.7377  (279.1s)
[1064m36s] Ep  13/200  loss=1.2330  AUC=0.5512  AP=0.7377  (279.1s)
[1065m36s] Ep  14/200  loss=1.1988  AUC=0.5563  AP=0.7450  (309.0s)
[1066m36s] Ep  14/200  loss=1.1988  AUC=0.5563  AP=0.7450  (309.0s)
[1067m36s] Ep  14/200  loss=1.1988  AUC=0.5563  AP=0.7450  (309.0s)
[1068m36s] Ep  14/200  loss=1.1988  AUC=0.5563  AP=0.7450  (309.0s)
[1069m36s] Ep  14/200  loss=1.1988  AUC=0.5563  AP=0.7450  (309.0s)
[1070m36s] Ep  14/200  loss=1.1988  AUC=0.5563  AP=0.7450  (309.0s)
[1071m37s] Ep  14/200  loss=1.1988  AUC=0.5563  AP=0.7450  (309.0s)
[1072m37s] Ep  15/200  loss=1.1721  AUC=0.5251  AP=0.7518  (390.6s)
[1073m37s] Ep  15/200  loss=1.1721  AUC=0.5251  AP=0.7518  (390.6s)
[1074m37s] Ep  15/200  loss=1.1721  AUC=0.5251  AP=0.7518  (390.6s)
[1075m37s] Ep  15/200  loss=1.1721  AUC=0.5251  AP=0.7518  (390.6s)
[1076m37s] Ep  15/200  loss=1.1721  AUC=0.5251  AP=0.7518  (390.6s)
[1077m37s] Ep  15/200  loss=1.1721  AUC=0.5251  AP=0.7518  (390.6s)
[1078m37s] Ep  16/200  loss=1.2017  AUC=0.5440  AP=0.7522  (390.7s)
[1079m37s] Ep  16/200  loss=1.2017  AUC=0.5440  AP=0.7522  (390.7s)
[1080m37s] Ep  16/200  loss=1.2017  AUC=0.5440  AP=0.7522  (390.7s)
[1081m37s] Ep  16/200  loss=1.2017  AUC=0.5440  AP=0.7522  (390.7s)
[1082m37s] Ep  16/200  loss=1.2017  AUC=0.5440  AP=0.7522  (390.7s)
[2026-08-01 02:03:58] STALL detected: no output for 300s. Killing PID 6118.
[1083m42s] Ep  16/200  loss=1.2017  AUC=0.5440  AP=0.7522  (390.7s)
back_end/train_monitor.sh: line 217:  6118 Terminated: 15          PYTHONUNBUFFERED=1 "$PYTHON" train.py --config "$CONFIG" > >(while IFS= read -r line; do echo "[$(date '+%H:%M:%S')] $line"; done >> "$LOG_FILE") 2>&1
[2026-08-01 02:05:03] Training process exited with code 143
[2026-08-01 02:05:03] Found checkpoint up to fold 4. Resuming from fold 5.

==================================================================
[2026-08-01 02:05:03] Starting training (attempt 2/3, start_fold=5)
==================================================================
[2026-08-01 02:05:03] Training PID=48626 started (start_fold=5, attempt=2)

==================================================================
[2026-08-01 02:06:03] Training completed successfully!
==================================================================
[02:05:08]   5-Fold CV Summary
[02:05:08] =======================================================
[02:05:08]   Fold 1: AUC=0.4705  AP=0.6870
[02:05:08]   Fold 2: AUC=0.5945  AP=0.7408
[02:05:08]   Fold 3: AUC=0.4754  AP=0.6736
[02:05:08]   Fold 4: AUC=0.5165  AP=0.7201
[02:05:08]   Fold 5: AUC=0.4767  AP=0.7054
[02:05:08]   ─────────────────────────────────────────
[02:05:08]   Mean AUC = 0.5067 ± 0.0524
[02:05:08]   Mean AP  = 0.7054 ± 0.0265
[02:05:08]   Best overall fold: 4  (val AUC=0.6670)
[02:05:08] 
[02:05:08] [4/4] Final test evaluation (best_overall.pt) …
[02:05:08] Model built on mps  |  total params: 2,441,745
[02:05:08] /Users/mbp/Documents/MTECH/Sem4/Individual_project/AI_Assisted_3D_Assembly_Design/AI-Assisted-3D-Assembly-Design/.venv/lib/python3.12/site-packages/torch_geometric/transforms/base_transform.py:32: UserWarning: There are not enough negative edges to satisfy the provided sampling ratio. The ratio will be adjusted to 0.00.
[02:05:08]   return self.forward(copy.copy(data))
[02:05:08]   Fold 4/5 — train: 132  val: 33  test: 28
[02:05:08] 
[02:05:08]   ── Test results (best overall model) ─────
[02:05:08]      auc         : 0.4875
[02:05:08]      ap          : 0.6873

Total training time: 1085m 42s
Attempts used: 2/3
[2026-08-01 02:06:03] Training completed successfully in 1085m 42s
