
[1/4] Loading dataset …
      192 graphs loaded.
      Dataset: 192 graphs | mean nodes=26.9 | mean edges=81.1 | categories: Bench_vice=54 C_Clamps=31 Crane_hook=16 Gate_Valve=20 Pipe_vice=42 Press_Tool=21 Tool_Post=8

[2/4] Building model …  (2-fold CV)

[3/4] Training (2 folds) …

=======================================================
  FOLD 1 / 2
=======================================================
/Users/mbp/Documents/MTECH/Sem4/Individual_project/AI_Assisted_3D_Assembly_Design/AI-Assisted-3D-Assembly-Design/.venv/lib/python3.12/site-packages/torch_geometric/transforms/base_transform.py:32: UserWarning: There are not enough negative edges to satisfy the provided sampling ratio. The ratio will be adjusted to 0.00.
  return self.forward(copy.copy(data))
    [DIAG] graph 119: 2 nodes, 2 dir-edges, 1 pos, requested 1 neg but only 0 possible
    [DIAG] graph 44: 2 nodes, 2 dir-edges, 1 pos, requested 1 neg but only 0 possible
    [DIAG] graph 60: 2 nodes, 2 dir-edges, 1 pos, requested 1 neg but only 0 possible
    [DIAG] graph 63: 2 nodes, 2 dir-edges, 1 pos, requested 1 neg but only 0 possible
    [DIAG] graph 71: 2 nodes, 2 dir-edges, 1 pos, requested 1 neg but only 0 possible
  Fold 1/2 — train: 85  val: 86  test: 21
Model built on mps  |  total params: 2,441,809
    batch 1/6
    batch 6/6
  Ep   1/60  loss=1.5748  AUC=0.5861  AP=0.6200  smoothAUC=0.5861  (19.9s)
  ✓ Fold 1 new best smoothed AUC=0.5861  saved.
    batch 1/6
    batch 6/6
  Ep   2/60  loss=1.5252  AUC=0.5712  AP=0.6097  smoothAUC=0.5787  (21.6s)
    batch 1/6
    batch 6/6
  Ep   3/60  loss=1.4727  AUC=0.5785  AP=0.6026  smoothAUC=0.5786  (15.6s)
    batch 1/6
    batch 6/6
  Ep   4/60  loss=1.4965  AUC=0.5801  AP=0.6003  smoothAUC=0.5766  (15.4s)
    batch 1/6
    batch 6/6
  Ep   5/60  loss=1.4790  AUC=0.5718  AP=0.5956  smoothAUC=0.5768  (17.3s)
    batch 1/6
    batch 6/6
  Ep   6/60  loss=1.3715  AUC=0.5832  AP=0.6033  smoothAUC=0.5784  (21.0s)
    batch 1/6
    batch 6/6
  Ep   7/60  loss=1.3901  AUC=0.6160  AP=0.6265  smoothAUC=0.5903  (18.8s)
  ✓ Fold 1 new best smoothed AUC=0.5903  saved.
    batch 1/6
    batch 6/6
  Ep   8/60  loss=1.3631  AUC=0.6167  AP=0.6310  smoothAUC=0.6053  (20.5s)
  ✓ Fold 1 new best smoothed AUC=0.6053  saved.
    batch 1/6
    batch 6/6
  Ep   9/60  loss=1.3211  AUC=0.6042  AP=0.6284  smoothAUC=0.6123  (18.0s)
  ✓ Fold 1 new best smoothed AUC=0.6123  saved.
    batch 1/6
    batch 6/6
  Ep  10/60  loss=1.2748  AUC=0.6086  AP=0.6341  smoothAUC=0.6098  (16.9s)
    batch 1/6
    batch 6/6
  Ep  11/60  loss=1.3041  AUC=0.6105  AP=0.6429  smoothAUC=0.6078  (24.6s)
    batch 1/6
    batch 6/6
  Ep  12/60  loss=1.3142  AUC=0.6252  AP=0.6507  smoothAUC=0.6148  (17.5s)
  ✓ Fold 1 new best smoothed AUC=0.6148  saved.
    batch 1/6
    batch 6/6
  Ep  13/60  loss=1.3141  AUC=0.6326  AP=0.6581  smoothAUC=0.6228  (19.7s)
  ✓ Fold 1 new best smoothed AUC=0.6228  saved.
    batch 1/6
    batch 6/6
  Ep  14/60  loss=1.2638  AUC=0.6323  AP=0.6702  smoothAUC=0.6300  (21.8s)
  ✓ Fold 1 new best smoothed AUC=0.6300  saved.
    batch 1/6
    batch 6/6
  Ep  15/60  loss=1.2598  AUC=0.6292  AP=0.6597  smoothAUC=0.6314  (21.6s)
  ✓ Fold 1 new best smoothed AUC=0.6314  saved.
    batch 1/6
    batch 6/6
  Ep  16/60  loss=1.2052  AUC=0.6292  AP=0.6541  smoothAUC=0.6302  (23.2s)
    batch 1/6
    batch 6/6
    [swap-guard] 90.8% swap used (batch 6/6) -- pausing 3s for extra cleanup
  Ep  17/60  loss=1.2463  AUC=0.6343  AP=0.6632  smoothAUC=0.6309  (23.6s)
    batch 1/6
    batch 6/6
  Ep  18/60  loss=1.2518  AUC=0.6319  AP=0.6559  smoothAUC=0.6318  (21.7s)
  ✓ Fold 1 new best smoothed AUC=0.6318  saved.
    batch 1/6
    batch 6/6
  Ep  19/60  loss=1.2225  AUC=0.6270  AP=0.6508  smoothAUC=0.6311  (25.1s)
    batch 1/6
    batch 6/6
  Ep  20/60  loss=1.2147  AUC=0.6204  AP=0.6321  smoothAUC=0.6265  (21.7s)
    batch 1/6
    [swap-guard] 92.3% swap used (batch 3/6) -- pausing 3s for extra cleanup
    batch 6/6
  Ep  21/60  loss=1.1142  AUC=0.6239  AP=0.6427  smoothAUC=0.6238  (26.8s)
    batch 1/6
    batch 6/6
  Ep  22/60  loss=1.1507  AUC=0.6503  AP=0.6668  smoothAUC=0.6315  (26.6s)
    batch 1/6
    batch 6/6
    [swap-guard] 90.2% swap used (batch 6/6) -- pausing 3s for extra cleanup
  Ep  23/60  loss=1.1479  AUC=0.6670  AP=0.6844  smoothAUC=0.6471  (30.9s)
  ✓ Fold 1 new best smoothed AUC=0.6471  saved.
    batch 1/6
    [swap-guard] 90.7% swap used (batch 3/6) -- pausing 3s for extra cleanup
    batch 6/6
  Ep  24/60  loss=1.1314  AUC=0.6731  AP=0.6999  smoothAUC=0.6635  (24.5s)
  ✓ Fold 1 new best smoothed AUC=0.6635  saved.
    batch 1/6
    batch 6/6
  Ep  25/60  loss=1.1270  AUC=0.6674  AP=0.6961  smoothAUC=0.6692  (21.7s)
  ✓ Fold 1 new best smoothed AUC=0.6692  saved.
    batch 1/6
    batch 6/6
  Ep  26/60  loss=1.1339  AUC=0.6618  AP=0.6869  smoothAUC=0.6674  (19.7s)
    batch 1/6
    batch 6/6
  Ep  27/60  loss=1.0794  AUC=0.6615  AP=0.6794  smoothAUC=0.6635  (20.8s)
    batch 1/6
    batch 6/6
  Ep  28/60  loss=1.0534  AUC=0.6612  AP=0.6773  smoothAUC=0.6615  (19.7s)
    batch 1/6
    batch 6/6
  Ep  29/60  loss=1.0269  AUC=0.6639  AP=0.6866  smoothAUC=0.6622  (25.1s)
    batch 1/6
    [swap-guard] 92.3% swap used (batch 3/6) -- pausing 3s for extra cleanup
    batch 6/6
  Ep  30/60  loss=1.0726  AUC=0.6680  AP=0.7010  smoothAUC=0.6644  (34.6s)
    batch 1/6
    batch 6/6
  Ep  31/60  loss=1.0727  AUC=0.6644  AP=0.6831  smoothAUC=0.6654  (24.1s)
    batch 1/6
    batch 6/6
  Ep  32/60  loss=1.0435  AUC=0.6603  AP=0.6601  smoothAUC=0.6642  (23.8s)
    batch 1/6
    batch 6/6
  Ep  33/60  loss=1.0799  AUC=0.6590  AP=0.6722  smoothAUC=0.6612  (26.4s)
    batch 1/6
    batch 6/6
  Ep  34/60  loss=0.9980  AUC=0.6595  AP=0.6755  smoothAUC=0.6596  (27.7s)
    batch 1/6
    batch 6/6
  Ep  35/60  loss=1.0473  AUC=0.6693  AP=0.6839  smoothAUC=0.6626  (21.9s)
    batch 1/6
    batch 6/6
  Ep  36/60  loss=1.0653  AUC=0.6747  AP=0.6902  smoothAUC=0.6678  (28.7s)
    batch 1/6
    batch 6/6
    [swap-guard] 90.5% swap used (batch 6/6) -- pausing 3s for extra cleanup
    [swap-guard] 90.5% swap used (epoch end) -- pausing 3s for extra cleanup
    [swap-guard] 90.3% swap used (fold 1 epoch 37 val) -- pausing 3s for extra cleanup
  Ep  37/60  loss=1.0484  AUC=0.6741  AP=0.6941  smoothAUC=0.6727  (32.3s)
  ✓ Fold 1 new best smoothed AUC=0.6727  saved.
    batch 1/6
    batch 6/6
  Ep  38/60  loss=1.0346  AUC=0.6738  AP=0.6953  smoothAUC=0.6742  (24.5s)
  ✓ Fold 1 new best smoothed AUC=0.6742  saved.
    batch 1/6
    [swap-guard] 96.3% swap used (batch 3/6) -- pausing 3s for extra cleanup
    batch 6/6
  Ep  39/60  loss=0.9727  AUC=0.6738  AP=0.6925  smoothAUC=0.6739  (31.4s)
    batch 1/6
    batch 6/6
    [swap-guard] 90.7% swap used (batch 6/6) -- pausing 3s for extra cleanup
    [swap-guard] 90.5% swap used (epoch end) -- pausing 3s for extra cleanup
    [swap-guard] 90.2% swap used (fold 1 epoch 40 val) -- pausing 3s for extra cleanup
  Ep  40/60  loss=1.0080  AUC=0.6758  AP=0.6908  smoothAUC=0.6745  (36.1s)
  ✓ Fold 1 new best smoothed AUC=0.6745  saved.
    batch 1/6
    batch 6/6
  Ep  41/60  loss=0.9498  AUC=0.6763  AP=0.6892  smoothAUC=0.6753  (20.3s)
  ✓ Fold 1 new best smoothed AUC=0.6753  saved.
    batch 1/6
    batch 6/6
  Ep  42/60  loss=0.9394  AUC=0.6740  AP=0.6813  smoothAUC=0.6754  (18.1s)
  ✓ Fold 1 new best smoothed AUC=0.6754  saved.
    batch 1/6
    batch 6/6
  Ep  43/60  loss=0.8967  AUC=0.6750  AP=0.6766  smoothAUC=0.6751  (25.4s)
    batch 1/6
    [swap-guard] 91.4% swap used (batch 3/6) -- pausing 3s for extra cleanup
    batch 6/6
  Ep  44/60  loss=0.9035  AUC=0.6808  AP=0.6811  smoothAUC=0.6766  (27.8s)
  ✓ Fold 1 new best smoothed AUC=0.6766  saved.
    batch 1/6
    batch 6/6
    [swap-guard] 91.1% swap used (batch 6/6) -- pausing 3s for extra cleanup
    [swap-guard] 90.9% swap used (epoch end) -- pausing 3s for extra cleanup
    [swap-guard] 90.5% swap used (fold 1 epoch 45 val) -- pausing 3s for extra cleanup
  Ep  45/60  loss=0.9064  AUC=0.6863  AP=0.6895  smoothAUC=0.6807  (36.6s)
  ✓ Fold 1 new best smoothed AUC=0.6807  saved.
    batch 1/6
    batch 6/6
  Ep  46/60  loss=0.9400  AUC=0.6878  AP=0.6921  smoothAUC=0.6850  (28.6s)
  ✓ Fold 1 new best smoothed AUC=0.6850  saved.
    batch 1/6
    batch 6/6
  Ep  47/60  loss=1.0035  AUC=0.6884  AP=0.6840  smoothAUC=0.6875  (22.6s)
  ✓ Fold 1 new best smoothed AUC=0.6875  saved.
    batch 1/6
    [swap-guard] 90.0% swap used (batch 3/6) -- pausing 3s for extra cleanup
    batch 6/6
  Ep  48/60  loss=0.8824  AUC=0.6783  AP=0.6767  smoothAUC=0.6848  (30.4s)
    batch 1/6
    batch 6/6
  Ep  49/60  loss=0.8836  AUC=0.6767  AP=0.6804  smoothAUC=0.6811  (27.4s)
    batch 1/6
    batch 6/6
  Ep  50/60  loss=0.9012  AUC=0.6803  AP=0.6859  smoothAUC=0.6784  (28.1s)
    batch 1/6
    [swap-guard] 90.9% swap used (batch 3/6) -- pausing 3s for extra cleanup
    batch 6/6
  Ep  51/60  loss=0.9016  AUC=0.6832  AP=0.6857  smoothAUC=0.6801  (31.0s)
    batch 1/6
    [swap-guard] 91.9% swap used (batch 3/6) -- pausing 3s for extra cleanup
    batch 6/6
  Ep  52/60  loss=0.8765  AUC=0.6882  AP=0.6890  smoothAUC=0.6839  (29.2s)
    batch 1/6
    batch 6/6
  Ep  53/60  loss=0.9368  AUC=0.6933  AP=0.7043  smoothAUC=0.6882  (23.8s)
  ✓ Fold 1 new best smoothed AUC=0.6882  saved.
    batch 1/6
    [swap-guard] 91.8% swap used (batch 3/6) -- pausing 3s for extra cleanup
    batch 6/6
    [swap-guard] 91.0% swap used (batch 6/6) -- pausing 3s for extra cleanup
    [swap-guard] 90.9% swap used (epoch end) -- pausing 3s for extra cleanup
    [swap-guard] 90.6% swap used (fold 1 epoch 54 val) -- pausing 3s for extra cleanup
  Ep  54/60  loss=0.8192  AUC=0.6943  AP=0.7058  smoothAUC=0.6919  (53.3s)
  ✓ Fold 1 new best smoothed AUC=0.6919  saved.
    batch 1/6
    batch 6/6
    [swap-guard] 90.0% swap used (batch 6/6) -- pausing 3s for extra cleanup
  Ep  55/60  loss=0.8181  AUC=0.6962  AP=0.7064  smoothAUC=0.6946  (30.4s)
  ✓ Fold 1 new best smoothed AUC=0.6946  saved.
    batch 1/6
    [swap-guard] 94.2% swap used (batch 3/6) -- pausing 3s for extra cleanup
    batch 6/6
    [swap-guard] 92.7% swap used (batch 6/6) -- pausing 3s for extra cleanup
    [swap-guard] 92.6% swap used (epoch end) -- pausing 3s for extra cleanup
    [swap-guard] 92.1% swap used (fold 1 epoch 56 val) -- pausing 3s for extra cleanup
  Ep  56/60  loss=0.8829  AUC=0.7007  AP=0.7097  smoothAUC=0.6971  (48.8s)
  ✓ Fold 1 new best smoothed AUC=0.6971  saved.
    batch 1/6
    batch 6/6
  Ep  57/60  loss=0.8291  AUC=0.7055  AP=0.7143  smoothAUC=0.7008  (33.5s)
  ✓ Fold 1 new best smoothed AUC=0.7008  saved.
    batch 1/6
    [swap-guard] 92.3% swap used (batch 3/6) -- pausing 3s for extra cleanup
    batch 6/6
  Ep  58/60  loss=0.8057  AUC=0.7078  AP=0.7139  smoothAUC=0.7047  (31.9s)
  ✓ Fold 1 new best smoothed AUC=0.7047  saved.
    batch 1/6
    batch 6/6
  Ep  59/60  loss=0.8523  AUC=0.7093  AP=0.7131  smoothAUC=0.7075  (28.2s)
  ✓ Fold 1 new best smoothed AUC=0.7075  saved.
    batch 1/6
    [swap-guard] 93.3% swap used (batch 3/6) -- pausing 3s for extra cleanup
    batch 6/6
    [swap-guard] 94.1% swap used (batch 6/6) -- pausing 3s for extra cleanup
    [swap-guard] 93.7% swap used (epoch end) -- pausing 3s for extra cleanup
    [swap-guard] 93.4% swap used (fold 1 epoch 60 val) -- pausing 3s for extra cleanup
  Ep  60/60  loss=0.8310  AUC=0.7116  AP=0.7065  smoothAUC=0.7095  (47.4s)
  ✓ Fold 1 new best smoothed AUC=0.7095  saved.

  Fold 1 test — AUC=0.7088  AP=0.6837  (random=0.5000)
    [swap-guard] 93.1% swap used (fold 1 boundary) -- pausing 3s for extra cleanup

=======================================================
  FOLD 2 / 2
=======================================================
/Users/mbp/Documents/MTECH/Sem4/Individual_project/AI_Assisted_3D_Assembly_Design/AI-Assisted-3D-Assembly-Design/.venv/lib/python3.12/site-packages/torch_geometric/transforms/base_transform.py:32: UserWarning: There are not enough negative edges to satisfy the provided sampling ratio. The ratio will be adjusted to 0.00.
  return self.forward(copy.copy(data))
    [DIAG] graph 44: 2 nodes, 2 dir-edges, 1 pos, requested 1 neg but only 0 possible
    [DIAG] graph 60: 2 nodes, 2 dir-edges, 1 pos, requested 1 neg but only 0 possible
    [DIAG] graph 63: 2 nodes, 2 dir-edges, 1 pos, requested 1 neg but only 0 possible
    [DIAG] graph 71: 2 nodes, 2 dir-edges, 1 pos, requested 1 neg but only 0 possible
    [DIAG] graph 119: 2 nodes, 2 dir-edges, 1 pos, requested 1 neg but only 0 possible
  Fold 2/2 — train: 86  val: 85  test: 21
Model built on mps  |  total params: 2,441,809
    batch 1/6
    batch 6/6
  Ep   1/60  loss=1.6132  AUC=0.5295  AP=0.5164  smoothAUC=0.5295  (38.4s)
  ✓ Fold 2 new best smoothed AUC=0.5295  saved.
    batch 1/6
    batch 6/6
    [swap-guard] 92.0% swap used (batch 6/6) -- pausing 3s for extra cleanup
    [swap-guard] 91.6% swap used (epoch end) -- pausing 3s for extra cleanup
    [swap-guard] 91.0% swap used (fold 2 epoch 2 val) -- pausing 3s for extra cleanup
  Ep   2/60  loss=1.5375  AUC=0.5411  AP=0.5322  smoothAUC=0.5353  (52.8s)
  ✓ Fold 2 new best smoothed AUC=0.5353  saved.
    batch 1/6
    batch 6/6
  Ep   3/60  loss=1.4562  AUC=0.5368  AP=0.5304  smoothAUC=0.5358  (39.5s)
  ✓ Fold 2 new best smoothed AUC=0.5358  saved.
    batch 1/6
    [swap-guard] 92.1% swap used (batch 3/6) -- pausing 3s for extra cleanup
    batch 6/6
    [swap-guard] 92.5% swap used (fold 2 epoch 4 val) -- pausing 3s for extra cleanup
  Ep   4/60  loss=1.4450  AUC=0.5361  AP=0.5375  smoothAUC=0.5380  (47.2s)
  ✓ Fold 2 new best smoothed AUC=0.5380  saved.
    batch 1/6
    [swap-guard] 96.1% swap used (batch 3/6) -- pausing 3s for extra cleanup
    batch 6/6
    [swap-guard] 90.6% swap used (batch 6/6) -- pausing 3s for extra cleanup
  Ep   5/60  loss=1.4560  AUC=0.5594  AP=0.5494  smoothAUC=0.5441  (54.7s)
  ✓ Fold 2 new best smoothed AUC=0.5441  saved.
    batch 1/6
    [swap-guard] 94.6% swap used (batch 3/6) -- pausing 3s for extra cleanup
    batch 6/6
    [swap-guard] 92.8% swap used (batch 6/6) -- pausing 3s for extra cleanup
    [swap-guard] 92.8% swap used (epoch end) -- pausing 3s for extra cleanup
    [swap-guard] 92.5% swap used (fold 2 epoch 6 val) -- pausing 3s for extra cleanup
  Ep   6/60  loss=1.3824  AUC=0.5659  AP=0.5548  smoothAUC=0.5538  (60.3s)
  ✓ Fold 2 new best smoothed AUC=0.5538  saved.
    batch 1/6
    batch 6/6
  Ep   7/60  loss=1.3731  AUC=0.5576  AP=0.5428  smoothAUC=0.5610  (47.1s)
  ✓ Fold 2 new best smoothed AUC=0.5610  saved.
    batch 1/6
    [swap-guard] 92.5% swap used (batch 3/6) -- pausing 3s for extra cleanup
    batch 6/6
    [swap-guard] 95.3% swap used (batch 6/6) -- pausing 3s for extra cleanup
    [swap-guard] 95.1% swap used (epoch end) -- pausing 3s for extra cleanup
    [swap-guard] 94.6% swap used (fold 2 epoch 8 val) -- pausing 3s for extra cleanup
  Ep   8/60  loss=1.4137  AUC=0.5706  AP=0.5473  smoothAUC=0.5647  (60.5s)
  ✓ Fold 2 new best smoothed AUC=0.5647  saved.
    batch 1/6
    batch 6/6
    [swap-guard] 93.6% swap used (epoch end) -- pausing 3s for extra cleanup
    [swap-guard] 93.2% swap used (fold 2 epoch 9 val) -- pausing 3s for extra cleanup
  Ep   9/60  loss=1.3606  AUC=0.5876  AP=0.5552  smoothAUC=0.5719  (53.4s)
  ✓ Fold 2 new best smoothed AUC=0.5719  saved.
    batch 1/6
    [swap-guard] 94.2% swap used (batch 3/6) -- pausing 3s for extra cleanup
    batch 6/6
  Ep  10/60  loss=1.2687  AUC=0.5936  AP=0.5690  smoothAUC=0.5839  (48.0s)
  ✓ Fold 2 new best smoothed AUC=0.5839  saved.
    batch 1/6
    [swap-guard] 94.2% swap used (batch 3/6) -- pausing 3s for extra cleanup
    batch 6/6
    [swap-guard] 90.3% swap used (batch 6/6) -- pausing 3s for extra cleanup
    [swap-guard] 90.3% swap used (epoch end) -- pausing 3s for extra cleanup
  Ep  11/60  loss=1.2753  AUC=0.6016  AP=0.5867  smoothAUC=0.5943  (48.7s)
  ✓ Fold 2 new best smoothed AUC=0.5943  saved.
    batch 1/6
    [swap-guard] 90.5% swap used (batch 3/6) -- pausing 3s for extra cleanup
    batch 6/6
  Ep  12/60  loss=1.2978  AUC=0.6067  AP=0.5906  smoothAUC=0.6006  (52.3s)
  ✓ Fold 2 new best smoothed AUC=0.6006  saved.
    batch 1/6
    batch 6/6
    [swap-guard] 93.5% swap used (batch 6/6) -- pausing 3s for extra cleanup
    [swap-guard] 93.4% swap used (epoch end) -- pausing 3s for extra cleanup
    [swap-guard] 93.0% swap used (fold 2 epoch 13 val) -- pausing 3s for extra cleanup
  Ep  13/60  loss=1.2239  AUC=0.6066  AP=0.5851  smoothAUC=0.6050  (53.3s)
  ✓ Fold 2 new best smoothed AUC=0.6050  saved.
    batch 1/6
    [swap-guard] 90.1% swap used (batch 3/6) -- pausing 3s for extra cleanup
    batch 6/6
  Ep  14/60  loss=1.2235  AUC=0.5910  AP=0.5890  smoothAUC=0.6014  (49.6s)
    batch 1/6
    [swap-guard] 92.6% swap used (batch 3/6) -- pausing 3s for extra cleanup
    batch 6/6
    [swap-guard] 90.6% swap used (batch 6/6) -- pausing 3s for extra cleanup
    [swap-guard] 90.6% swap used (epoch end) -- pausing 3s for extra cleanup
    [swap-guard] 90.2% swap used (fold 2 epoch 15 val) -- pausing 3s for extra cleanup
  Ep  15/60  loss=1.2189  AUC=0.5859  AP=0.5854  smoothAUC=0.5945  (57.9s)
    batch 1/6
    [swap-guard] 93.8% swap used (batch 3/6) -- pausing 3s for extra cleanup
    batch 6/6
  Ep  16/60  loss=1.2067  AUC=0.5866  AP=0.5923  smoothAUC=0.5878  (50.3s)
    batch 1/6
    [swap-guard] 90.0% swap used (batch 3/6) -- pausing 3s for extra cleanup
    batch 6/6
    [swap-guard] 92.5% swap used (batch 6/6) -- pausing 3s for extra cleanup
    [swap-guard] 92.5% swap used (epoch end) -- pausing 3s for extra cleanup
    [swap-guard] 91.5% swap used (fold 2 epoch 17 val) -- pausing 3s for extra cleanup
  Ep  17/60  loss=1.2226  AUC=0.5780  AP=0.5833  smoothAUC=0.5835  (61.0s)
    batch 1/6
    batch 6/6
    [swap-guard] 93.8% swap used (batch 6/6) -- pausing 3s for extra cleanup
    [swap-guard] 93.5% swap used (epoch end) -- pausing 3s for extra cleanup
    [swap-guard] 92.8% swap used (fold 2 epoch 18 val) -- pausing 3s for extra cleanup
  Ep  18/60  loss=1.1317  AUC=0.5781  AP=0.5764  smoothAUC=0.5809  (53.4s)
    batch 1/6
    [swap-guard] 92.6% swap used (batch 3/6) -- pausing 3s for extra cleanup
    batch 6/6
    [swap-guard] 94.8% swap used (batch 6/6) -- pausing 3s for extra cleanup
    [swap-guard] 94.8% swap used (epoch end) -- pausing 3s for extra cleanup
    [swap-guard] 93.4% swap used (fold 2 epoch 19 val) -- pausing 3s for extra cleanup
  Ep  19/60  loss=1.1259  AUC=0.5986  AP=0.5976  smoothAUC=0.5849  (61.1s)
    batch 1/6
    batch 6/6
    [swap-guard] 91.6% swap used (batch 6/6) -- pausing 3s for extra cleanup
    [swap-guard] 91.5% swap used (epoch end) -- pausing 3s for extra cleanup
    [swap-guard] 90.9% swap used (fold 2 epoch 20 val) -- pausing 3s for extra cleanup
  Ep  20/60  loss=1.2423  AUC=0.6161  AP=0.6149  smoothAUC=0.5976  (56.5s)
    batch 1/6
    [swap-guard] 94.8% swap used (batch 3/6) -- pausing 3s for extra cleanup
    batch 6/6
    [swap-guard] 92.8% swap used (batch 6/6) -- pausing 3s for extra cleanup
    [swap-guard] 92.7% swap used (epoch end) -- pausing 3s for extra cleanup
    [swap-guard] 92.3% swap used (fold 2 epoch 21 val) -- pausing 3s for extra cleanup
  Ep  21/60  loss=1.1613  AUC=0.6134  AP=0.6276  smoothAUC=0.6093  (67.5s)
  ✓ Fold 2 new best smoothed AUC=0.6093  saved.
    batch 1/6
    batch 6/6
    [swap-guard] 93.2% swap used (batch 6/6) -- pausing 3s for extra cleanup
    [swap-guard] 92.9% swap used (epoch end) -- pausing 3s for extra cleanup
    [swap-guard] 92.5% swap used (fold 2 epoch 22 val) -- pausing 3s for extra cleanup
  Ep  22/60  loss=1.1500  AUC=0.6192  AP=0.6390  smoothAUC=0.6162  (61.6s)
  ✓ Fold 2 new best smoothed AUC=0.6162  saved.
    batch 1/6
    [swap-guard] 92.2% swap used (batch 3/6) -- pausing 3s for extra cleanup
    batch 6/6
    [swap-guard] 90.7% swap used (batch 6/6) -- pausing 3s for extra cleanup
    [swap-guard] 90.6% swap used (epoch end) -- pausing 3s for extra cleanup
    [swap-guard] 90.4% swap used (fold 2 epoch 23 val) -- pausing 3s for extra cleanup
  Ep  23/60  loss=1.1060  AUC=0.6218  AP=0.6400  smoothAUC=0.6181  (52.0s)
  ✓ Fold 2 new best smoothed AUC=0.6181  saved.
    batch 1/6
    [swap-guard] 93.1% swap used (batch 3/6) -- pausing 3s for extra cleanup
    batch 6/6
    [swap-guard] 90.3% swap used (batch 6/6) -- pausing 3s for extra cleanup
    [swap-guard] 90.3% swap used (epoch end) -- pausing 3s for extra cleanup
    [swap-guard] 90.0% swap used (fold 2 epoch 24 val) -- pausing 3s for extra cleanup
  Ep  24/60  loss=1.0486  AUC=0.6171  AP=0.6273  smoothAUC=0.6194  (56.1s)
  ✓ Fold 2 new best smoothed AUC=0.6194  saved.
    batch 1/6
    [swap-guard] 90.9% swap used (batch 3/6) -- pausing 3s for extra cleanup
    batch 6/6
    [swap-guard] 91.3% swap used (batch 6/6) -- pausing 3s for extra cleanup
    [swap-guard] 91.3% swap used (epoch end) -- pausing 3s for extra cleanup
    [swap-guard] 90.9% swap used (fold 2 epoch 25 val) -- pausing 3s for extra cleanup
  Ep  25/60  loss=1.1157  AUC=0.6052  AP=0.6025  smoothAUC=0.6147  (64.9s)
    batch 1/6
    [swap-guard] 93.5% swap used (batch 3/6) -- pausing 3s for extra cleanup
    batch 6/6
    [swap-guard] 93.8% swap used (batch 6/6) -- pausing 3s for extra cleanup
    [swap-guard] 93.7% swap used (epoch end) -- pausing 3s for extra cleanup
    [swap-guard] 93.4% swap used (fold 2 epoch 26 val) -- pausing 3s for extra cleanup
  Ep  26/60  loss=1.0814  AUC=0.5978  AP=0.5947  smoothAUC=0.6067  (51.4s)
    batch 1/6
    batch 6/6
    [swap-guard] 95.8% swap used (batch 6/6) -- pausing 3s for extra cleanup
    [swap-guard] 95.7% swap used (epoch end) -- pausing 3s for extra cleanup
    [swap-guard] 95.3% swap used (fold 2 epoch 27 val) -- pausing 3s for extra cleanup
  Ep  27/60  loss=1.1468  AUC=0.6145  AP=0.6032  smoothAUC=0.6058  (46.4s)
    batch 1/6
    [swap-guard] 91.4% swap used (batch 3/6) -- pausing 3s for extra cleanup
    batch 6/6
    [swap-guard] 94.0% swap used (batch 6/6) -- pausing 3s for extra cleanup
    [swap-guard] 93.6% swap used (epoch end) -- pausing 3s for extra cleanup
    [swap-guard] 93.4% swap used (fold 2 epoch 28 val) -- pausing 3s for extra cleanup
  Ep  28/60  loss=1.0505  AUC=0.6322  AP=0.6258  smoothAUC=0.6148  (71.4s)
    batch 1/6
    [swap-guard] 95.8% swap used (batch 3/6) -- pausing 3s for extra cleanup
    batch 6/6
    [swap-guard] 91.2% swap used (batch 6/6) -- pausing 3s for extra cleanup
    [swap-guard] 91.2% swap used (epoch end) -- pausing 3s for extra cleanup
    [swap-guard] 90.6% swap used (fold 2 epoch 29 val) -- pausing 3s for extra cleanup
  Ep  29/60  loss=1.0241  AUC=0.6305  AP=0.6359  smoothAUC=0.6257  (52.5s)
  ✓ Fold 2 new best smoothed AUC=0.6257  saved.
    batch 1/6
    [swap-guard] 94.4% swap used (batch 3/6) -- pausing 3s for extra cleanup
    batch 6/6
    [swap-guard] 90.9% swap used (batch 6/6) -- pausing 3s for extra cleanup
    [swap-guard] 90.9% swap used (epoch end) -- pausing 3s for extra cleanup
    [swap-guard] 90.2% swap used (fold 2 epoch 30 val) -- pausing 3s for extra cleanup
  Ep  30/60  loss=1.0033  AUC=0.6333  AP=0.6406  smoothAUC=0.6320  (53.9s)
  ✓ Fold 2 new best smoothed AUC=0.6320  saved.
    batch 1/6
    batch 6/6
    [swap-guard] 91.3% swap used (batch 6/6) -- pausing 3s for extra cleanup
    [swap-guard] 91.2% swap used (epoch end) -- pausing 3s for extra cleanup
    [swap-guard] 90.9% swap used (fold 2 epoch 31 val) -- pausing 3s for extra cleanup
  Ep  31/60  loss=1.0458  AUC=0.6405  AP=0.6451  smoothAUC=0.6348  (57.6s)
  ✓ Fold 2 new best smoothed AUC=0.6348  saved.
    batch 1/6
    [swap-guard] 94.4% swap used (batch 3/6) -- pausing 3s for extra cleanup
    batch 6/6
    [swap-guard] 91.5% swap used (batch 6/6) -- pausing 3s for extra cleanup
    [swap-guard] 91.5% swap used (epoch end) -- pausing 3s for extra cleanup
    [swap-guard] 91.3% swap used (fold 2 epoch 32 val) -- pausing 3s for extra cleanup
  Ep  32/60  loss=0.9469  AUC=0.6335  AP=0.6363  smoothAUC=0.6358  (62.2s)
  ✓ Fold 2 new best smoothed AUC=0.6358  saved.
    batch 1/6
    [swap-guard] 90.8% swap used (batch 3/6) -- pausing 3s for extra cleanup
    batch 6/6
    [swap-guard] 91.8% swap used (batch 6/6) -- pausing 3s for extra cleanup
    [swap-guard] 91.6% swap used (epoch end) -- pausing 3s for extra cleanup
    [swap-guard] 91.3% swap used (fold 2 epoch 33 val) -- pausing 3s for extra cleanup
  Ep  33/60  loss=0.9424  AUC=0.6247  AP=0.6298  smoothAUC=0.6329  (71.3s)
    batch 1/6
    [swap-guard] 90.2% swap used (batch 3/6) -- pausing 3s for extra cleanup
    batch 6/6
    [swap-guard] 92.4% swap used (fold 2 epoch 34 val) -- pausing 3s for extra cleanup
  Ep  34/60  loss=0.9489  AUC=0.6113  AP=0.6133  smoothAUC=0.6232  (49.3s)
    batch 1/6
    [swap-guard] 96.4% swap used (batch 3/6) -- pausing 3s for extra cleanup
    batch 6/6
    [swap-guard] 93.2% swap used (batch 6/6) -- pausing 3s for extra cleanup
    [swap-guard] 92.2% swap used (epoch end) -- pausing 3s for extra cleanup
    [swap-guard] 91.6% swap used (fold 2 epoch 35 val) -- pausing 3s for extra cleanup
  Ep  35/60  loss=0.9518  AUC=0.6170  AP=0.6163  smoothAUC=0.6177  (74.7s)
    batch 1/6
    [swap-guard] 95.4% swap used (batch 3/6) -- pausing 3s for extra cleanup
    batch 6/6
    [swap-guard] 93.6% swap used (epoch end) -- pausing 3s for extra cleanup
    [swap-guard] 93.0% swap used (fold 2 epoch 36 val) -- pausing 3s for extra cleanup
  Ep  36/60  loss=0.9025  AUC=0.6270  AP=0.6316  smoothAUC=0.6184  (63.0s)
    batch 1/6
    [swap-guard] 96.5% swap used (batch 3/6) -- pausing 3s for extra cleanup
    batch 6/6
    [swap-guard] 93.4% swap used (batch 6/6) -- pausing 3s for extra cleanup
    [swap-guard] 93.3% swap used (epoch end) -- pausing 3s for extra cleanup
    [swap-guard] 92.9% swap used (fold 2 epoch 37 val) -- pausing 3s for extra cleanup
  Ep  37/60  loss=0.8836  AUC=0.6233  AP=0.6297  smoothAUC=0.6224  (74.3s)
    batch 1/6
    [swap-guard] 94.6% swap used (batch 3/6) -- pausing 3s for extra cleanup
    batch 6/6
    [swap-guard] 95.7% swap used (batch 6/6) -- pausing 3s for extra cleanup
    [swap-guard] 95.7% swap used (epoch end) -- pausing 3s for extra cleanup
    [swap-guard] 95.1% swap used (fold 2 epoch 38 val) -- pausing 3s for extra cleanup
  Ep  38/60  loss=0.9176  AUC=0.6189  AP=0.6183  smoothAUC=0.6231  (76.2s)
    batch 1/6
    [swap-guard] 91.9% swap used (batch 3/6) -- pausing 3s for extra cleanup
    batch 6/6
    [swap-guard] 91.0% swap used (batch 6/6) -- pausing 3s for extra cleanup
    [swap-guard] 91.0% swap used (epoch end) -- pausing 3s for extra cleanup
    [swap-guard] 90.7% swap used (fold 2 epoch 39 val) -- pausing 3s for extra cleanup
  Ep  39/60  loss=0.9108  AUC=0.6232  AP=0.6087  smoothAUC=0.6218  (87.7s)
    batch 1/6
    [swap-guard] 96.5% swap used (batch 3/6) -- pausing 3s for extra cleanup
    batch 6/6
    [swap-guard] 91.4% swap used (batch 6/6) -- pausing 3s for extra cleanup
    [swap-guard] 90.8% swap used (epoch end) -- pausing 3s for extra cleanup
    [swap-guard] 90.5% swap used (fold 2 epoch 40 val) -- pausing 3s for extra cleanup
  Ep  40/60  loss=0.9247  AUC=0.6330  AP=0.6126  smoothAUC=0.6250  (81.0s)
    batch 1/6
    batch 6/6
    [swap-guard] 96.5% swap used (batch 6/6) -- pausing 3s for extra cleanup
    [swap-guard] 96.4% swap used (epoch end) -- pausing 3s for extra cleanup
    [swap-guard] 96.1% swap used (fold 2 epoch 41 val) -- pausing 3s for extra cleanup
  Ep  41/60  loss=0.8990  AUC=0.6406  AP=0.6251  smoothAUC=0.6323  (63.4s)
    batch 1/6
    [swap-guard] 96.8% swap used (batch 3/6) -- pausing 3s for extra cleanup
    batch 6/6
    [swap-guard] 92.7% swap used (batch 6/6) -- pausing 3s for extra cleanup
    [swap-guard] 92.6% swap used (epoch end) -- pausing 3s for extra cleanup
    [swap-guard] 92.3% swap used (fold 2 epoch 42 val) -- pausing 3s for extra cleanup
  Ep  42/60  loss=0.8266  AUC=0.6455  AP=0.6366  smoothAUC=0.6397  (52.7s)
  ✓ Fold 2 new best smoothed AUC=0.6397  saved.
    batch 1/6
    [swap-guard] 94.2% swap used (batch 3/6) -- pausing 3s for extra cleanup
    batch 6/6
    [swap-guard] 90.1% swap used (batch 6/6) -- pausing 3s for extra cleanup
    [swap-guard] 90.1% swap used (epoch end) -- pausing 3s for extra cleanup
  Ep  43/60  loss=0.8408  AUC=0.6420  AP=0.6346  smoothAUC=0.6427  (49.1s)
  ✓ Fold 2 new best smoothed AUC=0.6427  saved.
    batch 1/6
    [swap-guard] 93.5% swap used (batch 3/6) -- pausing 3s for extra cleanup
    batch 6/6
    [swap-guard] 91.2% swap used (batch 6/6) -- pausing 3s for extra cleanup
    [swap-guard] 91.1% swap used (epoch end) -- pausing 3s for extra cleanup
    [swap-guard] 90.6% swap used (fold 2 epoch 44 val) -- pausing 3s for extra cleanup
  Ep  44/60  loss=0.8166  AUC=0.6431  AP=0.6359  smoothAUC=0.6435  (67.4s)
  ✓ Fold 2 new best smoothed AUC=0.6435  saved.
    batch 1/6
    [swap-guard] 91.4% swap used (batch 3/6) -- pausing 3s for extra cleanup
    batch 6/6
    [swap-guard] 94.4% swap used (batch 6/6) -- pausing 3s for extra cleanup
    [swap-guard] 94.2% swap used (epoch end) -- pausing 3s for extra cleanup
    [swap-guard] 93.8% swap used (fold 2 epoch 45 val) -- pausing 3s for extra cleanup
  Ep  45/60  loss=0.8124  AUC=0.6449  AP=0.6413  smoothAUC=0.6433  (67.4s)
    batch 1/6
    [swap-guard] 93.3% swap used (batch 3/6) -- pausing 3s for extra cleanup
    batch 6/6
    [swap-guard] 92.5% swap used (batch 6/6) -- pausing 3s for extra cleanup
    [swap-guard] 92.5% swap used (epoch end) -- pausing 3s for extra cleanup
    [swap-guard] 92.3% swap used (fold 2 epoch 46 val) -- pausing 3s for extra cleanup
  Ep  46/60  loss=0.8671  AUC=0.6421  AP=0.6418  smoothAUC=0.6434  (69.3s)
    batch 1/6
    [swap-guard] 93.4% swap used (batch 3/6) -- pausing 3s for extra cleanup
    batch 6/6
    [swap-guard] 94.2% swap used (batch 6/6) -- pausing 3s for extra cleanup
    [swap-guard] 94.2% swap used (epoch end) -- pausing 3s for extra cleanup
    [swap-guard] 94.0% swap used (fold 2 epoch 47 val) -- pausing 3s for extra cleanup
  Ep  47/60  loss=0.8447  AUC=0.6419  AP=0.6422  smoothAUC=0.6430  (67.1s)
    batch 1/6
    batch 6/6
    [swap-guard] 94.0% swap used (batch 6/6) -- pausing 3s for extra cleanup
    [swap-guard] 93.8% swap used (epoch end) -- pausing 3s for extra cleanup
    [swap-guard] 93.5% swap used (fold 2 epoch 48 val) -- pausing 3s for extra cleanup
  Ep  48/60  loss=0.8131  AUC=0.6460  AP=0.6468  smoothAUC=0.6433  (56.5s)
    batch 1/6
    [swap-guard] 96.7% swap used (batch 3/6) -- pausing 3s for extra cleanup
    batch 6/6
    [swap-guard] 94.1% swap used (batch 6/6) -- pausing 3s for extra cleanup
    [swap-guard] 94.0% swap used (epoch end) -- pausing 3s for extra cleanup
    [swap-guard] 93.5% swap used (fold 2 epoch 49 val) -- pausing 3s for extra cleanup
  Ep  49/60  loss=0.8366  AUC=0.6482  AP=0.6491  smoothAUC=0.6454  (56.0s)
  ✓ Fold 2 new best smoothed AUC=0.6454  saved.
    batch 1/6
    batch 6/6
    [swap-guard] 94.8% swap used (batch 6/6) -- pausing 3s for extra cleanup
    [swap-guard] 94.6% swap used (epoch end) -- pausing 3s for extra cleanup
    [swap-guard] 94.3% swap used (fold 2 epoch 50 val) -- pausing 3s for extra cleanup
  Ep  50/60  loss=0.8542  AUC=0.6457  AP=0.6491  smoothAUC=0.6466  (80.7s)
  ✓ Fold 2 new best smoothed AUC=0.6466  saved.
    batch 1/6
    [swap-guard] 93.2% swap used (batch 3/6) -- pausing 3s for extra cleanup
    batch 6/6
    [swap-guard] 96.6% swap used (batch 6/6) -- pausing 3s for extra cleanup
    [swap-guard] 96.1% swap used (epoch end) -- pausing 3s for extra cleanup
    [swap-guard] 96.0% swap used (fold 2 epoch 51 val) -- pausing 3s for extra cleanup
  Ep  51/60  loss=0.7293  AUC=0.6429  AP=0.6459  smoothAUC=0.6456  (68.6s)
    batch 1/6
    batch 6/6
    [swap-guard] 96.6% swap used (batch 6/6) -- pausing 3s for extra cleanup
    [swap-guard] 96.6% swap used (epoch end) -- pausing 3s for extra cleanup
    [swap-guard] 96.1% swap used (fold 2 epoch 52 val) -- pausing 3s for extra cleanup
  Ep  52/60  loss=0.7908  AUC=0.6442  AP=0.6491  smoothAUC=0.6443  (62.6s)
    batch 1/6
    [swap-guard] 97.5% swap used (batch 3/6) -- pausing 3s for extra cleanup
    batch 6/6
    [swap-guard] 95.0% swap used (batch 6/6) -- pausing 3s for extra cleanup
    [swap-guard] 94.9% swap used (epoch end) -- pausing 3s for extra cleanup
    [swap-guard] 94.4% swap used (fold 2 epoch 53 val) -- pausing 3s for extra cleanup
  Ep  53/60  loss=0.7853  AUC=0.6435  AP=0.6483  smoothAUC=0.6435  (70.6s)
    batch 1/6
    [swap-guard] 96.9% swap used (batch 3/6) -- pausing 3s for extra cleanup
    batch 6/6
    [swap-guard] 95.1% swap used (batch 6/6) -- pausing 3s for extra cleanup
    [swap-guard] 95.0% swap used (epoch end) -- pausing 3s for extra cleanup
    [swap-guard] 94.5% swap used (fold 2 epoch 54 val) -- pausing 3s for extra cleanup
  Ep  54/60  loss=0.7068  AUC=0.6459  AP=0.6467  smoothAUC=0.6445  (63.5s)
    batch 1/6
    [swap-guard] 94.8% swap used (batch 3/6) -- pausing 3s for extra cleanup
    batch 6/6
    [swap-guard] 91.6% swap used (batch 6/6) -- pausing 3s for extra cleanup
    [swap-guard] 91.6% swap used (epoch end) -- pausing 3s for extra cleanup
    [swap-guard] 91.3% swap used (fold 2 epoch 55 val) -- pausing 3s for extra cleanup
  Ep  55/60  loss=0.7278  AUC=0.6493  AP=0.6507  smoothAUC=0.6462  (59.2s)
    batch 1/6
    [swap-guard] 94.0% swap used (batch 3/6) -- pausing 3s for extra cleanup
    batch 6/6
    [swap-guard] 93.9% swap used (batch 6/6) -- pausing 3s for extra cleanup
    [swap-guard] 93.9% swap used (epoch end) -- pausing 3s for extra cleanup
    [swap-guard] 93.5% swap used (fold 2 epoch 56 val) -- pausing 3s for extra cleanup
  Ep  56/60  loss=0.7943  AUC=0.6510  AP=0.6585  smoothAUC=0.6487  (60.4s)
  ✓ Fold 2 new best smoothed AUC=0.6487  saved.
    batch 1/6
    [swap-guard] 91.4% swap used (batch 3/6) -- pausing 3s for extra cleanup
    batch 6/6
    [swap-guard] 96.4% swap used (batch 6/6) -- pausing 3s for extra cleanup
    [swap-guard] 96.2% swap used (epoch end) -- pausing 3s for extra cleanup
    [swap-guard] 95.8% swap used (fold 2 epoch 57 val) -- pausing 3s for extra cleanup
  Ep  57/60  loss=0.7751  AUC=0.6554  AP=0.6674  smoothAUC=0.6519  (75.4s)
  ✓ Fold 2 new best smoothed AUC=0.6519  saved.
    batch 1/6
    batch 6/6
    [swap-guard] 94.0% swap used (batch 6/6) -- pausing 3s for extra cleanup
    [swap-guard] 93.9% swap used (epoch end) -- pausing 3s for extra cleanup
    [swap-guard] 93.7% swap used (fold 2 epoch 58 val) -- pausing 3s for extra cleanup
  Ep  58/60  loss=0.6753  AUC=0.6533  AP=0.6682  smoothAUC=0.6533  (56.0s)
  ✓ Fold 2 new best smoothed AUC=0.6533  saved.
    batch 1/6
    [swap-guard] 92.3% swap used (batch 3/6) -- pausing 3s for extra cleanup
    batch 6/6
    [swap-guard] 96.7% swap used (batch 6/6) -- pausing 3s for extra cleanup
    [swap-guard] 96.7% swap used (epoch end) -- pausing 3s for extra cleanup
    [swap-guard] 96.3% swap used (fold 2 epoch 59 val) -- pausing 3s for extra cleanup
  Ep  59/60  loss=0.7591  AUC=0.6509  AP=0.6651  smoothAUC=0.6532  (68.5s)
    batch 1/6
    [swap-guard] 91.4% swap used (batch 3/6) -- pausing 3s for extra cleanup
    batch 6/6
    [swap-guard] 93.6% swap used (batch 6/6) -- pausing 3s for extra cleanup
    [swap-guard] 93.6% swap used (epoch end) -- pausing 3s for extra cleanup
    [swap-guard] 93.4% swap used (fold 2 epoch 60 val) -- pausing 3s for extra cleanup
  Ep  60/60  loss=0.7564  AUC=0.6512  AP=0.6686  smoothAUC=0.6518  (53.6s)

  Fold 2 test — AUC=0.6789  AP=0.6423  (random=0.5000)
    [swap-guard] 93.1% swap used (fold 2 boundary) -- pausing 3s for extra cleanup

=======================================================
  2-Fold CV Summary
=======================================================
  Fold 1: AUC=0.7088  AP=0.6837  (random=0.5000)
  Fold 2: AUC=0.6789  AP=0.6423  (random=0.5000)
  ─────────────────────────────────────────
  Mean AUC        = 0.6938 ± 0.0212
  Mean AP         = 0.6630 ± 0.0293
  Mean random AP  = 0.5000 ± 0.0000  (chance baseline — AP lift over this is the real signal)
  Best overall fold: 1  (val AUC=0.7095)

[4/4] Final test evaluation (best_overall.pt) …
Model built on mps  |  total params: 2,441,809
/Users/mbp/Documents/MTECH/Sem4/Individual_project/AI_Assisted_3D_Assembly_Design/AI-Assisted-3D-Assembly-Design/.venv/lib/python3.12/site-packages/torch_geometric/transforms/base_transform.py:32: UserWarning: There are not enough negative edges to satisfy the provided sampling ratio. The ratio will be adjusted to 0.00.
  return self.forward(copy.copy(data))
    [DIAG] graph 119: 2 nodes, 2 dir-edges, 1 pos, requested 1 neg but only 0 possible
    [DIAG] graph 44: 2 nodes, 2 dir-edges, 1 pos, requested 1 neg but only 0 possible
    [DIAG] graph 60: 2 nodes, 2 dir-edges, 1 pos, requested 1 neg but only 0 possible
    [DIAG] graph 63: 2 nodes, 2 dir-edges, 1 pos, requested 1 neg but only 0 possible
    [DIAG] graph 71: 2 nodes, 2 dir-edges, 1 pos, requested 1 neg but only 0 possible
  Fold 1/2 — train: 85  val: 86  test: 21

  ── Test results (best overall model) ─────
     auc         : 0.7088
     ap          : 0.6837
     random_ap   : 0.5000

  Results saved        → results
  Best overall ckpt    → checkpoints/best_overall.pt
  Trained model export → ../trained_models/assembly_gnn_20260812_022222_auc07095.pt

  ⊘ Serving model NOT updated — run launched with --no-promote (this run: AUC=0.6938, AP-lift=0.1630)

  Building assembly template cache …
  [TemplateDB] Built 7 category templates from 192 training assemblies.
    Bench Vice                                bodies≈22  dist={'long_shaft': 2, 'short_shaft': 2, 'thick_plate': 2, 'thin_plate': 3, 'bolt': 2, 'washer': 2, 'nut': 4, 'body': 12}
    C Clamps                                  bodies≈7  dist={'long_shaft': 1, 'short_shaft': 1, 'thick_plate': 1, 'thin_plate': 1, 'bolt': 1, 'washer': 1, 'nut': 2, 'body': 2}
    Crane Hook                                bodies≈40  dist={'long_shaft': 2, 'short_shaft': 3, 'thick_plate': 5, 'thin_plate': 2, 'bolt': 1, 'washer': 7, 'nut': 12, 'body': 7}
    Gate Valve                                bodies≈49  dist={'long_shaft': 2, 'short_shaft': 4, 'thick_plate': 2, 'thin_plate': 4, 'bolt': 4, 'washer': 3, 'nut': 18, 'body': 16}
    Pipe Vice                                 bodies≈8  dist={'long_shaft': 1, 'short_shaft': 1, 'thick_plate': 1, 'thin_plate': 2, 'bolt': 1, 'washer': 1, 'nut': 2, 'body': 4}
    Press Tool                                bodies≈14  dist={'long_shaft': 4, 'short_shaft': 4, 'thick_plate': 2, 'thin_plate': 18, 'bolt': 10, 'washer': 4, 'nut': 4, 'body': 5}
    Tool Post                                 bodies≈30  dist={'long_shaft': 2, 'short_shaft': 8, 'thick_plate': 2, 'thin_plate': 1, 'bolt': 8, 'washer': 2, 'nut': 2, 'body': 11}
  [TemplateDB] Saved 7 templates → data/assembly_templates.json
