==================================================
  CAPACITY ABLATION: hidden64
==================================================
  Done: hidden64 (exit 0)
==================================================
  CAPACITY ABLATION: hidden256
==================================================
  Done: hidden256 (exit 0)
==================================================
  CAPACITY ABLATION: dropout01
==================================================
  Done: dropout01 (exit 0)
==================================================
  CAPACITY ABLATION: dropout03
==================================================
  Done: dropout03 (exit 0)
==================================================
  CAPACITY ABLATION: wd1e-4
==================================================
  Done: wd1e-4 (exit 0)
==================================================
  CAPACITY ABLATION: wd1e-3
==================================================
  Done: wd1e-3 (exit 0)
ALL CAPACITY ABLATION RUNS COMPLETE
