
[1/4] Loading dataset …
      192 graphs loaded.
      Dataset: 192 graphs | mean nodes=26.9 | mean edges=81.1 | categories: Bench_vice=54 C_Clamps=31 Crane_hook=16 Gate_Valve=20 Pipe_vice=42 Press_Tool=21 Tool_Post=8

[2/4] Building model …  (2-fold CV)

[3/4] Training (2 folds) …

=======================================================
  FOLD 1 / 2
=======================================================
/Users/mbp/Documents/MTECH/Sem4/Individual_project/AI_Assisted_3D_Assembly_Design/AI-Assisted-3D-Assembly-Design/.venv/lib/python3.12/site-packages/torch_geometric/transforms/base_transform.py:32: UserWarning: There are not enough negative edges to satisfy the provided sampling ratio. The ratio will be adjusted to 0.00.
  return self.forward(copy.copy(data))
    [DIAG] graph 119: 2 nodes, 2 dir-edges, 1 pos, requested 1 neg but only 0 possible
    [DIAG] graph 44: 2 nodes, 2 dir-edges, 1 pos, requested 1 neg but only 0 possible
    [DIAG] graph 60: 2 nodes, 2 dir-edges, 1 pos, requested 1 neg but only 0 possible
    [DIAG] graph 63: 2 nodes, 2 dir-edges, 1 pos, requested 1 neg but only 0 possible
    [DIAG] graph 71: 2 nodes, 2 dir-edges, 1 pos, requested 1 neg but only 0 possible
  Fold 1/2 — train: 85  val: 86  test: 21
Model built on mps  |  total params: 2,441,809
    batch 1/6
    batch 6/6
  Ep   1/60  loss=1.6613  AUC=0.5176  AP=0.5469  smoothAUC=0.5176  (15.5s)
  ✓ Fold 1 new best smoothed AUC=0.5176  saved.
    batch 1/6
    batch 6/6
  Ep   2/60  loss=1.4758  AUC=0.5653  AP=0.5993  smoothAUC=0.5414  (25.4s)
  ✓ Fold 1 new best smoothed AUC=0.5414  saved.
    batch 1/6
    batch 6/6
  Ep   3/60  loss=1.3788  AUC=0.6000  AP=0.6231  smoothAUC=0.5610  (24.6s)
  ✓ Fold 1 new best smoothed AUC=0.5610  saved.
    batch 1/6
    batch 6/6
  Ep   4/60  loss=1.3080  AUC=0.6156  AP=0.6362  smoothAUC=0.5936  (24.0s)
  ✓ Fold 1 new best smoothed AUC=0.5936  saved.
    batch 1/6
    batch 6/6
  Ep   5/60  loss=1.3140  AUC=0.6189  AP=0.6427  smoothAUC=0.6115  (23.2s)
  ✓ Fold 1 new best smoothed AUC=0.6115  saved.
    batch 1/6
    batch 6/6
  Ep   6/60  loss=1.2323  AUC=0.6114  AP=0.6399  smoothAUC=0.6153  (19.5s)
  ✓ Fold 1 new best smoothed AUC=0.6153  saved.
    batch 1/6
    batch 6/6
  Ep   7/60  loss=1.2104  AUC=0.6011  AP=0.6290  smoothAUC=0.6105  (21.4s)
    batch 1/6
    batch 6/6
  Ep   8/60  loss=1.1251  AUC=0.5942  AP=0.6138  smoothAUC=0.6023  (20.8s)
    batch 1/6
    batch 6/6
  Ep   9/60  loss=1.0719  AUC=0.6009  AP=0.6252  smoothAUC=0.5988  (27.2s)
    batch 1/6
    batch 6/6
  Ep  10/60  loss=1.0115  AUC=0.6148  AP=0.6402  smoothAUC=0.6033  (18.6s)
    batch 1/6
    batch 6/6
  Ep  11/60  loss=0.9653  AUC=0.6187  AP=0.6439  smoothAUC=0.6115  (19.8s)
    batch 1/6
    batch 6/6
  Ep  12/60  loss=0.9681  AUC=0.6336  AP=0.6579  smoothAUC=0.6224  (20.8s)
  ✓ Fold 1 new best smoothed AUC=0.6224  saved.
    batch 1/6
    batch 6/6
  Ep  13/60  loss=1.0130  AUC=0.6444  AP=0.6785  smoothAUC=0.6322  (25.6s)
  ✓ Fold 1 new best smoothed AUC=0.6322  saved.
    batch 1/6
    batch 6/6
  Ep  14/60  loss=0.9496  AUC=0.6330  AP=0.6724  smoothAUC=0.6370  (18.8s)
  ✓ Fold 1 new best smoothed AUC=0.6370  saved.
    batch 1/6
    batch 6/6
  Ep  15/60  loss=0.9049  AUC=0.6321  AP=0.6761  smoothAUC=0.6365  (19.5s)
    batch 1/6
    batch 6/6
  Ep  16/60  loss=0.8642  AUC=0.6234  AP=0.6668  smoothAUC=0.6295  (22.0s)
    batch 1/6
    batch 6/6
  Ep  17/60  loss=0.8426  AUC=0.6200  AP=0.6669  smoothAUC=0.6252  (24.4s)
    batch 1/6
    batch 6/6
  Ep  18/60  loss=0.7872  AUC=0.6297  AP=0.6664  smoothAUC=0.6244  (23.4s)
    batch 1/6
    batch 6/6
  Ep  19/60  loss=0.7552  AUC=0.6308  AP=0.6723  smoothAUC=0.6269  (28.8s)
    batch 1/6
    batch 6/6
  Ep  20/60  loss=0.7862  AUC=0.6379  AP=0.6819  smoothAUC=0.6328  (26.6s)
    batch 1/6
    batch 6/6
  Ep  21/60  loss=0.7606  AUC=0.6457  AP=0.6727  smoothAUC=0.6381  (20.4s)
  ✓ Fold 1 new best smoothed AUC=0.6381  saved.
    batch 1/6
    batch 6/6
  Ep  22/60  loss=0.8074  AUC=0.6462  AP=0.6516  smoothAUC=0.6433  (24.5s)
  ✓ Fold 1 new best smoothed AUC=0.6433  saved.
    batch 1/6
    batch 6/6
  Ep  23/60  loss=0.7700  AUC=0.6642  AP=0.6756  smoothAUC=0.6521  (25.7s)
  ✓ Fold 1 new best smoothed AUC=0.6521  saved.
    batch 1/6
    batch 6/6
  Ep  24/60  loss=0.7446  AUC=0.6695  AP=0.6729  smoothAUC=0.6600  (20.4s)
  ✓ Fold 1 new best smoothed AUC=0.6600  saved.
    batch 1/6
    batch 6/6
  Ep  25/60  loss=0.6959  AUC=0.6746  AP=0.6743  smoothAUC=0.6694  (26.7s)
  ✓ Fold 1 new best smoothed AUC=0.6694  saved.
    batch 1/6
    batch 6/6
  Ep  26/60  loss=0.6854  AUC=0.6676  AP=0.6715  smoothAUC=0.6706  (31.8s)
  ✓ Fold 1 new best smoothed AUC=0.6706  saved.
    batch 1/6
    batch 6/6
  Ep  27/60  loss=0.6934  AUC=0.6635  AP=0.6805  smoothAUC=0.6685  (27.2s)
    batch 1/6
    batch 6/6
  Ep  28/60  loss=0.7328  AUC=0.6582  AP=0.6772  smoothAUC=0.6631  (26.8s)
    batch 1/6
    batch 6/6
  Ep  29/60  loss=0.7563  AUC=0.6719  AP=0.6988  smoothAUC=0.6645  (23.6s)
    batch 1/6
    batch 6/6
  Ep  30/60  loss=0.6541  AUC=0.6776  AP=0.7013  smoothAUC=0.6692  (26.3s)
    batch 1/6
    batch 6/6
  Ep  31/60  loss=0.6391  AUC=0.6734  AP=0.6937  smoothAUC=0.6743  (23.3s)
  ✓ Fold 1 new best smoothed AUC=0.6743  saved.
    batch 1/6
    batch 6/6
  Ep  32/60  loss=0.6147  AUC=0.6620  AP=0.6782  smoothAUC=0.6710  (22.5s)
    batch 1/6
    batch 6/6
  Ep  33/60  loss=0.6367  AUC=0.6583  AP=0.6760  smoothAUC=0.6646  (27.0s)
    batch 1/6
    [swap-guard] 92.0% swap used (batch 3/6) -- pausing 3s for extra cleanup
    batch 6/6
  Ep  34/60  loss=0.5512  AUC=0.6670  AP=0.6869  smoothAUC=0.6624  (25.7s)
    batch 1/6
    batch 6/6
  Ep  35/60  loss=0.5738  AUC=0.6700  AP=0.6929  smoothAUC=0.6651  (26.5s)
    batch 1/6
    batch 6/6
  Ep  36/60  loss=0.5323  AUC=0.6714  AP=0.7046  smoothAUC=0.6694  (20.0s)
    batch 1/6
    batch 6/6
  Ep  37/60  loss=0.5711  AUC=0.6636  AP=0.7072  smoothAUC=0.6683  (22.8s)
    batch 1/6
    [swap-guard] 95.4% swap used (batch 3/6) -- pausing 3s for extra cleanup
    batch 6/6
  Ep  38/60  loss=0.5158  AUC=0.6587  AP=0.7076  smoothAUC=0.6646  (29.6s)
    batch 1/6
    batch 6/6
    [swap-guard] 90.9% swap used (batch 6/6) -- pausing 3s for extra cleanup
    [swap-guard] 90.6% swap used (epoch end) -- pausing 3s for extra cleanup
    [swap-guard] 90.0% swap used (fold 1 epoch 39 val) -- pausing 3s for extra cleanup
  Ep  39/60  loss=0.6225  AUC=0.6444  AP=0.6886  smoothAUC=0.6556  (36.9s)
    batch 1/6
    [swap-guard] 94.2% swap used (batch 3/6) -- pausing 3s for extra cleanup
    batch 6/6
    [swap-guard] 93.1% swap used (batch 6/6) -- pausing 3s for extra cleanup
    [swap-guard] 93.1% swap used (epoch end) -- pausing 3s for extra cleanup
    [swap-guard] 92.7% swap used (fold 1 epoch 40 val) -- pausing 3s for extra cleanup
  Ep  40/60  loss=0.4665  AUC=0.6535  AP=0.6972  smoothAUC=0.6522  (36.6s)
    batch 1/6
    [swap-guard] 94.5% swap used (batch 3/6) -- pausing 3s for extra cleanup
    batch 6/6
    [swap-guard] 93.4% swap used (batch 6/6) -- pausing 3s for extra cleanup
    [swap-guard] 93.4% swap used (epoch end) -- pausing 3s for extra cleanup
    [swap-guard] 92.8% swap used (fold 1 epoch 41 val) -- pausing 3s for extra cleanup
  Ep  41/60  loss=0.5116  AUC=0.6595  AP=0.7019  smoothAUC=0.6525  (47.4s)
    batch 1/6
    [swap-guard] 91.5% swap used (batch 3/6) -- pausing 3s for extra cleanup
    batch 6/6
  Ep  42/60  loss=0.4741  AUC=0.6613  AP=0.7077  smoothAUC=0.6581  (30.9s)
    batch 1/6
    batch 6/6
  Ep  43/60  loss=0.4198  AUC=0.6612  AP=0.7088  smoothAUC=0.6607  (24.3s)
    batch 1/6
    [swap-guard] 93.3% swap used (batch 3/6) -- pausing 3s for extra cleanup
    batch 6/6
  Ep  44/60  loss=0.4655  AUC=0.6622  AP=0.7103  smoothAUC=0.6616  (43.1s)
    batch 1/6
    [swap-guard] 91.1% swap used (batch 3/6) -- pausing 3s for extra cleanup
    batch 6/6
  Ep  45/60  loss=0.3841  AUC=0.6628  AP=0.7088  smoothAUC=0.6621  (36.6s)
    batch 1/6
    batch 6/6
  Ep  46/60  loss=0.4631  AUC=0.6638  AP=0.7091  smoothAUC=0.6629  (24.6s)

  Early stopping at epoch 46.

  Fold 1 test — AUC=0.6104  AP=0.5856  (random=0.5000)

=======================================================
  FOLD 2 / 2
=======================================================
/Users/mbp/Documents/MTECH/Sem4/Individual_project/AI_Assisted_3D_Assembly_Design/AI-Assisted-3D-Assembly-Design/.venv/lib/python3.12/site-packages/torch_geometric/transforms/base_transform.py:32: UserWarning: There are not enough negative edges to satisfy the provided sampling ratio. The ratio will be adjusted to 0.00.
  return self.forward(copy.copy(data))
    [DIAG] graph 44: 2 nodes, 2 dir-edges, 1 pos, requested 1 neg but only 0 possible
    [DIAG] graph 60: 2 nodes, 2 dir-edges, 1 pos, requested 1 neg but only 0 possible
    [DIAG] graph 63: 2 nodes, 2 dir-edges, 1 pos, requested 1 neg but only 0 possible
    [DIAG] graph 71: 2 nodes, 2 dir-edges, 1 pos, requested 1 neg but only 0 possible
    [DIAG] graph 119: 2 nodes, 2 dir-edges, 1 pos, requested 1 neg but only 0 possible
  Fold 2/2 — train: 86  val: 85  test: 21
Model built on mps  |  total params: 2,441,809
    batch 1/6
    [swap-guard] 90.2% swap used (batch 3/6) -- pausing 3s for extra cleanup
    batch 6/6
    [swap-guard] 90.5% swap used (batch 6/6) -- pausing 3s for extra cleanup
    [swap-guard] 90.4% swap used (epoch end) -- pausing 3s for extra cleanup
  Ep   1/60  loss=1.5785  AUC=0.5919  AP=0.5602  smoothAUC=0.5919  (62.0s)
  ✓ Fold 2 new best smoothed AUC=0.5919  saved.
    batch 1/6
    batch 6/6
    [swap-guard] 91.6% swap used (batch 6/6) -- pausing 3s for extra cleanup
    [swap-guard] 91.3% swap used (epoch end) -- pausing 3s for extra cleanup
    [swap-guard] 90.5% swap used (fold 2 epoch 2 val) -- pausing 3s for extra cleanup
  Ep   2/60  loss=1.5225  AUC=0.6024  AP=0.5652  smoothAUC=0.5972  (44.3s)
  ✓ Fold 2 new best smoothed AUC=0.5972  saved.
    batch 1/6
    batch 6/6
    [swap-guard] 91.9% swap used (batch 6/6) -- pausing 3s for extra cleanup
    [swap-guard] 91.8% swap used (epoch end) -- pausing 3s for extra cleanup
    [swap-guard] 91.1% swap used (fold 2 epoch 3 val) -- pausing 3s for extra cleanup
  Ep   3/60  loss=1.4089  AUC=0.5951  AP=0.5689  smoothAUC=0.5965  (67.0s)
    batch 1/6
    [swap-guard] 91.3% swap used (batch 3/6) -- pausing 3s for extra cleanup
    batch 6/6
    [swap-guard] 92.6% swap used (batch 6/6) -- pausing 3s for extra cleanup
    [swap-guard] 92.6% swap used (epoch end) -- pausing 3s for extra cleanup
    [swap-guard] 92.1% swap used (fold 2 epoch 4 val) -- pausing 3s for extra cleanup
  Ep   4/60  loss=1.3829  AUC=0.5926  AP=0.5788  smoothAUC=0.5967  (67.8s)
    batch 1/6
    [swap-guard] 91.6% swap used (batch 3/6) -- pausing 3s for extra cleanup
    batch 6/6
  Ep   5/60  loss=1.3343  AUC=0.5755  AP=0.5693  smoothAUC=0.5878  (45.6s)
    batch 1/6
    [swap-guard] 94.7% swap used (batch 3/6) -- pausing 3s for extra cleanup
    batch 6/6
  Ep   6/60  loss=1.3310  AUC=0.5912  AP=0.5969  smoothAUC=0.5865  (39.6s)
    batch 1/6
    [swap-guard] 96.2% swap used (batch 3/6) -- pausing 3s for extra cleanup
    batch 6/6
    [swap-guard] 91.2% swap used (batch 6/6) -- pausing 3s for extra cleanup
    [swap-guard] 90.3% swap used (epoch end) -- pausing 3s for extra cleanup
  Ep   7/60  loss=1.2424  AUC=0.5897  AP=0.5743  smoothAUC=0.5855  (72.7s)
    batch 1/6
    batch 6/6
  Ep   8/60  loss=1.1452  AUC=0.5839  AP=0.5663  smoothAUC=0.5883  (39.5s)
    batch 1/6
    batch 6/6
    [swap-guard] 91.3% swap used (batch 6/6) -- pausing 3s for extra cleanup
    [swap-guard] 90.4% swap used (epoch end) -- pausing 3s for extra cleanup
  Ep   9/60  loss=1.1332  AUC=0.5888  AP=0.5765  smoothAUC=0.5875  (59.5s)
    batch 1/6
    [swap-guard] 95.1% swap used (batch 3/6) -- pausing 3s for extra cleanup
    batch 6/6
    [swap-guard] 94.9% swap used (batch 6/6) -- pausing 3s for extra cleanup
    [swap-guard] 93.9% swap used (epoch end) -- pausing 3s for extra cleanup
    [swap-guard] 93.3% swap used (fold 2 epoch 10 val) -- pausing 3s for extra cleanup
  Ep  10/60  loss=0.9646  AUC=0.5941  AP=0.5956  smoothAUC=0.5889  (58.6s)
    batch 1/6
    batch 6/6
    [swap-guard] 93.2% swap used (batch 6/6) -- pausing 3s for extra cleanup
    [swap-guard] 93.2% swap used (epoch end) -- pausing 3s for extra cleanup
    [swap-guard] 92.9% swap used (fold 2 epoch 11 val) -- pausing 3s for extra cleanup
  Ep  11/60  loss=1.0392  AUC=0.6053  AP=0.5991  smoothAUC=0.5961  (52.7s)
    batch 1/6
    batch 6/6
    [swap-guard] 92.0% swap used (batch 6/6) -- pausing 3s for extra cleanup
    [swap-guard] 92.0% swap used (epoch end) -- pausing 3s for extra cleanup
    [swap-guard] 91.4% swap used (fold 2 epoch 12 val) -- pausing 3s for extra cleanup
  Ep  12/60  loss=1.0263  AUC=0.6024  AP=0.5930  smoothAUC=0.6006  (51.5s)
  ✓ Fold 2 new best smoothed AUC=0.6006  saved.
    batch 1/6
    [swap-guard] 94.6% swap used (batch 3/6) -- pausing 3s for extra cleanup
    batch 6/6
  Ep  13/60  loss=0.8561  AUC=0.6017  AP=0.5887  smoothAUC=0.6031  (50.5s)
  ✓ Fold 2 new best smoothed AUC=0.6031  saved.
    batch 1/6
    batch 6/6
    [swap-guard] 91.3% swap used (batch 6/6) -- pausing 3s for extra cleanup
    [swap-guard] 91.1% swap used (epoch end) -- pausing 3s for extra cleanup
    [swap-guard] 90.4% swap used (fold 2 epoch 14 val) -- pausing 3s for extra cleanup
  Ep  14/60  loss=0.8639  AUC=0.6006  AP=0.5853  smoothAUC=0.6015  (60.3s)
    batch 1/6
    [swap-guard] 90.9% swap used (batch 3/6) -- pausing 3s for extra cleanup
    batch 6/6
    [swap-guard] 91.8% swap used (batch 6/6) -- pausing 3s for extra cleanup
    [swap-guard] 91.7% swap used (epoch end) -- pausing 3s for extra cleanup
    [swap-guard] 91.4% swap used (fold 2 epoch 15 val) -- pausing 3s for extra cleanup
  Ep  15/60  loss=0.8338  AUC=0.5968  AP=0.5922  smoothAUC=0.5997  (56.3s)
    batch 1/6
    batch 6/6
  Ep  16/60  loss=0.8398  AUC=0.5968  AP=0.5943  smoothAUC=0.5980  (34.1s)
    batch 1/6
    [swap-guard] 90.7% swap used (batch 3/6) -- pausing 3s for extra cleanup
    batch 6/6
    [swap-guard] 91.0% swap used (batch 6/6) -- pausing 3s for extra cleanup
    [swap-guard] 91.0% swap used (epoch end) -- pausing 3s for extra cleanup
    [swap-guard] 90.8% swap used (fold 2 epoch 17 val) -- pausing 3s for extra cleanup
  Ep  17/60  loss=0.7460  AUC=0.5970  AP=0.5910  smoothAUC=0.5969  (54.7s)
    batch 1/6
    batch 6/6
    [swap-guard] 92.8% swap used (batch 6/6) -- pausing 3s for extra cleanup
    [swap-guard] 92.2% swap used (epoch end) -- pausing 3s for extra cleanup
    [swap-guard] 92.0% swap used (fold 2 epoch 18 val) -- pausing 3s for extra cleanup
  Ep  18/60  loss=0.7494  AUC=0.6054  AP=0.5963  smoothAUC=0.5997  (43.4s)
    batch 1/6
    batch 6/6
    [swap-guard] 93.6% swap used (batch 6/6) -- pausing 3s for extra cleanup
    [swap-guard] 93.5% swap used (epoch end) -- pausing 3s for extra cleanup
    [swap-guard] 93.2% swap used (fold 2 epoch 19 val) -- pausing 3s for extra cleanup
  Ep  19/60  loss=0.7543  AUC=0.6076  AP=0.6015  smoothAUC=0.6034  (74.4s)
  ✓ Fold 2 new best smoothed AUC=0.6034  saved.
    batch 1/6
    batch 6/6
    [swap-guard] 90.8% swap used (batch 6/6) -- pausing 3s for extra cleanup
    [swap-guard] 90.7% swap used (epoch end) -- pausing 3s for extra cleanup
    [swap-guard] 90.6% swap used (fold 2 epoch 20 val) -- pausing 3s for extra cleanup
  Ep  20/60  loss=0.7082  AUC=0.6069  AP=0.6011  smoothAUC=0.6066  (47.3s)
  ✓ Fold 2 new best smoothed AUC=0.6066  saved.
    batch 1/6
    [swap-guard] 96.9% swap used (batch 3/6) -- pausing 3s for extra cleanup
    batch 6/6
    [swap-guard] 95.6% swap used (batch 6/6) -- pausing 3s for extra cleanup
    [swap-guard] 95.6% swap used (epoch end) -- pausing 3s for extra cleanup
    [swap-guard] 95.6% swap used (fold 2 epoch 21 val) -- pausing 3s for extra cleanup
  Ep  21/60  loss=0.7052  AUC=0.6127  AP=0.6019  smoothAUC=0.6091  (49.3s)
  ✓ Fold 2 new best smoothed AUC=0.6091  saved.
    batch 1/6
    [swap-guard] 92.7% swap used (batch 3/6) -- pausing 3s for extra cleanup
    batch 6/6
    [swap-guard] 93.2% swap used (batch 6/6) -- pausing 3s for extra cleanup
    [swap-guard] 93.1% swap used (epoch end) -- pausing 3s for extra cleanup
    [swap-guard] 92.8% swap used (fold 2 epoch 22 val) -- pausing 3s for extra cleanup
  Ep  22/60  loss=0.6695  AUC=0.6135  AP=0.5989  smoothAUC=0.6110  (75.2s)
  ✓ Fold 2 new best smoothed AUC=0.6110  saved.
    batch 1/6
    [swap-guard] 92.6% swap used (batch 3/6) -- pausing 3s for extra cleanup
    batch 6/6
  Ep  23/60  loss=0.6746  AUC=0.6090  AP=0.5919  smoothAUC=0.6117  (58.4s)
  ✓ Fold 2 new best smoothed AUC=0.6117  saved.
    batch 1/6
    [swap-guard] 91.1% swap used (batch 3/6) -- pausing 3s for extra cleanup
    batch 6/6
  Ep  24/60  loss=0.7174  AUC=0.6006  AP=0.5878  smoothAUC=0.6077  (77.7s)
    batch 1/6
    batch 6/6
  Ep  25/60  loss=0.6708  AUC=0.6008  AP=0.5884  smoothAUC=0.6035  (68.9s)
    batch 1/6
    batch 6/6
    [swap-guard] 91.6% swap used (batch 6/6) -- pausing 3s for extra cleanup
    [swap-guard] 91.5% swap used (epoch end) -- pausing 3s for extra cleanup
    [swap-guard] 90.4% swap used (fold 2 epoch 26 val) -- pausing 3s for extra cleanup
  Ep  26/60  loss=0.5975  AUC=0.6020  AP=0.5937  smoothAUC=0.6011  (57.3s)
    batch 1/6
    [swap-guard] 91.0% swap used (batch 3/6) -- pausing 3s for extra cleanup
    batch 6/6
    [swap-guard] 90.3% swap used (batch 6/6) -- pausing 3s for extra cleanup
  Ep  27/60  loss=0.6974  AUC=0.6052  AP=0.6000  smoothAUC=0.6027  (55.8s)
    batch 1/6
    batch 6/6
    [swap-guard] 90.9% swap used (batch 6/6) -- pausing 3s for extra cleanup
    [swap-guard] 90.7% swap used (epoch end) -- pausing 3s for extra cleanup
    [swap-guard] 90.0% swap used (fold 2 epoch 28 val) -- pausing 3s for extra cleanup
  Ep  28/60  loss=0.6428  AUC=0.6023  AP=0.6023  smoothAUC=0.6032  (61.2s)
    batch 1/6
    [swap-guard] 94.8% swap used (batch 3/6) -- pausing 3s for extra cleanup
    batch 6/6
    [swap-guard] 93.4% swap used (batch 6/6) -- pausing 3s for extra cleanup
    [swap-guard] 93.3% swap used (epoch end) -- pausing 3s for extra cleanup
    [swap-guard] 92.8% swap used (fold 2 epoch 29 val) -- pausing 3s for extra cleanup
  Ep  29/60  loss=0.6269  AUC=0.5992  AP=0.5996  smoothAUC=0.6022  (69.3s)
    batch 1/6
    [swap-guard] 91.6% swap used (batch 3/6) -- pausing 3s for extra cleanup
    batch 6/6
    [swap-guard] 91.0% swap used (batch 6/6) -- pausing 3s for extra cleanup
    [swap-guard] 90.8% swap used (epoch end) -- pausing 3s for extra cleanup
    [swap-guard] 90.6% swap used (fold 2 epoch 30 val) -- pausing 3s for extra cleanup
  Ep  30/60  loss=0.6609  AUC=0.5994  AP=0.5985  smoothAUC=0.6003  (68.2s)
    batch 1/6
    [swap-guard] 91.1% swap used (batch 3/6) -- pausing 3s for extra cleanup
    batch 6/6
    [swap-guard] 90.6% swap used (batch 6/6) -- pausing 3s for extra cleanup
    [swap-guard] 90.5% swap used (epoch end) -- pausing 3s for extra cleanup
    [swap-guard] 90.3% swap used (fold 2 epoch 31 val) -- pausing 3s for extra cleanup
  Ep  31/60  loss=0.6048  AUC=0.5855  AP=0.5901  smoothAUC=0.5947  (64.9s)
    batch 1/6
    [swap-guard] 96.4% swap used (batch 3/6) -- pausing 3s for extra cleanup
    batch 6/6
    [swap-guard] 97.1% swap used (batch 6/6) -- pausing 3s for extra cleanup
    [swap-guard] 96.9% swap used (epoch end) -- pausing 3s for extra cleanup
    [swap-guard] 96.6% swap used (fold 2 epoch 32 val) -- pausing 3s for extra cleanup
  Ep  32/60  loss=0.5810  AUC=0.5806  AP=0.5891  smoothAUC=0.5885  (76.5s)
    batch 1/6
    batch 6/6
    [swap-guard] 97.1% swap used (batch 6/6) -- pausing 3s for extra cleanup
    [swap-guard] 96.9% swap used (epoch end) -- pausing 3s for extra cleanup
    [swap-guard] 96.4% swap used (fold 2 epoch 33 val) -- pausing 3s for extra cleanup
  Ep  33/60  loss=0.5466  AUC=0.5806  AP=0.5904  smoothAUC=0.5822  (58.4s)
    batch 1/6
    [swap-guard] 90.5% swap used (batch 3/6) -- pausing 3s for extra cleanup
    batch 6/6
    [swap-guard] 91.5% swap used (batch 6/6) -- pausing 3s for extra cleanup
    [swap-guard] 91.3% swap used (epoch end) -- pausing 3s for extra cleanup
    [swap-guard] 91.1% swap used (fold 2 epoch 34 val) -- pausing 3s for extra cleanup
  Ep  34/60  loss=0.6761  AUC=0.5815  AP=0.5875  smoothAUC=0.5809  (67.1s)
    batch 1/6
    [swap-guard] 91.7% swap used (batch 3/6) -- pausing 3s for extra cleanup
    batch 6/6
    [swap-guard] 95.5% swap used (batch 6/6) -- pausing 3s for extra cleanup
    [swap-guard] 95.5% swap used (epoch end) -- pausing 3s for extra cleanup
    [swap-guard] 95.3% swap used (fold 2 epoch 35 val) -- pausing 3s for extra cleanup
  Ep  35/60  loss=0.5635  AUC=0.5844  AP=0.5846  smoothAUC=0.5822  (62.5s)
    batch 1/6
    batch 6/6
    [swap-guard] 92.7% swap used (batch 6/6) -- pausing 3s for extra cleanup
    [swap-guard] 92.6% swap used (epoch end) -- pausing 3s for extra cleanup
    [swap-guard] 92.0% swap used (fold 2 epoch 36 val) -- pausing 3s for extra cleanup
  Ep  36/60  loss=0.5453  AUC=0.5872  AP=0.5855  smoothAUC=0.5844  (62.0s)
    batch 1/6
    [swap-guard] 90.7% swap used (batch 3/6) -- pausing 3s for extra cleanup
    batch 6/6
    [swap-guard] 93.2% swap used (batch 6/6) -- pausing 3s for extra cleanup
    [swap-guard] 93.2% swap used (epoch end) -- pausing 3s for extra cleanup
    [swap-guard] 92.7% swap used (fold 2 epoch 37 val) -- pausing 3s for extra cleanup
  Ep  37/60  loss=0.5512  AUC=0.5906  AP=0.5880  smoothAUC=0.5874  (55.6s)
    batch 1/6
    [swap-guard] 97.1% swap used (batch 3/6) -- pausing 3s for extra cleanup
    batch 6/6
    [swap-guard] 96.1% swap used (batch 6/6) -- pausing 3s for extra cleanup
    [swap-guard] 96.1% swap used (epoch end) -- pausing 3s for extra cleanup
    [swap-guard] 96.0% swap used (fold 2 epoch 38 val) -- pausing 3s for extra cleanup
  Ep  38/60  loss=0.5416  AUC=0.5925  AP=0.5914  smoothAUC=0.5901  (75.6s)

  Early stopping at epoch 38.

  Fold 2 test — AUC=0.6512  AP=0.6108  (random=0.5000)
    [swap-guard] 95.6% swap used (fold 2 boundary) -- pausing 3s for extra cleanup

=======================================================
  2-Fold CV Summary
=======================================================
  Fold 1: AUC=0.6104  AP=0.5856  (random=0.5000)
  Fold 2: AUC=0.6512  AP=0.6108  (random=0.5000)
  ─────────────────────────────────────────
  Mean AUC        = 0.6308 ± 0.0289
  Mean AP         = 0.5982 ± 0.0178
  Mean random AP  = 0.5000 ± 0.0000  (chance baseline — AP lift over this is the real signal)
  Best overall fold: 1  (val AUC=0.6743)

[4/4] Final test evaluation (best_overall.pt) …
Model built on mps  |  total params: 2,441,809
/Users/mbp/Documents/MTECH/Sem4/Individual_project/AI_Assisted_3D_Assembly_Design/AI-Assisted-3D-Assembly-Design/.venv/lib/python3.12/site-packages/torch_geometric/transforms/base_transform.py:32: UserWarning: There are not enough negative edges to satisfy the provided sampling ratio. The ratio will be adjusted to 0.00.
  return self.forward(copy.copy(data))
    [DIAG] graph 119: 2 nodes, 2 dir-edges, 1 pos, requested 1 neg but only 0 possible
    [DIAG] graph 44: 2 nodes, 2 dir-edges, 1 pos, requested 1 neg but only 0 possible
    [DIAG] graph 60: 2 nodes, 2 dir-edges, 1 pos, requested 1 neg but only 0 possible
    [DIAG] graph 63: 2 nodes, 2 dir-edges, 1 pos, requested 1 neg but only 0 possible
    [DIAG] graph 71: 2 nodes, 2 dir-edges, 1 pos, requested 1 neg but only 0 possible
  Fold 1/2 — train: 85  val: 86  test: 21

  ── Test results (best overall model) ─────
     auc         : 0.6104
     ap          : 0.5856
     random_ap   : 0.5000

  Results saved        → results
  Best overall ckpt    → checkpoints/best_overall.pt
  Trained model export → ../trained_models/assembly_gnn_20260812_005547_auc06743.pt

  ⊘ Serving model NOT updated — run launched with --no-promote (this run: AUC=0.6308, AP-lift=0.0982)

  Building assembly template cache …
  [TemplateDB] Built 7 category templates from 192 training assemblies.
    Bench Vice                                bodies≈22  dist={'long_shaft': 2, 'short_shaft': 2, 'thick_plate': 2, 'thin_plate': 3, 'bolt': 2, 'washer': 2, 'nut': 4, 'body': 12}
    C Clamps                                  bodies≈7  dist={'long_shaft': 1, 'short_shaft': 1, 'thick_plate': 1, 'thin_plate': 1, 'bolt': 1, 'washer': 1, 'nut': 2, 'body': 2}
    Crane Hook                                bodies≈40  dist={'long_shaft': 2, 'short_shaft': 3, 'thick_plate': 5, 'thin_plate': 2, 'bolt': 1, 'washer': 7, 'nut': 12, 'body': 7}
    Gate Valve                                bodies≈49  dist={'long_shaft': 2, 'short_shaft': 4, 'thick_plate': 2, 'thin_plate': 4, 'bolt': 4, 'washer': 3, 'nut': 18, 'body': 16}
    Pipe Vice                                 bodies≈8  dist={'long_shaft': 1, 'short_shaft': 1, 'thick_plate': 1, 'thin_plate': 2, 'bolt': 1, 'washer': 1, 'nut': 2, 'body': 4}
    Press Tool                                bodies≈14  dist={'long_shaft': 4, 'short_shaft': 4, 'thick_plate': 2, 'thin_plate': 18, 'bolt': 10, 'washer': 4, 'nut': 4, 'body': 5}
    Tool Post                                 bodies≈30  dist={'long_shaft': 2, 'short_shaft': 8, 'thick_plate': 2, 'thin_plate': 1, 'bolt': 8, 'washer': 2, 'nut': 2, 'body': 11}
  [TemplateDB] Saved 7 templates → data/assembly_templates.json
