
[1/4] Loading dataset …
      192 graphs loaded.
      Dataset: 192 graphs | mean nodes=26.9 | mean edges=81.1 | categories: Bench_vice=54 C_Clamps=31 Crane_hook=16 Gate_Valve=20 Pipe_vice=42 Press_Tool=21 Tool_Post=8

[2/4] Building model …  (2-fold CV)

[3/4] Training (2 folds) …

=======================================================
  FOLD 1 / 2
=======================================================
/Users/mbp/Documents/MTECH/Sem4/Individual_project/AI_Assisted_3D_Assembly_Design/AI-Assisted-3D-Assembly-Design/.venv/lib/python3.12/site-packages/torch_geometric/transforms/base_transform.py:32: UserWarning: There are not enough negative edges to satisfy the provided sampling ratio. The ratio will be adjusted to 0.00.
  return self.forward(copy.copy(data))
    [DIAG] graph 119: 2 nodes, 2 dir-edges, 1 pos, requested 1 neg but only 0 possible
    [DIAG] graph 44: 2 nodes, 2 dir-edges, 1 pos, requested 1 neg but only 0 possible
    [DIAG] graph 60: 2 nodes, 2 dir-edges, 1 pos, requested 1 neg but only 0 possible
    [DIAG] graph 63: 2 nodes, 2 dir-edges, 1 pos, requested 1 neg but only 0 possible
    [DIAG] graph 71: 2 nodes, 2 dir-edges, 1 pos, requested 1 neg but only 0 possible
  Fold 1/2 — train: 85  val: 86  test: 21
Model built on mps  |  total params: 2,441,809
    batch 1/6
    batch 6/6
  Ep   1/60  loss=1.5937  AUC=0.4911  AP=0.5419  smoothAUC=0.4911  (29.8s)
  ✓ Fold 1 new best smoothed AUC=0.4911  saved.
    batch 1/6
    batch 6/6
  Ep   2/60  loss=1.4744  AUC=0.5392  AP=0.5699  smoothAUC=0.5152  (19.1s)
  ✓ Fold 1 new best smoothed AUC=0.5152  saved.
    batch 1/6
    batch 6/6
  Ep   3/60  loss=1.4581  AUC=0.5658  AP=0.5877  smoothAUC=0.5320  (19.5s)
  ✓ Fold 1 new best smoothed AUC=0.5320  saved.
    batch 1/6
    batch 6/6
  Ep   4/60  loss=1.5052  AUC=0.5826  AP=0.5984  smoothAUC=0.5625  (16.1s)
  ✓ Fold 1 new best smoothed AUC=0.5625  saved.
    batch 1/6
    batch 6/6
  Ep   5/60  loss=1.3613  AUC=0.5756  AP=0.5925  smoothAUC=0.5747  (24.8s)
  ✓ Fold 1 new best smoothed AUC=0.5747  saved.
    batch 1/6
    batch 6/6
  Ep   6/60  loss=1.3430  AUC=0.5467  AP=0.5820  smoothAUC=0.5683  (19.4s)
    batch 1/6
    batch 6/6
  Ep   7/60  loss=1.3393  AUC=0.5483  AP=0.5940  smoothAUC=0.5569  (20.7s)
    batch 1/6
    batch 6/6
  Ep   8/60  loss=1.2175  AUC=0.5758  AP=0.6135  smoothAUC=0.5569  (21.6s)
    batch 1/6
    batch 6/6
  Ep   9/60  loss=1.2588  AUC=0.5895  AP=0.6273  smoothAUC=0.5712  (20.3s)
    batch 1/6
    batch 6/6
  Ep  10/60  loss=1.1157  AUC=0.5770  AP=0.6237  smoothAUC=0.5808  (21.1s)
  ✓ Fold 1 new best smoothed AUC=0.5808  saved.
    batch 1/6
    batch 6/6
  Ep  11/60  loss=1.1946  AUC=0.5736  AP=0.6055  smoothAUC=0.5800  (24.2s)
    batch 1/6
    batch 6/6
  Ep  12/60  loss=1.0888  AUC=0.5647  AP=0.5964  smoothAUC=0.5718  (23.9s)
    batch 1/6
    batch 6/6
  Ep  13/60  loss=1.1312  AUC=0.5624  AP=0.5955  smoothAUC=0.5669  (18.9s)
    batch 1/6
    batch 6/6
  Ep  14/60  loss=1.0478  AUC=0.5519  AP=0.5905  smoothAUC=0.5597  (19.7s)
    batch 1/6
    batch 6/6
  Ep  15/60  loss=1.1370  AUC=0.5406  AP=0.5703  smoothAUC=0.5516  (23.5s)
    batch 1/6
    batch 6/6
  Ep  16/60  loss=1.0657  AUC=0.5546  AP=0.5787  smoothAUC=0.5491  (21.8s)
    batch 1/6
    batch 6/6
  Ep  17/60  loss=1.1119  AUC=0.5528  AP=0.5818  smoothAUC=0.5494  (21.8s)
    batch 1/6
    batch 6/6
  Ep  18/60  loss=1.0390  AUC=0.5540  AP=0.5852  smoothAUC=0.5538  (27.4s)
    batch 1/6
    batch 6/6
  Ep  19/60  loss=0.9985  AUC=0.5512  AP=0.5857  smoothAUC=0.5527  (21.8s)
    batch 1/6
    batch 6/6
  Ep  20/60  loss=0.9920  AUC=0.5608  AP=0.5949  smoothAUC=0.5553  (30.9s)
    batch 1/6
    batch 6/6
  Ep  21/60  loss=0.9001  AUC=0.5689  AP=0.6002  smoothAUC=0.5603  (29.0s)
    batch 1/6
    batch 6/6
  Ep  22/60  loss=1.0700  AUC=0.5725  AP=0.6021  smoothAUC=0.5674  (25.3s)
    batch 1/6
    batch 6/6
  Ep  23/60  loss=0.9498  AUC=0.5748  AP=0.5989  smoothAUC=0.5720  (22.8s)
    batch 1/6
    batch 6/6
  Ep  24/60  loss=0.8812  AUC=0.5799  AP=0.5985  smoothAUC=0.5757  (26.4s)
    batch 1/6
    [swap-guard] 91.7% swap used (batch 3/6) -- pausing 3s for extra cleanup
    batch 6/6
  Ep  25/60  loss=0.8371  AUC=0.5781  AP=0.5924  smoothAUC=0.5776  (28.7s)

  Early stopping at epoch 25.

  Fold 1 test — AUC=0.6152  AP=0.6502  (random=0.5000)

=======================================================
  FOLD 2 / 2
=======================================================
/Users/mbp/Documents/MTECH/Sem4/Individual_project/AI_Assisted_3D_Assembly_Design/AI-Assisted-3D-Assembly-Design/.venv/lib/python3.12/site-packages/torch_geometric/transforms/base_transform.py:32: UserWarning: There are not enough negative edges to satisfy the provided sampling ratio. The ratio will be adjusted to 0.00.
  return self.forward(copy.copy(data))
    [DIAG] graph 44: 2 nodes, 2 dir-edges, 1 pos, requested 1 neg but only 0 possible
    [DIAG] graph 60: 2 nodes, 2 dir-edges, 1 pos, requested 1 neg but only 0 possible
    [DIAG] graph 63: 2 nodes, 2 dir-edges, 1 pos, requested 1 neg but only 0 possible
    [DIAG] graph 71: 2 nodes, 2 dir-edges, 1 pos, requested 1 neg but only 0 possible
    [DIAG] graph 119: 2 nodes, 2 dir-edges, 1 pos, requested 1 neg but only 0 possible
  Fold 2/2 — train: 86  val: 85  test: 21
Model built on mps  |  total params: 2,441,809
    batch 1/6
    [swap-guard] 94.7% swap used (batch 3/6) -- pausing 3s for extra cleanup
    batch 6/6
    [swap-guard] 92.4% swap used (batch 6/6) -- pausing 3s for extra cleanup
    [swap-guard] 91.5% swap used (epoch end) -- pausing 3s for extra cleanup
    [swap-guard] 91.3% swap used (fold 2 epoch 1 val) -- pausing 3s for extra cleanup
  Ep   1/60  loss=1.6057  AUC=0.5267  AP=0.5276  smoothAUC=0.5267  (49.5s)
  ✓ Fold 2 new best smoothed AUC=0.5267  saved.
    batch 1/6
    [swap-guard] 90.6% swap used (batch 3/6) -- pausing 3s for extra cleanup
    batch 6/6
  Ep   2/60  loss=1.5108  AUC=0.5637  AP=0.5846  smoothAUC=0.5452  (36.7s)
  ✓ Fold 2 new best smoothed AUC=0.5452  saved.
    batch 1/6
    batch 6/6
  Ep   3/60  loss=1.4825  AUC=0.5698  AP=0.5745  smoothAUC=0.5534  (26.4s)
  ✓ Fold 2 new best smoothed AUC=0.5534  saved.
    batch 1/6
    batch 6/6
  Ep   4/60  loss=1.3647  AUC=0.5735  AP=0.5767  smoothAUC=0.5690  (31.6s)
  ✓ Fold 2 new best smoothed AUC=0.5690  saved.
    batch 1/6
    batch 6/6
  Ep   5/60  loss=1.3692  AUC=0.5851  AP=0.5864  smoothAUC=0.5762  (32.1s)
  ✓ Fold 2 new best smoothed AUC=0.5762  saved.
    batch 1/6
    [swap-guard] 92.4% swap used (batch 3/6) -- pausing 3s for extra cleanup
    batch 6/6
  Ep   6/60  loss=1.2927  AUC=0.5915  AP=0.5980  smoothAUC=0.5834  (39.4s)
  ✓ Fold 2 new best smoothed AUC=0.5834  saved.
    batch 1/6
    batch 6/6
  Ep   7/60  loss=1.2786  AUC=0.5968  AP=0.6041  smoothAUC=0.5912  (33.8s)
  ✓ Fold 2 new best smoothed AUC=0.5912  saved.
    batch 1/6
    [swap-guard] 93.3% swap used (batch 3/6) -- pausing 3s for extra cleanup
    batch 6/6
  Ep   8/60  loss=1.2898  AUC=0.5939  AP=0.6064  smoothAUC=0.5941  (38.2s)
  ✓ Fold 2 new best smoothed AUC=0.5941  saved.
    batch 1/6
    batch 6/6
    [swap-guard] 94.7% swap used (batch 6/6) -- pausing 3s for extra cleanup
  Ep   9/60  loss=1.2131  AUC=0.5926  AP=0.5827  smoothAUC=0.5945  (48.5s)
  ✓ Fold 2 new best smoothed AUC=0.5945  saved.
    batch 1/6
    batch 6/6
  Ep  10/60  loss=1.2108  AUC=0.5848  AP=0.5755  smoothAUC=0.5904  (56.3s)
    batch 1/6
    batch 6/6
    [swap-guard] 93.1% swap used (batch 6/6) -- pausing 3s for extra cleanup
    [swap-guard] 93.1% swap used (epoch end) -- pausing 3s for extra cleanup
    [swap-guard] 92.8% swap used (fold 2 epoch 11 val) -- pausing 3s for extra cleanup
  Ep  11/60  loss=1.1671  AUC=0.5785  AP=0.5787  smoothAUC=0.5853  (44.5s)
    batch 1/6
    batch 6/6
  Ep  12/60  loss=1.1606  AUC=0.5847  AP=0.5821  smoothAUC=0.5827  (34.3s)
    batch 1/6
    batch 6/6
  Ep  13/60  loss=1.1845  AUC=0.5786  AP=0.5742  smoothAUC=0.5806  (37.0s)
    batch 1/6
    batch 6/6
  Ep  14/60  loss=1.0238  AUC=0.5651  AP=0.5704  smoothAUC=0.5761  (31.8s)
    batch 1/6
    [swap-guard] 90.1% swap used (batch 3/6) -- pausing 3s for extra cleanup
    batch 6/6
    [swap-guard] 91.1% swap used (batch 6/6) -- pausing 3s for extra cleanup
    [swap-guard] 91.1% swap used (epoch end) -- pausing 3s for extra cleanup
    [swap-guard] 90.5% swap used (fold 2 epoch 15 val) -- pausing 3s for extra cleanup
  Ep  15/60  loss=1.1022  AUC=0.5752  AP=0.5942  smoothAUC=0.5730  (53.5s)
    batch 1/6
    batch 6/6
  Ep  16/60  loss=1.0073  AUC=0.5785  AP=0.5957  smoothAUC=0.5729  (31.5s)
    batch 1/6
    [swap-guard] 90.0% swap used (batch 3/6) -- pausing 3s for extra cleanup
    batch 6/6
    [swap-guard] 90.0% swap used (batch 6/6) -- pausing 3s for extra cleanup
  Ep  17/60  loss=0.9450  AUC=0.5838  AP=0.5951  smoothAUC=0.5792  (58.5s)
    batch 1/6
    [swap-guard] 95.8% swap used (batch 3/6) -- pausing 3s for extra cleanup
    batch 6/6
  Ep  18/60  loss=1.0147  AUC=0.5849  AP=0.5962  smoothAUC=0.5824  (50.7s)
    batch 1/6
    batch 6/6
    [swap-guard] 91.4% swap used (batch 6/6) -- pausing 3s for extra cleanup
    [swap-guard] 91.4% swap used (epoch end) -- pausing 3s for extra cleanup
    [swap-guard] 90.8% swap used (fold 2 epoch 19 val) -- pausing 3s for extra cleanup
  Ep  19/60  loss=0.9563  AUC=0.5820  AP=0.5921  smoothAUC=0.5836  (43.5s)
    batch 1/6
    batch 6/6
  Ep  20/60  loss=0.9422  AUC=0.5844  AP=0.5910  smoothAUC=0.5838  (35.7s)
    batch 1/6
    batch 6/6
  Ep  21/60  loss=0.9601  AUC=0.5877  AP=0.5956  smoothAUC=0.5847  (31.5s)
    batch 1/6
    [swap-guard] 91.9% swap used (batch 3/6) -- pausing 3s for extra cleanup
    batch 6/6
    [swap-guard] 91.8% swap used (batch 6/6) -- pausing 3s for extra cleanup
    [swap-guard] 91.6% swap used (epoch end) -- pausing 3s for extra cleanup
    [swap-guard] 91.2% swap used (fold 2 epoch 22 val) -- pausing 3s for extra cleanup
  Ep  22/60  loss=0.8899  AUC=0.5841  AP=0.5891  smoothAUC=0.5854  (58.3s)
    batch 1/6
    [swap-guard] 92.2% swap used (batch 3/6) -- pausing 3s for extra cleanup
    batch 6/6
  Ep  23/60  loss=0.8331  AUC=0.5767  AP=0.5797  smoothAUC=0.5828  (48.0s)
    batch 1/6
    [swap-guard] 95.2% swap used (batch 3/6) -- pausing 3s for extra cleanup
    batch 6/6
  Ep  24/60  loss=0.9137  AUC=0.5781  AP=0.5724  smoothAUC=0.5796  (61.9s)

  Early stopping at epoch 24.

  Fold 2 test — AUC=0.6251  AP=0.6350  (random=0.5000)

=======================================================
  2-Fold CV Summary
=======================================================
  Fold 1: AUC=0.6152  AP=0.6502  (random=0.5000)
  Fold 2: AUC=0.6251  AP=0.6350  (random=0.5000)
  ─────────────────────────────────────────
  Mean AUC        = 0.6202 ± 0.0070
  Mean AP         = 0.6426 ± 0.0107
  Mean random AP  = 0.5000 ± 0.0000  (chance baseline — AP lift over this is the real signal)
  Best overall fold: 2  (val AUC=0.5945)

[4/4] Final test evaluation (best_overall.pt) …
Model built on mps  |  total params: 2,441,809
/Users/mbp/Documents/MTECH/Sem4/Individual_project/AI_Assisted_3D_Assembly_Design/AI-Assisted-3D-Assembly-Design/.venv/lib/python3.12/site-packages/torch_geometric/transforms/base_transform.py:32: UserWarning: There are not enough negative edges to satisfy the provided sampling ratio. The ratio will be adjusted to 0.00.
  return self.forward(copy.copy(data))
    [DIAG] graph 44: 2 nodes, 2 dir-edges, 1 pos, requested 1 neg but only 0 possible
    [DIAG] graph 60: 2 nodes, 2 dir-edges, 1 pos, requested 1 neg but only 0 possible
    [DIAG] graph 63: 2 nodes, 2 dir-edges, 1 pos, requested 1 neg but only 0 possible
    [DIAG] graph 71: 2 nodes, 2 dir-edges, 1 pos, requested 1 neg but only 0 possible
    [DIAG] graph 119: 2 nodes, 2 dir-edges, 1 pos, requested 1 neg but only 0 possible
  Fold 2/2 — train: 86  val: 85  test: 21

  ── Test results (best overall model) ─────
     auc         : 0.6251
     ap          : 0.6350
     random_ap   : 0.5000

  Results saved        → results
  Best overall ckpt    → checkpoints/best_overall.pt
  Trained model export → ../trained_models/assembly_gnn_20260812_024956_auc05945.pt

  ⊘ Serving model NOT updated — run launched with --no-promote (this run: AUC=0.6202, AP-lift=0.1426)

  Building assembly template cache …
  [TemplateDB] Built 7 category templates from 192 training assemblies.
    Bench Vice                                bodies≈22  dist={'long_shaft': 2, 'short_shaft': 2, 'thick_plate': 2, 'thin_plate': 3, 'bolt': 2, 'washer': 2, 'nut': 4, 'body': 12}
    C Clamps                                  bodies≈7  dist={'long_shaft': 1, 'short_shaft': 1, 'thick_plate': 1, 'thin_plate': 1, 'bolt': 1, 'washer': 1, 'nut': 2, 'body': 2}
    Crane Hook                                bodies≈40  dist={'long_shaft': 2, 'short_shaft': 3, 'thick_plate': 5, 'thin_plate': 2, 'bolt': 1, 'washer': 7, 'nut': 12, 'body': 7}
    Gate Valve                                bodies≈49  dist={'long_shaft': 2, 'short_shaft': 4, 'thick_plate': 2, 'thin_plate': 4, 'bolt': 4, 'washer': 3, 'nut': 18, 'body': 16}
    Pipe Vice                                 bodies≈8  dist={'long_shaft': 1, 'short_shaft': 1, 'thick_plate': 1, 'thin_plate': 2, 'bolt': 1, 'washer': 1, 'nut': 2, 'body': 4}
    Press Tool                                bodies≈14  dist={'long_shaft': 4, 'short_shaft': 4, 'thick_plate': 2, 'thin_plate': 18, 'bolt': 10, 'washer': 4, 'nut': 4, 'body': 5}
    Tool Post                                 bodies≈30  dist={'long_shaft': 2, 'short_shaft': 8, 'thick_plate': 2, 'thin_plate': 1, 'bolt': 8, 'washer': 2, 'nut': 2, 'body': 11}
  [TemplateDB] Saved 7 templates → data/assembly_templates.json
