
[1/4] Loading dataset …
      192 graphs loaded.
      Dataset: 192 graphs | mean nodes=26.9 | mean edges=81.1 | categories: Bench_vice=54 C_Clamps=31 Crane_hook=16 Gate_Valve=20 Pipe_vice=42 Press_Tool=21 Tool_Post=8

[2/4] Building model …  (2-fold CV)

[3/4] Training (2 folds) …

=======================================================
  FOLD 1 / 2
=======================================================
/Users/mbp/Documents/MTECH/Sem4/Individual_project/AI_Assisted_3D_Assembly_Design/AI-Assisted-3D-Assembly-Design/.venv/lib/python3.12/site-packages/torch_geometric/transforms/base_transform.py:32: UserWarning: There are not enough negative edges to satisfy the provided sampling ratio. The ratio will be adjusted to 0.00.
  return self.forward(copy.copy(data))
    [DIAG] graph 119: 2 nodes, 2 dir-edges, 1 pos, requested 1 neg but only 0 possible
    [DIAG] graph 44: 2 nodes, 2 dir-edges, 1 pos, requested 1 neg but only 0 possible
    [DIAG] graph 60: 2 nodes, 2 dir-edges, 1 pos, requested 1 neg but only 0 possible
    [DIAG] graph 63: 2 nodes, 2 dir-edges, 1 pos, requested 1 neg but only 0 possible
    [DIAG] graph 71: 2 nodes, 2 dir-edges, 1 pos, requested 1 neg but only 0 possible
  Fold 1/2 — train: 85  val: 86  test: 21
Model built on mps  |  total params: 2,441,809
    batch 1/6
    batch 6/6
  Ep   1/60  loss=1.5631  AUC=0.5485  AP=0.5697  smoothAUC=0.5485  (20.4s)
  ✓ Fold 1 new best smoothed AUC=0.5485  saved.
    batch 1/6
    batch 6/6
  Ep   2/60  loss=1.4776  AUC=0.5750  AP=0.6034  smoothAUC=0.5618  (25.8s)
  ✓ Fold 1 new best smoothed AUC=0.5618  saved.
    batch 1/6
    batch 6/6
  Ep   3/60  loss=1.5209  AUC=0.5862  AP=0.6122  smoothAUC=0.5699  (23.3s)
  ✓ Fold 1 new best smoothed AUC=0.5699  saved.
    batch 1/6
    batch 6/6
  Ep   4/60  loss=1.5099  AUC=0.5864  AP=0.6121  smoothAUC=0.5825  (21.4s)
  ✓ Fold 1 new best smoothed AUC=0.5825  saved.
    batch 1/6
    batch 6/6
  Ep   5/60  loss=1.4771  AUC=0.5877  AP=0.6168  smoothAUC=0.5868  (18.0s)
  ✓ Fold 1 new best smoothed AUC=0.5868  saved.
    batch 1/6
    batch 6/6
  Ep   6/60  loss=1.4370  AUC=0.5850  AP=0.6216  smoothAUC=0.5864  (15.9s)
    batch 1/6
    batch 6/6
  Ep   7/60  loss=1.3788  AUC=0.5840  AP=0.6234  smoothAUC=0.5855  (19.7s)
    batch 1/6
    batch 6/6
  Ep   8/60  loss=1.3949  AUC=0.5939  AP=0.6324  smoothAUC=0.5876  (18.6s)
  ✓ Fold 1 new best smoothed AUC=0.5876  saved.
    batch 1/6
    batch 6/6
  Ep   9/60  loss=1.2968  AUC=0.5897  AP=0.6255  smoothAUC=0.5892  (18.8s)
  ✓ Fold 1 new best smoothed AUC=0.5892  saved.
    batch 1/6
    batch 6/6
  Ep  10/60  loss=1.3607  AUC=0.6087  AP=0.6331  smoothAUC=0.5974  (22.0s)
  ✓ Fold 1 new best smoothed AUC=0.5974  saved.
    batch 1/6
    batch 6/6
  Ep  11/60  loss=1.3210  AUC=0.6216  AP=0.6371  smoothAUC=0.6066  (18.6s)
  ✓ Fold 1 new best smoothed AUC=0.6066  saved.
    batch 1/6
    batch 6/6
  Ep  12/60  loss=1.2542  AUC=0.5969  AP=0.6357  smoothAUC=0.6090  (16.3s)
  ✓ Fold 1 new best smoothed AUC=0.6090  saved.
    batch 1/6
    batch 6/6
  Ep  13/60  loss=1.2621  AUC=0.6008  AP=0.6360  smoothAUC=0.6064  (20.3s)
    batch 1/6
    batch 6/6
  Ep  14/60  loss=1.2764  AUC=0.6046  AP=0.6416  smoothAUC=0.6008  (31.7s)
    batch 1/6
    batch 6/6
  Ep  15/60  loss=1.1983  AUC=0.6046  AP=0.6438  smoothAUC=0.6033  (21.1s)
    batch 1/6
    batch 6/6
  Ep  16/60  loss=1.1829  AUC=0.6160  AP=0.6623  smoothAUC=0.6084  (21.2s)
    batch 1/6
    [swap-guard] 90.7% swap used (batch 3/6) -- pausing 3s for extra cleanup
    batch 6/6
  Ep  17/60  loss=1.2254  AUC=0.6226  AP=0.6618  smoothAUC=0.6144  (25.1s)
  ✓ Fold 1 new best smoothed AUC=0.6144  saved.
    batch 1/6
    batch 6/6
  Ep  18/60  loss=1.2191  AUC=0.6496  AP=0.6805  smoothAUC=0.6294  (22.9s)
  ✓ Fold 1 new best smoothed AUC=0.6294  saved.
    batch 1/6
    batch 6/6
  Ep  19/60  loss=1.1855  AUC=0.6549  AP=0.6857  smoothAUC=0.6423  (19.8s)
  ✓ Fold 1 new best smoothed AUC=0.6423  saved.
    batch 1/6
    batch 6/6
  Ep  20/60  loss=1.2109  AUC=0.6549  AP=0.6894  smoothAUC=0.6531  (18.0s)
  ✓ Fold 1 new best smoothed AUC=0.6531  saved.
    batch 1/6
    batch 6/6
  Ep  21/60  loss=1.1844  AUC=0.6591  AP=0.6976  smoothAUC=0.6563  (20.2s)
  ✓ Fold 1 new best smoothed AUC=0.6563  saved.
    batch 1/6
    [swap-guard] 90.5% swap used (batch 3/6) -- pausing 3s for extra cleanup
    batch 6/6
  Ep  22/60  loss=1.1394  AUC=0.6545  AP=0.6919  smoothAUC=0.6562  (29.1s)
    batch 1/6
    batch 6/6
  Ep  23/60  loss=1.1198  AUC=0.6495  AP=0.6753  smoothAUC=0.6544  (20.0s)
    batch 1/6
    batch 6/6
  Ep  24/60  loss=1.1113  AUC=0.6522  AP=0.6749  smoothAUC=0.6521  (19.6s)
    batch 1/6
    batch 6/6
  Ep  25/60  loss=1.1020  AUC=0.6591  AP=0.6745  smoothAUC=0.6536  (28.3s)
    batch 1/6
    batch 6/6
  Ep  26/60  loss=1.0388  AUC=0.6567  AP=0.6737  smoothAUC=0.6560  (28.8s)
    batch 1/6
    batch 6/6
  Ep  27/60  loss=1.0523  AUC=0.6529  AP=0.6828  smoothAUC=0.6562  (23.4s)
    batch 1/6
    batch 6/6
  Ep  28/60  loss=0.9848  AUC=0.6569  AP=0.6826  smoothAUC=0.6555  (20.7s)
    batch 1/6
    [swap-guard] 92.3% swap used (batch 3/6) -- pausing 3s for extra cleanup
    batch 6/6
    [swap-guard] 90.7% swap used (batch 6/6) -- pausing 3s for extra cleanup
    [swap-guard] 90.6% swap used (epoch end) -- pausing 3s for extra cleanup
  Ep  29/60  loss=1.0781  AUC=0.6609  AP=0.6881  smoothAUC=0.6569  (30.7s)
  ✓ Fold 1 new best smoothed AUC=0.6569  saved.
    batch 1/6
    batch 6/6
  Ep  30/60  loss=0.9890  AUC=0.6661  AP=0.6921  smoothAUC=0.6613  (27.7s)
  ✓ Fold 1 new best smoothed AUC=0.6613  saved.
    batch 1/6
    batch 6/6
  Ep  31/60  loss=1.0417  AUC=0.6647  AP=0.6898  smoothAUC=0.6639  (18.0s)
  ✓ Fold 1 new best smoothed AUC=0.6639  saved.
    batch 1/6
    [swap-guard] 90.0% swap used (batch 3/6) -- pausing 3s for extra cleanup
    batch 6/6
    [swap-guard] 95.8% swap used (batch 6/6) -- pausing 3s for extra cleanup
    [swap-guard] 95.8% swap used (epoch end) -- pausing 3s for extra cleanup
    [swap-guard] 94.4% swap used (fold 1 epoch 32 val) -- pausing 3s for extra cleanup
  Ep  32/60  loss=1.1042  AUC=0.6792  AP=0.7032  smoothAUC=0.6700  (41.0s)
  ✓ Fold 1 new best smoothed AUC=0.6700  saved.
    batch 1/6
    batch 6/6
  Ep  33/60  loss=0.9334  AUC=0.6843  AP=0.7102  smoothAUC=0.6761  (21.5s)
  ✓ Fold 1 new best smoothed AUC=0.6761  saved.
    batch 1/6
    batch 6/6
  Ep  34/60  loss=1.0189  AUC=0.6832  AP=0.6978  smoothAUC=0.6823  (26.7s)
  ✓ Fold 1 new best smoothed AUC=0.6823  saved.
    batch 1/6
    [swap-guard] 91.2% swap used (batch 3/6) -- pausing 3s for extra cleanup
    batch 6/6
  Ep  35/60  loss=1.0072  AUC=0.6877  AP=0.6885  smoothAUC=0.6851  (26.3s)
  ✓ Fold 1 new best smoothed AUC=0.6851  saved.
    batch 1/6
    batch 6/6
  Ep  36/60  loss=0.9520  AUC=0.6807  AP=0.6823  smoothAUC=0.6839  (24.1s)
    batch 1/6
    [swap-guard] 95.3% swap used (batch 3/6) -- pausing 3s for extra cleanup
    batch 6/6
    [swap-guard] 94.0% swap used (batch 6/6) -- pausing 3s for extra cleanup
    [swap-guard] 93.9% swap used (epoch end) -- pausing 3s for extra cleanup
    [swap-guard] 93.3% swap used (fold 1 epoch 37 val) -- pausing 3s for extra cleanup
  Ep  37/60  loss=0.9452  AUC=0.6771  AP=0.6822  smoothAUC=0.6818  (43.3s)
    batch 1/6
    [swap-guard] 92.8% swap used (batch 3/6) -- pausing 3s for extra cleanup
    batch 6/6
    [swap-guard] 92.9% swap used (batch 6/6) -- pausing 3s for extra cleanup
    [swap-guard] 92.9% swap used (epoch end) -- pausing 3s for extra cleanup
    [swap-guard] 92.5% swap used (fold 1 epoch 38 val) -- pausing 3s for extra cleanup
  Ep  38/60  loss=0.9506  AUC=0.6773  AP=0.6814  smoothAUC=0.6784  (44.2s)
    batch 1/6
    [swap-guard] 90.9% swap used (batch 3/6) -- pausing 3s for extra cleanup
    batch 6/6
    [swap-guard] 90.5% swap used (batch 6/6) -- pausing 3s for extra cleanup
    [swap-guard] 90.5% swap used (epoch end) -- pausing 3s for extra cleanup
    [swap-guard] 90.4% swap used (fold 1 epoch 39 val) -- pausing 3s for extra cleanup
  Ep  39/60  loss=0.9362  AUC=0.6844  AP=0.6885  smoothAUC=0.6796  (29.0s)
    batch 1/6
    [swap-guard] 92.0% swap used (batch 3/6) -- pausing 3s for extra cleanup
    batch 6/6
  Ep  40/60  loss=0.9307  AUC=0.6905  AP=0.7001  smoothAUC=0.6841  (28.4s)
    batch 1/6
    [swap-guard] 95.4% swap used (batch 3/6) -- pausing 3s for extra cleanup
    batch 6/6
  Ep  41/60  loss=0.8823  AUC=0.6931  AP=0.7062  smoothAUC=0.6894  (40.1s)
  ✓ Fold 1 new best smoothed AUC=0.6894  saved.
    batch 1/6
    batch 6/6
  Ep  42/60  loss=1.0196  AUC=0.6966  AP=0.6966  smoothAUC=0.6934  (27.9s)
  ✓ Fold 1 new best smoothed AUC=0.6934  saved.
    batch 1/6
    [swap-guard] 93.0% swap used (batch 3/6) -- pausing 3s for extra cleanup
    batch 6/6
    [swap-guard] 91.5% swap used (batch 6/6) -- pausing 3s for extra cleanup
    [swap-guard] 91.5% swap used (epoch end) -- pausing 3s for extra cleanup
    [swap-guard] 91.4% swap used (fold 1 epoch 43 val) -- pausing 3s for extra cleanup
  Ep  43/60  loss=0.9274  AUC=0.6949  AP=0.6940  smoothAUC=0.6949  (38.5s)
  ✓ Fold 1 new best smoothed AUC=0.6949  saved.
    batch 1/6
    [swap-guard] 91.4% swap used (batch 3/6) -- pausing 3s for extra cleanup
    batch 6/6
    [swap-guard] 90.1% swap used (batch 6/6) -- pausing 3s for extra cleanup
  Ep  44/60  loss=0.8852  AUC=0.6861  AP=0.6899  smoothAUC=0.6925  (31.9s)
    batch 1/6
    batch 6/6
  Ep  45/60  loss=0.8847  AUC=0.6758  AP=0.6784  smoothAUC=0.6856  (32.3s)
    batch 1/6
    batch 6/6
    [swap-guard] 90.2% swap used (batch 6/6) -- pausing 3s for extra cleanup
  Ep  46/60  loss=0.8889  AUC=0.6795  AP=0.6920  smoothAUC=0.6804  (32.8s)
    batch 1/6
    batch 6/6
  Ep  47/60  loss=0.8387  AUC=0.6805  AP=0.6936  smoothAUC=0.6786  (25.6s)
    batch 1/6
    batch 6/6
  Ep  48/60  loss=0.9029  AUC=0.6826  AP=0.6972  smoothAUC=0.6809  (25.7s)
    batch 1/6
    batch 6/6
  Ep  49/60  loss=0.8447  AUC=0.6836  AP=0.6902  smoothAUC=0.6823  (27.6s)
    batch 1/6
    batch 6/6
    [swap-guard] 91.7% swap used (batch 6/6) -- pausing 3s for extra cleanup
    [swap-guard] 91.7% swap used (epoch end) -- pausing 3s for extra cleanup
    [swap-guard] 91.4% swap used (fold 1 epoch 50 val) -- pausing 3s for extra cleanup
  Ep  50/60  loss=0.8806  AUC=0.6863  AP=0.6963  smoothAUC=0.6842  (35.5s)
    batch 1/6
    batch 6/6
  Ep  51/60  loss=0.7718  AUC=0.6974  AP=0.7032  smoothAUC=0.6891  (28.1s)
    batch 1/6
    batch 6/6
  Ep  52/60  loss=0.9239  AUC=0.6994  AP=0.7009  smoothAUC=0.6944  (35.1s)
    batch 1/6
    batch 6/6
  Ep  53/60  loss=0.8945  AUC=0.7002  AP=0.7036  smoothAUC=0.6990  (28.5s)
  ✓ Fold 1 new best smoothed AUC=0.6990  saved.
    batch 1/6
    batch 6/6
  Ep  54/60  loss=0.7373  AUC=0.7002  AP=0.7046  smoothAUC=0.6999  (25.3s)
  ✓ Fold 1 new best smoothed AUC=0.6999  saved.
    batch 1/6
    batch 6/6
  Ep  55/60  loss=0.7330  AUC=0.7037  AP=0.7085  smoothAUC=0.7014  (26.2s)
  ✓ Fold 1 new best smoothed AUC=0.7014  saved.
    batch 1/6
    [swap-guard] 90.9% swap used (batch 3/6) -- pausing 3s for extra cleanup
    batch 6/6
  Ep  56/60  loss=0.8214  AUC=0.7056  AP=0.7093  smoothAUC=0.7032  (33.2s)
  ✓ Fold 1 new best smoothed AUC=0.7032  saved.
    batch 1/6
    [swap-guard] 95.1% swap used (batch 3/6) -- pausing 3s for extra cleanup
    batch 6/6
    [swap-guard] 92.2% swap used (batch 6/6) -- pausing 3s for extra cleanup
    [swap-guard] 92.1% swap used (epoch end) -- pausing 3s for extra cleanup
    [swap-guard] 91.8% swap used (fold 1 epoch 57 val) -- pausing 3s for extra cleanup
  Ep  57/60  loss=0.7637  AUC=0.7049  AP=0.7085  smoothAUC=0.7048  (38.0s)
  ✓ Fold 1 new best smoothed AUC=0.7048  saved.
    batch 1/6
    batch 6/6
    [swap-guard] 95.7% swap used (batch 6/6) -- pausing 3s for extra cleanup
    [swap-guard] 95.6% swap used (epoch end) -- pausing 3s for extra cleanup
    [swap-guard] 95.1% swap used (fold 1 epoch 58 val) -- pausing 3s for extra cleanup
  Ep  58/60  loss=0.8152  AUC=0.7023  AP=0.7052  smoothAUC=0.7043  (35.2s)
    batch 1/6
    batch 6/6
  Ep  59/60  loss=0.7188  AUC=0.7070  AP=0.7100  smoothAUC=0.7047  (29.9s)
    batch 1/6
    [swap-guard] 93.2% swap used (batch 3/6) -- pausing 3s for extra cleanup
    batch 6/6
    [swap-guard] 92.0% swap used (batch 6/6) -- pausing 3s for extra cleanup
    [swap-guard] 91.9% swap used (epoch end) -- pausing 3s for extra cleanup
    [swap-guard] 91.4% swap used (fold 1 epoch 60 val) -- pausing 3s for extra cleanup
  Ep  60/60  loss=0.7645  AUC=0.7080  AP=0.7088  smoothAUC=0.7058  (45.8s)
  ✓ Fold 1 new best smoothed AUC=0.7058  saved.

  Fold 1 test — AUC=0.6953  AP=0.6875  (random=0.5000)
    [swap-guard] 91.3% swap used (fold 1 boundary) -- pausing 3s for extra cleanup

=======================================================
  FOLD 2 / 2
=======================================================
/Users/mbp/Documents/MTECH/Sem4/Individual_project/AI_Assisted_3D_Assembly_Design/AI-Assisted-3D-Assembly-Design/.venv/lib/python3.12/site-packages/torch_geometric/transforms/base_transform.py:32: UserWarning: There are not enough negative edges to satisfy the provided sampling ratio. The ratio will be adjusted to 0.00.
  return self.forward(copy.copy(data))
    [DIAG] graph 44: 2 nodes, 2 dir-edges, 1 pos, requested 1 neg but only 0 possible
    [DIAG] graph 60: 2 nodes, 2 dir-edges, 1 pos, requested 1 neg but only 0 possible
    [DIAG] graph 63: 2 nodes, 2 dir-edges, 1 pos, requested 1 neg but only 0 possible
    [DIAG] graph 71: 2 nodes, 2 dir-edges, 1 pos, requested 1 neg but only 0 possible
    [DIAG] graph 119: 2 nodes, 2 dir-edges, 1 pos, requested 1 neg but only 0 possible
  Fold 2/2 — train: 86  val: 85  test: 21
Model built on mps  |  total params: 2,441,809
    batch 1/6
    batch 6/6
  Ep   1/60  loss=1.6447  AUC=0.5289  AP=0.5497  smoothAUC=0.5289  (56.5s)
  ✓ Fold 2 new best smoothed AUC=0.5289  saved.
    batch 1/6
    [swap-guard] 91.9% swap used (batch 3/6) -- pausing 3s for extra cleanup
    batch 6/6
  Ep   2/60  loss=1.5654  AUC=0.5638  AP=0.5777  smoothAUC=0.5463  (47.0s)
  ✓ Fold 2 new best smoothed AUC=0.5463  saved.
    batch 1/6
    [swap-guard] 93.6% swap used (batch 3/6) -- pausing 3s for extra cleanup
    batch 6/6
    [swap-guard] 93.7% swap used (batch 6/6) -- pausing 3s for extra cleanup
    [swap-guard] 93.7% swap used (epoch end) -- pausing 3s for extra cleanup
    [swap-guard] 93.2% swap used (fold 2 epoch 3 val) -- pausing 3s for extra cleanup
  Ep   3/60  loss=1.5171  AUC=0.5982  AP=0.5933  smoothAUC=0.5636  (56.2s)
  ✓ Fold 2 new best smoothed AUC=0.5636  saved.
    batch 1/6
    [swap-guard] 94.4% swap used (batch 3/6) -- pausing 3s for extra cleanup
    batch 6/6
    [swap-guard] 93.9% swap used (batch 6/6) -- pausing 3s for extra cleanup
    [swap-guard] 93.9% swap used (epoch end) -- pausing 3s for extra cleanup
    [swap-guard] 93.3% swap used (fold 2 epoch 4 val) -- pausing 3s for extra cleanup
  Ep   4/60  loss=1.4825  AUC=0.6135  AP=0.6024  smoothAUC=0.5918  (61.7s)
  ✓ Fold 2 new best smoothed AUC=0.5918  saved.
    batch 1/6
    batch 6/6
    [swap-guard] 94.8% swap used (batch 6/6) -- pausing 3s for extra cleanup
    [swap-guard] 94.6% swap used (epoch end) -- pausing 3s for extra cleanup
    [swap-guard] 94.2% swap used (fold 2 epoch 5 val) -- pausing 3s for extra cleanup
  Ep   5/60  loss=1.4765  AUC=0.6175  AP=0.6039  smoothAUC=0.6097  (56.3s)
  ✓ Fold 2 new best smoothed AUC=0.6097  saved.
    batch 1/6
    [swap-guard] 91.8% swap used (batch 3/6) -- pausing 3s for extra cleanup
    batch 6/6
  Ep   6/60  loss=1.4244  AUC=0.5962  AP=0.5888  smoothAUC=0.6091  (37.6s)
    batch 1/6
    batch 6/6
    [swap-guard] 91.4% swap used (batch 6/6) -- pausing 3s for extra cleanup
    [swap-guard] 91.4% swap used (epoch end) -- pausing 3s for extra cleanup
    [swap-guard] 90.9% swap used (fold 2 epoch 7 val) -- pausing 3s for extra cleanup
  Ep   7/60  loss=1.4363  AUC=0.5623  AP=0.5644  smoothAUC=0.5920  (43.4s)
    batch 1/6
    [swap-guard] 94.5% swap used (batch 3/6) -- pausing 3s for extra cleanup
    batch 6/6
    [swap-guard] 91.9% swap used (fold 2 epoch 8 val) -- pausing 3s for extra cleanup
  Ep   8/60  loss=1.3383  AUC=0.5495  AP=0.5574  smoothAUC=0.5693  (43.2s)
    batch 1/6
    [swap-guard] 94.9% swap used (batch 3/6) -- pausing 3s for extra cleanup
    batch 6/6
    [swap-guard] 91.8% swap used (batch 6/6) -- pausing 3s for extra cleanup
    [swap-guard] 91.5% swap used (epoch end) -- pausing 3s for extra cleanup
    [swap-guard] 90.0% swap used (fold 2 epoch 9 val) -- pausing 3s for extra cleanup
  Ep   9/60  loss=1.3493  AUC=0.5612  AP=0.5753  smoothAUC=0.5577  (57.1s)
    batch 1/6
    batch 6/6
    [swap-guard] 92.8% swap used (batch 6/6) -- pausing 3s for extra cleanup
    [swap-guard] 92.8% swap used (epoch end) -- pausing 3s for extra cleanup
    [swap-guard] 92.3% swap used (fold 2 epoch 10 val) -- pausing 3s for extra cleanup
  Ep  10/60  loss=1.3209  AUC=0.5675  AP=0.5778  smoothAUC=0.5594  (46.2s)
    batch 1/6
    [swap-guard] 91.6% swap used (batch 3/6) -- pausing 3s for extra cleanup
    batch 6/6
    [swap-guard] 94.5% swap used (batch 6/6) -- pausing 3s for extra cleanup
    [swap-guard] 94.4% swap used (epoch end) -- pausing 3s for extra cleanup
    [swap-guard] 93.8% swap used (fold 2 epoch 11 val) -- pausing 3s for extra cleanup
  Ep  11/60  loss=1.3508  AUC=0.5771  AP=0.5882  smoothAUC=0.5686  (56.4s)
    batch 1/6
    [swap-guard] 96.4% swap used (batch 3/6) -- pausing 3s for extra cleanup
    batch 6/6
    [swap-guard] 95.1% swap used (batch 6/6) -- pausing 3s for extra cleanup
    [swap-guard] 95.0% swap used (epoch end) -- pausing 3s for extra cleanup
    [swap-guard] 94.8% swap used (fold 2 epoch 12 val) -- pausing 3s for extra cleanup
  Ep  12/60  loss=1.3638  AUC=0.5661  AP=0.5823  smoothAUC=0.5702  (53.7s)
    batch 1/6
    batch 6/6
    [swap-guard] 95.0% swap used (batch 6/6) -- pausing 3s for extra cleanup
    [swap-guard] 94.9% swap used (epoch end) -- pausing 3s for extra cleanup
    [swap-guard] 93.8% swap used (fold 2 epoch 13 val) -- pausing 3s for extra cleanup
  Ep  13/60  loss=1.2165  AUC=0.5499  AP=0.5626  smoothAUC=0.5644  (50.6s)
    batch 1/6
    batch 6/6
    [swap-guard] 96.1% swap used (batch 6/6) -- pausing 3s for extra cleanup
    [swap-guard] 96.0% swap used (epoch end) -- pausing 3s for extra cleanup
    [swap-guard] 95.3% swap used (fold 2 epoch 14 val) -- pausing 3s for extra cleanup
  Ep  14/60  loss=1.2286  AUC=0.5508  AP=0.5640  smoothAUC=0.5556  (55.6s)
    batch 1/6
    [swap-guard] 91.0% swap used (batch 3/6) -- pausing 3s for extra cleanup
    batch 6/6
  Ep  15/60  loss=1.2070  AUC=0.5545  AP=0.5720  smoothAUC=0.5518  (41.4s)
    batch 1/6
    [swap-guard] 92.4% swap used (batch 3/6) -- pausing 3s for extra cleanup
    batch 6/6
    [swap-guard] 92.1% swap used (batch 6/6) -- pausing 3s for extra cleanup
    [swap-guard] 92.0% swap used (epoch end) -- pausing 3s for extra cleanup
    [swap-guard] 91.7% swap used (fold 2 epoch 16 val) -- pausing 3s for extra cleanup
  Ep  16/60  loss=1.2361  AUC=0.5712  AP=0.5801  smoothAUC=0.5589  (68.7s)
    batch 1/6
    batch 6/6
    [swap-guard] 91.6% swap used (batch 6/6) -- pausing 3s for extra cleanup
    [swap-guard] 91.2% swap used (epoch end) -- pausing 3s for extra cleanup
    [swap-guard] 90.1% swap used (fold 2 epoch 17 val) -- pausing 3s for extra cleanup
  Ep  17/60  loss=1.1138  AUC=0.5859  AP=0.5933  smoothAUC=0.5705  (52.8s)
    batch 1/6
    [swap-guard] 92.2% swap used (batch 3/6) -- pausing 3s for extra cleanup
    batch 6/6
    [swap-guard] 93.1% swap used (fold 2 epoch 18 val) -- pausing 3s for extra cleanup
  Ep  18/60  loss=1.1511  AUC=0.5951  AP=0.6023  smoothAUC=0.5841  (53.0s)
    batch 1/6
    [swap-guard] 91.7% swap used (batch 3/6) -- pausing 3s for extra cleanup
    batch 6/6
    [swap-guard] 93.1% swap used (batch 6/6) -- pausing 3s for extra cleanup
    [swap-guard] 93.1% swap used (epoch end) -- pausing 3s for extra cleanup
    [swap-guard] 92.8% swap used (fold 2 epoch 19 val) -- pausing 3s for extra cleanup
  Ep  19/60  loss=1.2132  AUC=0.5925  AP=0.6031  smoothAUC=0.5912  (55.9s)
    batch 1/6
    [swap-guard] 94.1% swap used (batch 3/6) -- pausing 3s for extra cleanup
    batch 6/6
    [swap-guard] 92.2% swap used (batch 6/6) -- pausing 3s for extra cleanup
    [swap-guard] 92.1% swap used (epoch end) -- pausing 3s for extra cleanup
    [swap-guard] 91.9% swap used (fold 2 epoch 20 val) -- pausing 3s for extra cleanup
  Ep  20/60  loss=1.1449  AUC=0.5844  AP=0.5996  smoothAUC=0.5907  (62.8s)

  Early stopping at epoch 20.

  Fold 2 test — AUC=0.6302  AP=0.6115  (random=0.5000)
    [swap-guard] 91.6% swap used (fold 2 boundary) -- pausing 3s for extra cleanup

=======================================================
  2-Fold CV Summary
=======================================================
  Fold 1: AUC=0.6953  AP=0.6875  (random=0.5000)
  Fold 2: AUC=0.6302  AP=0.6115  (random=0.5000)
  ─────────────────────────────────────────
  Mean AUC        = 0.6627 ± 0.0460
  Mean AP         = 0.6495 ± 0.0538
  Mean random AP  = 0.5000 ± 0.0000  (chance baseline — AP lift over this is the real signal)
  Best overall fold: 1  (val AUC=0.7058)

[4/4] Final test evaluation (best_overall.pt) …
Model built on mps  |  total params: 2,441,809
/Users/mbp/Documents/MTECH/Sem4/Individual_project/AI_Assisted_3D_Assembly_Design/AI-Assisted-3D-Assembly-Design/.venv/lib/python3.12/site-packages/torch_geometric/transforms/base_transform.py:32: UserWarning: There are not enough negative edges to satisfy the provided sampling ratio. The ratio will be adjusted to 0.00.
  return self.forward(copy.copy(data))
    [DIAG] graph 119: 2 nodes, 2 dir-edges, 1 pos, requested 1 neg but only 0 possible
    [DIAG] graph 44: 2 nodes, 2 dir-edges, 1 pos, requested 1 neg but only 0 possible
    [DIAG] graph 60: 2 nodes, 2 dir-edges, 1 pos, requested 1 neg but only 0 possible
    [DIAG] graph 63: 2 nodes, 2 dir-edges, 1 pos, requested 1 neg but only 0 possible
    [DIAG] graph 71: 2 nodes, 2 dir-edges, 1 pos, requested 1 neg but only 0 possible
  Fold 1/2 — train: 85  val: 86  test: 21

  ── Test results (best overall model) ─────
     auc         : 0.6953
     ap          : 0.6875
     random_ap   : 0.5000

  Results saved        → results
  Best overall ckpt    → checkpoints/best_overall.pt
  Trained model export → ../trained_models/assembly_gnn_20260812_192745_auc07058.pt

  ⊘ Serving model NOT updated — run launched with --no-promote (this run: AUC=0.6627, AP-lift=0.1495)

  Building assembly template cache …
  [TemplateDB] Built 7 category templates from 192 training assemblies.
    Bench Vice                                bodies≈22  dist={'long_shaft': 2, 'short_shaft': 2, 'thick_plate': 2, 'thin_plate': 3, 'bolt': 2, 'washer': 2, 'nut': 4, 'body': 12}
    C Clamps                                  bodies≈7  dist={'long_shaft': 1, 'short_shaft': 1, 'thick_plate': 1, 'thin_plate': 1, 'bolt': 1, 'washer': 1, 'nut': 2, 'body': 2}
    Crane Hook                                bodies≈40  dist={'long_shaft': 2, 'short_shaft': 3, 'thick_plate': 5, 'thin_plate': 2, 'bolt': 1, 'washer': 7, 'nut': 12, 'body': 7}
    Gate Valve                                bodies≈49  dist={'long_shaft': 2, 'short_shaft': 4, 'thick_plate': 2, 'thin_plate': 4, 'bolt': 4, 'washer': 3, 'nut': 18, 'body': 16}
    Pipe Vice                                 bodies≈8  dist={'long_shaft': 1, 'short_shaft': 1, 'thick_plate': 1, 'thin_plate': 2, 'bolt': 1, 'washer': 1, 'nut': 2, 'body': 4}
    Press Tool                                bodies≈14  dist={'long_shaft': 4, 'short_shaft': 4, 'thick_plate': 2, 'thin_plate': 18, 'bolt': 10, 'washer': 4, 'nut': 4, 'body': 5}
    Tool Post                                 bodies≈30  dist={'long_shaft': 2, 'short_shaft': 8, 'thick_plate': 2, 'thin_plate': 1, 'bolt': 8, 'washer': 2, 'nut': 2, 'body': 11}
  [TemplateDB] Saved 7 templates → data/assembly_templates.json
