
[1/4] Loading dataset …
      192 graphs loaded.
      Dataset: 192 graphs | mean nodes=26.9 | mean edges=81.1 | categories: Bench_vice=54 C_Clamps=31 Crane_hook=16 Gate_Valve=20 Pipe_vice=42 Press_Tool=21 Tool_Post=8

[2/4] Building model …  (2-fold CV)

[3/4] Training (2 folds) …

=======================================================
  FOLD 1 / 2
=======================================================
/Users/mbp/Documents/MTECH/Sem4/Individual_project/AI_Assisted_3D_Assembly_Design/AI-Assisted-3D-Assembly-Design/.venv/lib/python3.12/site-packages/torch_geometric/transforms/base_transform.py:32: UserWarning: There are not enough negative edges to satisfy the provided sampling ratio. The ratio will be adjusted to 0.00.
  return self.forward(copy.copy(data))
    [DIAG] graph 119: 2 nodes, 2 dir-edges, 1 pos, requested 1 neg but only 0 possible
    [DIAG] graph 44: 2 nodes, 2 dir-edges, 1 pos, requested 1 neg but only 0 possible
    [DIAG] graph 60: 2 nodes, 2 dir-edges, 1 pos, requested 1 neg but only 0 possible
    [DIAG] graph 63: 2 nodes, 2 dir-edges, 1 pos, requested 1 neg but only 0 possible
    [DIAG] graph 71: 2 nodes, 2 dir-edges, 1 pos, requested 1 neg but only 0 possible
  Fold 1/2 — train: 85  val: 86  test: 21
      [learning-curve] fold 1: subsampled train set to 64/85 graphs (75%)
Model built on mps  |  total params: 2,441,809
    batch 1/4
  Ep   1/60  loss=1.6033  AUC=0.5345  AP=0.5779  smoothAUC=0.5345  (23.6s)
  ✓ Fold 1 new best smoothed AUC=0.5345  saved.
    batch 1/4
  Ep   2/60  loss=1.5739  AUC=0.5440  AP=0.5975  smoothAUC=0.5392  (16.4s)
  ✓ Fold 1 new best smoothed AUC=0.5392  saved.
    batch 1/4
  Ep   3/60  loss=1.5124  AUC=0.5445  AP=0.5907  smoothAUC=0.5410  (19.7s)
  ✓ Fold 1 new best smoothed AUC=0.5410  saved.
    batch 1/4
  Ep   4/60  loss=1.5163  AUC=0.5587  AP=0.5988  smoothAUC=0.5491  (13.1s)
  ✓ Fold 1 new best smoothed AUC=0.5491  saved.
    batch 1/4
  Ep   5/60  loss=1.4625  AUC=0.5618  AP=0.5918  smoothAUC=0.5550  (18.6s)
  ✓ Fold 1 new best smoothed AUC=0.5550  saved.
    batch 1/4
  Ep   6/60  loss=1.4482  AUC=0.5534  AP=0.5772  smoothAUC=0.5580  (17.4s)
  ✓ Fold 1 new best smoothed AUC=0.5580  saved.
    batch 1/4
  Ep   7/60  loss=1.4444  AUC=0.5542  AP=0.5749  smoothAUC=0.5564  (16.8s)
    batch 1/4
  Ep   8/60  loss=1.4182  AUC=0.5509  AP=0.5708  smoothAUC=0.5528  (16.2s)
    batch 1/4
  Ep   9/60  loss=1.3721  AUC=0.5480  AP=0.5694  smoothAUC=0.5510  (27.3s)
    batch 1/4
  Ep  10/60  loss=1.3384  AUC=0.5611  AP=0.5863  smoothAUC=0.5533  (24.3s)
    batch 1/4
  Ep  11/60  loss=1.3463  AUC=0.5845  AP=0.6057  smoothAUC=0.5645  (18.7s)
  ✓ Fold 1 new best smoothed AUC=0.5645  saved.
    batch 1/4
  Ep  12/60  loss=1.3421  AUC=0.5925  AP=0.6116  smoothAUC=0.5793  (20.4s)
  ✓ Fold 1 new best smoothed AUC=0.5793  saved.
    batch 1/4
  Ep  13/60  loss=1.2781  AUC=0.5949  AP=0.6134  smoothAUC=0.5906  (17.4s)
  ✓ Fold 1 new best smoothed AUC=0.5906  saved.
    batch 1/4
  Ep  14/60  loss=1.3143  AUC=0.6021  AP=0.6256  smoothAUC=0.5965  (25.9s)
  ✓ Fold 1 new best smoothed AUC=0.5965  saved.
    batch 1/4
  Ep  15/60  loss=1.2810  AUC=0.5933  AP=0.6234  smoothAUC=0.5968  (19.7s)
  ✓ Fold 1 new best smoothed AUC=0.5968  saved.
    batch 1/4
  Ep  16/60  loss=1.1948  AUC=0.5907  AP=0.6245  smoothAUC=0.5954  (14.9s)
    batch 1/4
  Ep  17/60  loss=1.1769  AUC=0.5852  AP=0.6178  smoothAUC=0.5898  (18.4s)
    batch 1/4
  Ep  18/60  loss=1.2515  AUC=0.5840  AP=0.6189  smoothAUC=0.5866  (17.7s)
    batch 1/4
  Ep  19/60  loss=1.2126  AUC=0.5932  AP=0.6230  smoothAUC=0.5875  (19.2s)
    batch 1/4
  Ep  20/60  loss=1.1343  AUC=0.5968  AP=0.6273  smoothAUC=0.5913  (21.3s)
    batch 1/4
  Ep  21/60  loss=1.1786  AUC=0.6009  AP=0.6299  smoothAUC=0.5970  (20.8s)
  ✓ Fold 1 new best smoothed AUC=0.5970  saved.
    batch 1/4
  Ep  22/60  loss=1.1522  AUC=0.6039  AP=0.6341  smoothAUC=0.6005  (18.2s)
  ✓ Fold 1 new best smoothed AUC=0.6005  saved.
    batch 1/4
  Ep  23/60  loss=1.1062  AUC=0.6117  AP=0.6384  smoothAUC=0.6055  (18.4s)
  ✓ Fold 1 new best smoothed AUC=0.6055  saved.
    batch 1/4
  Ep  24/60  loss=1.1078  AUC=0.6141  AP=0.6389  smoothAUC=0.6099  (17.9s)
  ✓ Fold 1 new best smoothed AUC=0.6099  saved.
    batch 1/4
  Ep  25/60  loss=1.1498  AUC=0.6132  AP=0.6384  smoothAUC=0.6130  (24.1s)
  ✓ Fold 1 new best smoothed AUC=0.6130  saved.
    batch 1/4
  Ep  26/60  loss=1.0736  AUC=0.6171  AP=0.6475  smoothAUC=0.6148  (18.1s)
  ✓ Fold 1 new best smoothed AUC=0.6148  saved.
    batch 1/4
  Ep  27/60  loss=1.0649  AUC=0.6061  AP=0.6318  smoothAUC=0.6121  (18.4s)
    batch 1/4
  Ep  28/60  loss=1.1153  AUC=0.5995  AP=0.6272  smoothAUC=0.6076  (19.7s)
    batch 1/4
  Ep  29/60  loss=1.1058  AUC=0.6005  AP=0.6294  smoothAUC=0.6020  (16.0s)
    batch 1/4
  Ep  30/60  loss=1.1323  AUC=0.6082  AP=0.6445  smoothAUC=0.6027  (20.4s)
    batch 1/4
  Ep  31/60  loss=1.1150  AUC=0.6199  AP=0.6633  smoothAUC=0.6096  (26.5s)
    batch 1/4
  Ep  32/60  loss=1.1509  AUC=0.6151  AP=0.6641  smoothAUC=0.6144  (18.2s)
    batch 1/4
    [swap-guard] 90.4% swap used (batch 3/4) -- pausing 3s for extra cleanup
    [swap-guard] 92.4% swap used (fold 1 epoch 33 val) -- pausing 3s for extra cleanup
  Ep  33/60  loss=1.0857  AUC=0.6067  AP=0.6560  smoothAUC=0.6139  (22.4s)
    batch 1/4
  Ep  34/60  loss=1.1714  AUC=0.6058  AP=0.6522  smoothAUC=0.6092  (19.3s)
    batch 1/4
  Ep  35/60  loss=1.1523  AUC=0.6017  AP=0.6397  smoothAUC=0.6047  (19.3s)
    batch 1/4
  Ep  36/60  loss=1.0454  AUC=0.6000  AP=0.6367  smoothAUC=0.6025  (21.5s)
    batch 1/4
  Ep  37/60  loss=0.9870  AUC=0.6005  AP=0.6371  smoothAUC=0.6007  (21.4s)
    batch 1/4
    [swap-guard] 91.9% swap used (batch 3/4) -- pausing 3s for extra cleanup
    [swap-guard] 91.0% swap used (epoch end) -- pausing 3s for extra cleanup
    [swap-guard] 90.3% swap used (fold 1 epoch 38 val) -- pausing 3s for extra cleanup
  Ep  38/60  loss=1.0907  AUC=0.6021  AP=0.6368  smoothAUC=0.6009  (34.2s)
    batch 1/4
  Ep  39/60  loss=1.0220  AUC=0.6018  AP=0.6361  smoothAUC=0.6014  (20.1s)
    batch 1/4
  Ep  40/60  loss=1.0146  AUC=0.6039  AP=0.6413  smoothAUC=0.6026  (18.2s)
    batch 1/4
  Ep  41/60  loss=0.9882  AUC=0.6075  AP=0.6480  smoothAUC=0.6044  (17.4s)

  Early stopping at epoch 41.

  Fold 1 test — AUC=0.5110  AP=0.5313  (random=0.5000)

=======================================================
  FOLD 2 / 2
=======================================================
/Users/mbp/Documents/MTECH/Sem4/Individual_project/AI_Assisted_3D_Assembly_Design/AI-Assisted-3D-Assembly-Design/.venv/lib/python3.12/site-packages/torch_geometric/transforms/base_transform.py:32: UserWarning: There are not enough negative edges to satisfy the provided sampling ratio. The ratio will be adjusted to 0.00.
  return self.forward(copy.copy(data))
    [DIAG] graph 44: 2 nodes, 2 dir-edges, 1 pos, requested 1 neg but only 0 possible
    [DIAG] graph 60: 2 nodes, 2 dir-edges, 1 pos, requested 1 neg but only 0 possible
    [DIAG] graph 63: 2 nodes, 2 dir-edges, 1 pos, requested 1 neg but only 0 possible
    [DIAG] graph 71: 2 nodes, 2 dir-edges, 1 pos, requested 1 neg but only 0 possible
    [DIAG] graph 119: 2 nodes, 2 dir-edges, 1 pos, requested 1 neg but only 0 possible
  Fold 2/2 — train: 86  val: 85  test: 21
      [learning-curve] fold 2: subsampled train set to 64/86 graphs (75%)
Model built on mps  |  total params: 2,441,809
    batch 1/4
  Ep   1/60  loss=1.6323  AUC=0.5533  AP=0.5369  smoothAUC=0.5533  (21.6s)
  ✓ Fold 2 new best smoothed AUC=0.5533  saved.
    batch 1/4
    [swap-guard] 94.2% swap used (batch 3/4) -- pausing 3s for extra cleanup
    [swap-guard] 92.0% swap used (epoch end) -- pausing 3s for extra cleanup
    [swap-guard] 91.1% swap used (fold 2 epoch 2 val) -- pausing 3s for extra cleanup
  Ep   2/60  loss=1.5868  AUC=0.5675  AP=0.5480  smoothAUC=0.5604  (31.8s)
  ✓ Fold 2 new best smoothed AUC=0.5604  saved.
    batch 1/4
  Ep   3/60  loss=1.5685  AUC=0.5650  AP=0.5557  smoothAUC=0.5619  (20.8s)
  ✓ Fold 2 new best smoothed AUC=0.5619  saved.
    batch 1/4
  Ep   4/60  loss=1.5411  AUC=0.5763  AP=0.5554  smoothAUC=0.5696  (23.3s)
  ✓ Fold 2 new best smoothed AUC=0.5696  saved.
    batch 1/4
  Ep   5/60  loss=1.4669  AUC=0.5949  AP=0.5937  smoothAUC=0.5787  (16.5s)
  ✓ Fold 2 new best smoothed AUC=0.5787  saved.
    batch 1/4
  Ep   6/60  loss=1.4673  AUC=0.5851  AP=0.5822  smoothAUC=0.5854  (21.6s)
  ✓ Fold 2 new best smoothed AUC=0.5854  saved.
    batch 1/4
  Ep   7/60  loss=1.4693  AUC=0.5788  AP=0.5771  smoothAUC=0.5862  (16.8s)
  ✓ Fold 2 new best smoothed AUC=0.5862  saved.
    batch 1/4
  Ep   8/60  loss=1.3856  AUC=0.5703  AP=0.5668  smoothAUC=0.5780  (19.1s)
    batch 1/4
  Ep   9/60  loss=1.3511  AUC=0.5701  AP=0.5615  smoothAUC=0.5730  (20.6s)
    batch 1/4
  Ep  10/60  loss=1.3784  AUC=0.5723  AP=0.5619  smoothAUC=0.5709  (23.3s)
    batch 1/4
  Ep  11/60  loss=1.3206  AUC=0.5767  AP=0.5637  smoothAUC=0.5730  (27.2s)
    batch 1/4
    [swap-guard] 91.1% swap used (batch 3/4) -- pausing 3s for extra cleanup
    [swap-guard] 90.4% swap used (epoch end) -- pausing 3s for extra cleanup
  Ep  12/60  loss=1.3755  AUC=0.5788  AP=0.5627  smoothAUC=0.5759  (27.2s)
    batch 1/4
  Ep  13/60  loss=1.3080  AUC=0.5882  AP=0.5757  smoothAUC=0.5812  (19.6s)
    batch 1/4
  Ep  14/60  loss=1.3015  AUC=0.5841  AP=0.5741  smoothAUC=0.5837  (26.4s)
    batch 1/4
    [swap-guard] 95.4% swap used (batch 3/4) -- pausing 3s for extra cleanup
    [swap-guard] 93.4% swap used (epoch end) -- pausing 3s for extra cleanup
    [swap-guard] 93.0% swap used (fold 2 epoch 15 val) -- pausing 3s for extra cleanup
  Ep  15/60  loss=1.2532  AUC=0.5871  AP=0.5730  smoothAUC=0.5864  (30.3s)
  ✓ Fold 2 new best smoothed AUC=0.5864  saved.
    batch 1/4
  Ep  16/60  loss=1.2145  AUC=0.5874  AP=0.5758  smoothAUC=0.5862  (23.0s)
    batch 1/4
  Ep  17/60  loss=1.2087  AUC=0.5895  AP=0.5907  smoothAUC=0.5880  (23.8s)
  ✓ Fold 2 new best smoothed AUC=0.5880  saved.
    batch 1/4
  Ep  18/60  loss=1.2715  AUC=0.5973  AP=0.5938  smoothAUC=0.5914  (21.8s)
  ✓ Fold 2 new best smoothed AUC=0.5914  saved.
    batch 1/4
    [swap-guard] 93.4% swap used (batch 3/4) -- pausing 3s for extra cleanup
    [swap-guard] 91.9% swap used (epoch end) -- pausing 3s for extra cleanup
  Ep  19/60  loss=1.2820  AUC=0.5931  AP=0.5922  smoothAUC=0.5933  (26.0s)
  ✓ Fold 2 new best smoothed AUC=0.5933  saved.
    batch 1/4
  Ep  20/60  loss=1.1294  AUC=0.5871  AP=0.5875  smoothAUC=0.5925  (19.5s)
    batch 1/4
  Ep  21/60  loss=1.1549  AUC=0.5842  AP=0.5779  smoothAUC=0.5881  (21.3s)
    batch 1/4
    [swap-guard] 90.3% swap used (batch 3/4) -- pausing 3s for extra cleanup
  Ep  22/60  loss=1.1799  AUC=0.5825  AP=0.5703  smoothAUC=0.5846  (24.3s)
    batch 1/4
    [swap-guard] 92.9% swap used (epoch end) -- pausing 3s for extra cleanup
    [swap-guard] 91.3% swap used (fold 2 epoch 23 val) -- pausing 3s for extra cleanup
  Ep  23/60  loss=1.1947  AUC=0.5914  AP=0.5740  smoothAUC=0.5861  (27.8s)
    batch 1/4
  Ep  24/60  loss=1.1355  AUC=0.5964  AP=0.5725  smoothAUC=0.5901  (23.1s)
    batch 1/4
  Ep  25/60  loss=1.1695  AUC=0.5974  AP=0.5736  smoothAUC=0.5951  (23.0s)
  ✓ Fold 2 new best smoothed AUC=0.5951  saved.
    batch 1/4
  Ep  26/60  loss=1.0396  AUC=0.6082  AP=0.5847  smoothAUC=0.6007  (31.4s)
  ✓ Fold 2 new best smoothed AUC=0.6007  saved.
    batch 1/4
  Ep  27/60  loss=1.0757  AUC=0.6015  AP=0.5823  smoothAUC=0.6024  (31.3s)
  ✓ Fold 2 new best smoothed AUC=0.6024  saved.
    batch 1/4
  Ep  28/60  loss=1.1148  AUC=0.5949  AP=0.5777  smoothAUC=0.6015  (23.7s)
    batch 1/4
    [swap-guard] 96.3% swap used (batch 3/4) -- pausing 3s for extra cleanup
    [swap-guard] 95.0% swap used (epoch end) -- pausing 3s for extra cleanup
    [swap-guard] 95.0% swap used (fold 2 epoch 29 val) -- pausing 3s for extra cleanup
  Ep  29/60  loss=1.1308  AUC=0.5953  AP=0.5783  smoothAUC=0.5972  (28.8s)
    batch 1/4
  Ep  30/60  loss=1.0285  AUC=0.5904  AP=0.5701  smoothAUC=0.5935  (22.2s)
    batch 1/4
    [swap-guard] 90.6% swap used (epoch end) -- pausing 3s for extra cleanup
    [swap-guard] 90.3% swap used (fold 2 epoch 31 val) -- pausing 3s for extra cleanup
  Ep  31/60  loss=1.0369  AUC=0.5925  AP=0.5701  smoothAUC=0.5927  (27.2s)
    batch 1/4
    [swap-guard] 90.1% swap used (epoch end) -- pausing 3s for extra cleanup
  Ep  32/60  loss=1.0545  AUC=0.5920  AP=0.5700  smoothAUC=0.5916  (28.1s)
    batch 1/4
  Ep  33/60  loss=1.0625  AUC=0.5983  AP=0.5841  smoothAUC=0.5943  (29.6s)
    batch 1/4
  Ep  34/60  loss=1.0635  AUC=0.6033  AP=0.5927  smoothAUC=0.5979  (19.4s)
    batch 1/4
  Ep  35/60  loss=1.0941  AUC=0.6070  AP=0.6031  smoothAUC=0.6028  (20.2s)
  ✓ Fold 2 new best smoothed AUC=0.6028  saved.
    batch 1/4
  Ep  36/60  loss=1.0147  AUC=0.6120  AP=0.6153  smoothAUC=0.6074  (20.1s)
  ✓ Fold 2 new best smoothed AUC=0.6074  saved.
    batch 1/4
    [swap-guard] 91.2% swap used (epoch end) -- pausing 3s for extra cleanup
    [swap-guard] 90.1% swap used (fold 2 epoch 37 val) -- pausing 3s for extra cleanup
  Ep  37/60  loss=1.0253  AUC=0.6150  AP=0.6237  smoothAUC=0.6113  (30.8s)
  ✓ Fold 2 new best smoothed AUC=0.6113  saved.
    batch 1/4
  Ep  38/60  loss=1.0126  AUC=0.6147  AP=0.6237  smoothAUC=0.6139  (26.8s)
  ✓ Fold 2 new best smoothed AUC=0.6139  saved.
    batch 1/4
  Ep  39/60  loss=0.9499  AUC=0.6157  AP=0.6188  smoothAUC=0.6151  (25.4s)
  ✓ Fold 2 new best smoothed AUC=0.6151  saved.
    batch 1/4
    [swap-guard] 92.3% swap used (batch 3/4) -- pausing 3s for extra cleanup
    [swap-guard] 91.9% swap used (epoch end) -- pausing 3s for extra cleanup
    [swap-guard] 91.5% swap used (fold 2 epoch 40 val) -- pausing 3s for extra cleanup
  Ep  40/60  loss=1.0065  AUC=0.6149  AP=0.6059  smoothAUC=0.6151  (34.2s)
    batch 1/4
    [swap-guard] 90.5% swap used (epoch end) -- pausing 3s for extra cleanup
    [swap-guard] 90.2% swap used (fold 2 epoch 41 val) -- pausing 3s for extra cleanup
  Ep  41/60  loss=1.0001  AUC=0.6163  AP=0.6026  smoothAUC=0.6156  (31.1s)
  ✓ Fold 2 new best smoothed AUC=0.6156  saved.
    batch 1/4
  Ep  42/60  loss=0.9541  AUC=0.6207  AP=0.6018  smoothAUC=0.6173  (23.1s)
  ✓ Fold 2 new best smoothed AUC=0.6173  saved.
    batch 1/4
  Ep  43/60  loss=1.0658  AUC=0.6220  AP=0.6015  smoothAUC=0.6197  (21.8s)
  ✓ Fold 2 new best smoothed AUC=0.6197  saved.
    batch 1/4
    [swap-guard] 95.6% swap used (batch 3/4) -- pausing 3s for extra cleanup
    [swap-guard] 94.8% swap used (epoch end) -- pausing 3s for extra cleanup
    [swap-guard] 94.8% swap used (fold 2 epoch 44 val) -- pausing 3s for extra cleanup
  Ep  44/60  loss=0.9591  AUC=0.6288  AP=0.6077  smoothAUC=0.6238  (31.4s)
  ✓ Fold 2 new best smoothed AUC=0.6238  saved.
    batch 1/4
    [swap-guard] 92.0% swap used (batch 3/4) -- pausing 3s for extra cleanup
    [swap-guard] 91.1% swap used (epoch end) -- pausing 3s for extra cleanup
    [swap-guard] 90.7% swap used (fold 2 epoch 45 val) -- pausing 3s for extra cleanup
  Ep  45/60  loss=0.8722  AUC=0.6275  AP=0.6041  smoothAUC=0.6261  (39.0s)
  ✓ Fold 2 new best smoothed AUC=0.6261  saved.
    batch 1/4
  Ep  46/60  loss=0.8839  AUC=0.6284  AP=0.6038  smoothAUC=0.6282  (24.7s)
  ✓ Fold 2 new best smoothed AUC=0.6282  saved.
    batch 1/4
    [swap-guard] 90.8% swap used (batch 3/4) -- pausing 3s for extra cleanup
    [swap-guard] 90.1% swap used (epoch end) -- pausing 3s for extra cleanup
  Ep  47/60  loss=0.8582  AUC=0.6272  AP=0.6013  smoothAUC=0.6277  (45.1s)
    batch 1/4
    [swap-guard] 92.5% swap used (epoch end) -- pausing 3s for extra cleanup
    [swap-guard] 92.5% swap used (fold 2 epoch 48 val) -- pausing 3s for extra cleanup
  Ep  48/60  loss=0.9349  AUC=0.6192  AP=0.6013  smoothAUC=0.6249  (28.4s)
    batch 1/4
  Ep  49/60  loss=0.9239  AUC=0.6212  AP=0.6114  smoothAUC=0.6225  (24.2s)
    batch 1/4
    [swap-guard] 90.6% swap used (batch 3/4) -- pausing 3s for extra cleanup
  Ep  50/60  loss=0.9726  AUC=0.6240  AP=0.6222  smoothAUC=0.6215  (27.7s)
    batch 1/4
    [swap-guard] 90.3% swap used (batch 3/4) -- pausing 3s for extra cleanup
    [swap-guard] 97.3% swap used (epoch end) -- pausing 3s for extra cleanup
    [swap-guard] 95.8% swap used (fold 2 epoch 51 val) -- pausing 3s for extra cleanup
  Ep  51/60  loss=0.8985  AUC=0.6221  AP=0.6275  smoothAUC=0.6224  (31.6s)
    batch 1/4
    [swap-guard] 91.2% swap used (batch 3/4) -- pausing 3s for extra cleanup
    [swap-guard] 90.5% swap used (epoch end) -- pausing 3s for extra cleanup
  Ep  52/60  loss=0.8772  AUC=0.6260  AP=0.6323  smoothAUC=0.6240  (28.8s)
    batch 1/4
  Ep  53/60  loss=0.9381  AUC=0.6248  AP=0.6146  smoothAUC=0.6243  (20.9s)
    batch 1/4
  Ep  54/60  loss=0.8870  AUC=0.6205  AP=0.6066  smoothAUC=0.6238  (20.4s)
    batch 1/4
  Ep  55/60  loss=0.9246  AUC=0.6262  AP=0.6071  smoothAUC=0.6238  (38.3s)
    batch 1/4
    [swap-guard] 91.1% swap used (batch 3/4) -- pausing 3s for extra cleanup
    [swap-guard] 90.0% swap used (epoch end) -- pausing 3s for extra cleanup
  Ep  56/60  loss=0.9260  AUC=0.6311  AP=0.6094  smoothAUC=0.6259  (28.2s)
    batch 1/4
    [swap-guard] 90.2% swap used (batch 3/4) -- pausing 3s for extra cleanup
  Ep  57/60  loss=0.8682  AUC=0.6340  AP=0.6110  smoothAUC=0.6304  (37.3s)
  ✓ Fold 2 new best smoothed AUC=0.6304  saved.
    batch 1/4
    [swap-guard] 90.7% swap used (batch 3/4) -- pausing 3s for extra cleanup
  Ep  58/60  loss=0.8378  AUC=0.6377  AP=0.6136  smoothAUC=0.6343  (38.7s)
  ✓ Fold 2 new best smoothed AUC=0.6343  saved.
    batch 1/4
    [swap-guard] 95.1% swap used (batch 3/4) -- pausing 3s for extra cleanup
    [swap-guard] 92.8% swap used (epoch end) -- pausing 3s for extra cleanup
    [swap-guard] 92.5% swap used (fold 2 epoch 59 val) -- pausing 3s for extra cleanup
  Ep  59/60  loss=0.8294  AUC=0.6442  AP=0.6189  smoothAUC=0.6386  (35.5s)
  ✓ Fold 2 new best smoothed AUC=0.6386  saved.
    batch 1/4
    [swap-guard] 93.2% swap used (batch 3/4) -- pausing 3s for extra cleanup
    [swap-guard] 91.5% swap used (epoch end) -- pausing 3s for extra cleanup
    [swap-guard] 91.4% swap used (fold 2 epoch 60 val) -- pausing 3s for extra cleanup
  Ep  60/60  loss=0.8683  AUC=0.6513  AP=0.6284  smoothAUC=0.6444  (48.8s)
  ✓ Fold 2 new best smoothed AUC=0.6444  saved.

  Fold 2 test — AUC=0.7163  AP=0.6717  (random=0.5000)
    [swap-guard] 91.1% swap used (fold 2 boundary) -- pausing 3s for extra cleanup

=======================================================
  2-Fold CV Summary
=======================================================
  Fold 1: AUC=0.5110  AP=0.5313  (random=0.5000)
  Fold 2: AUC=0.7163  AP=0.6717  (random=0.5000)
  ─────────────────────────────────────────
  Mean AUC        = 0.6136 ± 0.1452
  Mean AP         = 0.6015 ± 0.0993
  Mean random AP  = 0.5000 ± 0.0000  (chance baseline — AP lift over this is the real signal)
  Best overall fold: 2  (val AUC=0.6444)

[4/4] Final test evaluation (best_overall.pt) …
Model built on mps  |  total params: 2,441,809
/Users/mbp/Documents/MTECH/Sem4/Individual_project/AI_Assisted_3D_Assembly_Design/AI-Assisted-3D-Assembly-Design/.venv/lib/python3.12/site-packages/torch_geometric/transforms/base_transform.py:32: UserWarning: There are not enough negative edges to satisfy the provided sampling ratio. The ratio will be adjusted to 0.00.
  return self.forward(copy.copy(data))
    [DIAG] graph 44: 2 nodes, 2 dir-edges, 1 pos, requested 1 neg but only 0 possible
    [DIAG] graph 60: 2 nodes, 2 dir-edges, 1 pos, requested 1 neg but only 0 possible
    [DIAG] graph 63: 2 nodes, 2 dir-edges, 1 pos, requested 1 neg but only 0 possible
    [DIAG] graph 71: 2 nodes, 2 dir-edges, 1 pos, requested 1 neg but only 0 possible
    [DIAG] graph 119: 2 nodes, 2 dir-edges, 1 pos, requested 1 neg but only 0 possible
  Fold 2/2 — train: 86  val: 85  test: 21

  ── Test results (best overall model) ─────
     auc         : 0.7163
     ap          : 0.6717
     random_ap   : 0.5000

  Results saved        → results
  Best overall ckpt    → checkpoints/best_overall.pt
  Trained model export → ../trained_models/assembly_gnn_20260812_184234_auc06444.pt

  ⊘ Serving model NOT updated — run launched with --no-promote (this run: AUC=0.6136, AP-lift=0.1015)

  Building assembly template cache …
  [TemplateDB] Built 7 category templates from 192 training assemblies.
    Bench Vice                                bodies≈22  dist={'long_shaft': 2, 'short_shaft': 2, 'thick_plate': 2, 'thin_plate': 3, 'bolt': 2, 'washer': 2, 'nut': 4, 'body': 12}
    C Clamps                                  bodies≈7  dist={'long_shaft': 1, 'short_shaft': 1, 'thick_plate': 1, 'thin_plate': 1, 'bolt': 1, 'washer': 1, 'nut': 2, 'body': 2}
    Crane Hook                                bodies≈40  dist={'long_shaft': 2, 'short_shaft': 3, 'thick_plate': 5, 'thin_plate': 2, 'bolt': 1, 'washer': 7, 'nut': 12, 'body': 7}
    Gate Valve                                bodies≈49  dist={'long_shaft': 2, 'short_shaft': 4, 'thick_plate': 2, 'thin_plate': 4, 'bolt': 4, 'washer': 3, 'nut': 18, 'body': 16}
    Pipe Vice                                 bodies≈8  dist={'long_shaft': 1, 'short_shaft': 1, 'thick_plate': 1, 'thin_plate': 2, 'bolt': 1, 'washer': 1, 'nut': 2, 'body': 4}
    Press Tool                                bodies≈14  dist={'long_shaft': 4, 'short_shaft': 4, 'thick_plate': 2, 'thin_plate': 18, 'bolt': 10, 'washer': 4, 'nut': 4, 'body': 5}
    Tool Post                                 bodies≈30  dist={'long_shaft': 2, 'short_shaft': 8, 'thick_plate': 2, 'thin_plate': 1, 'bolt': 8, 'washer': 2, 'nut': 2, 'body': 11}
  [TemplateDB] Saved 7 templates → data/assembly_templates.json
