Building part bank from 193 assemblies under ../Source_3d_models/Best_models_for_training …
[1/193] Bench_vice/Bench_Vice_02: ok (4.9s) — 25 bodies
[2/193] Bench_vice/Bench_Vice_03: ok (4.3s) — 17 bodies
[3/193] Bench_vice/Bench_Vice_04: ok (5.6s) — 45 bodies
[4/193] Bench_vice/Bench_Vice_06: ok (9.0s) — 14 bodies
[5/193] Bench_vice/Bench_Vice_07: ok (3.8s) — 10 bodies
[6/193] Bench_vice/Bench_Vice_08: ok (30.7s) — 0 bodies
[7/193] Bench_vice/Bench_Vice_09: ok (4.1s) — 19 bodies
[8/193] Bench_vice/Bench_Vice_11: ok (5.3s) — 19 bodies
[9/193] Bench_vice/Bench_Vice_12: ok (6.7s) — 30 bodies
[10/193] Bench_vice/Bench_Vice_13: ok (4.6s) — 26 bodies
[11/193] Bench_vice/Bench_Vice_14: ok (4.4s) — 19 bodies
[12/193] Bench_vice/Bench_Vice_17: ok (4.9s) — 24 bodies
[13/193] Bench_vice/Bench_Vice_18: ok (4.6s) — 0 bodies
[14/193] Bench_vice/Bench_Vice_20: ok (12.8s) — 20 bodies
[15/193] Bench_vice/Bench_Vice_21: ok (3.4s) — 9 bodies
[16/193] Bench_vice/Bench_Vice_22: ok (3.9s) — 0 bodies
[17/193] Bench_vice/Bench_Vice_23: ok (3.8s) — 26 bodies
[18/193] Bench_vice/Bench_Vice_26: ok (57.6s) — 2 bodies
[19/193] Bench_vice/Bench_Vice_27: ok (5.6s) — 7 bodies
[20/193] Bench_vice/Bench_Vice_28: ok (4.6s) — 43 bodies
[21/193] Bench_vice/Bench_Vice_31: ok (4.0s) — 19 bodies
[22/193] Bench_vice/Bench_Vice_34: ok (5.0s) — 22 bodies
[23/193] Bench_vice/Bench_Vice_38: ok (3.9s) — 19 bodies
[24/193] Bench_vice/Bench_Vice_39: ok (5.2s) — 12 bodies
[25/193] Bench_vice/Bench_Vice_41: ok (4.1s) — 19 bodies
[26/193] Bench_vice/Bench_Vice_42: ok (42.3s) — 8 bodies
[27/193] Bench_vice/Bench_Vice_43: ok (6.1s) — 16 bodies
[28/193] Bench_vice/Bench_Vice_45: ok (11.9s) — 22 bodies
[29/193] Bench_vice/Bench_Vice_46: ok (4.7s) — 0 bodies
[30/193] Bench_vice/Bench_Vice_47: ok (18.6s) — 20 bodies
/Users/mbp/Documents/MTECH/Sem4/Individual_project/AI_Assisted_3D_Assembly_Design/AI-Assisted-3D-Assembly-Design/.venv/lib/python3.12/site-packages/trimesh/triangles.py:550: RuntimeWarning: divide by zero encountered in divide
  inverse_denominator = 1.0 / (dot00 * dot11 - dot01 * dot01)
/Users/mbp/Documents/MTECH/Sem4/Individual_project/AI_Assisted_3D_Assembly_Design/AI-Assisted-3D-Assembly-Design/.venv/lib/python3.12/site-packages/trimesh/triangles.py:555: RuntimeWarning: invalid value encountered in subtract
  barycentric[:, 0] = 1 - barycentric[:, 1] - barycentric[:, 2]
[31/193] Bench_vice/Bench_Vice_50: ok (87.1s) — 24 bodies
[32/193] Bench_vice/Bench_Vice_51: ok (3.5s) — 12 bodies
[33/193] Bench_vice/Bench_Vice_52: ok (71.8s) — 53 bodies
[34/193] Bench_vice/Bench_Vice_53: ok (4.4s) — 22 bodies
[35/193] Bench_vice/Bench_Vice_58: ok (4.9s) — 4 bodies
[36/193] Bench_vice/Bench_Vice_59: ok (15.2s) — 95 bodies
[37/193] Bench_vice/Bench_Vice_60: ok (16.7s) — 7 bodies
[38/193] Bench_vice/Bench_Vice_61: ok (5.0s) — 20 bodies
[39/193] Bench_vice/Bench_Vice_65: ok (4.5s) — 27 bodies
[40/193] Bench_vice/Bench_Vice_66: ok (10.7s) — 24 bodies
[41/193] Bench_vice/Bench_Vice_67: ok (4.2s) — 24 bodies
[42/193] Bench_vice/Bench_Vice_68: ok (5.8s) — 22 bodies
[43/193] Bench_vice/Bench_Vice_69: ok (4.3s) — 21 bodies
[44/193] Bench_vice/Bench_Vice_72: ok (4.1s) — 23 bodies
[45/193] Bench_vice/Bench_Vice_73: ok (3.1s) — 1 bodies
[46/193] Bench_vice/Bench_Vice_74: ok (5.1s) — 11 bodies
[47/193] Bench_vice/Bench_Vice_75: ok (15.1s) — 30 bodies
[48/193] Bench_vice/Bench_Vice_76: ok (5.8s) — 36 bodies
[49/193] Bench_vice/Bench_Vice_77: ok (7.2s) — 0 bodies
[50/193] Bench_vice/Bench_Vice_78: ok (5.0s) — 34 bodies
[51/193] Bench_vice/Bench_Vice_79: ok (79.2s) — 18 bodies
[52/193] Bench_vice/Bench_Vice_80: ok (4.6s) — 15 bodies
[53/193] Bench_vice/Bench_Vice_81: ok (5.8s) — 34 bodies
[54/193] Bench_vice/Bench_Vice_82: ok (7.3s) — 40 bodies
[55/193] C_Clamps/C_Clamps_01: ok (23.2s) — 4 bodies
[56/193] C_Clamps/C_Clamps_03: ok (47.0s) — 1 bodies
[57/193] C_Clamps/C_Clamps_04: ok (3.9s) — 8 bodies
[58/193] C_Clamps/C_Clamps_05: ok (3.4s) — 0 bodies
[59/193] C_Clamps/C_Clamps_06: ok (4.1s) — 8 bodies
[60/193] C_Clamps/C_Clamps_07: ok (62.8s) — 1 bodies
[61/193] C_Clamps/C_Clamps_08: ok (4.1s) — 1 bodies
[62/193] C_Clamps/C_Clamps_09: ok (3.9s) — 6 bodies
[63/193] C_Clamps/C_Clamps_10: ok (4.9s) — 5 bodies
[64/193] C_Clamps/C_Clamps_11: ok (115.7s) — 1 bodies
[65/193] C_Clamps/C_Clamps_12: ok (32.1s) — 5 bodies
[66/193] C_Clamps/C_Clamps_13: ok (99.2s) — 4 bodies
[67/193] C_Clamps/C_Clamps_14: ok (79.0s) — 4 bodies
[68/193] C_Clamps/C_Clamps_15: ok (3.2s) — 3 bodies
[69/193] C_Clamps/C_Clamps_16: ok (3.6s) — 9 bodies
[70/193] C_Clamps/C_Clamps_18: ok (14.3s) — 0 bodies
[71/193] C_Clamps/C_Clamps_19: ok (3.1s) — 5 bodies
[72/193] C_Clamps/C_Clamps_20: ok (3.5s) — 2 bodies
[73/193] C_Clamps/C_Clamps_21: ok (93.4s) — 3 bodies
[74/193] C_Clamps/C_Clamps_22: ok (3.5s) — 4 bodies
[75/193] C_Clamps/C_Clamps_23: ok (6.3s) — 16 bodies
[76/193] C_Clamps/C_Clamps_26: ok (4.2s) — 10 bodies
[77/193] C_Clamps/C_Clamps_28: ok (48.8s) — 1 bodies
[78/193] C_Clamps/C_Clamps_29: ok (8.9s) — 6 bodies
[79/193] C_Clamps/C_Clamps_31: ok (8.2s) — 5 bodies
[80/193] C_Clamps/C_Clamps_32: ok (3.9s) — 4 bodies
[81/193] C_Clamps/C_Clamps_33: ok (3.7s) — 6 bodies
[82/193] C_Clamps/C_Clamps_36: ok (3.3s) — 3 bodies
[83/193] C_Clamps/C_Clamps_37: ok (4.4s) — 4 bodies
[84/193] C_Clamps/C_Clamps_38: ok (8.4s) — 6 bodies
[85/193] C_Clamps/C_Clamps_40: ok (17.3s) — 1 bodies
[86/193] Crane_hook/Crane_Hook_01: ok (5.2s) — 32 bodies
[87/193] Crane_hook/Crane_Hook_02: ok (6.7s) — 31 bodies
[88/193] Crane_hook/Crane_Hook_04: ok (84.5s) — 33 bodies
[89/193] Crane_hook/Crane_Hook_05: ok (4.2s) — 15 bodies
[90/193] Crane_hook/Crane_Hook_06: ok (82.4s) — 20 bodies
[91/193] Crane_hook/Crane_Hook_07: ok (5.2s) — 3 bodies
[92/193] Crane_hook/Crane_Hook_09: ok (39.5s) — 28 bodies
[93/193] Crane_hook/Crane_Hook_10: ok (5.3s) — 45 bodies
[94/193] Crane_hook/Crane_Hook_11: ok (3.8s) — 19 bodies
[95/193] Crane_hook/Crane_Hook_12: ok (5.2s) — 53 bodies
[96/193] Crane_hook/Crane_Hook_13: ok (3.9s) — 3 bodies
[97/193] Crane_hook/Crane_Hook_15: ok (8.9s) — 86 bodies
[98/193] Crane_hook/Crane_Hook_17: ok (5.4s) — 49 bodies
[99/193] Crane_hook/Crane_Hook_21: ok (5.5s) — 13 bodies
[100/193] Crane_hook/Crane_Hook_22: ok (210.5s) — 2 bodies
[101/193] Crane_hook/Crane_Hook_23: ok (75.1s) — 2 bodies
[102/193] Gate_Valve/Gate_Valve_02: ok (5.4s) — 3 bodies
[103/193] Gate_Valve/Gate_Valve_03: ok (31.4s) — 38 bodies
[104/193] Gate_Valve/Gate_Valve_04: ok (52.7s) — 61 bodies
[105/193] Gate_Valve/Gate_Valve_05: ok (15.6s) — 85 bodies
[106/193] Gate_Valve/Gate_Valve_06: ok (31.4s) — 39 bodies
[107/193] Gate_Valve/Gate_Valve_07: ok (53.6s) — 68 bodies
[108/193] Gate_Valve/Gate_Valve_10: ok (52.4s) — 47 bodies
[109/193] Gate_Valve/Gate_Valve_11: ok (170.5s) — 44 bodies
[110/193] Gate_Valve/Gate_Valve_12: timeout (301.3s) — 0 bodies
[111/193] Gate_Valve/Gate_Valve_14: ok (37.1s) — 58 bodies
[112/193] Gate_Valve/Gate_Valve_15: ok (33.6s) — 49 bodies
[113/193] Gate_Valve/Gate_Valve_23: ok (10.3s) — 31 bodies
[114/193] Gate_Valve/Gate_Valve_24: ok (39.5s) — 3 bodies
[115/193] Gate_Valve/Gate_Valve_25: ok (4.5s) — 20 bodies
[116/193] Gate_Valve/Gate_Valve_27: ok (5.7s) — 2 bodies
[117/193] Gate_Valve/Gate_Valve_31: ok (31.8s) — 3 bodies
[118/193] Gate_Valve/Gate_Valve_34: ok (40.2s) — 59 bodies
[119/193] Gate_Valve/Gate_Valve_35: ok (114.9s) — 25 bodies
[120/193] Gate_Valve/Gate_Valve_36: ok (16.5s) — 30 bodies
[121/193] Gate_Valve/Gate_Valve_37: ok (5.1s) — 0 bodies
[122/193] Gate_Valve/Gate_Valve_38: ok (41.7s) — 166 bodies
[123/193] Pipe_vice/Pipe_Vice_01: ok (3.5s) — 10 bodies
[124/193] Pipe_vice/Pipe_Vice_03: ok (3.4s) — 5 bodies
[125/193] Pipe_vice/Pipe_Vice_04: ok (3.3s) — 5 bodies
[126/193] Pipe_vice/Pipe_Vice_07: ok (69.4s) — 7 bodies
[127/193] Pipe_vice/Pipe_Vice_08: ok (3.4s) — 3 bodies
[128/193] Pipe_vice/Pipe_Vice_09: ok (3.5s) — 6 bodies
[129/193] Pipe_vice/Pipe_Vice_10: ok (4.1s) — 10 bodies
[130/193] Pipe_vice/Pipe_Vice_11: ok (68.5s) — 18 bodies
[131/193] Pipe_vice/Pipe_Vice_14: ok (3.4s) — 8 bodies
[132/193] Pipe_vice/Pipe_Vice_15: ok (3.4s) — 5 bodies
[133/193] Pipe_vice/Pipe_Vice_16: ok (18.4s) — 16 bodies
[134/193] Pipe_vice/Pipe_Vice_17: ok (12.2s) — 1 bodies
[135/193] Pipe_vice/Pipe_Vice_19: ok (3.5s) — 15 bodies
[136/193] Pipe_vice/Pipe_Vice_20: ok (16.0s) — 16 bodies
[137/193] Pipe_vice/Pipe_Vice_21: ok (2.9s) — 2 bodies
[138/193] Pipe_vice/Pipe_Vice_22: ok (3.3s) — 7 bodies
[139/193] Pipe_vice/Pipe_Vice_23: ok (97.0s) — 4 bodies
[140/193] Pipe_vice/Pipe_Vice_24: ok (7.8s) — 9 bodies
[141/193] Pipe_vice/Pipe_Vice_25: ok (3.6s) — 15 bodies
[142/193] Pipe_vice/Pipe_Vice_27: ok (4.5s) — 15 bodies
[143/193] Pipe_vice/Pipe_Vice_28: ok (3.5s) — 7 bodies
[144/193] Pipe_vice/Pipe_Vice_29: ok (3.4s) — 6 bodies
[145/193] Pipe_vice/Pipe_Vice_30: ok (3.5s) — 5 bodies
[146/193] Pipe_vice/Pipe_Vice_31: ok (22.4s) — 5 bodies
[147/193] Pipe_vice/Pipe_Vice_32: ok (8.5s) — 8 bodies
[148/193] Pipe_vice/Pipe_Vice_33: ok (3.3s) — 5 bodies
[149/193] Pipe_vice/Pipe_Vice_35: ok (3.5s) — 5 bodies
[150/193] Pipe_vice/Pipe_Vice_36: ok (3.6s) — 5 bodies
[151/193] Pipe_vice/Pipe_Vice_37: ok (3.5s) — 6 bodies
[152/193] Pipe_vice/Pipe_Vice_38: ok (7.2s) — 7 bodies
[153/193] Pipe_vice/Pipe_Vice_40: ok (8.2s) — 13 bodies
[154/193] Pipe_vice/Pipe_Vice_41: ok (3.4s) — 4 bodies
[155/193] Pipe_vice/Pipe_Vice_42: ok (3.4s) — 5 bodies
[156/193] Pipe_vice/Pipe_Vice_43: ok (3.6s) — 13 bodies
[157/193] Pipe_vice/Pipe_Vice_44: ok (69.5s) — 19 bodies
[158/193] Pipe_vice/Pipe_Vice_45: ok (111.9s) — 25 bodies
[159/193] Pipe_vice/Pipe_Vice_46: ok (3.6s) — 5 bodies
[160/193] Pipe_vice/Pipe_Vice_48: ok (6.6s) — 7 bodies
[161/193] Pipe_vice/Pipe_Vice_49: ok (78.3s) — 2 bodies
[162/193] Pipe_vice/Pipe_Vice_50: ok (3.5s) — 7 bodies
[163/193] Pipe_vice/Pipe_Vice_51: ok (5.2s) — 6 bodies
[164/193] Pipe_vice/Pipe_Vice_53: ok (4.5s) — 4 bodies
[165/193] Press_Tool/Press_Tool_02: ok (4.6s) — 10 bodies
[166/193] Press_Tool/Press_Tool_04: ok (8.6s) — 92 bodies
[167/193] Press_Tool/Press_Tool_05: ok (3.6s) — 13 bodies
[168/193] Press_Tool/Press_Tool_06: ok (3.7s) — 10 bodies
[169/193] Press_Tool/Press_Tool_07: ok (6.7s) — 170 bodies
[170/193] Press_Tool/Press_Tool_08: ok (148.1s) — 28 bodies
[171/193] Press_Tool/Press_Tool_09: ok (15.7s) — 81 bodies
[172/193] Press_Tool/Press_Tool_10: ok (64.3s) — 121 bodies
[173/193] Press_Tool/Press_Tool_12: ok (36.3s) — 102 bodies
[174/193] Press_Tool/Press_Tool_13: ok (3.5s) — 8 bodies
[175/193] Press_Tool/Press_Tool_14: ok (3.4s) — 6 bodies
[176/193] Press_Tool/Press_Tool_15: ok (3.4s) — 10 bodies
[177/193] Press_Tool/Press_Tool_16: ok (3.4s) — 9 bodies
[178/193] Press_Tool/Press_Tool_17: ok (3.4s) — 10 bodies
[179/193] Press_Tool/Press_Tool_18: ok (6.9s) — 4 bodies
[180/193] Press_Tool/Press_Tool_19: ok (12.7s) — 36 bodies
[181/193] Press_Tool/Press_Tool_21: ok (4.7s) — 0 bodies
[182/193] Press_Tool/Press_Tool_23: ok (3.9s) — 10 bodies
[183/193] Press_Tool/Press_Tool_24: ok (3.5s) — 10 bodies
[184/193] Press_Tool/Press_Tool_25: ok (3.5s) — 14 bodies
[185/193] Press_Tool/Press_Tool_26: ok (17.6s) — 15 bodies
[186/193] Tool_Post/Tool_Post_01: ok (4.6s) — 27 bodies
[187/193] Tool_Post/Tool_Post_02: ok (98.1s) — 21 bodies
[188/193] Tool_Post/Tool_Post_05: ok (57.5s) — 49 bodies
[189/193] Tool_Post/Tool_Post_08: ok (4.8s) — 9 bodies
[190/193] Tool_Post/Tool_Post_10: ok (11.1s) — 43 bodies
[191/193] Tool_Post/Tool_Post_13: ok (3.8s) — 26 bodies
[192/193] Tool_Post/Tool_Post_14: ok (4.2s) — 23 bodies
[193/193] Tool_Post/Tool_Post_17: ok (19.6s) — 30 bodies

Wrote 3843 parts from 193 assemblies in 4435s
Wrote data/part_bank/index.json
DONE
