Building part bank from 193 assemblies under ../Source_3d_models/Best_models_for_training …
[1/193] Bench_vice/Bench_Vice_02: ok (6.6s) — 26 bodies
[2/193] Bench_vice/Bench_Vice_03: ok (4.5s) — 18 bodies
[3/193] Bench_vice/Bench_Vice_04: ok (5.8s) — 47 bodies
[4/193] Bench_vice/Bench_Vice_06: ok (11.6s) — 16 bodies
[5/193] Bench_vice/Bench_Vice_07: ok (5.5s) — 12 bodies
[6/193] Bench_vice/Bench_Vice_08: error (36.3s) — 0 bodies
[7/193] Bench_vice/Bench_Vice_09: error (7.7s) — 0 bodies
[8/193] Bench_vice/Bench_Vice_11: ok (7.0s) — 20 bodies
[9/193] Bench_vice/Bench_Vice_12: ok (7.8s) — 31 bodies
[10/193] Bench_vice/Bench_Vice_13: ok (4.8s) — 27 bodies
[11/193] Bench_vice/Bench_Vice_14: ok (7.8s) — 24 bodies
[12/193] Bench_vice/Bench_Vice_17: ok (8.9s) — 25 bodies
[13/193] Bench_vice/Bench_Vice_18: error (6.8s) — 0 bodies
[14/193] Bench_vice/Bench_Vice_20: ok (13.6s) — 21 bodies
[15/193] Bench_vice/Bench_Vice_21: ok (4.8s) — 12 bodies
[16/193] Bench_vice/Bench_Vice_22: error (4.2s) — 0 bodies
[17/193] Bench_vice/Bench_Vice_23: ok (4.3s) — 27 bodies
[18/193] Bench_vice/Bench_Vice_26: error (60.7s) — 0 bodies
[19/193] Bench_vice/Bench_Vice_27: ok (7.8s) — 10 bodies
[20/193] Bench_vice/Bench_Vice_28: ok (5.5s) — 46 bodies
[21/193] Bench_vice/Bench_Vice_31: ok (4.9s) — 20 bodies
[22/193] Bench_vice/Bench_Vice_34: ok (6.0s) — 23 bodies
[23/193] Bench_vice/Bench_Vice_38: ok (9.1s) — 20 bodies
[24/193] Bench_vice/Bench_Vice_39: ok (6.7s) — 14 bodies
[25/193] Bench_vice/Bench_Vice_41: error (4.9s) — 0 bodies
[26/193] Bench_vice/Bench_Vice_42: error (38.9s) — 0 bodies
[27/193] Bench_vice/Bench_Vice_43: ok (8.2s) — 16 bodies
[28/193] Bench_vice/Bench_Vice_45: ok (13.2s) — 25 bodies
[29/193] Bench_vice/Bench_Vice_46: error (5.7s) — 0 bodies
[30/193] Bench_vice/Bench_Vice_47: ok (21.5s) — 21 bodies
/Users/mbp/Documents/MTECH/Sem4/Individual_project/AI_Assisted_3D_Assembly_Design/AI-Assisted-3D-Assembly-Design/.venv/lib/python3.12/site-packages/trimesh/triangles.py:550: RuntimeWarning: divide by zero encountered in divide
  inverse_denominator = 1.0 / (dot00 * dot11 - dot01 * dot01)
/Users/mbp/Documents/MTECH/Sem4/Individual_project/AI_Assisted_3D_Assembly_Design/AI-Assisted-3D-Assembly-Design/.venv/lib/python3.12/site-packages/trimesh/triangles.py:555: RuntimeWarning: invalid value encountered in subtract
  barycentric[:, 0] = 1 - barycentric[:, 1] - barycentric[:, 2]
[31/193] Bench_vice/Bench_Vice_50: ok (96.6s) — 31 bodies
[32/193] Bench_vice/Bench_Vice_51: ok (6.5s) — 13 bodies
[33/193] Bench_vice/Bench_Vice_52: ok (78.5s) — 57 bodies
[34/193] Bench_vice/Bench_Vice_53: ok (6.1s) — 27 bodies
[35/193] Bench_vice/Bench_Vice_58: ok (7.6s) — 6 bodies
[36/193] Bench_vice/Bench_Vice_59: ok (19.8s) — 97 bodies
[37/193] Bench_vice/Bench_Vice_60: error (19.2s) — 0 bodies
[38/193] Bench_vice/Bench_Vice_61: error (6.2s) — 0 bodies
[39/193] Bench_vice/Bench_Vice_65: ok (5.8s) — 28 bodies
[40/193] Bench_vice/Bench_Vice_66: ok (15.0s) — 26 bodies
[41/193] Bench_vice/Bench_Vice_67: ok (5.3s) — 26 bodies
[42/193] Bench_vice/Bench_Vice_68: ok (7.5s) — 24 bodies
[43/193] Bench_vice/Bench_Vice_69: ok (5.5s) — 22 bodies
[44/193] Bench_vice/Bench_Vice_72: ok (5.7s) — 25 bodies
[45/193] Bench_vice/Bench_Vice_73: ok (3.8s) — 2 bodies
[46/193] Bench_vice/Bench_Vice_74: ok (5.4s) — 15 bodies
[47/193] Bench_vice/Bench_Vice_75: ok (17.0s) — 33 bodies
[48/193] Bench_vice/Bench_Vice_76: ok (10.1s) — 37 bodies
[49/193] Bench_vice/Bench_Vice_77: error (8.5s) — 0 bodies
[50/193] Bench_vice/Bench_Vice_78: ok (6.8s) — 35 bodies
[51/193] Bench_vice/Bench_Vice_79: ok (92.5s) — 19 bodies
[52/193] Bench_vice/Bench_Vice_80: ok (9.2s) — 16 bodies
[53/193] Bench_vice/Bench_Vice_81: ok (7.1s) — 36 bodies
[54/193] Bench_vice/Bench_Vice_82: ok (7.7s) — 41 bodies
[55/193] C_Clamps/C_Clamps_01: error (27.1s) — 0 bodies
[56/193] C_Clamps/C_Clamps_03: error (56.1s) — 0 bodies
[57/193] C_Clamps/C_Clamps_04: ok (5.6s) — 10 bodies
[58/193] C_Clamps/C_Clamps_05: error (3.7s) — 0 bodies
[59/193] C_Clamps/C_Clamps_06: ok (4.2s) — 9 bodies
[60/193] C_Clamps/C_Clamps_07: error (69.9s) — 0 bodies
[61/193] C_Clamps/C_Clamps_08: ok (5.9s) — 2 bodies
[62/193] C_Clamps/C_Clamps_09: ok (4.1s) — 9 bodies
[63/193] C_Clamps/C_Clamps_10: ok (7.1s) — 7 bodies
[64/193] C_Clamps/C_Clamps_11: ok (123.5s) — 2 bodies
[65/193] C_Clamps/C_Clamps_12: ok (38.0s) — 5 bodies
[66/193] C_Clamps/C_Clamps_13: ok (112.2s) — 6 bodies
[67/193] C_Clamps/C_Clamps_14: ok (93.2s) — 4 bodies
[68/193] C_Clamps/C_Clamps_15: ok (5.9s) — 4 bodies
[69/193] C_Clamps/C_Clamps_16: ok (5.3s) — 10 bodies
[70/193] C_Clamps/C_Clamps_18: error (15.8s) — 0 bodies
[71/193] C_Clamps/C_Clamps_19: ok (4.8s) — 6 bodies
[72/193] C_Clamps/C_Clamps_20: ok (4.1s) — 2 bodies
/Users/mbp/Documents/MTECH/Sem4/Individual_project/AI_Assisted_3D_Assembly_Design/AI-Assisted-3D-Assembly-Design/.venv/lib/python3.12/site-packages/trimesh/triangles.py:550: RuntimeWarning: divide by zero encountered in divide
  inverse_denominator = 1.0 / (dot00 * dot11 - dot01 * dot01)
/Users/mbp/Documents/MTECH/Sem4/Individual_project/AI_Assisted_3D_Assembly_Design/AI-Assisted-3D-Assembly-Design/.venv/lib/python3.12/site-packages/trimesh/triangles.py:555: RuntimeWarning: invalid value encountered in subtract
  barycentric[:, 0] = 1 - barycentric[:, 1] - barycentric[:, 2]
[73/193] C_Clamps/C_Clamps_21: ok (101.1s) — 6 bodies
[74/193] C_Clamps/C_Clamps_22: ok (6.0s) — 7 bodies
[75/193] C_Clamps/C_Clamps_23: ok (8.5s) — 16 bodies
[76/193] C_Clamps/C_Clamps_26: ok (6.4s) — 11 bodies
[77/193] C_Clamps/C_Clamps_28: error (55.8s) — 0 bodies
[78/193] C_Clamps/C_Clamps_29: ok (11.3s) — 7 bodies
[79/193] C_Clamps/C_Clamps_31: ok (12.2s) — 6 bodies
[80/193] C_Clamps/C_Clamps_32: error (6.9s) — 0 bodies
[81/193] C_Clamps/C_Clamps_33: ok (4.7s) — 9 bodies
[82/193] C_Clamps/C_Clamps_36: ok (3.6s) — 5 bodies
[83/193] C_Clamps/C_Clamps_37: ok (5.7s) — 5 bodies
[84/193] C_Clamps/C_Clamps_38: ok (9.8s) — 8 bodies
[85/193] C_Clamps/C_Clamps_40: error (22.6s) — 0 bodies
[86/193] Crane_hook/Crane_Hook_01: ok (6.3s) — 33 bodies
[87/193] Crane_hook/Crane_Hook_02: ok (9.1s) — 35 bodies
[88/193] Crane_hook/Crane_Hook_04: ok (96.6s) — 44 bodies
[89/193] Crane_hook/Crane_Hook_05: ok (6.9s) — 15 bodies
[90/193] Crane_hook/Crane_Hook_06: ok (92.0s) — 20 bodies
[91/193] Crane_hook/Crane_Hook_07: error (8.2s) — 0 bodies
[92/193] Crane_hook/Crane_Hook_09: ok (42.7s) — 28 bodies
[93/193] Crane_hook/Crane_Hook_10: ok (8.6s) — 46 bodies
[94/193] Crane_hook/Crane_Hook_11: ok (7.7s) — 19 bodies
[95/193] Crane_hook/Crane_Hook_12: ok (6.3s) — 53 bodies
[96/193] Crane_hook/Crane_Hook_13: error (9.1s) — 0 bodies
[97/193] Crane_hook/Crane_Hook_15: ok (10.7s) — 86 bodies
[98/193] Crane_hook/Crane_Hook_17: ok (6.7s) — 49 bodies
[99/193] Crane_hook/Crane_Hook_21: error (9.0s) — 0 bodies
[100/193] Crane_hook/Crane_Hook_22: error (222.8s) — 0 bodies
[101/193] Crane_hook/Crane_Hook_23: error (84.1s) — 0 bodies
[102/193] Gate_Valve/Gate_Valve_02: ok (11.9s) — 4 bodies
[103/193] Gate_Valve/Gate_Valve_03: timeout (1014.7s) — 0 bodies
[104/193] Gate_Valve/Gate_Valve_04: ok (62.2s) — 63 bodies
[105/193] Gate_Valve/Gate_Valve_05: timeout (982.4s) — 0 bodies
[106/193] Gate_Valve/Gate_Valve_06: ok (35.6s) — 41 bodies
[107/193] Gate_Valve/Gate_Valve_07: timeout (961.3s) — 0 bodies
[108/193] Gate_Valve/Gate_Valve_10: timeout (582.5s) — 0 bodies
[109/193] Gate_Valve/Gate_Valve_11: timeout (954.3s) — 0 bodies
[110/193] Gate_Valve/Gate_Valve_12: ok (93.2s) — 137 bodies
[111/193] Gate_Valve/Gate_Valve_14: ok (136.2s) — 59 bodies
[112/193] Gate_Valve/Gate_Valve_15: timeout (379.1s) — 0 bodies
[113/193] Gate_Valve/Gate_Valve_23: error (15.4s) — 0 bodies
[114/193] Gate_Valve/Gate_Valve_24: timeout (932.3s) — 0 bodies
[115/193] Gate_Valve/Gate_Valve_25: ok (7.5s) — 22 bodies
[116/193] Gate_Valve/Gate_Valve_27: ok (7.1s) — 5 bodies
[117/193] Gate_Valve/Gate_Valve_31: timeout (1014.5s) — 0 bodies
[118/193] Gate_Valve/Gate_Valve_34: ok (985.2s) — 62 bodies
[119/193] Gate_Valve/Gate_Valve_35: timeout (597.4s) — 0 bodies
[120/193] Gate_Valve/Gate_Valve_36: error (20.0s) — 0 bodies
[121/193] Gate_Valve/Gate_Valve_37: ok (8.3s) — 2 bodies
/Users/mbp/Documents/MTECH/Sem4/Individual_project/AI_Assisted_3D_Assembly_Design/AI-Assisted-3D-Assembly-Design/.venv/lib/python3.12/site-packages/trimesh/triangles.py:550: RuntimeWarning: divide by zero encountered in divide
  inverse_denominator = 1.0 / (dot00 * dot11 - dot01 * dot01)
/Users/mbp/Documents/MTECH/Sem4/Individual_project/AI_Assisted_3D_Assembly_Design/AI-Assisted-3D-Assembly-Design/.venv/lib/python3.12/site-packages/trimesh/triangles.py:554: RuntimeWarning: invalid value encountered in multiply
  barycentric[:, 1] = (dot11 * dot02 - dot01 * dot12) * inverse_denominator
/Users/mbp/Documents/MTECH/Sem4/Individual_project/AI_Assisted_3D_Assembly_Design/AI-Assisted-3D-Assembly-Design/.venv/lib/python3.12/site-packages/trimesh/triangles.py:555: RuntimeWarning: invalid value encountered in subtract
  barycentric[:, 0] = 1 - barycentric[:, 1] - barycentric[:, 2]
[122/193] Gate_Valve/Gate_Valve_38: ok (45.2s) — 176 bodies
[123/193] Pipe_vice/Pipe_Vice_01: ok (7.1s) — 10 bodies
[124/193] Pipe_vice/Pipe_Vice_03: ok (5.0s) — 6 bodies
[125/193] Pipe_vice/Pipe_Vice_04: ok (3.6s) — 6 bodies
[126/193] Pipe_vice/Pipe_Vice_07: timeout (1055.7s) — 0 bodies
[127/193] Pipe_vice/Pipe_Vice_08: ok (9.3s) — 5 bodies
[128/193] Pipe_vice/Pipe_Vice_09: ok (4.9s) — 7 bodies
[129/193] Pipe_vice/Pipe_Vice_10: ok (4.4s) — 11 bodies
[130/193] Pipe_vice/Pipe_Vice_11: error (74.5s) — 0 bodies
[131/193] Pipe_vice/Pipe_Vice_14: ok (5.2s) — 10 bodies
[132/193] Pipe_vice/Pipe_Vice_15: ok (5.0s) — 6 bodies
[133/193] Pipe_vice/Pipe_Vice_16: ok (20.6s) — 21 bodies
[134/193] Pipe_vice/Pipe_Vice_17: error (16.0s) — 0 bodies
[135/193] Pipe_vice/Pipe_Vice_19: ok (5.1s) — 16 bodies
[136/193] Pipe_vice/Pipe_Vice_20: ok (19.8s) — 20 bodies
[137/193] Pipe_vice/Pipe_Vice_21: ok (5.6s) — 3 bodies
[138/193] Pipe_vice/Pipe_Vice_22: ok (3.8s) — 8 bodies
[139/193] Pipe_vice/Pipe_Vice_23: error (108.3s) — 0 bodies
[140/193] Pipe_vice/Pipe_Vice_24: ok (12.8s) — 10 bodies
[141/193] Pipe_vice/Pipe_Vice_25: ok (5.1s) — 16 bodies
[142/193] Pipe_vice/Pipe_Vice_27: ok (5.9s) — 17 bodies
[143/193] Pipe_vice/Pipe_Vice_28: ok (5.0s) — 7 bodies
[144/193] Pipe_vice/Pipe_Vice_29: ok (4.1s) — 6 bodies
[145/193] Pipe_vice/Pipe_Vice_30: ok (7.3s) — 6 bodies
[146/193] Pipe_vice/Pipe_Vice_31: ok (27.0s) — 7 bodies
[147/193] Pipe_vice/Pipe_Vice_32: ok (10.5s) — 9 bodies
[148/193] Pipe_vice/Pipe_Vice_33: ok (5.3s) — 6 bodies
[149/193] Pipe_vice/Pipe_Vice_35: error (5.2s) — 0 bodies
[150/193] Pipe_vice/Pipe_Vice_36: ok (6.8s) — 7 bodies
Python(15690) MallocStackLogging: can't turn off malloc stack logging because it was not enabled.
[151/193] Pipe_vice/Pipe_Vice_37: ok (6.4s) — 8 bodies
Python(15691) MallocStackLogging: can't turn off malloc stack logging because it was not enabled.
[152/193] Pipe_vice/Pipe_Vice_38: ok (11.4s) — 10 bodies
Python(15700) MallocStackLogging: can't turn off malloc stack logging because it was not enabled.
[153/193] Pipe_vice/Pipe_Vice_40: error (9.9s) — 0 bodies
Python(15702) MallocStackLogging: can't turn off malloc stack logging because it was not enabled.
[154/193] Pipe_vice/Pipe_Vice_41: ok (5.5s) — 5 bodies
Python(15720) MallocStackLogging: can't turn off malloc stack logging because it was not enabled.
[155/193] Pipe_vice/Pipe_Vice_42: ok (3.9s) — 6 bodies
Python(15721) MallocStackLogging: can't turn off malloc stack logging because it was not enabled.
[156/193] Pipe_vice/Pipe_Vice_43: ok (4.6s) — 15 bodies
Python(15724) MallocStackLogging: can't turn off malloc stack logging because it was not enabled.
[157/193] Pipe_vice/Pipe_Vice_44: error (124.6s) — 0 bodies
Python(15753) MallocStackLogging: can't turn off malloc stack logging because it was not enabled.
[158/193] Pipe_vice/Pipe_Vice_45: timeout (300.1s) — 0 bodies
Python(15937) MallocStackLogging: can't turn off malloc stack logging because it was not enabled.
[159/193] Pipe_vice/Pipe_Vice_46: ok (19.0s) — 6 bodies
Python(15971) MallocStackLogging: can't turn off malloc stack logging because it was not enabled.
[160/193] Pipe_vice/Pipe_Vice_48: ok (13.9s) — 8 bodies
Python(15998) MallocStackLogging: can't turn off malloc stack logging because it was not enabled.
[161/193] Pipe_vice/Pipe_Vice_49: error (185.8s) — 0 bodies
Python(16122) MallocStackLogging: can't turn off malloc stack logging because it was not enabled.
[162/193] Pipe_vice/Pipe_Vice_50: ok (9.3s) — 8 bodies
Python(16137) MallocStackLogging: can't turn off malloc stack logging because it was not enabled.
[163/193] Pipe_vice/Pipe_Vice_51: ok (11.1s) — 6 bodies
Python(16138) MallocStackLogging: can't turn off malloc stack logging because it was not enabled.
[164/193] Pipe_vice/Pipe_Vice_53: ok (15.7s) — 5 bodies
Python(16140) MallocStackLogging: can't turn off malloc stack logging because it was not enabled.
[165/193] Press_Tool/Press_Tool_02: ok (10.2s) — 10 bodies
Python(16141) MallocStackLogging: can't turn off malloc stack logging because it was not enabled.
[166/193] Press_Tool/Press_Tool_04: ok (16.8s) — 98 bodies
Python(16172) MallocStackLogging: can't turn off malloc stack logging because it was not enabled.
[167/193] Press_Tool/Press_Tool_05: ok (9.9s) — 14 bodies
Python(16187) MallocStackLogging: can't turn off malloc stack logging because it was not enabled.
[168/193] Press_Tool/Press_Tool_06: ok (11.8s) — 10 bodies
Python(16188) MallocStackLogging: can't turn off malloc stack logging because it was not enabled.
[169/193] Press_Tool/Press_Tool_07: ok (13.9s) — 170 bodies
Python(16189) MallocStackLogging: can't turn off malloc stack logging because it was not enabled.
[170/193] Press_Tool/Press_Tool_08: timeout (300.1s) — 0 bodies
Python(16428) MallocStackLogging: can't turn off malloc stack logging because it was not enabled.
[171/193] Press_Tool/Press_Tool_09: ok (44.8s) — 89 bodies
Python(16465) MallocStackLogging: can't turn off malloc stack logging because it was not enabled.
[172/193] Press_Tool/Press_Tool_10: ok (164.0s) — 143 bodies
Python(16653) MallocStackLogging: can't turn off malloc stack logging because it was not enabled.
[173/193] Press_Tool/Press_Tool_12: error (83.8s) — 0 bodies
Python(16764) MallocStackLogging: can't turn off malloc stack logging because it was not enabled.
[174/193] Press_Tool/Press_Tool_13: ok (19.7s) — 10 bodies
Python(16790) MallocStackLogging: can't turn off malloc stack logging because it was not enabled.
[175/193] Press_Tool/Press_Tool_14: ok (12.3s) — 10 bodies
Python(16814) MallocStackLogging: can't turn off malloc stack logging because it was not enabled.
[176/193] Press_Tool/Press_Tool_15: ok (12.6s) — 10 bodies
Python(16826) MallocStackLogging: can't turn off malloc stack logging because it was not enabled.
[177/193] Press_Tool/Press_Tool_16: ok (17.4s) — 10 bodies
Python(16852) MallocStackLogging: can't turn off malloc stack logging because it was not enabled.
[178/193] Press_Tool/Press_Tool_17: ok (8.8s) — 10 bodies
Python(16868) MallocStackLogging: can't turn off malloc stack logging because it was not enabled.
[179/193] Press_Tool/Press_Tool_18: ok (16.2s) — 8 bodies
Python(16901) MallocStackLogging: can't turn off malloc stack logging because it was not enabled.
[180/193] Press_Tool/Press_Tool_19: ok (29.0s) — 37 bodies
Python(16968) MallocStackLogging: can't turn off malloc stack logging because it was not enabled.
[181/193] Press_Tool/Press_Tool_21: error (10.9s) — 0 bodies
Python(16972) MallocStackLogging: can't turn off malloc stack logging because it was not enabled.
[182/193] Press_Tool/Press_Tool_23: ok (11.0s) — 10 bodies
Python(16976) MallocStackLogging: can't turn off malloc stack logging because it was not enabled.
[183/193] Press_Tool/Press_Tool_24: ok (15.3s) — 10 bodies
Python(16977) MallocStackLogging: can't turn off malloc stack logging because it was not enabled.
[184/193] Press_Tool/Press_Tool_25: ok (8.7s) — 14 bodies
Python(16978) MallocStackLogging: can't turn off malloc stack logging because it was not enabled.
[185/193] Press_Tool/Press_Tool_26: ok (45.7s) — 16 bodies
Python(17105) MallocStackLogging: can't turn off malloc stack logging because it was not enabled.
[186/193] Tool_Post/Tool_Post_01: ok (19.5s) — 31 bodies
Python(17122) MallocStackLogging: can't turn off malloc stack logging because it was not enabled.
[187/193] Tool_Post/Tool_Post_02: error (261.3s) — 0 bodies
Python(17455) MallocStackLogging: can't turn off malloc stack logging because it was not enabled.
[188/193] Tool_Post/Tool_Post_05: ok (144.0s) — 54 bodies
Python(17655) MallocStackLogging: can't turn off malloc stack logging because it was not enabled.
[189/193] Tool_Post/Tool_Post_08: ok (12.3s) — 15 bodies
Python(17663) MallocStackLogging: can't turn off malloc stack logging because it was not enabled.
[190/193] Tool_Post/Tool_Post_10: ok (26.7s) — 50 bodies
Python(17668) MallocStackLogging: can't turn off malloc stack logging because it was not enabled.
[191/193] Tool_Post/Tool_Post_13: ok (14.2s) — 27 bodies
Python(17698) MallocStackLogging: can't turn off malloc stack logging because it was not enabled.
[192/193] Tool_Post/Tool_Post_14: ok (15.1s) — 24 bodies
Python(17707) MallocStackLogging: can't turn off malloc stack logging because it was not enabled.
[193/193] Tool_Post/Tool_Post_17: ok (55.4s) — 31 bodies

Wrote 3480 parts from 193 assemblies in 14899s
Wrote data/part_bank/index.json
DONE
