Building part bank from 284 assemblies under ../Source_3d_models/Best_models_for_training …
[1/284] Bench_vice/Bench_Vice_02: ok (4.9s) — 26 bodies
[2/284] Bench_vice/Bench_Vice_03: ok (4.5s) — 18 bodies
[3/284] Bench_vice/Bench_Vice_04: ok (5.4s) — 47 bodies
[4/284] Bench_vice/Bench_Vice_06: ok (8.6s) — 16 bodies
[5/284] Bench_vice/Bench_Vice_07: ok (3.6s) — 12 bodies
[6/284] Bench_vice/Bench_Vice_08: error (27.3s) — 0 bodies
[7/284] Bench_vice/Bench_Vice_09: error (3.7s) — 0 bodies
[8/284] Bench_vice/Bench_Vice_11: ok (5.1s) — 20 bodies
[9/284] Bench_vice/Bench_Vice_12: ok (6.6s) — 31 bodies
[10/284] Bench_vice/Bench_Vice_13: ok (4.5s) — 27 bodies
[11/284] Bench_vice/Bench_Vice_14: ok (4.3s) — 24 bodies
[12/284] Bench_vice/Bench_Vice_17: ok (4.8s) — 25 bodies
[13/284] Bench_vice/Bench_Vice_18: error (4.3s) — 0 bodies
[14/284] Bench_vice/Bench_Vice_20: ok (12.0s) — 21 bodies
[15/284] Bench_vice/Bench_Vice_21: ok (3.4s) — 12 bodies
[16/284] Bench_vice/Bench_Vice_22: error (3.7s) — 0 bodies
[17/284] Bench_vice/Bench_Vice_23: ok (3.7s) — 27 bodies
[18/284] Bench_vice/Bench_Vice_26: error (54.4s) — 0 bodies
[19/284] Bench_vice/Bench_Vice_27: ok (5.5s) — 10 bodies
[20/284] Bench_vice/Bench_Vice_28: ok (4.5s) — 46 bodies
[21/284] Bench_vice/Bench_Vice_31: ok (3.9s) — 20 bodies
[22/284] Bench_vice/Bench_Vice_34: ok (4.8s) — 23 bodies
[23/284] Bench_vice/Bench_Vice_38: ok (3.8s) — 20 bodies
[24/284] Bench_vice/Bench_Vice_39: ok (5.0s) — 14 bodies
[25/284] Bench_vice/Bench_Vice_41: error (3.7s) — 0 bodies
[26/284] Bench_vice/Bench_Vice_42: error (35.6s) — 0 bodies
[27/284] Bench_vice/Bench_Vice_43: ok (5.8s) — 16 bodies
[28/284] Bench_vice/Bench_Vice_45: ok (11.1s) — 25 bodies
[29/284] Bench_vice/Bench_Vice_46: error (4.5s) — 0 bodies
[30/284] Bench_vice/Bench_Vice_47: ok (17.7s) — 21 bodies
/Users/mbp/Documents/MTECH/Sem4/Individual_project/AI_Assisted_3D_Assembly_Design/AI-Assisted-3D-Assembly-Design/.venv/lib/python3.12/site-packages/trimesh/triangles.py:550: RuntimeWarning: divide by zero encountered in divide
  inverse_denominator = 1.0 / (dot00 * dot11 - dot01 * dot01)
/Users/mbp/Documents/MTECH/Sem4/Individual_project/AI_Assisted_3D_Assembly_Design/AI-Assisted-3D-Assembly-Design/.venv/lib/python3.12/site-packages/trimesh/triangles.py:554: RuntimeWarning: invalid value encountered in multiply
  barycentric[:, 1] = (dot11 * dot02 - dot01 * dot12) * inverse_denominator
/Users/mbp/Documents/MTECH/Sem4/Individual_project/AI_Assisted_3D_Assembly_Design/AI-Assisted-3D-Assembly-Design/.venv/lib/python3.12/site-packages/trimesh/triangles.py:555: RuntimeWarning: invalid value encountered in subtract
  barycentric[:, 0] = 1 - barycentric[:, 1] - barycentric[:, 2]
[31/284] Bench_vice/Bench_Vice_50: ok (82.7s) — 31 bodies
[32/284] Bench_vice/Bench_Vice_51: ok (3.7s) — 13 bodies
[33/284] Bench_vice/Bench_Vice_52: ok (66.1s) — 57 bodies
[34/284] Bench_vice/Bench_Vice_53: ok (4.2s) — 27 bodies
[35/284] Bench_vice/Bench_Vice_58: ok (4.6s) — 6 bodies
[36/284] Bench_vice/Bench_Vice_59: ok (14.2s) — 97 bodies
[37/284] Bench_vice/Bench_Vice_60: error (15.4s) — 0 bodies
[38/284] Bench_vice/Bench_Vice_61: error (4.5s) — 0 bodies
[39/284] Bench_vice/Bench_Vice_65: ok (4.4s) — 28 bodies
[40/284] Bench_vice/Bench_Vice_66: ok (9.8s) — 26 bodies
[41/284] Bench_vice/Bench_Vice_67: ok (4.0s) — 26 bodies
[42/284] Bench_vice/Bench_Vice_68: ok (5.5s) — 24 bodies
[43/284] Bench_vice/Bench_Vice_69: ok (4.2s) — 22 bodies
[44/284] Bench_vice/Bench_Vice_72: ok (3.9s) — 25 bodies
[45/284] Bench_vice/Bench_Vice_73: ok (3.0s) — 2 bodies
[46/284] Bench_vice/Bench_Vice_74: ok (4.8s) — 15 bodies
[47/284] Bench_vice/Bench_Vice_75: ok (14.6s) — 33 bodies
[48/284] Bench_vice/Bench_Vice_76: ok (5.9s) — 37 bodies
[49/284] Bench_vice/Bench_Vice_77: error (6.8s) — 0 bodies
[50/284] Bench_vice/Bench_Vice_78: ok (5.1s) — 35 bodies
[51/284] Bench_vice/Bench_Vice_79: ok (77.1s) — 19 bodies
[52/284] Bench_vice/Bench_Vice_80: ok (4.5s) — 16 bodies
[53/284] Bench_vice/Bench_Vice_81: ok (5.6s) — 36 bodies
[54/284] Bench_vice/Bench_Vice_82: ok (6.9s) — 41 bodies
[55/284] C_Clamps/C_Clamps_01: error (22.3s) — 0 bodies
[56/284] C_Clamps/C_Clamps_03: error (45.2s) — 0 bodies
[57/284] C_Clamps/C_Clamps_04: ok (3.9s) — 10 bodies
[58/284] C_Clamps/C_Clamps_05: error (3.3s) — 0 bodies
[59/284] C_Clamps/C_Clamps_06: ok (4.0s) — 9 bodies
[60/284] C_Clamps/C_Clamps_07: error (60.5s) — 0 bodies
[61/284] C_Clamps/C_Clamps_08: ok (3.9s) — 2 bodies
[62/284] C_Clamps/C_Clamps_09: ok (3.8s) — 9 bodies
[63/284] C_Clamps/C_Clamps_10: ok (4.6s) — 7 bodies
[64/284] C_Clamps/C_Clamps_11: ok (111.6s) — 2 bodies
[65/284] C_Clamps/C_Clamps_12: ok (35.9s) — 5 bodies
[66/284] C_Clamps/C_Clamps_13: ok (96.6s) — 6 bodies
[67/284] C_Clamps/C_Clamps_14: ok (77.6s) — 4 bodies
[68/284] C_Clamps/C_Clamps_15: ok (3.1s) — 4 bodies
[69/284] C_Clamps/C_Clamps_16: ok (3.5s) — 10 bodies
[70/284] C_Clamps/C_Clamps_18: error (13.5s) — 0 bodies
[71/284] C_Clamps/C_Clamps_19: ok (3.2s) — 6 bodies
[72/284] C_Clamps/C_Clamps_20: ok (3.5s) — 2 bodies
[73/284] C_Clamps/C_Clamps_21: timeout (959.8s) — 0 bodies
[74/284] C_Clamps/C_Clamps_22: ok (3.8s) — 7 bodies
[75/284] C_Clamps/C_Clamps_23: ok (6.3s) — 16 bodies
[76/284] C_Clamps/C_Clamps_26: ok (4.1s) — 11 bodies
[77/284] C_Clamps/C_Clamps_28: timeout (941.8s) — 0 bodies
[78/284] C_Clamps/C_Clamps_29: ok (9.0s) — 7 bodies
[79/284] C_Clamps/C_Clamps_31: ok (7.7s) — 6 bodies
[80/284] C_Clamps/C_Clamps_32: error (3.8s) — 0 bodies
[81/284] C_Clamps/C_Clamps_33: ok (3.7s) — 9 bodies
[82/284] C_Clamps/C_Clamps_36: ok (3.3s) — 5 bodies
[83/284] C_Clamps/C_Clamps_37: ok (4.3s) — 5 bodies
[84/284] C_Clamps/C_Clamps_38: ok (8.0s) — 8 bodies
[85/284] C_Clamps/C_Clamps_40: timeout (938.0s) — 0 bodies
[86/284] Crane_hook/Crane_Hook_01: ok (5.3s) — 33 bodies
[87/284] Crane_hook/Crane_Hook_02: ok (6.5s) — 35 bodies
[88/284] Crane_hook/Crane_Hook_04: timeout (946.2s) — 0 bodies
[89/284] Crane_hook/Crane_Hook_05: ok (4.5s) — 15 bodies
[90/284] Crane_hook/Crane_Hook_06: timeout (943.0s) — 0 bodies
[91/284] Crane_hook/Crane_Hook_07: error (5.1s) — 0 bodies
[92/284] Crane_hook/Crane_Hook_09: ok (36.9s) — 28 bodies
[93/284] Crane_hook/Crane_Hook_10: ok (5.1s) — 46 bodies
[94/284] Crane_hook/Crane_Hook_11: timeout (879.0s) — 0 bodies
[95/284] Crane_hook/Crane_Hook_12: ok (5.3s) — 53 bodies
[96/284] Crane_hook/Crane_Hook_13: error (3.7s) — 0 bodies
[97/284] Crane_hook/Crane_Hook_15: ok (8.5s) — 86 bodies
[98/284] Crane_hook/Crane_Hook_17: ok (5.3s) — 49 bodies
[99/284] Crane_hook/Crane_Hook_21: error (5.0s) — 0 bodies
[100/284] Crane_hook/Crane_Hook_22: timeout (996.4s) — 0 bodies
[101/284] Crane_hook/Crane_Hook_23: timeout (949.7s) — 0 bodies
[102/284] Gate_Valve/Gate_Valve_02: ok (5.5s) — 4 bodies
[103/284] Gate_Valve/Gate_Valve_03: ok (30.1s) — 40 bodies
[104/284] Gate_Valve/Gate_Valve_04: ok (133.7s) — 63 bodies
[105/284] Gate_Valve/Gate_Valve_05: ok (22.4s) — 87 bodies
[106/284] Gate_Valve/Gate_Valve_06: ok (30.0s) — 41 bodies
[107/284] Gate_Valve/Gate_Valve_07: timeout (904.1s) — 0 bodies
[108/284] Gate_Valve/Gate_Valve_10: timeout (546.0s) — 0 bodies
[109/284] Gate_Valve/Gate_Valve_11: timeout (668.5s) — 0 bodies
[110/284] Gate_Valve/Gate_Valve_12: timeout (1225.2s) — 0 bodies
[111/284] Gate_Valve/Gate_Valve_14: ok (35.4s) — 59 bodies
[112/284] Gate_Valve/Gate_Valve_15: timeout (578.2s) — 0 bodies
[113/284] Gate_Valve/Gate_Valve_23: error (9.7s) — 0 bodies
[114/284] Gate_Valve/Gate_Valve_24: error (35.9s) — 0 bodies
[115/284] Gate_Valve/Gate_Valve_25: timeout (910.7s) — 0 bodies
[116/284] Gate_Valve/Gate_Valve_27: ok (5.7s) — 5 bodies
[117/284] Gate_Valve/Gate_Valve_31: ok (30.8s) — 4 bodies
[118/284] Gate_Valve/Gate_Valve_34: ok (184.4s) — 62 bodies
[119/284] Gate_Valve/Gate_Valve_35: timeout (978.8s) — 0 bodies
[120/284] Gate_Valve/Gate_Valve_36: error (15.3s) — 0 bodies
[121/284] Gate_Valve/Gate_Valve_37: ok (5.0s) — 2 bodies
[122/284] Gate_Valve/Gate_Valve_38: timeout (940.9s) — 0 bodies
[123/284] Pipe_vice/Pipe_Vice_01: ok (3.7s) — 10 bodies
[124/284] Pipe_vice/Pipe_Vice_03: ok (3.4s) — 6 bodies
[125/284] Pipe_vice/Pipe_Vice_04: ok (3.4s) — 6 bodies
[126/284] Pipe_vice/Pipe_Vice_07: timeout (1009.7s) — 0 bodies
[127/284] Pipe_vice/Pipe_Vice_08: ok (3.6s) — 5 bodies
[128/284] Pipe_vice/Pipe_Vice_09: ok (3.6s) — 7 bodies
[129/284] Pipe_vice/Pipe_Vice_10: ok (4.1s) — 11 bodies
[130/284] Pipe_vice/Pipe_Vice_11: timeout (654.9s) — 0 bodies
[131/284] Pipe_vice/Pipe_Vice_14: ok (3.5s) — 10 bodies
[132/284] Pipe_vice/Pipe_Vice_15: ok (3.4s) — 6 bodies
[133/284] Pipe_vice/Pipe_Vice_16: ok (17.6s) — 21 bodies
[134/284] Pipe_vice/Pipe_Vice_17: error (11.7s) — 0 bodies
[135/284] Pipe_vice/Pipe_Vice_19: ok (3.5s) — 16 bodies
[136/284] Pipe_vice/Pipe_Vice_20: timeout (439.3s) — 0 bodies
[137/284] Pipe_vice/Pipe_Vice_21: ok (3.2s) — 3 bodies
[138/284] Pipe_vice/Pipe_Vice_22: ok (3.3s) — 8 bodies
[139/284] Pipe_vice/Pipe_Vice_23: timeout (969.1s) — 0 bodies
[140/284] Pipe_vice/Pipe_Vice_24: ok (7.8s) — 10 bodies
[141/284] Pipe_vice/Pipe_Vice_25: ok (3.7s) — 16 bodies
[142/284] Pipe_vice/Pipe_Vice_27: ok (4.6s) — 17 bodies
[143/284] Pipe_vice/Pipe_Vice_28: ok (3.7s) — 7 bodies
[144/284] Pipe_vice/Pipe_Vice_29: ok (3.5s) — 6 bodies
[145/284] Pipe_vice/Pipe_Vice_30: ok (3.5s) — 6 bodies
[146/284] Pipe_vice/Pipe_Vice_31: ok (287.9s) — 7 bodies
[147/284] Pipe_vice/Pipe_Vice_32: ok (8.2s) — 9 bodies
[148/284] Pipe_vice/Pipe_Vice_33: ok (3.4s) — 6 bodies
[149/284] Pipe_vice/Pipe_Vice_35: error (3.4s) — 0 bodies
[150/284] Pipe_vice/Pipe_Vice_36: ok (3.4s) — 7 bodies
[151/284] Pipe_vice/Pipe_Vice_37: ok (3.4s) — 8 bodies
[152/284] Pipe_vice/Pipe_Vice_38: ok (7.0s) — 10 bodies
[153/284] Pipe_vice/Pipe_Vice_40: error (7.3s) — 0 bodies
[154/284] Pipe_vice/Pipe_Vice_41: ok (3.3s) — 5 bodies
[155/284] Pipe_vice/Pipe_Vice_42: ok (3.3s) — 6 bodies
[156/284] Pipe_vice/Pipe_Vice_43: ok (3.5s) — 15 bodies
[157/284] Pipe_vice/Pipe_Vice_44: error (140.0s) — 0 bodies
[158/284] Pipe_vice/Pipe_Vice_45: timeout (300.2s) — 0 bodies
[159/284] Pipe_vice/Pipe_Vice_46: ok (3.6s) — 6 bodies
[160/284] Pipe_vice/Pipe_Vice_48: ok (6.5s) — 8 bodies
[161/284] Pipe_vice/Pipe_Vice_49: timeout (400.2s) — 0 bodies
[162/284] Pipe_vice/Pipe_Vice_50: ok (3.7s) — 8 bodies
[163/284] Pipe_vice/Pipe_Vice_51: ok (5.0s) — 6 bodies
[164/284] Pipe_vice/Pipe_Vice_53: ok (4.4s) — 5 bodies
[165/284] Press_Tool/Press_Tool_02: ok (4.5s) — 10 bodies
[166/284] Press_Tool/Press_Tool_04: ok (8.1s) — 98 bodies
[167/284] Press_Tool/Press_Tool_05: ok (3.6s) — 14 bodies
[168/284] Press_Tool/Press_Tool_06: ok (3.5s) — 10 bodies
[169/284] Press_Tool/Press_Tool_07: ok (6.3s) — 170 bodies
[170/284] Press_Tool/Press_Tool_08: timeout (749.6s) — 0 bodies
[171/284] Press_Tool/Press_Tool_09: ok (15.2s) — 89 bodies
[172/284] Press_Tool/Press_Tool_10: timeout (459.7s) — 0 bodies
[173/284] Press_Tool/Press_Tool_12: error (32.1s) — 0 bodies
[174/284] Press_Tool/Press_Tool_13: ok (3.5s) — 10 bodies
[175/284] Press_Tool/Press_Tool_14: ok (3.3s) — 10 bodies
[176/284] Press_Tool/Press_Tool_15: ok (3.3s) — 10 bodies
[177/284] Press_Tool/Press_Tool_16: ok (3.3s) — 10 bodies
[178/284] Press_Tool/Press_Tool_17: timeout (678.5s) — 0 bodies
[179/284] Press_Tool/Press_Tool_18: ok (7.2s) — 8 bodies
[180/284] Press_Tool/Press_Tool_19: ok (12.6s) — 37 bodies
[181/284] Press_Tool/Press_Tool_21: error (4.6s) — 0 bodies
[182/284] Press_Tool/Press_Tool_23: ok (3.8s) — 10 bodies
[183/284] Press_Tool/Press_Tool_24: ok (3.4s) — 10 bodies
[184/284] Press_Tool/Press_Tool_25: ok (3.4s) — 14 bodies
[185/284] Press_Tool/Press_Tool_26: timeout (501.4s) — 0 bodies
[186/284] Tool_Post/Tool_Post_01: ok (4.8s) — 31 bodies
[187/284] Tool_Post/Tool_Post_02: timeout (849.6s) — 0 bodies
[188/284] Tool_Post/Tool_Post_05: timeout (1019.5s) — 0 bodies
[189/284] Tool_Post/Tool_Post_08: ok (5.0s) — 15 bodies
[190/284] Tool_Post/Tool_Post_10: ok (11.1s) — 50 bodies
[191/284] Tool_Post/Tool_Post_13: ok (3.9s) — 27 bodies
[192/284] Tool_Post/Tool_Post_14: ok (4.2s) — 24 bodies
[193/284] Tool_Post/Tool_Post_17: ok (18.7s) — 31 bodies
[194/284] rejected/Bench_vice: ok (4.4s) — 0 bodies
[195/284] rejected/Bench_vice: ok (4.1s) — 0 bodies
[196/284] rejected/Bench_vice: ok (3.7s) — 0 bodies
[197/284] rejected/Bench_vice: ok (3.4s) — 0 bodies
[198/284] rejected/Bench_vice: ok (4.4s) — 0 bodies
[199/284] rejected/Bench_vice: ok (3.3s) — 0 bodies
[200/284] rejected/Bench_vice: ok (4.5s) — 0 bodies
[201/284] rejected/Bench_vice: ok (3.8s) — 0 bodies
[202/284] rejected/Bench_vice: ok (3.2s) — 0 bodies
[203/284] rejected/Bench_vice: ok (3.8s) — 0 bodies
[204/284] rejected/Bench_vice: ok (2.9s) — 0 bodies
[205/284] rejected/Bench_vice: ok (2.9s) — 0 bodies
[206/284] rejected/Bench_vice: timeout (767.3s) — 0 bodies
[207/284] rejected/Bench_vice: ok (3.3s) — 0 bodies
[208/284] rejected/Bench_vice: ok (3.3s) — 0 bodies
[209/284] rejected/Bench_vice: ok (3.5s) — 0 bodies
[210/284] rejected/Bench_vice: ok (9.6s) — 13 bodies
[211/284] rejected/Bench_vice: ok (3.5s) — 0 bodies
[212/284] rejected/Bench_vice: ok (3.6s) — 0 bodies
[213/284] rejected/Bench_vice: ok (4.2s) — 0 bodies
[214/284] rejected/Bench_vice: ok (23.8s) — 0 bodies
[215/284] rejected/Bench_vice: ok (2.9s) — 0 bodies
[216/284] rejected/Bench_vice: ok (4.2s) — 0 bodies
[217/284] rejected/Bench_vice: ok (138.2s) — 1 bodies
[218/284] rejected/Bench_vice: ok (3.6s) — 0 bodies
[219/284] rejected/Bench_vice: ok (2.9s) — 0 bodies
[220/284] rejected/C_Clamps: ok (3.1s) — 0 bodies
[221/284] rejected/C_Clamps: ok (3.0s) — 0 bodies
[222/284] rejected/C_Clamps: ok (3.7s) — 0 bodies
[223/284] rejected/C_Clamps: ok (3.1s) — 0 bodies
[224/284] rejected/C_Clamps: ok (4.1s) — 0 bodies
[225/284] rejected/C_Clamps: ok (3.3s) — 0 bodies
[226/284] rejected/C_Clamps: ok (3.7s) — 0 bodies
[227/284] rejected/Crane_hook: timeout (310.3s) — 0 bodies
[228/284] rejected/Crane_hook: ok (3.6s) — 0 bodies
[229/284] rejected/Crane_hook: error (4.1s) — 0 bodies
[230/284] rejected/Crane_hook: ok (3.2s) — 0 bodies
[231/284] rejected/Crane_hook: timeout (665.2s) — 0 bodies
[232/284] rejected/Crane_hook: ok (18.2s) — 50 bodies
[233/284] rejected/Crane_hook: error (10.8s) — 0 bodies
[234/284] rejected/Crane_hook: ok (4.8s) — 0 bodies
[235/284] rejected/Crane_hook: timeout (356.9s) — 0 bodies
[236/284] rejected/Gate_Valve: ok (4.4s) — 0 bodies
[237/284] rejected/Gate_Valve: ok (3.6s) — 1 bodies
[238/284] rejected/Gate_Valve: ok (4.1s) — 1 bodies
[239/284] rejected/Gate_Valve: ok (3.6s) — 1 bodies
[240/284] rejected/Gate_Valve: error (212.6s) — 0 bodies
[241/284] rejected/Gate_Valve: timeout (757.8s) — 0 bodies
[242/284] rejected/Gate_Valve: ok (9.2s) — 0 bodies
[243/284] rejected/Pipe_vice: error (5.8s) — 0 bodies
[244/284] rejected/Pipe_vice: ok (3.3s) — 0 bodies
[245/284] rejected/Pipe_vice: ok (3.1s) — 0 bodies
[246/284] rejected/Pipe_vice: ok (3.1s) — 0 bodies
[247/284] rejected/Pipe_vice: ok (3.5s) — 0 bodies
[248/284] rejected/Pipe_vice: ok (3.2s) — 0 bodies
[249/284] rejected/Pipe_vice: ok (3.0s) — 0 bodies
[250/284] rejected/Pipe_vice: ok (3.6s) — 0 bodies
[251/284] rejected/Pipe_vice: ok (3.9s) — 0 bodies
[252/284] rejected/Pipe_vice: ok (4.4s) — 0 bodies
[253/284] rejected/Press_Tool: timeout (967.8s) — 0 bodies
[254/284] rejected/Press_Tool: ok (3.2s) — 0 bodies
[255/284] rejected/Press_Tool: ok (61.6s) — 210 bodies
[256/284] rejected/Press_Tool: ok (3.0s) — 0 bodies
[257/284] rejected/Tool_Post: ok (4.9s) — 0 bodies
[258/284] rejected/Tool_Post: error (5.7s) — 0 bodies
[259/284] rejected/Tool_Post: ok (3.7s) — 0 bodies
[260/284] slow_or_unstable/Bench_vice: timeout (300.1s) — 0 bodies
[261/284] slow_or_unstable/Bench_vice: timeout (300.1s) — 0 bodies
[262/284] slow_or_unstable/C_Clamps: timeout (527.9s) — 0 bodies
[263/284] slow_or_unstable/C_Clamps: timeout (1037.9s) — 0 bodies
[264/284] slow_or_unstable/Gate_Valve: timeout (1111.2s) — 0 bodies
[265/284] slow_or_unstable/Gate_Valve: timeout (983.0s) — 0 bodies
[266/284] slow_or_unstable/Gate_Valve: timeout (300.1s) — 0 bodies
[267/284] slow_or_unstable/Gate_Valve: timeout (300.0s) — 0 bodies
[268/284] slow_or_unstable/Gate_Valve: timeout (300.1s) — 0 bodies
[269/284] slow_or_unstable/Gate_Valve: timeout (300.1s) — 0 bodies
[270/284] slow_or_unstable/Gate_Valve: timeout (300.0s) — 0 bodies
[271/284] slow_or_unstable/Gate_Valve: timeout (300.2s) — 0 bodies
[272/284] slow_or_unstable/Gate_Valve: timeout (300.1s) — 0 bodies
[273/284] slow_or_unstable/Gate_Valve: timeout (300.1s) — 0 bodies
[274/284] slow_or_unstable/Gate_Valve: timeout (300.2s) — 0 bodies
[275/284] slow_or_unstable/Gate_Valve: timeout (300.2s) — 0 bodies
[276/284] slow_or_unstable/Pipe_vice: error (222.8s) — 0 bodies
[277/284] slow_or_unstable/Press_Tool: timeout (300.1s) — 0 bodies
[278/284] slow_or_unstable/Tool_Post: timeout (300.2s) — 0 bodies
[279/284] slow_or_unstable/Tool_Post: timeout (300.0s) — 0 bodies
[280/284] slow_or_unstable/Tool_Post: timeout (300.1s) — 0 bodies
[281/284] slow_or_unstable/Tool_Post: timeout (300.1s) — 0 bodies
[282/284] slow_or_unstable/Tool_Post: timeout (300.1s) — 0 bodies
[283/284] slow_or_unstable/Tool_Post: error (225.3s) — 0 bodies
[284/284] slow_or_unstable/Tool_Post: timeout (300.2s) — 0 bodies

Wrote 3221 parts from 284 assemblies in 41160s
Wrote data/part_bank/index.json
DONE
