Building part bank from 193 assemblies under ../Source_3d_models/Best_models_for_training …
[1/193] Bench_vice/Bench_Vice_02: ok (4.8s) — 26 bodies
[2/193] Bench_vice/Bench_Vice_03: ok (4.3s) — 18 bodies
[3/193] Bench_vice/Bench_Vice_04: ok (5.4s) — 47 bodies
[4/193] Bench_vice/Bench_Vice_06: ok (8.6s) — 16 bodies
[5/193] Bench_vice/Bench_Vice_07: ok (3.6s) — 12 bodies
[6/193] Bench_vice/Bench_Vice_08: ok (28.2s) — 1 bodies
[7/193] Bench_vice/Bench_Vice_09: ok (3.9s) — 22 bodies
[8/193] Bench_vice/Bench_Vice_11: ok (5.2s) — 20 bodies
[9/193] Bench_vice/Bench_Vice_12: ok (6.5s) — 31 bodies
[10/193] Bench_vice/Bench_Vice_13: ok (4.4s) — 27 bodies
[11/193] Bench_vice/Bench_Vice_14: ok (4.3s) — 24 bodies
[12/193] Bench_vice/Bench_Vice_17: ok (4.7s) — 25 bodies
[13/193] Bench_vice/Bench_Vice_18: ok (4.4s) — 2 bodies
[14/193] Bench_vice/Bench_Vice_20: ok (12.0s) — 21 bodies
[15/193] Bench_vice/Bench_Vice_21: ok (3.4s) — 12 bodies
[16/193] Bench_vice/Bench_Vice_22: ok (3.8s) — 0 bodies
[17/193] Bench_vice/Bench_Vice_23: ok (3.7s) — 27 bodies
/Users/mbp/Documents/MTECH/Sem4/Individual_project/AI_Assisted_3D_Assembly_Design/AI-Assisted-3D-Assembly-Design/.venv/lib/python3.12/site-packages/trimesh/triangles.py:302: RuntimeWarning: divide by zero encountered in divide
  center_mass = integrated[1:4] / volume
/Users/mbp/Documents/MTECH/Sem4/Individual_project/AI_Assisted_3D_Assembly_Design/AI-Assisted-3D-Assembly-Design/.venv/lib/python3.12/site-packages/trimesh/triangles.py:302: RuntimeWarning: invalid value encountered in divide
  center_mass = integrated[1:4] / volume
[18/193] Bench_vice/Bench_Vice_26: ok (55.7s) — 11 bodies
[19/193] Bench_vice/Bench_Vice_27: ok (5.5s) — 10 bodies
[20/193] Bench_vice/Bench_Vice_28: ok (4.5s) — 46 bodies
[21/193] Bench_vice/Bench_Vice_31: ok (3.8s) — 20 bodies
[22/193] Bench_vice/Bench_Vice_34: ok (4.8s) — 23 bodies
[23/193] Bench_vice/Bench_Vice_38: ok (3.8s) — 20 bodies
[24/193] Bench_vice/Bench_Vice_39: ok (5.1s) — 14 bodies
[25/193] Bench_vice/Bench_Vice_41: ok (3.9s) — 22 bodies
[26/193] Bench_vice/Bench_Vice_42: ok (36.3s) — 15 bodies
[27/193] Bench_vice/Bench_Vice_43: ok (5.8s) — 16 bodies
[28/193] Bench_vice/Bench_Vice_45: ok (11.0s) — 25 bodies
[29/193] Bench_vice/Bench_Vice_46: ok (4.6s) — 1 bodies
[30/193] Bench_vice/Bench_Vice_47: ok (17.6s) — 21 bodies
/Users/mbp/Documents/MTECH/Sem4/Individual_project/AI_Assisted_3D_Assembly_Design/AI-Assisted-3D-Assembly-Design/.venv/lib/python3.12/site-packages/trimesh/triangles.py:550: RuntimeWarning: divide by zero encountered in divide
  inverse_denominator = 1.0 / (dot00 * dot11 - dot01 * dot01)
/Users/mbp/Documents/MTECH/Sem4/Individual_project/AI_Assisted_3D_Assembly_Design/AI-Assisted-3D-Assembly-Design/.venv/lib/python3.12/site-packages/trimesh/triangles.py:555: RuntimeWarning: invalid value encountered in subtract
  barycentric[:, 0] = 1 - barycentric[:, 1] - barycentric[:, 2]
[31/193] Bench_vice/Bench_Vice_50: ok (82.0s) — 31 bodies
[32/193] Bench_vice/Bench_Vice_51: ok (3.4s) — 13 bodies
[33/193] Bench_vice/Bench_Vice_52: timeout (437.1s) — 0 bodies
[34/193] Bench_vice/Bench_Vice_53: ok (4.4s) — 27 bodies
[35/193] Bench_vice/Bench_Vice_58: ok (4.6s) — 6 bodies
[36/193] Bench_vice/Bench_Vice_59: ok (14.2s) — 97 bodies
/Users/mbp/Documents/MTECH/Sem4/Individual_project/AI_Assisted_3D_Assembly_Design/AI-Assisted-3D-Assembly-Design/.venv/lib/python3.12/site-packages/trimesh/triangles.py:302: RuntimeWarning: divide by zero encountered in divide
  center_mass = integrated[1:4] / volume
/Users/mbp/Documents/MTECH/Sem4/Individual_project/AI_Assisted_3D_Assembly_Design/AI-Assisted-3D-Assembly-Design/.venv/lib/python3.12/site-packages/trimesh/triangles.py:302: RuntimeWarning: invalid value encountered in divide
  center_mass = integrated[1:4] / volume
[37/193] Bench_vice/Bench_Vice_60: ok (15.7s) — 16 bodies
/Users/mbp/Documents/MTECH/Sem4/Individual_project/AI_Assisted_3D_Assembly_Design/AI-Assisted-3D-Assembly-Design/.venv/lib/python3.12/site-packages/trimesh/triangles.py:302: RuntimeWarning: invalid value encountered in divide
  center_mass = integrated[1:4] / volume
/Users/mbp/Documents/MTECH/Sem4/Individual_project/AI_Assisted_3D_Assembly_Design/AI-Assisted-3D-Assembly-Design/.venv/lib/python3.12/site-packages/trimesh/triangles.py:302: RuntimeWarning: divide by zero encountered in divide
  center_mass = integrated[1:4] / volume
/Users/mbp/Documents/MTECH/Sem4/Individual_project/AI_Assisted_3D_Assembly_Design/AI-Assisted-3D-Assembly-Design/.venv/lib/python3.12/site-packages/trimesh/triangles.py:302: RuntimeWarning: invalid value encountered in divide
  center_mass = integrated[1:4] / volume
[38/193] Bench_vice/Bench_Vice_61: timeout (342.6s) — 0 bodies
[39/193] Bench_vice/Bench_Vice_65: ok (4.5s) — 28 bodies
[40/193] Bench_vice/Bench_Vice_66: ok (9.7s) — 26 bodies
[41/193] Bench_vice/Bench_Vice_67: ok (4.0s) — 26 bodies
[42/193] Bench_vice/Bench_Vice_68: ok (5.5s) — 24 bodies
[43/193] Bench_vice/Bench_Vice_69: ok (4.2s) — 22 bodies
[44/193] Bench_vice/Bench_Vice_72: ok (3.9s) — 25 bodies
[45/193] Bench_vice/Bench_Vice_73: ok (3.1s) — 2 bodies
[46/193] Bench_vice/Bench_Vice_74: ok (4.8s) — 15 bodies
[47/193] Bench_vice/Bench_Vice_75: timeout (947.4s) — 0 bodies
[48/193] Bench_vice/Bench_Vice_76: ok (5.9s) — 37 bodies
[49/193] Bench_vice/Bench_Vice_77: ok (7.0s) — 4 bodies
[50/193] Bench_vice/Bench_Vice_78: ok (4.9s) — 35 bodies
[51/193] Bench_vice/Bench_Vice_79: timeout (1002.5s) — 0 bodies
[52/193] Bench_vice/Bench_Vice_80: ok (4.7s) — 16 bodies
[53/193] Bench_vice/Bench_Vice_81: ok (5.8s) — 36 bodies
[54/193] Bench_vice/Bench_Vice_82: ok (7.3s) — 41 bodies
[55/193] C_Clamps/C_Clamps_01: ok (22.5s) — 5 bodies
[56/193] C_Clamps/C_Clamps_03: ok (45.6s) — 9 bodies
[57/193] C_Clamps/C_Clamps_04: ok (3.7s) — 10 bodies
[58/193] C_Clamps/C_Clamps_05: ok (3.4s) — 5 bodies
[59/193] C_Clamps/C_Clamps_06: ok (3.9s) — 9 bodies
[60/193] C_Clamps/C_Clamps_07: ok (60.1s) — 6 bodies
[61/193] C_Clamps/C_Clamps_08: ok (3.9s) — 2 bodies
[62/193] C_Clamps/C_Clamps_09: ok (3.8s) — 9 bodies
[63/193] C_Clamps/C_Clamps_10: ok (4.6s) — 7 bodies
[64/193] C_Clamps/C_Clamps_11: ok (110.2s) — 2 bodies
[65/193] C_Clamps/C_Clamps_12: ok (30.3s) — 5 bodies
[66/193] C_Clamps/C_Clamps_13: ok (96.0s) — 6 bodies
[67/193] C_Clamps/C_Clamps_14: ok (77.1s) — 4 bodies
[68/193] C_Clamps/C_Clamps_15: ok (3.1s) — 4 bodies
[69/193] C_Clamps/C_Clamps_16: ok (3.5s) — 10 bodies
[70/193] C_Clamps/C_Clamps_18: ok (13.8s) — 3 bodies
[71/193] C_Clamps/C_Clamps_19: ok (3.0s) — 6 bodies
[72/193] C_Clamps/C_Clamps_20: ok (3.4s) — 2 bodies
/Users/mbp/Documents/MTECH/Sem4/Individual_project/AI_Assisted_3D_Assembly_Design/AI-Assisted-3D-Assembly-Design/.venv/lib/python3.12/site-packages/trimesh/triangles.py:550: RuntimeWarning: divide by zero encountered in divide
  inverse_denominator = 1.0 / (dot00 * dot11 - dot01 * dot01)
/Users/mbp/Documents/MTECH/Sem4/Individual_project/AI_Assisted_3D_Assembly_Design/AI-Assisted-3D-Assembly-Design/.venv/lib/python3.12/site-packages/trimesh/triangles.py:555: RuntimeWarning: invalid value encountered in subtract
  barycentric[:, 0] = 1 - barycentric[:, 1] - barycentric[:, 2]
[73/193] C_Clamps/C_Clamps_21: ok (91.9s) — 6 bodies
[74/193] C_Clamps/C_Clamps_22: ok (3.4s) — 7 bodies
[75/193] C_Clamps/C_Clamps_23: ok (6.0s) — 16 bodies
[76/193] C_Clamps/C_Clamps_26: ok (4.1s) — 11 bodies
[77/193] C_Clamps/C_Clamps_28: ok (47.7s) — 4 bodies
[78/193] C_Clamps/C_Clamps_29: ok (8.5s) — 7 bodies
[79/193] C_Clamps/C_Clamps_31: ok (7.6s) — 6 bodies
[80/193] C_Clamps/C_Clamps_32: ok (3.7s) — 5 bodies
[81/193] C_Clamps/C_Clamps_33: ok (3.6s) — 9 bodies
[82/193] C_Clamps/C_Clamps_36: ok (3.2s) — 5 bodies
[83/193] C_Clamps/C_Clamps_37: ok (4.3s) — 5 bodies
[84/193] C_Clamps/C_Clamps_38: ok (8.0s) — 8 bodies
[85/193] C_Clamps/C_Clamps_40: ok (17.0s) — 3 bodies
[86/193] Crane_hook/Crane_Hook_01: ok (5.0s) — 33 bodies
[87/193] Crane_hook/Crane_Hook_02: ok (6.4s) — 35 bodies
[88/193] Crane_hook/Crane_Hook_04: ok (81.1s) — 44 bodies
[89/193] Crane_hook/Crane_Hook_05: ok (4.1s) — 15 bodies
[90/193] Crane_hook/Crane_Hook_06: ok (78.9s) — 20 bodies
[91/193] Crane_hook/Crane_Hook_07: ok (5.0s) — 14 bodies
[92/193] Crane_hook/Crane_Hook_09: ok (36.3s) — 28 bodies
[93/193] Crane_hook/Crane_Hook_10: ok (5.1s) — 46 bodies
[94/193] Crane_hook/Crane_Hook_11: ok (3.7s) — 19 bodies
[95/193] Crane_hook/Crane_Hook_12: ok (5.0s) — 53 bodies
[96/193] Crane_hook/Crane_Hook_13: ok (3.8s) — 14 bodies
/Users/mbp/Documents/MTECH/Sem4/Individual_project/AI_Assisted_3D_Assembly_Design/AI-Assisted-3D-Assembly-Design/.venv/lib/python3.12/site-packages/trimesh/triangles.py:302: RuntimeWarning: divide by zero encountered in divide
  center_mass = integrated[1:4] / volume
[97/193] Crane_hook/Crane_Hook_15: ok (8.3s) — 86 bodies
[98/193] Crane_hook/Crane_Hook_17: ok (5.1s) — 49 bodies
/Users/mbp/Documents/MTECH/Sem4/Individual_project/AI_Assisted_3D_Assembly_Design/AI-Assisted-3D-Assembly-Design/.venv/lib/python3.12/site-packages/trimesh/triangles.py:302: RuntimeWarning: divide by zero encountered in divide
  center_mass = integrated[1:4] / volume
/Users/mbp/Documents/MTECH/Sem4/Individual_project/AI_Assisted_3D_Assembly_Design/AI-Assisted-3D-Assembly-Design/.venv/lib/python3.12/site-packages/trimesh/triangles.py:316: RuntimeWarning: invalid value encountered in scalar multiply
  integrated[5] + integrated[6] - (volume * (center_mass[[1, 2]] ** 2).sum())
/Users/mbp/Documents/MTECH/Sem4/Individual_project/AI_Assisted_3D_Assembly_Design/AI-Assisted-3D-Assembly-Design/.venv/lib/python3.12/site-packages/trimesh/triangles.py:319: RuntimeWarning: invalid value encountered in scalar multiply
  integrated[4] + integrated[6] - (volume * (center_mass[[0, 2]] ** 2).sum())
/Users/mbp/Documents/MTECH/Sem4/Individual_project/AI_Assisted_3D_Assembly_Design/AI-Assisted-3D-Assembly-Design/.venv/lib/python3.12/site-packages/trimesh/triangles.py:322: RuntimeWarning: invalid value encountered in scalar multiply
  integrated[4] + integrated[5] - (volume * (center_mass[[0, 1]] ** 2).sum())
/Users/mbp/Documents/MTECH/Sem4/Individual_project/AI_Assisted_3D_Assembly_Design/AI-Assisted-3D-Assembly-Design/.venv/lib/python3.12/site-packages/trimesh/triangles.py:324: RuntimeWarning: invalid value encountered in scalar multiply
  inertia[0, 1] = -(integrated[7] - (volume * np.prod(center_mass[[0, 1]])))
/Users/mbp/Documents/MTECH/Sem4/Individual_project/AI_Assisted_3D_Assembly_Design/AI-Assisted-3D-Assembly-Design/.venv/lib/python3.12/site-packages/trimesh/triangles.py:325: RuntimeWarning: invalid value encountered in scalar multiply
  inertia[1, 2] = -(integrated[8] - (volume * np.prod(center_mass[[1, 2]])))
/Users/mbp/Documents/MTECH/Sem4/Individual_project/AI_Assisted_3D_Assembly_Design/AI-Assisted-3D-Assembly-Design/.venv/lib/python3.12/site-packages/trimesh/triangles.py:326: RuntimeWarning: invalid value encountered in scalar multiply
  inertia[0, 2] = -(integrated[9] - (volume * np.prod(center_mass[[0, 2]])))
[99/193] Crane_hook/Crane_Hook_21: ok (5.3s) — 51 bodies
[100/193] Crane_hook/Crane_Hook_22: ok (201.5s) — 11 bodies
[101/193] Crane_hook/Crane_Hook_23: ok (74.3s) — 17 bodies
[102/193] Gate_Valve/Gate_Valve_02: ok (5.2s) — 4 bodies
[103/193] Gate_Valve/Gate_Valve_03: ok (29.8s) — 40 bodies
[104/193] Gate_Valve/Gate_Valve_04: ok (50.8s) — 63 bodies
[105/193] Gate_Valve/Gate_Valve_05: ok (14.4s) — 87 bodies
[106/193] Gate_Valve/Gate_Valve_06: ok (29.5s) — 41 bodies
[107/193] Gate_Valve/Gate_Valve_07: ok (51.7s) — 69 bodies
[108/193] Gate_Valve/Gate_Valve_10: ok (50.6s) — 61 bodies
[109/193] Gate_Valve/Gate_Valve_11: ok (145.9s) — 47 bodies
[110/193] Gate_Valve/Gate_Valve_12: error (232.8s) — 0 bodies
[111/193] Gate_Valve/Gate_Valve_14: ok (35.6s) — 59 bodies
[112/193] Gate_Valve/Gate_Valve_15: ok (31.8s) — 51 bodies
[113/193] Gate_Valve/Gate_Valve_23: ok (9.7s) — 35 bodies
/Users/mbp/Documents/MTECH/Sem4/Individual_project/AI_Assisted_3D_Assembly_Design/AI-Assisted-3D-Assembly-Design/.venv/lib/python3.12/site-packages/trimesh/triangles.py:302: RuntimeWarning: divide by zero encountered in divide
  center_mass = integrated[1:4] / volume
/Users/mbp/Documents/MTECH/Sem4/Individual_project/AI_Assisted_3D_Assembly_Design/AI-Assisted-3D-Assembly-Design/.venv/lib/python3.12/site-packages/trimesh/triangles.py:302: RuntimeWarning: invalid value encountered in divide
  center_mass = integrated[1:4] / volume
[114/193] Gate_Valve/Gate_Valve_24: ok (38.1s) — 49 bodies
[115/193] Gate_Valve/Gate_Valve_25: ok (4.3s) — 22 bodies
[116/193] Gate_Valve/Gate_Valve_27: ok (5.4s) — 5 bodies
[117/193] Gate_Valve/Gate_Valve_31: ok (30.6s) — 4 bodies
[118/193] Gate_Valve/Gate_Valve_34: ok (38.1s) — 62 bodies
[119/193] Gate_Valve/Gate_Valve_35: ok (92.8s) — 43 bodies
[120/193] Gate_Valve/Gate_Valve_36: ok (15.8s) — 63 bodies
[121/193] Gate_Valve/Gate_Valve_37: ok (4.7s) — 2 bodies
/Users/mbp/Documents/MTECH/Sem4/Individual_project/AI_Assisted_3D_Assembly_Design/AI-Assisted-3D-Assembly-Design/.venv/lib/python3.12/site-packages/trimesh/triangles.py:550: RuntimeWarning: divide by zero encountered in divide
  inverse_denominator = 1.0 / (dot00 * dot11 - dot01 * dot01)
/Users/mbp/Documents/MTECH/Sem4/Individual_project/AI_Assisted_3D_Assembly_Design/AI-Assisted-3D-Assembly-Design/.venv/lib/python3.12/site-packages/trimesh/triangles.py:555: RuntimeWarning: invalid value encountered in subtract
  barycentric[:, 0] = 1 - barycentric[:, 1] - barycentric[:, 2]
[122/193] Gate_Valve/Gate_Valve_38: ok (39.9s) — 176 bodies
[123/193] Pipe_vice/Pipe_Vice_01: ok (3.4s) — 10 bodies
[124/193] Pipe_vice/Pipe_Vice_03: ok (3.3s) — 6 bodies
[125/193] Pipe_vice/Pipe_Vice_04: ok (3.2s) — 6 bodies
[126/193] Pipe_vice/Pipe_Vice_07: ok (68.8s) — 17 bodies
[127/193] Pipe_vice/Pipe_Vice_08: ok (3.3s) — 5 bodies
[128/193] Pipe_vice/Pipe_Vice_09: ok (3.5s) — 7 bodies
[129/193] Pipe_vice/Pipe_Vice_10: ok (3.9s) — 11 bodies
[130/193] Pipe_vice/Pipe_Vice_11: ok (68.0s) — 30 bodies
[131/193] Pipe_vice/Pipe_Vice_14: ok (3.3s) — 10 bodies
[132/193] Pipe_vice/Pipe_Vice_15: ok (3.3s) — 6 bodies
[133/193] Pipe_vice/Pipe_Vice_16: ok (17.4s) — 21 bodies
/Users/mbp/Documents/MTECH/Sem4/Individual_project/AI_Assisted_3D_Assembly_Design/AI-Assisted-3D-Assembly-Design/.venv/lib/python3.12/site-packages/trimesh/triangles.py:302: RuntimeWarning: invalid value encountered in divide
  center_mass = integrated[1:4] / volume
/Users/mbp/Documents/MTECH/Sem4/Individual_project/AI_Assisted_3D_Assembly_Design/AI-Assisted-3D-Assembly-Design/.venv/lib/python3.12/site-packages/trimesh/triangles.py:302: RuntimeWarning: divide by zero encountered in divide
  center_mass = integrated[1:4] / volume
[134/193] Pipe_vice/Pipe_Vice_17: ok (12.1s) — 13 bodies
[135/193] Pipe_vice/Pipe_Vice_19: ok (3.4s) — 16 bodies
[136/193] Pipe_vice/Pipe_Vice_20: ok (15.0s) — 20 bodies
[137/193] Pipe_vice/Pipe_Vice_21: ok (2.9s) — 3 bodies
[138/193] Pipe_vice/Pipe_Vice_22: ok (3.2s) — 8 bodies
[139/193] Pipe_vice/Pipe_Vice_23: ok (96.1s) — 19 bodies
[140/193] Pipe_vice/Pipe_Vice_24: ok (7.4s) — 10 bodies
[141/193] Pipe_vice/Pipe_Vice_25: ok (3.4s) — 16 bodies
[142/193] Pipe_vice/Pipe_Vice_27: ok (4.3s) — 17 bodies
[143/193] Pipe_vice/Pipe_Vice_28: ok (3.4s) — 7 bodies
[144/193] Pipe_vice/Pipe_Vice_29: ok (3.3s) — 6 bodies
[145/193] Pipe_vice/Pipe_Vice_30: ok (3.4s) — 6 bodies
[146/193] Pipe_vice/Pipe_Vice_31: ok (21.8s) — 7 bodies
[147/193] Pipe_vice/Pipe_Vice_32: ok (8.1s) — 9 bodies
[148/193] Pipe_vice/Pipe_Vice_33: ok (3.3s) — 6 bodies
[149/193] Pipe_vice/Pipe_Vice_35: ok (3.4s) — 7 bodies
[150/193] Pipe_vice/Pipe_Vice_36: ok (3.3s) — 7 bodies
[151/193] Pipe_vice/Pipe_Vice_37: ok (3.3s) — 8 bodies
[152/193] Pipe_vice/Pipe_Vice_38: ok (7.0s) — 10 bodies
[153/193] Pipe_vice/Pipe_Vice_40: ok (7.9s) — 26 bodies
[154/193] Pipe_vice/Pipe_Vice_41: ok (3.3s) — 5 bodies
[155/193] Pipe_vice/Pipe_Vice_42: ok (3.3s) — 6 bodies
[156/193] Pipe_vice/Pipe_Vice_43: ok (3.5s) — 15 bodies
[157/193] Pipe_vice/Pipe_Vice_44: ok (68.6s) — 39 bodies
/Users/mbp/Documents/MTECH/Sem4/Individual_project/AI_Assisted_3D_Assembly_Design/AI-Assisted-3D-Assembly-Design/.venv/lib/python3.12/site-packages/trimesh/triangles.py:302: RuntimeWarning: divide by zero encountered in divide
  center_mass = integrated[1:4] / volume
/Users/mbp/Documents/MTECH/Sem4/Individual_project/AI_Assisted_3D_Assembly_Design/AI-Assisted-3D-Assembly-Design/.venv/lib/python3.12/site-packages/trimesh/triangles.py:302: RuntimeWarning: invalid value encountered in divide
  center_mass = integrated[1:4] / volume
[158/193] Pipe_vice/Pipe_Vice_45: ok (106.4s) — 30 bodies
[159/193] Pipe_vice/Pipe_Vice_46: ok (3.5s) — 6 bodies
[160/193] Pipe_vice/Pipe_Vice_48: ok (6.3s) — 8 bodies
[161/193] Pipe_vice/Pipe_Vice_49: ok (77.4s) — 9 bodies
[162/193] Pipe_vice/Pipe_Vice_50: ok (3.4s) — 8 bodies
[163/193] Pipe_vice/Pipe_Vice_51: ok (5.1s) — 6 bodies
[164/193] Pipe_vice/Pipe_Vice_53: ok (4.3s) — 5 bodies
[165/193] Press_Tool/Press_Tool_02: ok (4.4s) — 10 bodies
[166/193] Press_Tool/Press_Tool_04: ok (8.0s) — 98 bodies
[167/193] Press_Tool/Press_Tool_05: ok (3.5s) — 14 bodies
[168/193] Press_Tool/Press_Tool_06: ok (3.5s) — 10 bodies
[169/193] Press_Tool/Press_Tool_07: ok (6.3s) — 170 bodies
/Users/mbp/Documents/MTECH/Sem4/Individual_project/AI_Assisted_3D_Assembly_Design/AI-Assisted-3D-Assembly-Design/.venv/lib/python3.12/site-packages/trimesh/triangles.py:302: RuntimeWarning: divide by zero encountered in divide
  center_mass = integrated[1:4] / volume
/Users/mbp/Documents/MTECH/Sem4/Individual_project/AI_Assisted_3D_Assembly_Design/AI-Assisted-3D-Assembly-Design/.venv/lib/python3.12/site-packages/trimesh/triangles.py:302: RuntimeWarning: invalid value encountered in divide
  center_mass = integrated[1:4] / volume
[170/193] Press_Tool/Press_Tool_08: ok (126.0s) — 62 bodies
[171/193] Press_Tool/Press_Tool_09: ok (15.1s) — 89 bodies
[172/193] Press_Tool/Press_Tool_10: ok (59.8s) — 143 bodies
/Users/mbp/Documents/MTECH/Sem4/Individual_project/AI_Assisted_3D_Assembly_Design/AI-Assisted-3D-Assembly-Design/.venv/lib/python3.12/site-packages/trimesh/triangles.py:302: RuntimeWarning: divide by zero encountered in divide
  center_mass = integrated[1:4] / volume
/Users/mbp/Documents/MTECH/Sem4/Individual_project/AI_Assisted_3D_Assembly_Design/AI-Assisted-3D-Assembly-Design/.venv/lib/python3.12/site-packages/trimesh/triangles.py:302: RuntimeWarning: invalid value encountered in divide
  center_mass = integrated[1:4] / volume
[173/193] Press_Tool/Press_Tool_12: ok (33.9s) — 182 bodies
[174/193] Press_Tool/Press_Tool_13: ok (3.5s) — 10 bodies
[175/193] Press_Tool/Press_Tool_14: ok (3.3s) — 10 bodies
[176/193] Press_Tool/Press_Tool_15: ok (3.3s) — 10 bodies
[177/193] Press_Tool/Press_Tool_16: ok (3.4s) — 10 bodies
[178/193] Press_Tool/Press_Tool_17: ok (3.4s) — 10 bodies
[179/193] Press_Tool/Press_Tool_18: ok (6.7s) — 8 bodies
[180/193] Press_Tool/Press_Tool_19: ok (12.3s) — 37 bodies
/Users/mbp/Documents/MTECH/Sem4/Individual_project/AI_Assisted_3D_Assembly_Design/AI-Assisted-3D-Assembly-Design/.venv/lib/python3.12/site-packages/trimesh/triangles.py:302: RuntimeWarning: invalid value encountered in divide
  center_mass = integrated[1:4] / volume
/Users/mbp/Documents/MTECH/Sem4/Individual_project/AI_Assisted_3D_Assembly_Design/AI-Assisted-3D-Assembly-Design/.venv/lib/python3.12/site-packages/trimesh/triangles.py:302: RuntimeWarning: divide by zero encountered in divide
  center_mass = integrated[1:4] / volume
[181/193] Press_Tool/Press_Tool_21: ok (4.5s) — 14 bodies
[182/193] Press_Tool/Press_Tool_23: ok (3.8s) — 10 bodies
[183/193] Press_Tool/Press_Tool_24: ok (3.4s) — 10 bodies
[184/193] Press_Tool/Press_Tool_25: ok (3.4s) — 14 bodies
[185/193] Press_Tool/Press_Tool_26: ok (16.0s) — 16 bodies
[186/193] Tool_Post/Tool_Post_01: ok (4.5s) — 31 bodies
[187/193] Tool_Post/Tool_Post_02: ok (91.8s) — 28 bodies
[188/193] Tool_Post/Tool_Post_05: ok (54.6s) — 54 bodies
[189/193] Tool_Post/Tool_Post_08: ok (4.7s) — 15 bodies
[190/193] Tool_Post/Tool_Post_10: ok (10.8s) — 50 bodies
[191/193] Tool_Post/Tool_Post_13: ok (3.7s) — 27 bodies
[192/193] Tool_Post/Tool_Post_14: ok (4.1s) — 24 bodies
[193/193] Tool_Post/Tool_Post_17: ok (18.6s) — 31 bodies

Wrote 4500 parts from 193 assemblies in 6739s
Wrote data/part_bank/index.json
DONE
