Building part bank from 237 assemblies under ../Source_3d_models/Best_models_for_training …
[1/237] Bench_vice/Bench_Vice_02: ok (6.1s) — 25 bodies
[2/237] Bench_vice/Bench_Vice_03: ok (5.2s) — 17 bodies
[3/237] Bench_vice/Bench_Vice_04: ok (6.6s) — 45 bodies
[4/237] Bench_vice/Bench_Vice_06: ok (10.7s) — 14 bodies
[5/237] Bench_vice/Bench_Vice_07: ok (5.5s) — 10 bodies
[6/237] Bench_vice/Bench_Vice_08: ok (35.8s) — 0 bodies
[7/237] Bench_vice/Bench_Vice_09: ok (5.8s) — 19 bodies
[8/237] Bench_vice/Bench_Vice_11: ok (7.2s) — 19 bodies
[9/237] Bench_vice/Bench_Vice_12: ok (8.8s) — 30 bodies
[10/237] Bench_vice/Bench_Vice_13: ok (6.4s) — 26 bodies
[11/237] Bench_vice/Bench_Vice_14: ok (6.2s) — 19 bodies
[12/237] Bench_vice/Bench_Vice_17: ok (6.8s) — 24 bodies
[13/237] Bench_vice/Bench_Vice_18: ok (6.4s) — 0 bodies
[14/237] Bench_vice/Bench_Vice_20: ok (15.7s) — 20 bodies
[15/237] Bench_vice/Bench_Vice_21: ok (5.2s) — 9 bodies
[16/237] Bench_vice/Bench_Vice_22: ok (5.0s) — 0 bodies
[17/237] Bench_vice/Bench_Vice_23: ok (4.7s) — 26 bodies
[18/237] Bench_vice/Bench_Vice_26: ok (63.4s) — 2 bodies
[19/237] Bench_vice/Bench_Vice_27: ok (7.8s) — 7 bodies
[20/237] Bench_vice/Bench_Vice_28: ok (6.5s) — 43 bodies
[21/237] Bench_vice/Bench_Vice_31: ok (5.8s) — 19 bodies
[22/237] Bench_vice/Bench_Vice_34: ok (6.8s) — 22 bodies
[23/237] Bench_vice/Bench_Vice_38: ok (5.6s) — 19 bodies
[24/237] Bench_vice/Bench_Vice_39: ok (7.0s) — 12 bodies
[25/237] Bench_vice/Bench_Vice_41: ok (5.9s) — 19 bodies
[26/237] Bench_vice/Bench_Vice_42: ok (44.6s) — 8 bodies
[27/237] Bench_vice/Bench_Vice_43: ok (8.5s) — 16 bodies
[28/237] Bench_vice/Bench_Vice_45: ok (14.3s) — 22 bodies
[29/237] Bench_vice/Bench_Vice_46: ok (6.6s) — 0 bodies
[30/237] Bench_vice/Bench_Vice_47: ok (21.4s) — 20 bodies
/Users/mbp/Documents/MTECH/Sem4/Individual_project/AI_Assisted_3D_Assembly_Design/AI-Assisted-3D-Assembly-Design/.venv/lib/python3.12/site-packages/trimesh/triangles.py:550: RuntimeWarning: divide by zero encountered in divide
  inverse_denominator = 1.0 / (dot00 * dot11 - dot01 * dot01)
/Users/mbp/Documents/MTECH/Sem4/Individual_project/AI_Assisted_3D_Assembly_Design/AI-Assisted-3D-Assembly-Design/.venv/lib/python3.12/site-packages/trimesh/triangles.py:555: RuntimeWarning: invalid value encountered in subtract
  barycentric[:, 0] = 1 - barycentric[:, 1] - barycentric[:, 2]
[31/237] Bench_vice/Bench_Vice_50: ok (97.6s) — 24 bodies
[32/237] Bench_vice/Bench_Vice_51: ok (5.5s) — 12 bodies
[33/237] Bench_vice/Bench_Vice_52: ok (89.9s) — 53 bodies
[34/237] Bench_vice/Bench_Vice_53: ok (6.5s) — 22 bodies
[35/237] Bench_vice/Bench_Vice_58: ok (6.8s) — 4 bodies
[36/237] Bench_vice/Bench_Vice_59: ok (18.5s) — 95 bodies
[37/237] Bench_vice/Bench_Vice_60: ok (20.0s) — 7 bodies
[38/237] Bench_vice/Bench_Vice_61: ok (7.0s) — 20 bodies
[39/237] Bench_vice/Bench_Vice_65: ok (6.4s) — 27 bodies
[40/237] Bench_vice/Bench_Vice_66: ok (13.3s) — 24 bodies
[41/237] Bench_vice/Bench_Vice_67: ok (6.0s) — 24 bodies
[42/237] Bench_vice/Bench_Vice_68: ok (7.7s) — 22 bodies
[43/237] Bench_vice/Bench_Vice_69: ok (6.2s) — 21 bodies
[44/237] Bench_vice/Bench_Vice_72: ok (5.9s) — 23 bodies
[45/237] Bench_vice/Bench_Vice_73: ok (4.7s) — 1 bodies
[46/237] Bench_vice/Bench_Vice_74: ok (6.1s) — 11 bodies
[47/237] Bench_vice/Bench_Vice_75: ok (17.9s) — 30 bodies
[48/237] Bench_vice/Bench_Vice_76: ok (7.9s) — 36 bodies
[49/237] Bench_vice/Bench_Vice_77: ok (9.3s) — 0 bodies
[50/237] Bench_vice/Bench_Vice_78: ok (7.0s) — 34 bodies
[51/237] Bench_vice/Bench_Vice_79: ok (85.4s) — 18 bodies
[52/237] Bench_vice/Bench_Vice_80: ok (6.8s) — 15 bodies
[53/237] Bench_vice/Bench_Vice_81: ok (7.7s) — 34 bodies
[54/237] Bench_vice/Bench_Vice_82: ok (9.3s) — 40 bodies
[55/237] C_Clamps/C_Clamps_01: ok (26.4s) — 4 bodies
[56/237] C_Clamps/C_Clamps_03: ok (52.3s) — 1 bodies
[57/237] C_Clamps/C_Clamps_04: ok (5.9s) — 8 bodies
[58/237] C_Clamps/C_Clamps_05: ok (5.1s) — 0 bodies
[59/237] C_Clamps/C_Clamps_06: ok (5.1s) — 8 bodies
[60/237] C_Clamps/C_Clamps_07: ok (66.1s) — 1 bodies
[61/237] C_Clamps/C_Clamps_08: ok (6.2s) — 1 bodies
[62/237] C_Clamps/C_Clamps_09: ok (5.7s) — 6 bodies
[63/237] C_Clamps/C_Clamps_10: ok (7.0s) — 5 bodies
[64/237] C_Clamps/C_Clamps_11: ok (127.9s) — 1 bodies
[65/237] C_Clamps/C_Clamps_12: ok (37.7s) — 5 bodies
[66/237] C_Clamps/C_Clamps_13: ok (108.0s) — 4 bodies
[67/237] C_Clamps/C_Clamps_14: ok (87.1s) — 4 bodies
[68/237] C_Clamps/C_Clamps_15: ok (5.1s) — 3 bodies
[69/237] C_Clamps/C_Clamps_16: ok (5.2s) — 9 bodies
[70/237] C_Clamps/C_Clamps_18: ok (16.7s) — 0 bodies
[71/237] C_Clamps/C_Clamps_19: ok (5.1s) — 5 bodies
[72/237] C_Clamps/C_Clamps_20: ok (5.3s) — 2 bodies
[73/237] C_Clamps/C_Clamps_21: ok (101.8s) — 3 bodies
[74/237] C_Clamps/C_Clamps_22: ok (5.7s) — 4 bodies
[75/237] C_Clamps/C_Clamps_23: ok (8.8s) — 16 bodies
[76/237] C_Clamps/C_Clamps_26: ok (6.4s) — 10 bodies
[77/237] C_Clamps/C_Clamps_28: ok (54.7s) — 1 bodies
[78/237] C_Clamps/C_Clamps_29: ok (11.3s) — 6 bodies
[79/237] C_Clamps/C_Clamps_31: ok (10.4s) — 5 bodies
[80/237] C_Clamps/C_Clamps_32: ok (5.6s) — 4 bodies
[81/237] C_Clamps/C_Clamps_33: ok (5.4s) — 6 bodies
[82/237] C_Clamps/C_Clamps_36: ok (5.0s) — 3 bodies
[83/237] C_Clamps/C_Clamps_37: ok (5.5s) — 4 bodies
[84/237] C_Clamps/C_Clamps_38: ok (10.2s) — 6 bodies
[85/237] C_Clamps/C_Clamps_40: ok (20.1s) — 1 bodies
[86/237] Crane_hook/Crane_Hook_01: ok (7.1s) — 32 bodies
[87/237] Crane_hook/Crane_Hook_02: ok (8.6s) — 31 bodies
[88/237] Crane_hook/Crane_Hook_04: ok (93.6s) — 33 bodies
[89/237] Crane_hook/Crane_Hook_05: ok (6.5s) — 15 bodies
[90/237] Crane_hook/Crane_Hook_06: ok (95.1s) — 20 bodies
[91/237] Crane_hook/Crane_Hook_07: ok (7.5s) — 3 bodies
[92/237] Crane_hook/Crane_Hook_09: ok (45.5s) — 28 bodies
[93/237] Crane_hook/Crane_Hook_10: ok (7.6s) — 45 bodies
[94/237] Crane_hook/Crane_Hook_11: ok (5.6s) — 19 bodies
[95/237] Crane_hook/Crane_Hook_12: ok (7.2s) — 53 bodies
[96/237] Crane_hook/Crane_Hook_13: ok (5.7s) — 3 bodies
[97/237] Crane_hook/Crane_Hook_15: ok (11.2s) — 86 bodies
[98/237] Crane_hook/Crane_Hook_17: ok (7.4s) — 49 bodies
[99/237] Crane_hook/Crane_Hook_21: ok (7.5s) — 13 bodies
[100/237] Crane_hook/Crane_Hook_22: ok (227.7s) — 2 bodies
[101/237] Crane_hook/Crane_Hook_23: ok (83.0s) — 2 bodies
[102/237] Crane_hook/Crane_Hook_24: ok (7.6s) — 45 bodies
[103/237] Crane_hook/Crane_Hook_25: ok (7.3s) — 45 bodies
[104/237] Crane_hook/Crane_Hook_26: ok (7.1s) — 53 bodies
[105/237] Crane_hook/Crane_Hook_27: ok (7.2s) — 53 bodies
[106/237] Crane_hook/Crane_Hook_28: ok (10.8s) — 86 bodies
[107/237] Crane_hook/Crane_Hook_29: ok (7.4s) — 49 bodies
[108/237] Crane_hook/Crane_Hook_30: ok (7.8s) — 13 bodies
[109/237] Crane_hook/Crane_Hook_31: ok (7.1s) — 53 bodies
[110/237] Crane_hook/Crane_Hook_32: ok (10.8s) — 86 bodies
[111/237] Gate_Valve/Gate_Valve_02: ok (7.3s) — 3 bodies
[112/237] Gate_Valve/Gate_Valve_03: ok (37.1s) — 38 bodies
[113/237] Gate_Valve/Gate_Valve_04: ok (61.2s) — 61 bodies
[114/237] Gate_Valve/Gate_Valve_05: ok (19.3s) — 85 bodies
[115/237] Gate_Valve/Gate_Valve_06: ok (36.5s) — 39 bodies
[116/237] Gate_Valve/Gate_Valve_07: ok (63.1s) — 68 bodies
[117/237] Gate_Valve/Gate_Valve_10: ok (61.4s) — 47 bodies
[118/237] Gate_Valve/Gate_Valve_11: ok (178.7s) — 44 bodies
[119/237] Gate_Valve/Gate_Valve_14: ok (41.5s) — 58 bodies
[120/237] Gate_Valve/Gate_Valve_15: ok (39.6s) — 49 bodies
[121/237] Gate_Valve/Gate_Valve_23: ok (12.8s) — 31 bodies
[122/237] Gate_Valve/Gate_Valve_24: ok (44.2s) — 3 bodies
[123/237] Gate_Valve/Gate_Valve_25: timeout (300.2s) — 0 bodies
[124/237] Gate_Valve/Gate_Valve_31: timeout (300.1s) — 0 bodies
[125/237] Gate_Valve/Gate_Valve_34: ok (48.0s) — 59 bodies
[126/237] Gate_Valve/Gate_Valve_35: ok (135.0s) — 25 bodies
[127/237] Gate_Valve/Gate_Valve_36: ok (20.2s) — 30 bodies
[128/237] Gate_Valve/Gate_Valve_37: error (171.3s) — 0 bodies
[129/237] Gate_Valve/Gate_Valve_38: ok (49.4s) — 166 bodies
[130/237] Gate_Valve/Gate_Valve_39: ok (20.3s) — 31 bodies
[131/237] Gate_Valve/Gate_Valve_40: timeout (300.1s) — 0 bodies
[132/237] Gate_Valve/Gate_Valve_41: timeout (300.2s) — 0 bodies
[133/237] Gate_Valve/Gate_Valve_42: timeout (300.2s) — 0 bodies
[134/237] Gate_Valve/Gate_Valve_43: ok (48.1s) — 59 bodies
[135/237] Gate_Valve/Gate_Valve_44: ok (170.0s) — 20 bodies
[136/237] Gate_Valve/Gate_Valve_45: ok (20.1s) — 34 bodies
[137/237] Gate_Valve/Gate_Valve_46: ok (171.1s) — 20 bodies
[138/237] Gate_Valve/Gate_Valve_47: ok (49.4s) — 167 bodies
[139/237] Gate_Valve/Gate_Valve_48: ok (61.5s) — 4 bodies
[140/237] Pipe_vice/Pipe_Vice_01: ok (5.5s) — 10 bodies
[141/237] Pipe_vice/Pipe_Vice_03: ok (5.0s) — 5 bodies
[142/237] Pipe_vice/Pipe_Vice_04: ok (4.3s) — 5 bodies
[143/237] Pipe_vice/Pipe_Vice_07: ok (74.9s) — 7 bodies
[144/237] Pipe_vice/Pipe_Vice_08: ok (5.4s) — 3 bodies
[145/237] Pipe_vice/Pipe_Vice_09: ok (4.7s) — 6 bodies
[146/237] Pipe_vice/Pipe_Vice_10: ok (5.1s) — 10 bodies
[147/237] Pipe_vice/Pipe_Vice_11: ok (74.4s) — 18 bodies
[148/237] Pipe_vice/Pipe_Vice_14: ok (5.4s) — 8 bodies
[149/237] Pipe_vice/Pipe_Vice_15: ok (5.2s) — 5 bodies
[150/237] Pipe_vice/Pipe_Vice_16: ok (21.2s) — 16 bodies
[151/237] Pipe_vice/Pipe_Vice_17: ok (14.9s) — 1 bodies
[152/237] Pipe_vice/Pipe_Vice_19: ok (5.3s) — 15 bodies
[153/237] Pipe_vice/Pipe_Vice_20: ok (19.4s) — 16 bodies
[154/237] Pipe_vice/Pipe_Vice_21: ok (4.6s) — 2 bodies
[155/237] Pipe_vice/Pipe_Vice_22: ok (4.1s) — 7 bodies
[156/237] Pipe_vice/Pipe_Vice_23: ok (105.4s) — 4 bodies
[157/237] Pipe_vice/Pipe_Vice_24: ok (10.3s) — 9 bodies
[158/237] Pipe_vice/Pipe_Vice_25: ok (5.2s) — 15 bodies
[159/237] Pipe_vice/Pipe_Vice_27: ok (6.3s) — 15 bodies
[160/237] Pipe_vice/Pipe_Vice_28: ok (5.3s) — 7 bodies
[161/237] Pipe_vice/Pipe_Vice_29: ok (5.1s) — 6 bodies
[162/237] Pipe_vice/Pipe_Vice_30: ok (4.6s) — 5 bodies
[163/237] Pipe_vice/Pipe_Vice_31: ok (25.1s) — 5 bodies
[164/237] Pipe_vice/Pipe_Vice_32: ok (11.0s) — 8 bodies
[165/237] Pipe_vice/Pipe_Vice_33: ok (5.1s) — 5 bodies
[166/237] Pipe_vice/Pipe_Vice_35: ok (4.4s) — 5 bodies
[167/237] Pipe_vice/Pipe_Vice_36: ok (4.3s) — 5 bodies
[168/237] Pipe_vice/Pipe_Vice_37: ok (4.3s) — 6 bodies
[169/237] Pipe_vice/Pipe_Vice_38: ok (8.4s) — 7 bodies
[170/237] Pipe_vice/Pipe_Vice_40: ok (9.7s) — 13 bodies
[171/237] Pipe_vice/Pipe_Vice_41: ok (5.1s) — 4 bodies
[172/237] Pipe_vice/Pipe_Vice_42: ok (4.2s) — 5 bodies
[173/237] Pipe_vice/Pipe_Vice_43: ok (4.5s) — 13 bodies
[174/237] Pipe_vice/Pipe_Vice_44: ok (74.7s) — 19 bodies
[175/237] Pipe_vice/Pipe_Vice_45: ok (116.8s) — 25 bodies
[176/237] Pipe_vice/Pipe_Vice_46: ok (5.7s) — 5 bodies
[177/237] Pipe_vice/Pipe_Vice_48: ok (8.7s) — 7 bodies
[178/237] Pipe_vice/Pipe_Vice_49: ok (84.6s) — 2 bodies
[179/237] Pipe_vice/Pipe_Vice_50: ok (5.6s) — 7 bodies
[180/237] Pipe_vice/Pipe_Vice_51: ok (7.2s) — 6 bodies
[181/237] Pipe_vice/Pipe_Vice_53: ok (6.4s) — 4 bodies
[182/237] Press_Tool/Press_Tool_02: ok (6.5s) — 10 bodies
[183/237] Press_Tool/Press_Tool_04: ok (11.2s) — 92 bodies
[184/237] Press_Tool/Press_Tool_05: ok (5.4s) — 13 bodies
[185/237] Press_Tool/Press_Tool_06: ok (5.5s) — 10 bodies
[186/237] Press_Tool/Press_Tool_07: ok (9.1s) — 170 bodies
[187/237] Press_Tool/Press_Tool_08: ok (5.3s) — 10 bodies
[188/237] Press_Tool/Press_Tool_09: ok (18.5s) — 81 bodies
[189/237] Press_Tool/Press_Tool_10: ok (73.7s) — 121 bodies
[190/237] Press_Tool/Press_Tool_12: ok (43.8s) — 102 bodies
[191/237] Press_Tool/Press_Tool_13: ok (5.6s) — 8 bodies
[192/237] Press_Tool/Press_Tool_14: ok (5.0s) — 6 bodies
[193/237] Press_Tool/Press_Tool_15: ok (4.5s) — 10 bodies
[194/237] Press_Tool/Press_Tool_16: ok (4.4s) — 9 bodies
[195/237] Press_Tool/Press_Tool_17: ok (4.5s) — 10 bodies
[196/237] Press_Tool/Press_Tool_18: ok (8.1s) — 4 bodies
[197/237] Press_Tool/Press_Tool_19: ok (14.6s) — 36 bodies
[198/237] Press_Tool/Press_Tool_21: ok (6.7s) — 0 bodies
[199/237] Press_Tool/Press_Tool_23: ok (5.7s) — 10 bodies
[200/237] Press_Tool/Press_Tool_24: ok (5.3s) — 10 bodies
[201/237] Press_Tool/Press_Tool_25: ok (5.3s) — 14 bodies
[202/237] Press_Tool/Press_Tool_26: ok (21.5s) — 15 bodies
[203/237] Press_Tool/Press_Tool_27: ok (5.5s) — 10 bodies
[204/237] Press_Tool/Press_Tool_28: ok (11.0s) — 81 bodies
[205/237] Press_Tool/Press_Tool_29: ok (11.0s) — 79 bodies
[206/237] Press_Tool/Press_Tool_30: ok (10.7s) — 79 bodies
[207/237] Press_Tool/Press_Tool_31: ok (5.3s) — 8 bodies
[208/237] Press_Tool/Press_Tool_32: ok (5.0s) — 6 bodies
[209/237] Press_Tool/Press_Tool_33: ok (4.2s) — 8 bodies
[210/237] Press_Tool/Press_Tool_34: ok (4.0s) — 0 bodies
[211/237] Press_Tool/Press_Tool_35: ok (4.1s) — 9 bodies
[212/237] Press_Tool/Press_Tool_36: ok (4.6s) — 10 bodies
[213/237] Tool_Post/Tool_Post_01: ok (5.7s) — 27 bodies
[214/237] Tool_Post/Tool_Post_02: ok (99.2s) — 21 bodies
[215/237] Tool_Post/Tool_Post_05: ok (64.6s) — 49 bodies
[216/237] Tool_Post/Tool_Post_08: ok (7.0s) — 9 bodies
[217/237] Tool_Post/Tool_Post_10: ok (13.2s) — 43 bodies
[218/237] Tool_Post/Tool_Post_13: ok (5.6s) — 26 bodies
[219/237] Tool_Post/Tool_Post_14: ok (6.1s) — 23 bodies
[220/237] Tool_Post/Tool_Post_17: ok (23.0s) — 30 bodies
[221/237] Tool_Post/Tool_Post_18: ok (6.5s) — 28 bodies
[222/237] Tool_Post/Tool_Post_19: ok (6.5s) — 28 bodies
[223/237] Tool_Post/Tool_Post_20: ok (99.3s) — 21 bodies
[224/237] Tool_Post/Tool_Post_21: ok (64.8s) — 49 bodies
[225/237] Tool_Post/Tool_Post_22: ok (63.8s) — 49 bodies
[226/237] Tool_Post/Tool_Post_23: ok (6.9s) — 7 bodies
[227/237] Tool_Post/Tool_Post_24: ok (6.6s) — 7 bodies
[228/237] Tool_Post/Tool_Post_25: ok (12.9s) — 43 bodies
[229/237] Tool_Post/Tool_Post_26: ok (13.1s) — 43 bodies
[230/237] Tool_Post/Tool_Post_27: ok (5.5s) — 24 bodies
[231/237] Tool_Post/Tool_Post_28: ok (5.4s) — 24 bodies
[232/237] Tool_Post/Tool_Post_29: ok (6.1s) — 23 bodies
[233/237] Tool_Post/Tool_Post_30: ok (6.2s) — 23 bodies
[234/237] Tool_Post/Tool_Post_31: ok (18.9s) — 21 bodies
[235/237] Tool_Post/Tool_Post_32: ok (19.1s) — 19 bodies
[236/237] Tool_Post/Tool_Post_33: ok (17.5s) — 18 bodies
[237/237] Tool_Post/Tool_Post_34: ok (6.5s) — 28 bodies

Wrote 5363 parts from 237 assemblies in 7401s
Wrote data/part_bank/index.json
DONE
