
[1/6] Loading dataset …
      233 graphs loaded.
      train: 162  val: 41  test: 30

[2/6] Loading frozen Phase-1 encoder …
Model built on mps  |  total params: 2,441,809
      Encoder frozen (val AUC=0.8607, trained_at=2026-08-16T05:37:16.697792)

[3/6] Loading / building part bank …
      Part bank: 5363 parts

[4/6] Building leave-one-out samples …
      Samples — train: 583  val: 137  test: 133

[5/6] Building ConditionalShapeVAE …
      VAE params: 6,457,665

[6/6] Training (60 epochs) …
    [swap-guard] 94.4% swap used (sample 150) -- pausing 3s for extra cleanup
    [swap-guard] 91.4% swap used (sample 180) -- pausing 3s for extra cleanup
    [swap-guard] 95.1% swap used (sample 430) -- pausing 3s for extra cleanup
    [swap-guard] 91.0% swap used (sample 460) -- pausing 3s for extra cleanup
    [swap-guard] 93.3% swap used (sample 480) -- pausing 3s for extra cleanup
    [swap-guard] 90.1% swap used (pass end) -- pausing 3s for extra cleanup
  Ep   1/60  loss=0.5439 (bce=0.2039 dice=0.6142 kl=0.6594)  val_loss=0.3960  IoU=0.4715  chamfer=0.0436  score=0.3844  lr=1.00e-03
    [swap-guard] 90.0% swap used (sample 110) -- pausing 3s for extra cleanup
    [swap-guard] 92.9% swap used (sample 210) -- pausing 3s for extra cleanup
    [swap-guard] 91.1% swap used (sample 260) -- pausing 3s for extra cleanup
    [swap-guard] 92.3% swap used (sample 320) -- pausing 3s for extra cleanup
    [swap-guard] 93.6% swap used (sample 380) -- pausing 3s for extra cleanup
    [swap-guard] 92.0% swap used (sample 390) -- pausing 3s for extra cleanup
    [swap-guard] 94.0% swap used (sample 480) -- pausing 3s for extra cleanup
    [swap-guard] 92.4% swap used (sample 20) -- pausing 3s for extra cleanup
    [swap-guard] 92.1% swap used (sample 100) -- pausing 3s for extra cleanup
  Ep   2/60  loss=0.4174 (bce=0.1476 dice=0.4909 kl=0.4887)  val_loss=0.3459  IoU=0.4628  chamfer=0.0499  score=0.3629  lr=1.00e-03
    [swap-guard] 92.0% swap used (sample 40) -- pausing 3s for extra cleanup
    [swap-guard] 93.4% swap used (sample 90) -- pausing 3s for extra cleanup
    [swap-guard] 94.1% swap used (sample 180) -- pausing 3s for extra cleanup
    [swap-guard] 90.0% swap used (sample 310) -- pausing 3s for extra cleanup
    [swap-guard] 90.2% swap used (sample 450) -- pausing 3s for extra cleanup
    [swap-guard] 91.6% swap used (sample 580) -- pausing 3s for extra cleanup
    [swap-guard] 91.7% swap used (sample 30) -- pausing 3s for extra cleanup
  Ep   3/60  loss=0.3907 (bce=0.1412 dice=0.4573 kl=0.4184)  val_loss=0.3001  IoU=0.5456  chamfer=0.0406  score=0.4645  lr=1.00e-03
    [swap-guard] 94.2% swap used (sample 20) -- pausing 3s for extra cleanup
    [swap-guard] 90.9% swap used (sample 280) -- pausing 3s for extra cleanup
    [swap-guard] 95.5% swap used (sample 360) -- pausing 3s for extra cleanup
    [swap-guard] 93.5% swap used (sample 380) -- pausing 3s for extra cleanup
    [swap-guard] 91.3% swap used (sample 500) -- pausing 3s for extra cleanup
    [swap-guard] 92.1% swap used (sample 520) -- pausing 3s for extra cleanup
    [swap-guard] 91.0% swap used (sample 30) -- pausing 3s for extra cleanup
    [swap-guard] 91.9% swap used (sample 110) -- pausing 3s for extra cleanup
  Ep   4/60  loss=0.3698 (bce=0.1339 dice=0.4315 kl=0.4033)  val_loss=0.3159  IoU=0.4939  chamfer=0.0469  score=0.4001  lr=1.00e-03
    [swap-guard] 94.1% swap used (sample 50) -- pausing 3s for extra cleanup
    [swap-guard] 95.4% swap used (sample 90) -- pausing 3s for extra cleanup
    [swap-guard] 94.1% swap used (sample 100) -- pausing 3s for extra cleanup
  Ep   5/60  loss=0.3551 (bce=0.1276 dice=0.4172 kl=0.3786)  val_loss=0.3217  IoU=0.4786  chamfer=0.0425  score=0.3936  lr=1.00e-03
    [swap-guard] 94.0% swap used (sample 10) -- pausing 3s for extra cleanup
    [swap-guard] 95.1% swap used (sample 290) -- pausing 3s for extra cleanup
    [swap-guard] 92.0% swap used (sample 20) -- pausing 3s for extra cleanup
    [swap-guard] 91.9% swap used (sample 30) -- pausing 3s for extra cleanup
  Ep   6/60  loss=0.3478 (bce=0.1247 dice=0.4084 kl=0.3774)  val_loss=0.3133  IoU=0.5011  chamfer=0.0388  score=0.4234  lr=1.00e-03
    [swap-guard] 91.7% swap used (sample 170) -- pausing 3s for extra cleanup
    [swap-guard] 92.1% swap used (sample 350) -- pausing 3s for extra cleanup
    [swap-guard] 92.9% swap used (sample 380) -- pausing 3s for extra cleanup
    [swap-guard] 91.0% swap used (sample 430) -- pausing 3s for extra cleanup
    [swap-guard] 92.1% swap used (sample 450) -- pausing 3s for extra cleanup
    [swap-guard] 93.8% swap used (sample 460) -- pausing 3s for extra cleanup
    [swap-guard] 91.5% swap used (sample 490) -- pausing 3s for extra cleanup
    [swap-guard] 91.5% swap used (sample 530) -- pausing 3s for extra cleanup
    [swap-guard] 90.0% swap used (sample 560) -- pausing 3s for extra cleanup
    [swap-guard] 93.2% swap used (sample 20) -- pausing 3s for extra cleanup
    [swap-guard] 93.3% swap used (sample 30) -- pausing 3s for extra cleanup
    [swap-guard] 92.4% swap used (sample 60) -- pausing 3s for extra cleanup
  Ep   7/60  loss=0.3394 (bce=0.1213 dice=0.3998 kl=0.3635)  val_loss=0.2703  IoU=0.5802  chamfer=0.0413  score=0.4977  lr=1.00e-03
    [swap-guard] 93.9% swap used (sample 410) -- pausing 3s for extra cleanup
    [swap-guard] 94.1% swap used (sample 420) -- pausing 3s for extra cleanup
    [swap-guard] 91.5% swap used (sample 440) -- pausing 3s for extra cleanup
    [swap-guard] 92.3% swap used (sample 490) -- pausing 3s for extra cleanup
    [swap-guard] 92.5% swap used (sample 510) -- pausing 3s for extra cleanup
    [swap-guard] 90.3% swap used (sample 520) -- pausing 3s for extra cleanup
    [swap-guard] 90.8% swap used (sample 550) -- pausing 3s for extra cleanup
    [swap-guard] 95.0% swap used (sample 20) -- pausing 3s for extra cleanup
  Ep   8/60  loss=0.3358 (bce=0.1200 dice=0.3949 kl=0.3672)  val_loss=0.3276  IoU=0.4635  chamfer=0.0509  score=0.3617  lr=1.00e-03
    [swap-guard] 94.1% swap used (sample 40) -- pausing 3s for extra cleanup
    [swap-guard] 92.9% swap used (sample 80) -- pausing 3s for extra cleanup
    [swap-guard] 90.0% swap used (sample 90) -- pausing 3s for extra cleanup
    [swap-guard] 94.6% swap used (sample 110) -- pausing 3s for extra cleanup
    [swap-guard] 91.0% swap used (sample 130) -- pausing 3s for extra cleanup
    [swap-guard] 95.6% swap used (sample 170) -- pausing 3s for extra cleanup
    [swap-guard] 95.9% swap used (sample 190) -- pausing 3s for extra cleanup
    [swap-guard] 90.6% swap used (sample 230) -- pausing 3s for extra cleanup
    [swap-guard] 90.8% swap used (sample 250) -- pausing 3s for extra cleanup
    [swap-guard] 93.6% swap used (sample 260) -- pausing 3s for extra cleanup
    [swap-guard] 93.6% swap used (sample 320) -- pausing 3s for extra cleanup
    [swap-guard] 91.5% swap used (sample 360) -- pausing 3s for extra cleanup
    [swap-guard] 90.4% swap used (sample 380) -- pausing 3s for extra cleanup
    [swap-guard] 95.9% swap used (sample 390) -- pausing 3s for extra cleanup
    [swap-guard] 92.9% swap used (sample 450) -- pausing 3s for extra cleanup
    [swap-guard] 92.9% swap used (sample 490) -- pausing 3s for extra cleanup
    [swap-guard] 93.5% swap used (sample 540) -- pausing 3s for extra cleanup
  Ep   9/60  loss=0.3321 (bce=0.1198 dice=0.3898 kl=0.3477)  val_loss=0.2678  IoU=0.5576  chamfer=0.0372  score=0.4832  lr=1.00e-03
    [swap-guard] 90.8% swap used (sample 210) -- pausing 3s for extra cleanup
    [swap-guard] 94.7% swap used (sample 330) -- pausing 3s for extra cleanup
    [swap-guard] 90.3% swap used (sample 380) -- pausing 3s for extra cleanup
    [swap-guard] 91.6% swap used (sample 460) -- pausing 3s for extra cleanup
    [swap-guard] 92.7% swap used (sample 470) -- pausing 3s for extra cleanup
    [swap-guard] 92.3% swap used (sample 560) -- pausing 3s for extra cleanup
    [swap-guard] 95.6% swap used (sample 20) -- pausing 3s for extra cleanup
    [swap-guard] 92.5% swap used (sample 30) -- pausing 3s for extra cleanup
  Ep  10/60  loss=0.3296 (bce=0.1180 dice=0.3883 kl=0.3495)  val_loss=0.2712  IoU=0.5830  chamfer=0.0375  score=0.5080  lr=1.00e-03
    [swap-guard] 92.9% swap used (sample 10) -- pausing 3s for extra cleanup
    [swap-guard] 91.2% swap used (sample 70) -- pausing 3s for extra cleanup
    [swap-guard] 95.5% swap used (sample 140) -- pausing 3s for extra cleanup
    [swap-guard] 94.6% swap used (sample 320) -- pausing 3s for extra cleanup
    [swap-guard] 91.2% swap used (sample 340) -- pausing 3s for extra cleanup
    [swap-guard] 92.7% swap used (sample 450) -- pausing 3s for extra cleanup
    [swap-guard] 90.0% swap used (sample 520) -- pausing 3s for extra cleanup
    [swap-guard] 93.6% swap used (sample 570) -- pausing 3s for extra cleanup
  Ep  11/60  loss=0.3239 (bce=0.1170 dice=0.3803 kl=0.3348)  val_loss=0.3067  IoU=0.5014  chamfer=0.0414  score=0.4186  lr=1.00e-03
    [swap-guard] 94.5% swap used (sample 10) -- pausing 3s for extra cleanup
    [swap-guard] 91.9% swap used (sample 20) -- pausing 3s for extra cleanup
    [swap-guard] 92.7% swap used (sample 30) -- pausing 3s for extra cleanup
    [swap-guard] 94.5% swap used (sample 130) -- pausing 3s for extra cleanup
    [swap-guard] 92.3% swap used (sample 290) -- pausing 3s for extra cleanup
    [swap-guard] 91.3% swap used (sample 300) -- pausing 3s for extra cleanup
    [swap-guard] 90.9% swap used (sample 310) -- pausing 3s for extra cleanup
    [swap-guard] 94.8% swap used (sample 320) -- pausing 3s for extra cleanup
    [swap-guard] 91.9% swap used (sample 350) -- pausing 3s for extra cleanup
    [swap-guard] 95.0% swap used (sample 510) -- pausing 3s for extra cleanup
    [swap-guard] 90.6% swap used (sample 540) -- pausing 3s for extra cleanup
    [swap-guard] 94.8% swap used (sample 20) -- pausing 3s for extra cleanup
  Ep  12/60  loss=0.3219 (bce=0.1149 dice=0.3805 kl=0.3352)  val_loss=0.3469  IoU=0.4409  chamfer=0.0442  score=0.3526  lr=1.00e-03
    [swap-guard] 91.8% swap used (sample 10) -- pausing 3s for extra cleanup
    [swap-guard] 92.0% swap used (sample 160) -- pausing 3s for extra cleanup
    [swap-guard] 91.1% swap used (sample 200) -- pausing 3s for extra cleanup
    [swap-guard] 92.8% swap used (sample 230) -- pausing 3s for extra cleanup
    [swap-guard] 90.8% swap used (sample 250) -- pausing 3s for extra cleanup
    [swap-guard] 93.1% swap used (sample 330) -- pausing 3s for extra cleanup
    [swap-guard] 91.7% swap used (sample 360) -- pausing 3s for extra cleanup
    [swap-guard] 91.7% swap used (sample 380) -- pausing 3s for extra cleanup
    [swap-guard] 94.9% swap used (sample 390) -- pausing 3s for extra cleanup
    [swap-guard] 91.6% swap used (sample 430) -- pausing 3s for extra cleanup
    [swap-guard] 94.8% swap used (sample 580) -- pausing 3s for extra cleanup
  Ep  13/60  loss=0.3207 (bce=0.1143 dice=0.3794 kl=0.3333)  val_loss=0.2690  IoU=0.5618  chamfer=0.0372  score=0.4873  lr=1.00e-03
    [swap-guard] 90.3% swap used (sample 170) -- pausing 3s for extra cleanup
    [swap-guard] 90.3% swap used (sample 210) -- pausing 3s for extra cleanup
    [swap-guard] 93.2% swap used (sample 330) -- pausing 3s for extra cleanup
    [swap-guard] 90.0% swap used (sample 560) -- pausing 3s for extra cleanup
    [swap-guard] 92.9% swap used (sample 570) -- pausing 3s for extra cleanup
    [swap-guard] 91.8% swap used (sample 580) -- pausing 3s for extra cleanup
  Ep  14/60  loss=0.3190 (bce=0.1145 dice=0.3768 kl=0.3225)  val_loss=0.3739  IoU=0.4012  chamfer=0.0420  score=0.3172  lr=1.00e-03
    [swap-guard] 90.6% swap used (sample 40) -- pausing 3s for extra cleanup
    [swap-guard] 90.8% swap used (sample 90) -- pausing 3s for extra cleanup
    [swap-guard] 94.2% swap used (sample 180) -- pausing 3s for extra cleanup
    [swap-guard] 92.0% swap used (sample 260) -- pausing 3s for extra cleanup
    [swap-guard] 93.4% swap used (sample 280) -- pausing 3s for extra cleanup
    [swap-guard] 95.7% swap used (sample 430) -- pausing 3s for extra cleanup
    [swap-guard] 90.5% swap used (sample 440) -- pausing 3s for extra cleanup
    [swap-guard] 90.2% swap used (sample 560) -- pausing 3s for extra cleanup
    [swap-guard] 90.3% swap used (sample 60) -- pausing 3s for extra cleanup
  Ep  15/60  loss=0.3137 (bce=0.1115 dice=0.3716 kl=0.3284)  val_loss=0.2947  IoU=0.5213  chamfer=0.0394  score=0.4425  lr=1.00e-03
    [swap-guard] 90.0% swap used (sample 20) -- pausing 3s for extra cleanup
    [swap-guard] 90.1% swap used (sample 40) -- pausing 3s for extra cleanup
    [swap-guard] 94.2% swap used (sample 50) -- pausing 3s for extra cleanup
    [swap-guard] 92.9% swap used (sample 70) -- pausing 3s for extra cleanup
    [swap-guard] 91.5% swap used (sample 80) -- pausing 3s for extra cleanup
    [swap-guard] 93.1% swap used (sample 100) -- pausing 3s for extra cleanup
    [swap-guard] 91.8% swap used (sample 110) -- pausing 3s for extra cleanup
    [swap-guard] 94.2% swap used (sample 150) -- pausing 3s for extra cleanup
    [swap-guard] 96.2% swap used (sample 160) -- pausing 3s for extra cleanup
    [swap-guard] 90.9% swap used (sample 320) -- pausing 3s for extra cleanup
    [swap-guard] 91.5% swap used (sample 370) -- pausing 3s for extra cleanup
    [swap-guard] 94.8% swap used (sample 520) -- pausing 3s for extra cleanup
    [swap-guard] 94.0% swap used (sample 20) -- pausing 3s for extra cleanup
  Ep  16/60  loss=0.3144 (bce=0.1124 dice=0.3718 kl=0.3211)  val_loss=0.3035  IoU=0.5074  chamfer=0.0408  score=0.4258  lr=1.00e-03
    [swap-guard] 90.0% swap used (sample 70) -- pausing 3s for extra cleanup
    [swap-guard] 90.8% swap used (sample 280) -- pausing 3s for extra cleanup
  Ep  17/60  loss=0.3101 (bce=0.1106 dice=0.3670 kl=0.3217)  val_loss=0.2721  IoU=0.5477  chamfer=0.0363  score=0.4752  lr=1.00e-03
    [swap-guard] 93.5% swap used (sample 10) -- pausing 3s for extra cleanup
    [swap-guard] 90.3% swap used (sample 390) -- pausing 3s for extra cleanup
    [swap-guard] 94.4% swap used (sample 410) -- pausing 3s for extra cleanup
    [swap-guard] 95.4% swap used (sample 530) -- pausing 3s for extra cleanup
    [swap-guard] 96.3% swap used (sample 560) -- pausing 3s for extra cleanup
    [swap-guard] 95.7% swap used (sample 20) -- pausing 3s for extra cleanup
    [swap-guard] 92.9% swap used (sample 30) -- pausing 3s for extra cleanup
    [swap-guard] 91.3% swap used (sample 60) -- pausing 3s for extra cleanup
  Ep  18/60  loss=0.3057 (bce=0.1082 dice=0.3637 kl=0.3139)  val_loss=0.2957  IoU=0.5119  chamfer=0.0404  score=0.4311  lr=1.00e-03
    [swap-guard] 92.7% swap used (sample 50) -- pausing 3s for extra cleanup
    [swap-guard] 93.6% swap used (sample 90) -- pausing 3s for extra cleanup
    [swap-guard] 91.6% swap used (sample 160) -- pausing 3s for extra cleanup
    [swap-guard] 92.9% swap used (sample 180) -- pausing 3s for extra cleanup
    [swap-guard] 94.0% swap used (sample 260) -- pausing 3s for extra cleanup
    [swap-guard] 90.1% swap used (sample 420) -- pausing 3s for extra cleanup
    [swap-guard] 90.3% swap used (sample 570) -- pausing 3s for extra cleanup
  Ep  19/60  loss=0.3091 (bce=0.1110 dice=0.3647 kl=0.3157)  val_loss=0.2682  IoU=0.5496  chamfer=0.0381  score=0.4734  lr=5.00e-04
    [swap-guard] 93.7% swap used (sample 110) -- pausing 3s for extra cleanup
    [swap-guard] 93.3% swap used (sample 130) -- pausing 3s for extra cleanup
    [swap-guard] 90.0% swap used (sample 150) -- pausing 3s for extra cleanup
    [swap-guard] 93.8% swap used (sample 160) -- pausing 3s for extra cleanup
    [swap-guard] 93.3% swap used (sample 220) -- pausing 3s for extra cleanup
    [swap-guard] 94.1% swap used (sample 240) -- pausing 3s for extra cleanup
    [swap-guard] 93.8% swap used (sample 250) -- pausing 3s for extra cleanup
    [swap-guard] 90.6% swap used (sample 290) -- pausing 3s for extra cleanup
    [swap-guard] 91.9% swap used (sample 340) -- pausing 3s for extra cleanup
    [swap-guard] 90.6% swap used (sample 440) -- pausing 3s for extra cleanup
  Ep  20/60  loss=0.2893 (bce=0.1017 dice=0.3443 kl=0.3081)  val_loss=0.2509  IoU=0.5830  chamfer=0.0378  score=0.5074  lr=5.00e-04
    [swap-guard] 94.5% swap used (sample 70) -- pausing 3s for extra cleanup
    [swap-guard] 94.2% swap used (sample 80) -- pausing 3s for extra cleanup
    [swap-guard] 93.7% swap used (sample 190) -- pausing 3s for extra cleanup
    [swap-guard] 95.1% swap used (sample 220) -- pausing 3s for extra cleanup
    [swap-guard] 91.7% swap used (sample 250) -- pausing 3s for extra cleanup
    [swap-guard] 91.0% swap used (sample 260) -- pausing 3s for extra cleanup
    [swap-guard] 93.0% swap used (sample 320) -- pausing 3s for extra cleanup
    [swap-guard] 91.9% swap used (sample 330) -- pausing 3s for extra cleanup
    [swap-guard] 92.0% swap used (sample 470) -- pausing 3s for extra cleanup
    [swap-guard] 90.7% swap used (sample 60) -- pausing 3s for extra cleanup
  Ep  21/60  loss=0.2834 (bce=0.0994 dice=0.3376 kl=0.3043)  val_loss=0.2457  IoU=0.5962  chamfer=0.0371  score=0.5220  lr=5.00e-04
    [swap-guard] 94.5% swap used (sample 10) -- pausing 3s for extra cleanup
    [swap-guard] 91.4% swap used (sample 20) -- pausing 3s for extra cleanup
    [swap-guard] 91.6% swap used (sample 30) -- pausing 3s for extra cleanup
    [swap-guard] 90.0% swap used (sample 90) -- pausing 3s for extra cleanup
    [swap-guard] 90.4% swap used (sample 110) -- pausing 3s for extra cleanup
    [swap-guard] 91.7% swap used (sample 190) -- pausing 3s for extra cleanup
    [swap-guard] 92.3% swap used (sample 240) -- pausing 3s for extra cleanup
    [swap-guard] 91.4% swap used (sample 320) -- pausing 3s for extra cleanup
    [swap-guard] 91.4% swap used (sample 330) -- pausing 3s for extra cleanup
    [swap-guard] 92.8% swap used (sample 400) -- pausing 3s for extra cleanup
    [swap-guard] 91.6% swap used (sample 460) -- pausing 3s for extra cleanup
    [swap-guard] 92.3% swap used (sample 560) -- pausing 3s for extra cleanup
  Ep  22/60  loss=0.2840 (bce=0.1005 dice=0.3365 kl=0.3042)  val_loss=0.2798  IoU=0.5283  chamfer=0.0388  score=0.4506  lr=5.00e-04
    [swap-guard] 92.9% swap used (sample 30) -- pausing 3s for extra cleanup
    [swap-guard] 90.8% swap used (sample 180) -- pausing 3s for extra cleanup
    [swap-guard] 90.5% swap used (sample 240) -- pausing 3s for extra cleanup
    [swap-guard] 93.0% swap used (sample 250) -- pausing 3s for extra cleanup
    [swap-guard] 90.1% swap used (sample 280) -- pausing 3s for extra cleanup
    [swap-guard] 90.5% swap used (sample 290) -- pausing 3s for extra cleanup
    [swap-guard] 94.3% swap used (sample 340) -- pausing 3s for extra cleanup
    [swap-guard] 94.2% swap used (sample 360) -- pausing 3s for extra cleanup
    [swap-guard] 95.1% swap used (sample 370) -- pausing 3s for extra cleanup
    [swap-guard] 92.2% swap used (sample 460) -- pausing 3s for extra cleanup
    [swap-guard] 95.8% swap used (sample 470) -- pausing 3s for extra cleanup
    [swap-guard] 90.1% swap used (sample 500) -- pausing 3s for extra cleanup
    [swap-guard] 90.9% swap used (sample 570) -- pausing 3s for extra cleanup
  Ep  23/60  loss=0.2798 (bce=0.0989 dice=0.3325 kl=0.2922)  val_loss=0.2853  IoU=0.5291  chamfer=0.0368  score=0.4556  lr=5.00e-04
    [swap-guard] 90.7% swap used (sample 10) -- pausing 3s for extra cleanup
    [swap-guard] 93.6% swap used (sample 20) -- pausing 3s for extra cleanup
    [swap-guard] 90.6% swap used (sample 40) -- pausing 3s for extra cleanup
    [swap-guard] 92.3% swap used (sample 80) -- pausing 3s for extra cleanup
    [swap-guard] 95.0% swap used (sample 90) -- pausing 3s for extra cleanup
    [swap-guard] 92.4% swap used (sample 130) -- pausing 3s for extra cleanup
    [swap-guard] 91.7% swap used (sample 170) -- pausing 3s for extra cleanup
    [swap-guard] 92.5% swap used (sample 250) -- pausing 3s for extra cleanup
    [swap-guard] 90.8% swap used (sample 270) -- pausing 3s for extra cleanup
    [swap-guard] 90.9% swap used (sample 300) -- pausing 3s for extra cleanup
    [swap-guard] 94.5% swap used (sample 330) -- pausing 3s for extra cleanup
    [swap-guard] 92.8% swap used (sample 350) -- pausing 3s for extra cleanup
    [swap-guard] 92.1% swap used (sample 360) -- pausing 3s for extra cleanup
    [swap-guard] 95.6% swap used (sample 430) -- pausing 3s for extra cleanup
    [swap-guard] 92.2% swap used (sample 460) -- pausing 3s for extra cleanup
    [swap-guard] 92.6% swap used (sample 470) -- pausing 3s for extra cleanup
    [swap-guard] 93.0% swap used (sample 540) -- pausing 3s for extra cleanup
    [swap-guard] 93.1% swap used (sample 550) -- pausing 3s for extra cleanup
    [swap-guard] 90.8% swap used (sample 100) -- pausing 3s for extra cleanup
  Ep  24/60  loss=0.2803 (bce=0.0993 dice=0.3325 kl=0.2950)  val_loss=0.2784  IoU=0.5363  chamfer=0.0377  score=0.4608  lr=5.00e-04
    [swap-guard] 92.0% swap used (sample 30) -- pausing 3s for extra cleanup
    [swap-guard] 90.9% swap used (sample 100) -- pausing 3s for extra cleanup
    [swap-guard] 90.0% swap used (sample 110) -- pausing 3s for extra cleanup
    [swap-guard] 91.9% swap used (sample 160) -- pausing 3s for extra cleanup
    [swap-guard] 91.9% swap used (sample 180) -- pausing 3s for extra cleanup
    [swap-guard] 92.1% swap used (sample 230) -- pausing 3s for extra cleanup
    [swap-guard] 90.0% swap used (sample 250) -- pausing 3s for extra cleanup
    [swap-guard] 91.7% swap used (sample 280) -- pausing 3s for extra cleanup
    [swap-guard] 92.8% swap used (sample 470) -- pausing 3s for extra cleanup
    [swap-guard] 91.6% swap used (sample 520) -- pausing 3s for extra cleanup
    [swap-guard] 90.8% swap used (sample 560) -- pausing 3s for extra cleanup
    [swap-guard] 90.9% swap used (sample 570) -- pausing 3s for extra cleanup
    [swap-guard] 90.9% swap used (sample 80) -- pausing 3s for extra cleanup
    [swap-guard] 90.1% swap used (sample 100) -- pausing 3s for extra cleanup
  Ep  25/60  loss=0.2762 (bce=0.0971 dice=0.3288 kl=0.2941)  val_loss=0.2406  IoU=0.5998  chamfer=0.0360  score=0.5277  lr=5.00e-04
    [swap-guard] 92.0% swap used (sample 70) -- pausing 3s for extra cleanup
    [swap-guard] 90.0% swap used (sample 120) -- pausing 3s for extra cleanup
    [swap-guard] 90.2% swap used (sample 180) -- pausing 3s for extra cleanup
    [swap-guard] 91.1% swap used (sample 230) -- pausing 3s for extra cleanup
    [swap-guard] 93.6% swap used (sample 350) -- pausing 3s for extra cleanup
    [swap-guard] 90.0% swap used (sample 390) -- pausing 3s for extra cleanup
    [swap-guard] 90.3% swap used (sample 410) -- pausing 3s for extra cleanup
    [swap-guard] 92.8% swap used (sample 450) -- pausing 3s for extra cleanup
  Ep  26/60  loss=0.2763 (bce=0.0967 dice=0.3295 kl=0.2969)  val_loss=0.2289  IoU=0.6282  chamfer=0.0367  score=0.5548  lr=5.00e-04
    [swap-guard] 90.3% swap used (sample 50) -- pausing 3s for extra cleanup
    [swap-guard] 91.1% swap used (sample 90) -- pausing 3s for extra cleanup
    [swap-guard] 90.9% swap used (sample 140) -- pausing 3s for extra cleanup
    [swap-guard] 91.5% swap used (sample 150) -- pausing 3s for extra cleanup
    [swap-guard] 92.0% swap used (sample 240) -- pausing 3s for extra cleanup
    [swap-guard] 91.3% swap used (sample 260) -- pausing 3s for extra cleanup
    [swap-guard] 90.7% swap used (sample 390) -- pausing 3s for extra cleanup
    [swap-guard] 91.0% swap used (sample 410) -- pausing 3s for extra cleanup
    [swap-guard] 91.7% swap used (sample 430) -- pausing 3s for extra cleanup
    [swap-guard] 90.2% swap used (sample 440) -- pausing 3s for extra cleanup
    [swap-guard] 91.8% swap used (sample 450) -- pausing 3s for extra cleanup
    [swap-guard] 93.2% swap used (sample 520) -- pausing 3s for extra cleanup
    [swap-guard] 96.1% swap used (sample 530) -- pausing 3s for extra cleanup
    [swap-guard] 92.1% swap used (sample 80) -- pausing 3s for extra cleanup
    [swap-guard] 90.7% swap used (sample 100) -- pausing 3s for extra cleanup
  Ep  27/60  loss=0.2751 (bce=0.0962 dice=0.3287 kl=0.2910)  val_loss=0.2263  IoU=0.6259  chamfer=0.0357  score=0.5544  lr=5.00e-04
    [swap-guard] 93.0% swap used (sample 10) -- pausing 3s for extra cleanup
    [swap-guard] 92.8% swap used (sample 50) -- pausing 3s for extra cleanup
    [swap-guard] 91.2% swap used (sample 110) -- pausing 3s for extra cleanup
    [swap-guard] 93.1% swap used (sample 150) -- pausing 3s for extra cleanup
    [swap-guard] 91.0% swap used (sample 180) -- pausing 3s for extra cleanup
    [swap-guard] 90.2% swap used (sample 340) -- pausing 3s for extra cleanup
    [swap-guard] 91.4% swap used (sample 390) -- pausing 3s for extra cleanup
    [swap-guard] 90.3% swap used (sample 410) -- pausing 3s for extra cleanup
    [swap-guard] 90.0% swap used (sample 420) -- pausing 3s for extra cleanup
    [swap-guard] 90.4% swap used (sample 430) -- pausing 3s for extra cleanup
    [swap-guard] 91.3% swap used (sample 450) -- pausing 3s for extra cleanup
    [swap-guard] 93.4% swap used (sample 500) -- pausing 3s for extra cleanup
    [swap-guard] 90.9% swap used (sample 510) -- pausing 3s for extra cleanup
    [swap-guard] 90.0% swap used (sample 520) -- pausing 3s for extra cleanup
    [swap-guard] 91.4% swap used (pass end) -- pausing 3s for extra cleanup
  Ep  28/60  loss=0.2784 (bce=0.0992 dice=0.3293 kl=0.2921)  val_loss=0.2389  IoU=0.5994  chamfer=0.0365  score=0.5264  lr=5.00e-04
    [swap-guard] 90.6% swap used (sample 10) -- pausing 3s for extra cleanup
    [swap-guard] 90.0% swap used (sample 30) -- pausing 3s for extra cleanup
    [swap-guard] 90.8% swap used (sample 40) -- pausing 3s for extra cleanup
    [swap-guard] 93.2% swap used (sample 80) -- pausing 3s for extra cleanup
    [swap-guard] 92.4% swap used (sample 160) -- pausing 3s for extra cleanup
    [swap-guard] 91.2% swap used (sample 240) -- pausing 3s for extra cleanup
    [swap-guard] 91.8% swap used (sample 300) -- pausing 3s for extra cleanup
    [swap-guard] 91.7% swap used (sample 310) -- pausing 3s for extra cleanup
    [swap-guard] 93.8% swap used (sample 320) -- pausing 3s for extra cleanup
    [swap-guard] 91.4% swap used (sample 450) -- pausing 3s for extra cleanup
    [swap-guard] 91.3% swap used (sample 480) -- pausing 3s for extra cleanup
    [swap-guard] 94.4% swap used (sample 500) -- pausing 3s for extra cleanup
    [swap-guard] 91.5% swap used (sample 510) -- pausing 3s for extra cleanup
    [swap-guard] 90.4% swap used (sample 570) -- pausing 3s for extra cleanup
  Ep  29/60  loss=0.2747 (bce=0.0972 dice=0.3259 kl=0.2908)  val_loss=0.2554  IoU=0.5627  chamfer=0.0379  score=0.4868  lr=5.00e-04
    [swap-guard] 94.4% swap used (sample 30) -- pausing 3s for extra cleanup
    [swap-guard] 90.0% swap used (sample 60) -- pausing 3s for extra cleanup
    [swap-guard] 90.8% swap used (sample 140) -- pausing 3s for extra cleanup
    [swap-guard] 93.9% swap used (sample 200) -- pausing 3s for extra cleanup
    [swap-guard] 92.2% swap used (sample 290) -- pausing 3s for extra cleanup
    [swap-guard] 91.9% swap used (sample 340) -- pausing 3s for extra cleanup
    [swap-guard] 90.8% swap used (sample 380) -- pausing 3s for extra cleanup
    [swap-guard] 91.2% swap used (sample 440) -- pausing 3s for extra cleanup
    [swap-guard] 94.2% swap used (sample 500) -- pausing 3s for extra cleanup
    [swap-guard] 92.7% swap used (sample 560) -- pausing 3s for extra cleanup
    [swap-guard] 93.5% swap used (sample 570) -- pausing 3s for extra cleanup
    [swap-guard] 91.1% swap used (sample 10) -- pausing 3s for extra cleanup
    [swap-guard] 90.5% swap used (sample 30) -- pausing 3s for extra cleanup
    [swap-guard] 92.2% swap used (sample 100) -- pausing 3s for extra cleanup
  Ep  30/60  loss=0.2715 (bce=0.0955 dice=0.3232 kl=0.2878)  val_loss=0.2533  IoU=0.5743  chamfer=0.0373  score=0.4997  lr=5.00e-04
    [swap-guard] 90.0% swap used (sample 140) -- pausing 3s for extra cleanup
    [swap-guard] 90.4% swap used (sample 170) -- pausing 3s for extra cleanup
    [swap-guard] 94.7% swap used (sample 200) -- pausing 3s for extra cleanup
    [swap-guard] 90.7% swap used (sample 230) -- pausing 3s for extra cleanup
    [swap-guard] 90.6% swap used (sample 240) -- pausing 3s for extra cleanup
    [swap-guard] 93.6% swap used (sample 260) -- pausing 3s for extra cleanup
    [swap-guard] 94.5% swap used (sample 270) -- pausing 3s for extra cleanup
    [swap-guard] 90.8% swap used (sample 280) -- pausing 3s for extra cleanup
    [swap-guard] 90.2% swap used (sample 330) -- pausing 3s for extra cleanup
    [swap-guard] 90.9% swap used (sample 470) -- pausing 3s for extra cleanup
    [swap-guard] 90.7% swap used (sample 500) -- pausing 3s for extra cleanup
    [swap-guard] 91.2% swap used (sample 520) -- pausing 3s for extra cleanup
    [swap-guard] 91.3% swap used (sample 530) -- pausing 3s for extra cleanup
    [swap-guard] 91.9% swap used (sample 580) -- pausing 3s for extra cleanup
    [swap-guard] 92.6% swap used (sample 80) -- pausing 3s for extra cleanup
  Ep  31/60  loss=0.2729 (bce=0.0963 dice=0.3245 kl=0.2872)  val_loss=0.2303  IoU=0.6307  chamfer=0.0355  score=0.5596  lr=5.00e-04
    [swap-guard] 90.0% swap used (sample 60) -- pausing 3s for extra cleanup
    [swap-guard] 94.1% swap used (sample 100) -- pausing 3s for extra cleanup
    [swap-guard] 90.3% swap used (sample 110) -- pausing 3s for extra cleanup
    [swap-guard] 92.4% swap used (sample 130) -- pausing 3s for extra cleanup
    [swap-guard] 90.0% swap used (sample 160) -- pausing 3s for extra cleanup
    [swap-guard] 92.8% swap used (sample 190) -- pausing 3s for extra cleanup
    [swap-guard] 93.7% swap used (sample 200) -- pausing 3s for extra cleanup
    [swap-guard] 91.2% swap used (sample 210) -- pausing 3s for extra cleanup
    [swap-guard] 91.3% swap used (sample 250) -- pausing 3s for extra cleanup
    [swap-guard] 91.2% swap used (sample 300) -- pausing 3s for extra cleanup
    [swap-guard] 91.4% swap used (sample 330) -- pausing 3s for extra cleanup
    [swap-guard] 94.1% swap used (sample 440) -- pausing 3s for extra cleanup
    [swap-guard] 90.9% swap used (sample 480) -- pausing 3s for extra cleanup
    [swap-guard] 90.5% swap used (sample 510) -- pausing 3s for extra cleanup
    [swap-guard] 90.4% swap used (sample 540) -- pausing 3s for extra cleanup
    [swap-guard] 90.8% swap used (sample 550) -- pausing 3s for extra cleanup
  Ep  32/60  loss=0.2704 (bce=0.0947 dice=0.3232 kl=0.2819)  val_loss=0.2943  IoU=0.5039  chamfer=0.0521  score=0.3997  lr=5.00e-04
    [swap-guard] 95.3% swap used (sample 50) -- pausing 3s for extra cleanup
    [swap-guard] 95.4% swap used (sample 110) -- pausing 3s for extra cleanup
    [swap-guard] 93.0% swap used (sample 210) -- pausing 3s for extra cleanup
    [swap-guard] 93.4% swap used (sample 270) -- pausing 3s for extra cleanup
    [swap-guard] 90.2% swap used (sample 330) -- pausing 3s for extra cleanup
    [swap-guard] 91.3% swap used (sample 380) -- pausing 3s for extra cleanup
    [swap-guard] 94.0% swap used (sample 400) -- pausing 3s for extra cleanup
    [swap-guard] 90.4% swap used (sample 420) -- pausing 3s for extra cleanup
    [swap-guard] 92.7% swap used (sample 450) -- pausing 3s for extra cleanup
    [swap-guard] 91.7% swap used (sample 470) -- pausing 3s for extra cleanup
    [swap-guard] 96.4% swap used (sample 500) -- pausing 3s for extra cleanup
    [swap-guard] 92.5% swap used (sample 530) -- pausing 3s for extra cleanup
  Ep  33/60  loss=0.2701 (bce=0.0947 dice=0.3226 kl=0.2812)  val_loss=0.2357  IoU=0.6072  chamfer=0.0373  score=0.5327  lr=5.00e-04
    [swap-guard] 95.1% swap used (sample 50) -- pausing 3s for extra cleanup
    [swap-guard] 92.4% swap used (sample 60) -- pausing 3s for extra cleanup
    [swap-guard] 90.1% swap used (sample 90) -- pausing 3s for extra cleanup
    [swap-guard] 93.2% swap used (sample 140) -- pausing 3s for extra cleanup
    [swap-guard] 93.2% swap used (sample 150) -- pausing 3s for extra cleanup
    [swap-guard] 94.6% swap used (sample 210) -- pausing 3s for extra cleanup
    [swap-guard] 92.0% swap used (sample 270) -- pausing 3s for extra cleanup
    [swap-guard] 93.0% swap used (sample 280) -- pausing 3s for extra cleanup
    [swap-guard] 90.7% swap used (sample 290) -- pausing 3s for extra cleanup
    [swap-guard] 91.9% swap used (sample 300) -- pausing 3s for extra cleanup
    [swap-guard] 93.0% swap used (sample 360) -- pausing 3s for extra cleanup
    [swap-guard] 90.0% swap used (sample 400) -- pausing 3s for extra cleanup
    [swap-guard] 91.6% swap used (sample 460) -- pausing 3s for extra cleanup
    [swap-guard] 90.5% swap used (sample 500) -- pausing 3s for extra cleanup
    [swap-guard] 94.2% swap used (sample 510) -- pausing 3s for extra cleanup
    [swap-guard] 91.4% swap used (sample 520) -- pausing 3s for extra cleanup
    [swap-guard] 93.3% swap used (sample 560) -- pausing 3s for extra cleanup
    [swap-guard] 90.8% swap used (sample 570) -- pausing 3s for extra cleanup
    [swap-guard] 90.9% swap used (sample 80) -- pausing 3s for extra cleanup
  Ep  34/60  loss=0.2688 (bce=0.0938 dice=0.3219 kl=0.2809)  val_loss=0.2513  IoU=0.5780  chamfer=0.0363  score=0.5055  lr=5.00e-04
    [swap-guard] 90.5% swap used (sample 30) -- pausing 3s for extra cleanup
    [swap-guard] 91.4% swap used (sample 100) -- pausing 3s for extra cleanup
    [swap-guard] 95.1% swap used (sample 110) -- pausing 3s for extra cleanup
    [swap-guard] 91.1% swap used (sample 140) -- pausing 3s for extra cleanup
    [swap-guard] 93.8% swap used (sample 210) -- pausing 3s for extra cleanup
    [swap-guard] 91.1% swap used (sample 220) -- pausing 3s for extra cleanup
    [swap-guard] 90.7% swap used (sample 300) -- pausing 3s for extra cleanup
    [swap-guard] 92.9% swap used (sample 310) -- pausing 3s for extra cleanup
    [swap-guard] 90.2% swap used (sample 320) -- pausing 3s for extra cleanup
    [swap-guard] 91.3% swap used (sample 360) -- pausing 3s for extra cleanup
    [swap-guard] 90.8% swap used (sample 380) -- pausing 3s for extra cleanup
    [swap-guard] 92.8% swap used (sample 400) -- pausing 3s for extra cleanup
    [swap-guard] 93.4% swap used (sample 420) -- pausing 3s for extra cleanup
    [swap-guard] 95.9% swap used (sample 450) -- pausing 3s for extra cleanup
    [swap-guard] 95.0% swap used (sample 500) -- pausing 3s for extra cleanup
    [swap-guard] 94.9% swap used (sample 550) -- pausing 3s for extra cleanup
    [swap-guard] 90.9% swap used (sample 580) -- pausing 3s for extra cleanup
  Ep  35/60  loss=0.2707 (bce=0.0958 dice=0.3216 kl=0.2821)  val_loss=0.2692  IoU=0.5443  chamfer=0.0372  score=0.4699  lr=5.00e-04
    [swap-guard] 92.2% swap used (sample 20) -- pausing 3s for extra cleanup
    [swap-guard] 93.3% swap used (sample 40) -- pausing 3s for extra cleanup
    [swap-guard] 92.1% swap used (sample 50) -- pausing 3s for extra cleanup
    [swap-guard] 94.9% swap used (sample 140) -- pausing 3s for extra cleanup
    [swap-guard] 90.9% swap used (sample 170) -- pausing 3s for extra cleanup
    [swap-guard] 92.8% swap used (sample 250) -- pausing 3s for extra cleanup
    [swap-guard] 90.9% swap used (sample 270) -- pausing 3s for extra cleanup
    [swap-guard] 94.6% swap used (sample 350) -- pausing 3s for extra cleanup
    [swap-guard] 92.6% swap used (sample 390) -- pausing 3s for extra cleanup
    [swap-guard] 90.4% swap used (sample 400) -- pausing 3s for extra cleanup
    [swap-guard] 92.0% swap used (sample 410) -- pausing 3s for extra cleanup
    [swap-guard] 90.7% swap used (sample 420) -- pausing 3s for extra cleanup
    [swap-guard] 92.3% swap used (sample 450) -- pausing 3s for extra cleanup
    [swap-guard] 93.0% swap used (sample 480) -- pausing 3s for extra cleanup
    [swap-guard] 93.4% swap used (sample 490) -- pausing 3s for extra cleanup
    [swap-guard] 91.0% swap used (sample 500) -- pausing 3s for extra cleanup
    [swap-guard] 90.6% swap used (sample 570) -- pausing 3s for extra cleanup
    [swap-guard] 91.0% swap used (sample 30) -- pausing 3s for extra cleanup
    [swap-guard] 91.3% swap used (sample 110) -- pausing 3s for extra cleanup
  Ep  36/60  loss=0.2677 (bce=0.0934 dice=0.3208 kl=0.2775)  val_loss=0.2288  IoU=0.6165  chamfer=0.0424  score=0.5318  lr=5.00e-04
    [swap-guard] 90.7% swap used (sample 40) -- pausing 3s for extra cleanup
    [swap-guard] 94.2% swap used (sample 70) -- pausing 3s for extra cleanup
    [swap-guard] 91.0% swap used (sample 110) -- pausing 3s for extra cleanup
    [swap-guard] 91.7% swap used (sample 140) -- pausing 3s for extra cleanup
    [swap-guard] 92.8% swap used (sample 170) -- pausing 3s for extra cleanup
    [swap-guard] 93.7% swap used (sample 200) -- pausing 3s for extra cleanup
    [swap-guard] 90.6% swap used (sample 230) -- pausing 3s for extra cleanup
    [swap-guard] 92.9% swap used (sample 320) -- pausing 3s for extra cleanup
    [swap-guard] 90.0% swap used (sample 340) -- pausing 3s for extra cleanup
    [swap-guard] 91.4% swap used (sample 350) -- pausing 3s for extra cleanup
    [swap-guard] 91.5% swap used (sample 500) -- pausing 3s for extra cleanup
    [swap-guard] 90.0% swap used (sample 520) -- pausing 3s for extra cleanup
    [swap-guard] 91.7% swap used (sample 560) -- pausing 3s for extra cleanup
  Ep  37/60  loss=0.2680 (bce=0.0947 dice=0.3188 kl=0.2783)  val_loss=0.2481  IoU=0.5706  chamfer=0.0360  score=0.4985  lr=5.00e-04
    [swap-guard] 92.0% swap used (sample 30) -- pausing 3s for extra cleanup
    [swap-guard] 90.1% swap used (sample 40) -- pausing 3s for extra cleanup
    [swap-guard] 94.1% swap used (sample 140) -- pausing 3s for extra cleanup
    [swap-guard] 94.3% swap used (sample 170) -- pausing 3s for extra cleanup
    [swap-guard] 90.6% swap used (sample 190) -- pausing 3s for extra cleanup
    [swap-guard] 95.7% swap used (sample 280) -- pausing 3s for extra cleanup
    [swap-guard] 91.6% swap used (sample 290) -- pausing 3s for extra cleanup
    [swap-guard] 91.6% swap used (sample 450) -- pausing 3s for extra cleanup
    [swap-guard] 91.9% swap used (sample 500) -- pausing 3s for extra cleanup
    [swap-guard] 94.7% swap used (sample 570) -- pausing 3s for extra cleanup
  Ep  38/60  loss=0.2681 (bce=0.0945 dice=0.3190 kl=0.2818)  val_loss=0.2418  IoU=0.5917  chamfer=0.0384  score=0.5149  lr=5.00e-04
    [swap-guard] 92.0% swap used (sample 10) -- pausing 3s for extra cleanup
    [swap-guard] 92.7% swap used (sample 40) -- pausing 3s for extra cleanup
    [swap-guard] 91.4% swap used (sample 60) -- pausing 3s for extra cleanup
    [swap-guard] 90.5% swap used (sample 70) -- pausing 3s for extra cleanup
    [swap-guard] 90.3% swap used (sample 100) -- pausing 3s for extra cleanup
    [swap-guard] 91.0% swap used (sample 120) -- pausing 3s for extra cleanup
    [swap-guard] 90.0% swap used (sample 200) -- pausing 3s for extra cleanup
    [swap-guard] 92.4% swap used (sample 220) -- pausing 3s for extra cleanup
    [swap-guard] 91.4% swap used (sample 240) -- pausing 3s for extra cleanup
    [swap-guard] 91.1% swap used (sample 310) -- pausing 3s for extra cleanup
    [swap-guard] 92.0% swap used (sample 350) -- pausing 3s for extra cleanup
    [swap-guard] 92.1% swap used (sample 410) -- pausing 3s for extra cleanup
    [swap-guard] 90.1% swap used (sample 420) -- pausing 3s for extra cleanup
    [swap-guard] 90.4% swap used (sample 490) -- pausing 3s for extra cleanup
    [swap-guard] 92.0% swap used (sample 520) -- pausing 3s for extra cleanup
    [swap-guard] 93.6% swap used (sample 530) -- pausing 3s for extra cleanup
  Ep  39/60  loss=0.2664 (bce=0.0933 dice=0.3185 kl=0.2778)  val_loss=0.2429  IoU=0.5958  chamfer=0.0359  score=0.5240  lr=5.00e-04
    [swap-guard] 93.2% swap used (sample 20) -- pausing 3s for extra cleanup
    [swap-guard] 90.0% swap used (sample 40) -- pausing 3s for extra cleanup
    [swap-guard] 90.1% swap used (sample 50) -- pausing 3s for extra cleanup
    [swap-guard] 96.3% swap used (sample 60) -- pausing 3s for extra cleanup
    [swap-guard] 90.0% swap used (sample 130) -- pausing 3s for extra cleanup
    [swap-guard] 92.3% swap used (sample 140) -- pausing 3s for extra cleanup
    [swap-guard] 92.7% swap used (sample 190) -- pausing 3s for extra cleanup
    [swap-guard] 93.7% swap used (sample 210) -- pausing 3s for extra cleanup
    [swap-guard] 91.1% swap used (sample 280) -- pausing 3s for extra cleanup
    [swap-guard] 90.4% swap used (sample 420) -- pausing 3s for extra cleanup
    [swap-guard] 92.0% swap used (sample 440) -- pausing 3s for extra cleanup
    [swap-guard] 95.4% swap used (sample 460) -- pausing 3s for extra cleanup
    [swap-guard] 91.0% swap used (sample 500) -- pausing 3s for extra cleanup
    [swap-guard] 90.3% swap used (pass end) -- pausing 3s for extra cleanup
    [swap-guard] 90.3% swap used (sample 110) -- pausing 3s for extra cleanup
  Ep  40/60  loss=0.2678 (bce=0.0943 dice=0.3189 kl=0.2801)  val_loss=0.2503  IoU=0.5799  chamfer=0.0369  score=0.5062  lr=2.50e-04
    [swap-guard] 91.5% swap used (sample 40) -- pausing 3s for extra cleanup
    [swap-guard] 90.5% swap used (sample 150) -- pausing 3s for extra cleanup
    [swap-guard] 93.0% swap used (sample 220) -- pausing 3s for extra cleanup
    [swap-guard] 90.8% swap used (sample 240) -- pausing 3s for extra cleanup
    [swap-guard] 90.1% swap used (sample 270) -- pausing 3s for extra cleanup
    [swap-guard] 90.1% swap used (sample 300) -- pausing 3s for extra cleanup
    [swap-guard] 90.6% swap used (sample 360) -- pausing 3s for extra cleanup
    [swap-guard] 92.3% swap used (sample 370) -- pausing 3s for extra cleanup
    [swap-guard] 91.8% swap used (sample 380) -- pausing 3s for extra cleanup
    [swap-guard] 92.2% swap used (sample 440) -- pausing 3s for extra cleanup
    [swap-guard] 90.3% swap used (sample 520) -- pausing 3s for extra cleanup
    [swap-guard] 91.7% swap used (sample 540) -- pausing 3s for extra cleanup
    [swap-guard] 93.9% swap used (pass end) -- pausing 3s for extra cleanup
  Ep  41/60  loss=0.2566 (bce=0.0893 dice=0.3072 kl=0.2755)  val_loss=0.2424  IoU=0.5851  chamfer=0.0368  score=0.5114  lr=2.50e-04
    [swap-guard] 90.9% swap used (sample 120) -- pausing 3s for extra cleanup
    [swap-guard] 90.9% swap used (sample 240) -- pausing 3s for extra cleanup
    [swap-guard] 92.1% swap used (sample 260) -- pausing 3s for extra cleanup
    [swap-guard] 93.1% swap used (sample 290) -- pausing 3s for extra cleanup
    [swap-guard] 96.2% swap used (sample 340) -- pausing 3s for extra cleanup
    [swap-guard] 90.5% swap used (sample 360) -- pausing 3s for extra cleanup
    [swap-guard] 90.8% swap used (sample 430) -- pausing 3s for extra cleanup
    [swap-guard] 92.5% swap used (sample 540) -- pausing 3s for extra cleanup
    [swap-guard] 93.1% swap used (sample 560) -- pausing 3s for extra cleanup
    [swap-guard] 92.7% swap used (pass end) -- pausing 3s for extra cleanup
    [swap-guard] 91.1% swap used (sample 30) -- pausing 3s for extra cleanup
    [swap-guard] 90.6% swap used (sample 110) -- pausing 3s for extra cleanup
  Ep  42/60  loss=0.2552 (bce=0.0891 dice=0.3053 kl=0.2699)  val_loss=0.2116  IoU=0.6518  chamfer=0.0344  score=0.5829  lr=2.50e-04
    [swap-guard] 91.6% swap used (sample 80) -- pausing 3s for extra cleanup
    [swap-guard] 91.5% swap used (sample 100) -- pausing 3s for extra cleanup
    [swap-guard] 91.0% swap used (sample 140) -- pausing 3s for extra cleanup
    [swap-guard] 92.6% swap used (sample 180) -- pausing 3s for extra cleanup
    [swap-guard] 90.3% swap used (sample 250) -- pausing 3s for extra cleanup
    [swap-guard] 90.8% swap used (sample 270) -- pausing 3s for extra cleanup
    [swap-guard] 90.1% swap used (sample 280) -- pausing 3s for extra cleanup
    [swap-guard] 90.6% swap used (sample 340) -- pausing 3s for extra cleanup
    [swap-guard] 92.7% swap used (sample 350) -- pausing 3s for extra cleanup
    [swap-guard] 94.0% swap used (sample 380) -- pausing 3s for extra cleanup
    [swap-guard] 96.4% swap used (sample 430) -- pausing 3s for extra cleanup
    [swap-guard] 93.7% swap used (sample 470) -- pausing 3s for extra cleanup
    [swap-guard] 95.1% swap used (sample 500) -- pausing 3s for extra cleanup
    [swap-guard] 93.4% swap used (sample 510) -- pausing 3s for extra cleanup
    [swap-guard] 91.4% swap used (sample 520) -- pausing 3s for extra cleanup
    [swap-guard] 91.7% swap used (sample 560) -- pausing 3s for extra cleanup
    [swap-guard] 90.2% swap used (sample 20) -- pausing 3s for extra cleanup
    [swap-guard] 90.8% swap used (sample 30) -- pausing 3s for extra cleanup
  Ep  43/60  loss=0.2528 (bce=0.0879 dice=0.3027 kl=0.2716)  val_loss=0.2138  IoU=0.6509  chamfer=0.0350  score=0.5809  lr=2.50e-04
    [swap-guard] 94.8% swap used (sample 10) -- pausing 3s for extra cleanup
    [swap-guard] 90.3% swap used (sample 30) -- pausing 3s for extra cleanup
    [swap-guard] 93.7% swap used (sample 50) -- pausing 3s for extra cleanup
    [swap-guard] 93.9% swap used (sample 80) -- pausing 3s for extra cleanup
    [swap-guard] 92.8% swap used (sample 130) -- pausing 3s for extra cleanup
    [swap-guard] 90.5% swap used (sample 240) -- pausing 3s for extra cleanup
    [swap-guard] 90.4% swap used (sample 260) -- pausing 3s for extra cleanup
    [swap-guard] 91.2% swap used (sample 310) -- pausing 3s for extra cleanup
    [swap-guard] 90.5% swap used (sample 330) -- pausing 3s for extra cleanup
    [swap-guard] 90.7% swap used (sample 340) -- pausing 3s for extra cleanup
    [swap-guard] 93.8% swap used (sample 430) -- pausing 3s for extra cleanup
    [swap-guard] 90.8% swap used (sample 440) -- pausing 3s for extra cleanup
    [swap-guard] 91.4% swap used (sample 450) -- pausing 3s for extra cleanup
    [swap-guard] 92.3% swap used (sample 470) -- pausing 3s for extra cleanup
    [swap-guard] 90.4% swap used (sample 520) -- pausing 3s for extra cleanup
    [swap-guard] 91.3% swap used (sample 550) -- pausing 3s for extra cleanup
    [swap-guard] 90.4% swap used (sample 570) -- pausing 3s for extra cleanup
    [swap-guard] 90.9% swap used (sample 20) -- pausing 3s for extra cleanup
    [swap-guard] 91.6% swap used (sample 30) -- pausing 3s for extra cleanup
  Ep  44/60  loss=0.2540 (bce=0.0884 dice=0.3038 kl=0.2720)  val_loss=0.2395  IoU=0.5953  chamfer=0.0358  score=0.5238  lr=2.50e-04
    [swap-guard] 92.2% swap used (sample 10) -- pausing 3s for extra cleanup
    [swap-guard] 92.0% swap used (sample 30) -- pausing 3s for extra cleanup
    [swap-guard] 93.4% swap used (sample 40) -- pausing 3s for extra cleanup
    [swap-guard] 90.8% swap used (sample 70) -- pausing 3s for extra cleanup
    [swap-guard] 94.2% swap used (sample 80) -- pausing 3s for extra cleanup
    [swap-guard] 90.1% swap used (sample 190) -- pausing 3s for extra cleanup
    [swap-guard] 93.5% swap used (sample 220) -- pausing 3s for extra cleanup
    [swap-guard] 94.0% swap used (sample 270) -- pausing 3s for extra cleanup
    [swap-guard] 91.9% swap used (sample 320) -- pausing 3s for extra cleanup
    [swap-guard] 90.3% swap used (sample 330) -- pausing 3s for extra cleanup
    [swap-guard] 96.8% swap used (sample 350) -- pausing 3s for extra cleanup
    [swap-guard] 92.2% swap used (sample 360) -- pausing 3s for extra cleanup
    [swap-guard] 91.1% swap used (sample 390) -- pausing 3s for extra cleanup
    [swap-guard] 94.6% swap used (sample 410) -- pausing 3s for extra cleanup
    [swap-guard] 95.0% swap used (sample 490) -- pausing 3s for extra cleanup
    [swap-guard] 91.8% swap used (sample 510) -- pausing 3s for extra cleanup
    [swap-guard] 91.5% swap used (sample 530) -- pausing 3s for extra cleanup
    [swap-guard] 90.2% swap used (sample 550) -- pausing 3s for extra cleanup
    [swap-guard] 92.9% swap used (sample 30) -- pausing 3s for extra cleanup
  Ep  45/60  loss=0.2536 (bce=0.0894 dice=0.3015 kl=0.2690)  val_loss=0.2350  IoU=0.5982  chamfer=0.0351  score=0.5280  lr=2.50e-04
    [swap-guard] 92.5% swap used (sample 10) -- pausing 3s for extra cleanup
    [swap-guard] 90.7% swap used (sample 200) -- pausing 3s for extra cleanup
    [swap-guard] 91.7% swap used (sample 220) -- pausing 3s for extra cleanup
    [swap-guard] 90.7% swap used (sample 260) -- pausing 3s for extra cleanup
    [swap-guard] 93.3% swap used (sample 280) -- pausing 3s for extra cleanup
    [swap-guard] 93.5% swap used (sample 290) -- pausing 3s for extra cleanup
    [swap-guard] 93.6% swap used (sample 350) -- pausing 3s for extra cleanup
    [swap-guard] 90.8% swap used (sample 430) -- pausing 3s for extra cleanup
    [swap-guard] 90.2% swap used (sample 440) -- pausing 3s for extra cleanup
    [swap-guard] 95.0% swap used (sample 460) -- pausing 3s for extra cleanup
    [swap-guard] 91.1% swap used (sample 490) -- pausing 3s for extra cleanup
    [swap-guard] 90.7% swap used (sample 500) -- pausing 3s for extra cleanup
    [swap-guard] 93.4% swap used (sample 510) -- pausing 3s for extra cleanup
    [swap-guard] 91.0% swap used (sample 530) -- pausing 3s for extra cleanup
    [swap-guard] 92.9% swap used (sample 580) -- pausing 3s for extra cleanup
    [swap-guard] 91.6% swap used (sample 110) -- pausing 3s for extra cleanup
  Ep  46/60  loss=0.2543 (bce=0.0892 dice=0.3030 kl=0.2719)  val_loss=0.2503  IoU=0.5780  chamfer=0.0356  score=0.5069  lr=2.50e-04
    [swap-guard] 92.9% swap used (sample 80) -- pausing 3s for extra cleanup
    [swap-guard] 91.2% swap used (sample 130) -- pausing 3s for extra cleanup
    [swap-guard] 90.5% swap used (sample 150) -- pausing 3s for extra cleanup
    [swap-guard] 92.8% swap used (sample 160) -- pausing 3s for extra cleanup
    [swap-guard] 90.1% swap used (sample 200) -- pausing 3s for extra cleanup
    [swap-guard] 92.9% swap used (sample 230) -- pausing 3s for extra cleanup
    [swap-guard] 91.2% swap used (sample 280) -- pausing 3s for extra cleanup
    [swap-guard] 90.5% swap used (sample 330) -- pausing 3s for extra cleanup
    [swap-guard] 95.3% swap used (sample 340) -- pausing 3s for extra cleanup
    [swap-guard] 92.6% swap used (sample 380) -- pausing 3s for extra cleanup
    [swap-guard] 91.2% swap used (sample 430) -- pausing 3s for extra cleanup
    [swap-guard] 90.7% swap used (sample 470) -- pausing 3s for extra cleanup
    [swap-guard] 92.3% swap used (sample 560) -- pausing 3s for extra cleanup
    [swap-guard] 91.6% swap used (sample 580) -- pausing 3s for extra cleanup
    [swap-guard] 90.4% swap used (sample 30) -- pausing 3s for extra cleanup
  Ep  47/60  loss=0.2507 (bce=0.0872 dice=0.3000 kl=0.2702)  val_loss=0.2651  IoU=0.5518  chamfer=0.0458  score=0.4602  lr=2.50e-04
    [swap-guard] 91.8% swap used (sample 10) -- pausing 3s for extra cleanup
    [swap-guard] 90.0% swap used (sample 20) -- pausing 3s for extra cleanup
    [swap-guard] 90.3% swap used (sample 50) -- pausing 3s for extra cleanup
    [swap-guard] 90.5% swap used (sample 70) -- pausing 3s for extra cleanup
    [swap-guard] 90.8% swap used (sample 150) -- pausing 3s for extra cleanup
    [swap-guard] 94.1% swap used (sample 240) -- pausing 3s for extra cleanup
    [swap-guard] 91.9% swap used (sample 250) -- pausing 3s for extra cleanup
    [swap-guard] 94.4% swap used (sample 300) -- pausing 3s for extra cleanup
    [swap-guard] 92.4% swap used (sample 360) -- pausing 3s for extra cleanup
    [swap-guard] 91.2% swap used (sample 390) -- pausing 3s for extra cleanup
    [swap-guard] 91.6% swap used (sample 490) -- pausing 3s for extra cleanup
    [swap-guard] 93.8% swap used (sample 30) -- pausing 3s for extra cleanup
  Ep  48/60  loss=0.2526 (bce=0.0883 dice=0.3018 kl=0.2673)  val_loss=0.2423  IoU=0.5905  chamfer=0.0365  score=0.5176  lr=2.50e-04
    [swap-guard] 91.2% swap used (sample 20) -- pausing 3s for extra cleanup
    [swap-guard] 92.0% swap used (sample 30) -- pausing 3s for extra cleanup
    [swap-guard] 90.5% swap used (sample 110) -- pausing 3s for extra cleanup
    [swap-guard] 90.2% swap used (sample 200) -- pausing 3s for extra cleanup
    [swap-guard] 90.8% swap used (sample 230) -- pausing 3s for extra cleanup
    [swap-guard] 93.3% swap used (sample 250) -- pausing 3s for extra cleanup
    [swap-guard] 92.8% swap used (sample 360) -- pausing 3s for extra cleanup
    [swap-guard] 93.7% swap used (sample 380) -- pausing 3s for extra cleanup
    [swap-guard] 90.0% swap used (sample 390) -- pausing 3s for extra cleanup
    [swap-guard] 90.0% swap used (sample 450) -- pausing 3s for extra cleanup
    [swap-guard] 90.7% swap used (sample 500) -- pausing 3s for extra cleanup
    [swap-guard] 93.9% swap used (sample 550) -- pausing 3s for extra cleanup
    [swap-guard] 90.3% swap used (sample 560) -- pausing 3s for extra cleanup
    [swap-guard] 91.2% swap used (sample 30) -- pausing 3s for extra cleanup
    [swap-guard] 92.9% swap used (sample 90) -- pausing 3s for extra cleanup
  Ep  49/60  loss=0.2519 (bce=0.0886 dice=0.2997 kl=0.2683)  val_loss=0.2084  IoU=0.6654  chamfer=0.0349  score=0.5957  lr=2.50e-04
    [swap-guard] 93.8% swap used (sample 90) -- pausing 3s for extra cleanup
    [swap-guard] 92.3% swap used (sample 130) -- pausing 3s for extra cleanup
    [swap-guard] 91.5% swap used (sample 220) -- pausing 3s for extra cleanup
    [swap-guard] 94.0% swap used (sample 260) -- pausing 3s for extra cleanup
    [swap-guard] 90.9% swap used (sample 340) -- pausing 3s for extra cleanup
    [swap-guard] 91.2% swap used (sample 350) -- pausing 3s for extra cleanup
    [swap-guard] 93.9% swap used (sample 390) -- pausing 3s for extra cleanup
    [swap-guard] 91.7% swap used (sample 410) -- pausing 3s for extra cleanup
    [swap-guard] 93.7% swap used (sample 460) -- pausing 3s for extra cleanup
    [swap-guard] 95.2% swap used (sample 470) -- pausing 3s for extra cleanup
    [swap-guard] 93.1% swap used (sample 540) -- pausing 3s for extra cleanup
    [swap-guard] 92.8% swap used (sample 110) -- pausing 3s for extra cleanup
  Ep  50/60  loss=0.2509 (bce=0.0874 dice=0.3000 kl=0.2687)  val_loss=0.2349  IoU=0.6066  chamfer=0.0401  score=0.5263  lr=2.50e-04
    [swap-guard] 94.0% swap used (sample 30) -- pausing 3s for extra cleanup
    [swap-guard] 91.2% swap used (sample 50) -- pausing 3s for extra cleanup
    [swap-guard] 92.8% swap used (sample 190) -- pausing 3s for extra cleanup
    [swap-guard] 92.2% swap used (sample 250) -- pausing 3s for extra cleanup
    [swap-guard] 91.2% swap used (sample 270) -- pausing 3s for extra cleanup
    [swap-guard] 91.6% swap used (sample 330) -- pausing 3s for extra cleanup
    [swap-guard] 91.0% swap used (sample 380) -- pausing 3s for extra cleanup
    [swap-guard] 95.2% swap used (sample 470) -- pausing 3s for extra cleanup
    [swap-guard] 90.3% swap used (sample 530) -- pausing 3s for extra cleanup
    [swap-guard] 91.6% swap used (sample 540) -- pausing 3s for extra cleanup
    [swap-guard] 91.1% swap used (sample 560) -- pausing 3s for extra cleanup
    [swap-guard] 90.4% swap used (sample 30) -- pausing 3s for extra cleanup
    [swap-guard] 90.1% swap used (sample 110) -- pausing 3s for extra cleanup
  Ep  51/60  loss=0.2517 (bce=0.0878 dice=0.3007 kl=0.2704)  val_loss=0.2276  IoU=0.6087  chamfer=0.0351  score=0.5384  lr=2.50e-04
    [swap-guard] 93.0% swap used (sample 80) -- pausing 3s for extra cleanup
    [swap-guard] 91.4% swap used (sample 100) -- pausing 3s for extra cleanup
    [swap-guard] 92.5% swap used (sample 200) -- pausing 3s for extra cleanup
    [swap-guard] 93.9% swap used (sample 210) -- pausing 3s for extra cleanup
    [swap-guard] 90.4% swap used (sample 220) -- pausing 3s for extra cleanup
    [swap-guard] 91.2% swap used (sample 230) -- pausing 3s for extra cleanup
    [swap-guard] 93.3% swap used (sample 290) -- pausing 3s for extra cleanup
    [swap-guard] 92.6% swap used (sample 370) -- pausing 3s for extra cleanup
    [swap-guard] 93.7% swap used (sample 470) -- pausing 3s for extra cleanup
    [swap-guard] 95.6% swap used (sample 510) -- pausing 3s for extra cleanup
    [swap-guard] 91.0% swap used (sample 520) -- pausing 3s for extra cleanup
    [swap-guard] 90.9% swap used (sample 540) -- pausing 3s for extra cleanup
    [swap-guard] 90.7% swap used (sample 580) -- pausing 3s for extra cleanup
    [swap-guard] 92.9% swap used (sample 30) -- pausing 3s for extra cleanup
  Ep  52/60  loss=0.2516 (bce=0.0887 dice=0.2988 kl=0.2690)  val_loss=0.2366  IoU=0.5967  chamfer=0.0361  score=0.5246  lr=2.50e-04
    [swap-guard] 91.1% swap used (sample 10) -- pausing 3s for extra cleanup
    [swap-guard] 90.1% swap used (sample 20) -- pausing 3s for extra cleanup
    [swap-guard] 90.4% swap used (sample 40) -- pausing 3s for extra cleanup
    [swap-guard] 90.2% swap used (sample 50) -- pausing 3s for extra cleanup
    [swap-guard] 93.4% swap used (sample 60) -- pausing 3s for extra cleanup
    [swap-guard] 92.2% swap used (sample 170) -- pausing 3s for extra cleanup
    [swap-guard] 92.0% swap used (sample 180) -- pausing 3s for extra cleanup
    [swap-guard] 90.1% swap used (sample 200) -- pausing 3s for extra cleanup
    [swap-guard] 93.0% swap used (sample 210) -- pausing 3s for extra cleanup
    [swap-guard] 90.0% swap used (sample 270) -- pausing 3s for extra cleanup
    [swap-guard] 93.5% swap used (sample 300) -- pausing 3s for extra cleanup
    [swap-guard] 91.6% swap used (sample 390) -- pausing 3s for extra cleanup
    [swap-guard] 91.6% swap used (sample 410) -- pausing 3s for extra cleanup
    [swap-guard] 92.9% swap used (sample 450) -- pausing 3s for extra cleanup
    [swap-guard] 91.6% swap used (sample 470) -- pausing 3s for extra cleanup
    [swap-guard] 94.7% swap used (sample 480) -- pausing 3s for extra cleanup
    [swap-guard] 93.2% swap used (sample 570) -- pausing 3s for extra cleanup
    [swap-guard] 91.3% swap used (sample 580) -- pausing 3s for extra cleanup
    [swap-guard] 90.3% swap used (sample 20) -- pausing 3s for extra cleanup
    [swap-guard] 92.3% swap used (sample 30) -- pausing 3s for extra cleanup
    [swap-guard] 90.9% swap used (sample 110) -- pausing 3s for extra cleanup
  Ep  53/60  loss=0.2502 (bce=0.0876 dice=0.2980 kl=0.2718)  val_loss=0.2478  IoU=0.5825  chamfer=0.0366  score=0.5092  lr=2.50e-04
    [swap-guard] 92.0% swap used (sample 30) -- pausing 3s for extra cleanup
    [swap-guard] 92.2% swap used (sample 50) -- pausing 3s for extra cleanup
    [swap-guard] 92.1% swap used (sample 70) -- pausing 3s for extra cleanup
    [swap-guard] 93.2% swap used (sample 150) -- pausing 3s for extra cleanup
    [swap-guard] 93.7% swap used (sample 230) -- pausing 3s for extra cleanup
    [swap-guard] 91.2% swap used (sample 290) -- pausing 3s for extra cleanup
    [swap-guard] 91.2% swap used (sample 300) -- pausing 3s for extra cleanup
    [swap-guard] 92.6% swap used (sample 450) -- pausing 3s for extra cleanup
    [swap-guard] 92.7% swap used (sample 560) -- pausing 3s for extra cleanup
    [swap-guard] 92.5% swap used (sample 570) -- pausing 3s for extra cleanup
    [swap-guard] 94.4% swap used (sample 30) -- pausing 3s for extra cleanup
    [swap-guard] 90.9% swap used (sample 90) -- pausing 3s for extra cleanup
    [swap-guard] 94.1% swap used (sample 110) -- pausing 3s for extra cleanup
  Ep  54/60  loss=0.2514 (bce=0.0883 dice=0.2995 kl=0.2671)  val_loss=0.2599  IoU=0.5520  chamfer=0.0361  score=0.4797  lr=2.50e-04
    [swap-guard] 93.4% swap used (sample 10) -- pausing 3s for extra cleanup
    [swap-guard] 93.0% swap used (sample 40) -- pausing 3s for extra cleanup
    [swap-guard] 91.8% swap used (sample 50) -- pausing 3s for extra cleanup
    [swap-guard] 90.2% swap used (sample 60) -- pausing 3s for extra cleanup
    [swap-guard] 92.2% swap used (sample 130) -- pausing 3s for extra cleanup
    [swap-guard] 94.0% swap used (sample 140) -- pausing 3s for extra cleanup
    [swap-guard] 92.7% swap used (sample 170) -- pausing 3s for extra cleanup
    [swap-guard] 91.8% swap used (sample 200) -- pausing 3s for extra cleanup
    [swap-guard] 94.7% swap used (sample 230) -- pausing 3s for extra cleanup
    [swap-guard] 96.2% swap used (sample 260) -- pausing 3s for extra cleanup
    [swap-guard] 90.3% swap used (sample 530) -- pausing 3s for extra cleanup
    [swap-guard] 92.1% swap used (sample 30) -- pausing 3s for extra cleanup
    [swap-guard] 91.2% swap used (sample 90) -- pausing 3s for extra cleanup
    [swap-guard] 94.6% swap used (sample 110) -- pausing 3s for extra cleanup
  Ep  55/60  loss=0.2503 (bce=0.0877 dice=0.2980 kl=0.2710)  val_loss=0.2535  IoU=0.5694  chamfer=0.0368  score=0.4957  lr=2.50e-04
    [swap-guard] 93.2% swap used (sample 100) -- pausing 3s for extra cleanup
    [swap-guard] 91.3% swap used (sample 110) -- pausing 3s for extra cleanup
    [swap-guard] 90.3% swap used (sample 230) -- pausing 3s for extra cleanup
    [swap-guard] 90.0% swap used (sample 250) -- pausing 3s for extra cleanup
    [swap-guard] 92.5% swap used (sample 310) -- pausing 3s for extra cleanup
    [swap-guard] 90.2% swap used (sample 370) -- pausing 3s for extra cleanup
    [swap-guard] 90.8% swap used (sample 420) -- pausing 3s for extra cleanup
    [swap-guard] 95.2% swap used (sample 500) -- pausing 3s for extra cleanup
    [swap-guard] 90.6% swap used (sample 510) -- pausing 3s for extra cleanup
    [swap-guard] 92.6% swap used (sample 560) -- pausing 3s for extra cleanup
    [swap-guard] 91.6% swap used (sample 570) -- pausing 3s for extra cleanup
    [swap-guard] 92.7% swap used (sample 90) -- pausing 3s for extra cleanup
  Ep  56/60  loss=0.2498 (bce=0.0867 dice=0.2991 kl=0.2707)  val_loss=0.2441  IoU=0.5800  chamfer=0.0360  score=0.5080  lr=2.50e-04
    [swap-guard] 91.4% swap used (sample 110) -- pausing 3s for extra cleanup
    [swap-guard] 91.3% swap used (sample 220) -- pausing 3s for extra cleanup
    [swap-guard] 92.1% swap used (sample 230) -- pausing 3s for extra cleanup
    [swap-guard] 92.8% swap used (sample 260) -- pausing 3s for extra cleanup
    [swap-guard] 90.6% swap used (sample 310) -- pausing 3s for extra cleanup
    [swap-guard] 92.1% swap used (sample 390) -- pausing 3s for extra cleanup
    [swap-guard] 93.3% swap used (sample 430) -- pausing 3s for extra cleanup
    [swap-guard] 91.4% swap used (sample 500) -- pausing 3s for extra cleanup
    [swap-guard] 91.6% swap used (sample 580) -- pausing 3s for extra cleanup
    [swap-guard] 90.5% swap used (sample 90) -- pausing 3s for extra cleanup
    [swap-guard] 94.4% swap used (sample 110) -- pausing 3s for extra cleanup
  Ep  57/60  loss=0.2477 (bce=0.0862 dice=0.2962 kl=0.2676)  val_loss=0.2005  IoU=0.6768  chamfer=0.0345  score=0.6078  lr=2.50e-04
    [swap-guard] 92.1% swap used (sample 10) -- pausing 3s for extra cleanup
    [swap-guard] 93.6% swap used (sample 70) -- pausing 3s for extra cleanup
    [swap-guard] 93.7% swap used (sample 110) -- pausing 3s for extra cleanup
    [swap-guard] 90.5% swap used (sample 170) -- pausing 3s for extra cleanup
    [swap-guard] 91.7% swap used (sample 290) -- pausing 3s for extra cleanup
    [swap-guard] 90.0% swap used (sample 300) -- pausing 3s for extra cleanup
    [swap-guard] 91.9% swap used (sample 310) -- pausing 3s for extra cleanup
    [swap-guard] 90.7% swap used (sample 370) -- pausing 3s for extra cleanup
    [swap-guard] 90.8% swap used (sample 390) -- pausing 3s for extra cleanup
    [swap-guard] 91.8% swap used (sample 410) -- pausing 3s for extra cleanup
    [swap-guard] 91.7% swap used (sample 420) -- pausing 3s for extra cleanup
    [swap-guard] 94.1% swap used (sample 430) -- pausing 3s for extra cleanup
    [swap-guard] 91.5% swap used (sample 480) -- pausing 3s for extra cleanup
    [swap-guard] 90.4% swap used (sample 520) -- pausing 3s for extra cleanup
    [swap-guard] 92.9% swap used (sample 550) -- pausing 3s for extra cleanup
    [swap-guard] 90.0% swap used (sample 60) -- pausing 3s for extra cleanup
    [swap-guard] 90.2% swap used (sample 90) -- pausing 3s for extra cleanup
    [swap-guard] 92.0% swap used (sample 110) -- pausing 3s for extra cleanup
  Ep  58/60  loss=0.2489 (bce=0.0872 dice=0.2967 kl=0.2670)  val_loss=0.2410  IoU=0.5901  chamfer=0.0376  score=0.5150  lr=2.50e-04
    [swap-guard] 90.0% swap used (sample 100) -- pausing 3s for extra cleanup
    [swap-guard] 92.4% swap used (sample 120) -- pausing 3s for extra cleanup
    [swap-guard] 93.7% swap used (sample 170) -- pausing 3s for extra cleanup
    [swap-guard] 93.4% swap used (sample 210) -- pausing 3s for extra cleanup
    [swap-guard] 92.9% swap used (sample 340) -- pausing 3s for extra cleanup
    [swap-guard] 95.4% swap used (sample 360) -- pausing 3s for extra cleanup
    [swap-guard] 90.6% swap used (sample 410) -- pausing 3s for extra cleanup
    [swap-guard] 90.1% swap used (sample 420) -- pausing 3s for extra cleanup
    [swap-guard] 90.2% swap used (sample 500) -- pausing 3s for extra cleanup
    [swap-guard] 92.4% swap used (sample 550) -- pausing 3s for extra cleanup
    [swap-guard] 90.4% swap used (sample 30) -- pausing 3s for extra cleanup
  Ep  59/60  loss=0.2488 (bce=0.0872 dice=0.2966 kl=0.2674)  val_loss=0.2481  IoU=0.5757  chamfer=0.0364  score=0.5029  lr=2.50e-04
    [swap-guard] 90.9% swap used (sample 50) -- pausing 3s for extra cleanup
    [swap-guard] 92.2% swap used (sample 130) -- pausing 3s for extra cleanup
    [swap-guard] 90.4% swap used (sample 170) -- pausing 3s for extra cleanup
    [swap-guard] 93.9% swap used (sample 230) -- pausing 3s for extra cleanup
    [swap-guard] 91.3% swap used (sample 250) -- pausing 3s for extra cleanup
    [swap-guard] 90.7% swap used (sample 260) -- pausing 3s for extra cleanup
    [swap-guard] 91.4% swap used (sample 270) -- pausing 3s for extra cleanup
    [swap-guard] 92.1% swap used (sample 300) -- pausing 3s for extra cleanup
    [swap-guard] 93.0% swap used (sample 350) -- pausing 3s for extra cleanup
    [swap-guard] 91.3% swap used (sample 440) -- pausing 3s for extra cleanup
    [swap-guard] 96.1% swap used (sample 450) -- pausing 3s for extra cleanup
    [swap-guard] 91.5% swap used (sample 470) -- pausing 3s for extra cleanup
    [swap-guard] 92.7% swap used (sample 490) -- pausing 3s for extra cleanup
    [swap-guard] 92.3% swap used (sample 500) -- pausing 3s for extra cleanup
    [swap-guard] 91.4% swap used (sample 530) -- pausing 3s for extra cleanup
    [swap-guard] 91.2% swap used (sample 570) -- pausing 3s for extra cleanup
    [swap-guard] 93.9% swap used (sample 90) -- pausing 3s for extra cleanup
    [swap-guard] 90.2% swap used (pass end) -- pausing 3s for extra cleanup
  Ep  60/60  loss=0.2492 (bce=0.0875 dice=0.2970 kl=0.2648)  val_loss=0.2346  IoU=0.6021  chamfer=0.0369  score=0.5283  lr=2.50e-04
    [swap-guard] 90.4% swap used (sample 50) -- pausing 3s for extra cleanup

=======================================================
  ConditionalShapeVAE — Test Results
=======================================================
     loss      : 0.2162
     iou       : 0.6277
     chamfer   : 0.0356
     loss_bce  : 0.0583
     loss_dice : 0.2831
     loss_kl   : 0.3272
  (selected epoch: val IoU=0.6768, chamfer=0.0345, score=0.6078)

  Retrieval-gated: no test samples had fit_score < 0.4 — retrieval alone covers this test set at the current threshold.

  Saved → checkpoints/shape_vae.pt
  Saved → results/shape_gen_test_metrics.json
