Processing...

[1/4] Loading dataset …
  Category filter: ['Mechanical Engineering', 'Machine design', 'Automotive', 'Tools']
  306 STEP files after category filter
  Found 306 STEP file(s) in /Users/mbp/Documents/MTECH/Sem4/Individual_project/AI_Assisted_3D_Assembly_Design/AI-Assisted-3D-Assembly-Design/Source_3d_models
  Thresholds — nodes ≤ 20  edges ≤ 60  timeout 120s
  [1/306] Parsing: assembly.step
  [OK]  assembly.step — 7 nodes  4 edges  (3.9s)
  [2/306] Parsing: assembly.step
  [OK]  assembly.step — 5 nodes  4 edges  (4.5s)
  [3/306] Parsing: assembly.step
  [OK]  assembly.step — 3 nodes  2 edges  (9.5s)
  [4/306] Parsing: assembly.step
  [5/306] Parsing: assembly.step
  [OK]  assembly.step — 4 nodes  6 edges  (7.3s)
  [6/306] Parsing: assembly.step
  [OK]  assembly.step — 12 nodes  66 edges  (20.3s)
  [7/306] Parsing: assembly.step
  [OK]  assembly.step — 4 nodes  3 edges  (7.2s)
  [8/306] Parsing: assembly.step
  [9/306] Parsing: assembly.step
  [OK]  assembly.step — 7 nodes  8 edges  (16.1s)
  [10/306] Parsing: assembly.step
  [OK]  assembly.step — 3 nodes  3 edges  (3.1s)
  [11/306] Parsing: assembly.step
  [12/306] Parsing: assembly.step
    [skip] assembly.step: '<' not supported between instances of 'complex' and 'float'
  [13/306] Parsing: assembly.step
  [OK]  assembly.step — 2 nodes  1 edges  (3.1s)
  [14/306] Parsing: assembly.step
  [15/306] Parsing: assembly.step
  [OK]  assembly.step — 27 nodes  30 edges  (11.5s)
  [16/306] Parsing: assembly.step
  [OK]  assembly.step — 11 nodes  10 edges  (5.0s)
  [17/306] Parsing: assembly.step
  [OK]  assembly.step — 6 nodes  4 edges  (27.6s)
  [18/306] Parsing: assembly.step
  [OK]  assembly.step — 4 nodes  2 edges  (7.7s)
  [19/306] Parsing: assembly.step
  [OK]  assembly.step — 28 nodes  25 edges  (5.0s)
  [20/306] Parsing: assembly.step
  [OK]  assembly.step — 2 nodes  1 edges  (26.0s)
  [21/306] Parsing: assembly.step
  [OK]  assembly.step — 19 nodes  22 edges  (4.7s)
  [22/306] Parsing: assembly.step
  [OK]  assembly.step — 2 nodes  1 edges  (3.0s)
  [23/306] Parsing: assembly.step
  [OK]  assembly.step — 19 nodes  22 edges  (4.6s)
  [24/306] Parsing: assembly.step
  [25/306] Parsing: assembly.step
  [OK]  assembly.step — 2 nodes  1 edges  (3.0s)
  [26/306] Parsing: assembly.step
  [OK]  assembly.step — 5 nodes  10 edges  (3.4s)
  [27/306] Parsing: assembly.step
  [OK]  assembly.step — 4 nodes  2 edges  (5.1s)
  [28/306] Parsing: assembly.step
  [OK]  assembly.step — 2 nodes  1 edges  (3.4s)
  [29/306] Parsing: assembly.step
  [OK]  assembly.step — 7 nodes  4 edges  (3.1s)
  [30/306] Parsing: assembly.step
  [OK]  assembly.step — 2 nodes  1 edges  (2.9s)
  [31/306] Parsing: assembly.step
  [OK]  assembly.step — 5 nodes  3 edges  (3.1s)
  [32/306] Parsing: assembly.step
  [OK]  assembly.step — 2 nodes  1 edges  (3.0s)
  [33/306] Parsing: assembly.step
  [OK]  assembly.step — 4 nodes  2 edges  (2.9s)
  [34/306] Parsing: assembly.step
  [OK]  assembly.step — 11 nodes  8 edges  (14.2s)
  [35/306] Parsing: assembly.step
  [OK]  assembly.step — 5 nodes  4 edges  (3.4s)
  [36/306] Parsing: assembly.step
  [37/306] Parsing: assembly.step
  [OK]  assembly.step — 7 nodes  2 edges  (4.3s)
  [38/306] Parsing: assembly.step
  [OK]  assembly.step — 6 nodes  9 edges  (8.7s)
  [39/306] Parsing: assembly.step
  [OK]  assembly.step — 7 nodes  21 edges  (13.0s)
  [40/306] Parsing: assembly.step
  [OK]  assembly.step — 27 nodes  28 edges  (4.8s)
  [41/306] Parsing: assembly.step
  [OK]  assembly.step — 4 nodes  2 edges  (3.2s)
  [42/306] Parsing: assembly.step
  [OK]  assembly.step — 3 nodes  2 edges  (41.1s)
  [43/306] Parsing: assembly.step
  [OK]  assembly.step — 5 nodes  4 edges  (6.4s)
  [44/306] Parsing: assembly.step
    [skip] assembly.step: Fragments failed - BOPAlgo_AlertBuilderFailed 
  [45/306] Parsing: assembly.step
  [46/306] Parsing: assembly.step
  [OK]  assembly.step — 8 nodes  11 edges  (4.3s)
  [47/306] Parsing: assembly.step
  [OK]  assembly.step — 23 nodes  11 edges  (60.2s)
  [48/306] Parsing: assembly.step
  [49/306] Parsing: assembly.step
  [OK]  assembly.step — 16 nodes  120 edges  (3.3s)
  [50/306] Parsing: assembly.step
  [OK]  assembly.step — 2 nodes  1 edges  (4.5s)
  [51/306] Parsing: assembly.step
  [52/306] Parsing: assembly.step
  [53/306] Parsing: assembly.step
  [OK]  assembly.step — 7 nodes  21 edges  (6.7s)
  [54/306] Parsing: assembly.step
  [55/306] Parsing: assembly.step
  [56/306] Parsing: assembly.step
  [OK]  assembly.step — 6 nodes  15 edges  (6.5s)
  [57/306] Parsing: assembly.step
  [58/306] Parsing: assembly.step
  [OK]  assembly.step — 5 nodes  4 edges  (15.0s)
  [59/306] Parsing: assembly.step
  [60/306] Parsing: assembly.step
  [61/306] Parsing: assembly.step
  [62/306] Parsing: assembly.step
  [63/306] Parsing: assembly.step
  [OK]  assembly.step — 16 nodes  16 edges  (10.5s)
  [64/306] Parsing: assembly.step
  [OK]  assembly.step — 19 nodes  23 edges  (40.0s)
  [65/306] Parsing: assembly.step
  [OK]  assembly.step — 18 nodes  19 edges  (4.1s)
  [66/306] Parsing: assembly.step
  [OK]  assembly.step — 10 nodes  11 edges  (4.6s)
  [67/306] Parsing: assembly.step
  [OK]  assembly.step — 5 nodes  10 edges  (4.3s)
  [68/306] Parsing: assembly.step
    [skip] assembly.step: '<' not supported between instances of 'complex' and 'float'
  [69/306] Parsing: assembly.step
  [OK]  assembly.step — 9 nodes  14 edges  (8.3s)
  [70/306] Parsing: assembly.step
  [71/306] Parsing: assembly.step
  [72/306] Parsing: assembly.step
  [OK]  assembly.step — 15 nodes  13 edges  (3.7s)
  [73/306] Parsing: assembly.step
  [OK]  assembly.step — 3 nodes  3 edges  (3.2s)
  [74/306] Parsing: assembly.step
  [OK]  assembly.step — 11 nodes  11 edges  (6.8s)
  [75/306] Parsing: assembly.step
  [OK]  assembly.step — 7 nodes  7 edges  (3.3s)
  [76/306] Parsing: assembly.step
  [OK]  assembly.step — 7 nodes  6 edges  (3.4s)
  [77/306] Parsing: assembly.step
  [OK]  assembly.step — 2 nodes  1 edges  (3.2s)
  [78/306] Parsing: assembly.step
  [79/306] Parsing: assembly.step
  [80/306] Parsing: assembly.step
  [OK]  assembly.step — 7 nodes  6 edges  (6.5s)
  [81/306] Parsing: assembly.step
  [OK]  assembly.step — 15 nodes  2 edges  (3.7s)
  [82/306] Parsing: assembly.step
  [OK]  assembly.step — 23 nodes  18 edges  (66.2s)
  [83/306] Parsing: assembly.step
  [OK]  assembly.step — 7 nodes  6 edges  (4.6s)
  [84/306] Parsing: assembly.step
  [OK]  assembly.step — 13 nodes  6 edges  (30.2s)
  [85/306] Parsing: assembly.step
  [OK]  assembly.step — 2 nodes  1 edges  (3.3s)
  [86/306] Parsing: assembly.step
    [skip] assembly.step: '<' not supported between instances of 'complex' and 'float'
  [87/306] Parsing: assembly.step
  [OK]  assembly.step — 3 nodes  1 edges  (3.5s)
  [88/306] Parsing: assembly.step
  [OK]  assembly.step — 7 nodes  2 edges  (3.1s)
  [89/306] Parsing: assembly.step
  [OK]  assembly.step — 16 nodes  3 edges  (12.8s)
  [90/306] Parsing: assembly.step
  [OK]  assembly.step — 5 nodes  4 edges  (9.3s)
  [91/306] Parsing: assembly.step
  [OK]  assembly.step — 2 nodes  1 edges  (4.0s)
  [92/306] Parsing: assembly.step
  [OK]  assembly.step — 6 nodes  15 edges  (3.4s)
  [93/306] Parsing: assembly.step
  [OK]  assembly.step — 6 nodes  15 edges  (66.7s)
  [94/306] Parsing: assembly.step
  [OK]  assembly.step — 2 nodes  1 edges  (4.6s)
  [95/306] Parsing: assembly.step
  [OK]  assembly.step — 11 nodes  8 edges  (5.8s)
  [96/306] Parsing: assembly.step
  [OK]  assembly.step — 6 nodes  5 edges  (3.6s)
  [97/306] Parsing: assembly.step
  [OK]  assembly.step — 10 nodes  11 edges  (3.5s)
  [98/306] Parsing: assembly.step
  [OK]  assembly.step — 15 nodes  19 edges  (5.0s)
  [99/306] Parsing: assembly.step
  [OK]  assembly.step — 6 nodes  2 edges  (7.3s)
  [100/306] Parsing: assembly.step
  [OK]  assembly.step — 4 nodes  6 edges  (3.0s)
  [101/306] Parsing: assembly.step
  [OK]  assembly.step — 4 nodes  6 edges  (3.0s)
  [102/306] Parsing: assembly.step
  [103/306] Parsing: assembly.step
  [OK]  assembly.step — 4 nodes  3 edges  (3.0s)
  [104/306] Parsing: assembly.step
  [OK]  assembly.step — 2 nodes  1 edges  (3.0s)
  [105/306] Parsing: assembly.step
  [OK]  assembly.step — 5 nodes  10 edges  (3.0s)
  [106/306] Parsing: assembly.step
  [OK]  assembly.step — 22 nodes  30 edges  (9.5s)
  [107/306] Parsing: assembly.step
  [OK]  assembly.step — 14 nodes  16 edges  (3.3s)
  [108/306] Parsing: assembly.step
  [OK]  assembly.step — 14 nodes  10 edges  (3.9s)
  [109/306] Parsing: assembly.step
  [OK]  assembly.step — 4 nodes  4 edges  (3.7s)
  [110/306] Parsing: assembly.step
  [OK]  assembly.step — 23 nodes  22 edges  (9.2s)
  [111/306] Parsing: assembly.step
  [OK]  assembly.step — 21 nodes  21 edges  (5.3s)
  [112/306] Parsing: assembly.step
  [OK]  assembly.step — 9 nodes  14 edges  (4.8s)
  [113/306] Parsing: assembly.step
  [OK]  assembly.step — 4 nodes  6 edges  (3.0s)
  [114/306] Parsing: assembly.step
  [OK]  assembly.step — 8 nodes  10 edges  (2.9s)
  [115/306] Parsing: assembly.step
  [OK]  assembly.step — 15 nodes  15 edges  (3.0s)
  [116/306] Parsing: assembly.step
  [OK]  assembly.step — 2 nodes  1 edges  (2.9s)
  [117/306] Parsing: assembly.step
  [OK]  assembly.step — 2 nodes  1 edges  (5.1s)
  [118/306] Parsing: assembly.step
  [OK]  assembly.step — 6 nodes  7 edges  (8.6s)
  [119/306] Parsing: assembly.step
  [OK]  assembly.step — 20 nodes  22 edges  (5.3s)
  [120/306] Parsing: assembly.step
  [OK]  assembly.step — 24 nodes  30 edges  (7.5s)
  [121/306] Parsing: assembly.step
  [OK]  assembly.step — 3 nodes  3 edges  (5.1s)
  [122/306] Parsing: assembly.step
  [OK]  assembly.step — 4 nodes  1 edges  (20.0s)
  [123/306] Parsing: assembly.step
  [OK]  assembly.step — 9 nodes  8 edges  (4.2s)
  [124/306] Parsing: assembly.step
  [125/306] Parsing: assembly.step
  [OK]  assembly.step — 10 nodes  12 edges  (6.1s)
  [126/306] Parsing: assembly.step
  [OK]  assembly.step — 2 nodes  1 edges  (5.9s)
  [127/306] Parsing: assembly.step
  [OK]  assembly.step — 2 nodes  1 edges  (2.9s)
  [128/306] Parsing: assembly.step
  [OK]  assembly.step — 15 nodes  14 edges  (5.5s)
  [129/306] Parsing: assembly.step
  [OK]  assembly.step — 20 nodes  14 edges  (3.7s)
  [130/306] Parsing: assembly.step
  [OK]  assembly.step — 9 nodes  9 edges  (3.4s)
  [131/306] Parsing: assembly.step
  [OK]  assembly.step — 27 nodes  22 edges  (21.0s)
  [132/306] Parsing: assembly.step
  [OK]  assembly.step — 3 nodes  3 edges  (4.1s)
  [133/306] Parsing: assembly.step
  [OK]  assembly.step — 11 nodes  55 edges  (4.2s)
  [134/306] Parsing: assembly.step
  [OK]  assembly.step — 2 nodes  1 edges  (3.3s)
  [135/306] Parsing: assembly.step
  [OK]  assembly.step — 2 nodes  1 edges  (3.3s)
  [136/306] Parsing: assembly.step
  [OK]  assembly.step — 3 nodes  3 edges  (3.3s)
  [137/306] Parsing: assembly.step
  [OK]  assembly.step — 2 nodes  1 edges  (3.3s)
  [138/306] Parsing: assembly.step
  [OK]  assembly.step — 2 nodes  1 edges  (3.3s)
  [139/306] Parsing: assembly.step
  [OK]  assembly.step — 3 nodes  3 edges  (3.3s)
  [140/306] Parsing: assembly.step
  [OK]  assembly.step — 18 nodes  19 edges  (4.6s)
  [141/306] Parsing: assembly.step
  [OK]  assembly.step — 2 nodes  1 edges  (4.5s)
  [142/306] Parsing: assembly.step
  [OK]  assembly.step — 31 nodes  28 edges  (12.2s)
  [143/306] Parsing: assembly.step
  [OK]  assembly.step — 15 nodes  16 edges  (4.6s)
  [144/306] Parsing: assembly.step
  [OK]  assembly.step — 9 nodes  8 edges  (17.5s)
  [145/306] Parsing: assembly.step
  [OK]  assembly.step — 5 nodes  2 edges  (4.5s)
  [146/306] Parsing: assembly.step
  [OK]  assembly.step — 2 nodes  1 edges  (3.8s)
  [147/306] Parsing: assembly.step
  [148/306] Parsing: assembly.step
  [OK]  assembly.step — 3 nodes  3 edges  (3.3s)
  [149/306] Parsing: assembly.step
  [OK]  assembly.step — 8 nodes  4 edges  (10.5s)
  [150/306] Parsing: assembly.step
  [OK]  assembly.step — 12 nodes  12 edges  (4.0s)
  [151/306] Parsing: assembly.step
  [OK]  assembly.step — 16 nodes  13 edges  (5.4s)
  [152/306] Parsing: assembly.step
  [OK]  assembly.step — 12 nodes  12 edges  (97.5s)
  [153/306] Parsing: assembly.step
  [OK]  assembly.step — 2 nodes  1 edges  (4.4s)
  [154/306] Parsing: assembly.step
  [OK]  assembly.step — 3 nodes  2 edges  (4.2s)
  [155/306] Parsing: assembly.step
  [OK]  assembly.step — 2 nodes  1 edges  (3.4s)
  [156/306] Parsing: assembly.step
  [OK]  assembly.step — 2 nodes  1 edges  (3.4s)
  [157/306] Parsing: assembly.step
  [OK]  assembly.step — 2 nodes  1 edges  (3.5s)
  [158/306] Parsing: assembly.step
    [skip] assembly.step: '<' not supported between instances of 'complex' and 'float'
  [159/306] Parsing: assembly.step
  [OK]  assembly.step — 3 nodes  3 edges  (5.9s)
  [160/306] Parsing: assembly.step
    [skip] assembly.step: '<' not supported between instances of 'complex' and 'float'
  [161/306] Parsing: assembly.step
  [OK]  assembly.step — 16 nodes  28 edges  (5.1s)
  [162/306] Parsing: assembly.step
  [OK]  assembly.step — 18 nodes  21 edges  (5.3s)
  [163/306] Parsing: assembly.step
  [OK]  assembly.step — 2 nodes  1 edges  (3.8s)
  [164/306] Parsing: assembly.step
  [OK]  assembly.step — 21 nodes  24 edges  (5.1s)
  [165/306] Parsing: assembly.step
  [OK]  assembly.step — 9 nodes  15 edges  (3.6s)
  [166/306] Parsing: assembly.step
  [OK]  assembly.step — 3 nodes  2 edges  (3.2s)
  [167/306] Parsing: assembly.step
  [168/306] Parsing: assembly.step
  [OK]  assembly.step — 2 nodes  1 edges  (3.1s)
  [169/306] Parsing: assembly.step
  [OK]  assembly.step — 12 nodes  27 edges  (3.1s)
  [170/306] Parsing: assembly.step
  [OK]  assembly.step — 9 nodes  17 edges  (3.2s)
  [171/306] Parsing: assembly.step
  [OK]  assembly.step — 2 nodes  1 edges  (3.0s)
  [172/306] Parsing: assembly.step
  [OK]  assembly.step — 15 nodes  11 edges  (13.8s)
  [173/306] Parsing: assembly.step
  [OK]  assembly.step — 2 nodes  1 edges  (3.5s)
  [174/306] Parsing: assembly.step
  [OK]  assembly.step — 6 nodes  7 edges  (4.0s)
  [175/306] Parsing: assembly.step
  [OK]  assembly.step — 6 nodes  4 edges  (3.0s)
  [176/306] Parsing: assembly.step
  [OK]  assembly.step — 3 nodes  3 edges  (3.0s)
  [177/306] Parsing: assembly.step
    [skip] assembly.step: '<' not supported between instances of 'complex' and 'float'
  [178/306] Parsing: assembly.step
  [OK]  assembly.step — 25 nodes  24 edges  (7.0s)
  [179/306] Parsing: assembly.step
  [OK]  assembly.step — 6 nodes  10 edges  (3.2s)
  [180/306] Parsing: assembly.step
  [OK]  assembly.step — 10 nodes  4 edges  (3.9s)
  [181/306] Parsing: assembly.step
  [OK]  assembly.step — 6 nodes  5 edges  (4.3s)
  [182/306] Parsing: assembly.step
  [OK]  assembly.step — 2 nodes  1 edges  (2.9s)
  [183/306] Parsing: assembly.step
  [OK]  assembly.step — 5 nodes  4 edges  (2.9s)
  [184/306] Parsing: assembly.step
    [skip] assembly.step: '<' not supported between instances of 'complex' and 'float'
  [185/306] Parsing: assembly.step
  [OK]  assembly.step — 5 nodes  3 edges  (2.9s)
  [186/306] Parsing: assembly.step
  [OK]  assembly.step — 6 nodes  4 edges  (3.0s)
  [187/306] Parsing: assembly.step
  [OK]  assembly.step — 3 nodes  1 edges  (3.2s)
  [188/306] Parsing: assembly.step
  [OK]  assembly.step — 3 nodes  3 edges  (19.0s)
  [189/306] Parsing: assembly.step
  [OK]  assembly.step — 11 nodes  14 edges  (3.8s)
  [190/306] Parsing: assembly.step
  [OK]  assembly.step — 21 nodes  19 edges  (11.0s)
  [191/306] Parsing: assembly.step
  [OK]  assembly.step — 20 nodes  26 edges  (3.6s)
  [192/306] Parsing: assembly.step
  [193/306] Parsing: assembly.step
  [OK]  assembly.step — 4 nodes  1 edges  (5.0s)
  [194/306] Parsing: assembly.step
  [OK]  assembly.step — 5 nodes  4 edges  (5.0s)
  [195/306] Parsing: assembly.step
  [OK]  assembly.step — 7 nodes  4 edges  (3.3s)
  [196/306] Parsing: assembly.step
  [OK]  assembly.step — 9 nodes  11 edges  (3.4s)
  [197/306] Parsing: assembly.step
  [OK]  assembly.step — 29 nodes  28 edges  (3.2s)
  [198/306] Parsing: assembly.step
  [OK]  assembly.step — 6 nodes  5 edges  (4.7s)
  [199/306] Parsing: assembly.step
  [OK]  assembly.step — 3 nodes  2 edges  (3.3s)
  [200/306] Parsing: assembly.step
  [201/306] Parsing: assembly.step
  [OK]  assembly.step — 9 nodes  5 edges  (5.7s)
  [202/306] Parsing: assembly.step
  [OK]  assembly.step — 17 nodes  18 edges  (8.4s)
  [203/306] Parsing: assembly.step
    [skip] assembly.step: 
  [204/306] Parsing: assembly.step
  [OK]  assembly.step — 3 nodes  2 edges  (3.5s)
  [205/306] Parsing: assembly.step
  [OK]  assembly.step — 11 nodes  12 edges  (12.1s)
  [206/306] Parsing: assembly.step
  [OK]  assembly.step — 8 nodes  7 edges  (3.4s)
  [207/306] Parsing: assembly.step
  [OK]  assembly.step — 3 nodes  3 edges  (4.6s)
  [208/306] Parsing: assembly.step
  [OK]  assembly.step — 10 nodes  1 edges  (3.6s)
  [209/306] Parsing: assembly.step
  [OK]  assembly.step — 18 nodes  21 edges  (4.1s)
  [210/306] Parsing: assembly.step
  [OK]  assembly.step — 4 nodes  4 edges  (3.3s)
  [211/306] Parsing: assembly.step
  [OK]  assembly.step — 12 nodes  14 edges  (4.8s)
  [212/306] Parsing: assembly.step
  [OK]  assembly.step — 21 nodes  20 edges  (3.4s)
  [213/306] Parsing: assembly.step
  [OK]  assembly.step — 5 nodes  4 edges  (4.9s)
  [214/306] Parsing: assembly.step
  [OK]  assembly.step — 8 nodes  4 edges  (3.3s)
  [215/306] Parsing: assembly.step
    [skip] assembly.step: '<' not supported between instances of 'complex' and 'float'
  [216/306] Parsing: assembly.step
  [OK]  assembly.step — 19 nodes  18 edges  (3.5s)
  [217/306] Parsing: assembly.step
  [OK]  assembly.step — 14 nodes  22 edges  (3.5s)
  [218/306] Parsing: assembly.step
  [OK]  assembly.step — 3 nodes  1 edges  (3.3s)
  [219/306] Parsing: assembly.step
  [OK]  assembly.step — 25 nodes  24 edges  (6.1s)
  [220/306] Parsing: assembly.step
  [OK]  assembly.step — 2 nodes  1 edges  (3.0s)
  [221/306] Parsing: assembly.step
  [OK]  assembly.step — 2 nodes  1 edges  (3.2s)
  [222/306] Parsing: assembly.step
  [OK]  assembly.step — 10 nodes  8 edges  (4.2s)
  [223/306] Parsing: assembly.step
  [OK]  assembly.step — 3 nodes  2 edges  (3.3s)
  [224/306] Parsing: assembly.step
  [OK]  assembly.step — 3 nodes  2 edges  (3.3s)
  [225/306] Parsing: assembly.step
    [skip] assembly.step: '<' not supported between instances of 'complex' and 'float'
  [226/306] Parsing: assembly.step
  [OK]  assembly.step — 12 nodes  1 edges  (3.4s)
  [227/306] Parsing: assembly.step
  [OK]  assembly.step — 3 nodes  2 edges  (3.3s)
  [228/306] Parsing: assembly.step
  [OK]  assembly.step — 11 nodes  10 edges  (4.7s)
  [229/306] Parsing: assembly.step
  [OK]  assembly.step — 2 nodes  1 edges  (3.3s)
  [230/306] Parsing: assembly.step
  [OK]  assembly.step — 2 nodes  1 edges  (3.3s)
  [231/306] Parsing: assembly.step
  [OK]  assembly.step — 12 nodes  5 edges  (3.3s)
  [232/306] Parsing: assembly.step
  [233/306] Parsing: assembly.step
    [skip] assembly.step: Fragments failed - BOPAlgo_AlertIntersectionFailed 
  [234/306] Parsing: assembly.step
  [OK]  assembly.step — 10 nodes  9 edges  (17.5s)
  [235/306] Parsing: assembly.step
  [236/306] Parsing: assembly.step
  [OK]  assembly.step — 23 nodes  23 edges  (4.6s)
  [237/306] Parsing: assembly.step
  [OK]  assembly.step — 20 nodes  23 edges  (6.8s)
  [238/306] Parsing: assembly.step
  [239/306] Parsing: assembly.step
  [OK]  assembly.step — 6 nodes  5 edges  (2.9s)
  [240/306] Parsing: assembly.step
  [OK]  assembly.step — 7 nodes  6 edges  (3.2s)
  [241/306] Parsing: assembly.step
  [OK]  assembly.step — 15 nodes  105 edges  (4.3s)
  [242/306] Parsing: assembly.step
  [OK]  assembly.step — 4 nodes  6 edges  (4.0s)
  [243/306] Parsing: assembly.step
  [OK]  assembly.step — 16 nodes  4 edges  (4.3s)
  [244/306] Parsing: assembly.step
  [OK]  assembly.step — 3 nodes  2 edges  (2.9s)
  [245/306] Parsing: assembly.step
  [OK]  assembly.step — 22 nodes  21 edges  (82.8s)
  [246/306] Parsing: assembly.step
  [OK]  assembly.step — 2 nodes  1 edges  (3.5s)
  [247/306] Parsing: assembly.step
    [skip] assembly.step: '<' not supported between instances of 'complex' and 'float'
  [248/306] Parsing: assembly.step
  [OK]  assembly.step — 7 nodes  5 edges  (10.5s)
  [249/306] Parsing: assembly.step
  [OK]  assembly.step — 2 nodes  1 edges  (3.3s)
  [250/306] Parsing: assembly.step
  [OK]  assembly.step — 6 nodes  6 edges  (30.0s)
  [251/306] Parsing: assembly.step
  [OK]  assembly.step — 12 nodes  13 edges  (27.9s)
  [252/306] Parsing: assembly.step
  [OK]  assembly.step — 3 nodes  3 edges  (3.2s)
  [253/306] Parsing: assembly.step
  [254/306] Parsing: assembly.step
  [OK]  assembly.step — 10 nodes  10 edges  (3.2s)
  [255/306] Parsing: assembly.step
  [OK]  assembly.step — 12 nodes  2 edges  (3.5s)
  [256/306] Parsing: assembly.step
  [OK]  assembly.step — 3 nodes  1 edges  (3.1s)
  [257/306] Parsing: assembly.step
    [skip] assembly.step: '<' not supported between instances of 'complex' and 'float'
  [258/306] Parsing: assembly.step
  [OK]  assembly.step — 9 nodes  9 edges  (3.2s)
  [259/306] Parsing: assembly.step
  [OK]  assembly.step — 6 nodes  5 edges  (3.0s)
  [260/306] Parsing: assembly.step
  [OK]  assembly.step — 2 nodes  1 edges  (3.6s)
  [261/306] Parsing: assembly.step
  [OK]  assembly.step — 7 nodes  5 edges  (6.8s)
  [262/306] Parsing: assembly.step
  [OK]  assembly.step — 5 nodes  3 edges  (3.0s)
  [263/306] Parsing: assembly.step
  [OK]  assembly.step — 2 nodes  1 edges  (3.0s)
  [264/306] Parsing: assembly.step
  [OK]  assembly.step — 2 nodes  1 edges  (3.9s)
  [265/306] Parsing: assembly.step
  [OK]  assembly.step — 6 nodes  7 edges  (3.2s)
  [266/306] Parsing: assembly.step
  [OK]  assembly.step — 9 nodes  5 edges  (3.0s)
  [267/306] Parsing: assembly.step
  [OK]  assembly.step — 13 nodes  18 edges  (11.0s)
  [268/306] Parsing: assembly.step
    [skip] assembly.step: Could not fix wire in surface 1761
  [269/306] Parsing: assembly.step
  [OK]  assembly.step — 7 nodes  6 edges  (6.1s)
  [270/306] Parsing: assembly.step
  [OK]  assembly.step — 8 nodes  6 edges  (3.3s)
  [271/306] Parsing: assembly.step
  [OK]  assembly.step — 18 nodes  19 edges  (3.7s)
  [272/306] Parsing: assembly.step
  [OK]  assembly.step — 24 nodes  28 edges  (11.4s)
  [273/306] Parsing: assembly.step
  [OK]  assembly.step — 14 nodes  7 edges  (37.1s)
  [274/306] Parsing: assembly.step
  [OK]  assembly.step — 14 nodes  14 edges  (4.2s)
  [275/306] Parsing: assembly.step
    [skip] assembly.step: '<' not supported between instances of 'complex' and 'float'
  [276/306] Parsing: assembly.step
  [OK]  assembly.step — 14 nodes  13 edges  (3.4s)
  [277/306] Parsing: assembly.step
  [OK]  assembly.step — 20 nodes  26 edges  (9.2s)
  [278/306] Parsing: assembly.step
  [OK]  assembly.step — 18 nodes  18 edges  (12.6s)
  [279/306] Parsing: assembly.step
  [OK]  assembly.step — 6 nodes  4 edges  (26.1s)
  [280/306] Parsing: assembly.step
  [OK]  assembly.step — 6 nodes  9 edges  (5.9s)
  [281/306] Parsing: assembly.step
  [OK]  assembly.step — 2 nodes  1 edges  (3.0s)
  [282/306] Parsing: assembly.step
  [OK]  assembly.step — 19 nodes  20 edges  (3.8s)
  [283/306] Parsing: assembly.step
  [OK]  assembly.step — 4 nodes  2 edges  (3.3s)
  [284/306] Parsing: assembly.step
  [OK]  assembly.step — 24 nodes  26 edges  (15.2s)
  [285/306] Parsing: assembly.step
  [OK]  assembly.step — 20 nodes  27 edges  (3.7s)
  [286/306] Parsing: assembly.step
  [OK]  assembly.step — 24 nodes  18 edges  (4.4s)
  [287/306] Parsing: assembly.step
  [OK]  assembly.step — 19 nodes  25 edges  (3.4s)
  [288/306] Parsing: assembly.step
  [OK]  assembly.step — 15 nodes  24 edges  (7.8s)
  [289/306] Parsing: assembly.step
  [OK]  assembly.step — 5 nodes  6 edges  (3.0s)
  [290/306] Parsing: assembly.step
  [OK]  assembly.step — 3 nodes  1 edges  (2.9s)
  [291/306] Parsing: assembly.step
  [OK]  assembly.step — 3 nodes  2 edges  (3.3s)
  [292/306] Parsing: assembly.step
  [OK]  assembly.step — 20 nodes  25 edges  (4.8s)
  [293/306] Parsing: assembly.step
  [OK]  assembly.step — 6 nodes  6 edges  (7.3s)
  [294/306] Parsing: assembly.step
  [OK]  assembly.step — 13 nodes  14 edges  (8.8s)
  [295/306] Parsing: assembly.step
    [skip] assembly.step: '<' not supported between instances of 'complex' and 'float'
  [296/306] Parsing: assembly.step
  [OK]  assembly.step — 2 nodes  1 edges  (3.0s)
  [297/306] Parsing: assembly.step
    [skip] assembly.step: '<' not supported between instances of 'complex' and 'float'
  [298/306] Parsing: assembly.step
  [OK]  assembly.step — 16 nodes  14 edges  (57.0s)
  [299/306] Parsing: assembly.step
  [OK]  assembly.step — 4 nodes  2 edges  (6.7s)
  [300/306] Parsing: assembly.step
  [OK]  assembly.step — 2 nodes  1 edges  (3.2s)
  [301/306] Parsing: assembly.step
  [OK]  assembly.step — 2 nodes  1 edges  (2.9s)
  [302/306] Parsing: assembly.step
    [skip] assembly.step: '<' not supported between instances of 'complex' and 'float'
  [303/306] Parsing: assembly.step
    [skip] assembly.step: Fragments failed - BOPAlgo_AlertBuilderFailed 
  [304/306] Parsing: assembly.step
  [OK]  assembly.step — 11 nodes  55 edges  (6.9s)
  [305/306] Parsing: assembly.step
  [OK]  assembly.step — 15 nodes  15 edges  (45.7s)
  [306/306] Parsing: assembly.step
  [OK]  assembly.step — 18 nodes  27 edges  (18.2s)
  Parsed 255 valid  |  Skipped 0 total (nodes>20: 0  edges>60: 0  timeout: 0)
Done!
/Users/mbp/Documents/MTECH/Sem4/Individual_project/AI_Assisted_3D_Assembly_Design/AI-Assisted-3D-Assembly-Design/.venv/lib/python3.12/site-packages/torch_geometric/transforms/base_transform.py:32: UserWarning: There are not enough negative edges to satisfy the provided sampling ratio. The ratio will be adjusted to 0.00.
  return self.forward(copy.copy(data))
/Users/mbp/Documents/MTECH/Sem4/Individual_project/AI_Assisted_3D_Assembly_Design/AI-Assisted-3D-Assembly-Design/.venv/lib/python3.12/site-packages/torch_geometric/transforms/base_transform.py:32: UserWarning: There are not enough negative edges to satisfy the provided sampling ratio. The ratio will be adjusted to 0.00.
  return self.forward(copy.copy(data))
/Users/mbp/Documents/MTECH/Sem4/Individual_project/AI_Assisted_3D_Assembly_Design/AI-Assisted-3D-Assembly-Design/.venv/lib/python3.12/site-packages/torch_geometric/transforms/base_transform.py:32: UserWarning: There are not enough negative edges to satisfy the provided sampling ratio. The ratio will be adjusted to 0.00.
  return self.forward(copy.copy(data))
/Users/mbp/Documents/MTECH/Sem4/Individual_project/AI_Assisted_3D_Assembly_Design/AI-Assisted-3D-Assembly-Design/.venv/lib/python3.12/site-packages/torch_geometric/transforms/base_transform.py:32: UserWarning: There are not enough negative edges to satisfy the provided sampling ratio. The ratio will be adjusted to 0.00.
  return self.forward(copy.copy(data))
  Using 255 real assembly graph(s) — no synthetic data.
  Saved 255 graphs → data/processed/processed/data.pt
  Saved source paths    → data/processed/processed/sources.json
      255 graphs loaded.

[2/4] Building model …  (5-fold CV)

[3/4] Training (5 folds) …

=======================================================
  FOLD 1 / 5
=======================================================
  Fold 1/5 — train: 108  val: 27  test: 25
Model built on mps  |  total params: 594,753
  Ep   1/200  loss=0.9700  AUC=0.4972  AP=0.8474  (2.3s)
  ✓ Fold 1 new best AUC=0.4972  saved.
  Ep   2/200  loss=0.9831  AUC=0.3028  AP=0.8027  (1.2s)
  Ep   3/200  loss=0.8913  AUC=0.5389  AP=0.8710  (1.1s)
  ✓ Fold 1 new best AUC=0.5389  saved.
  Ep   4/200  loss=0.9827  AUC=0.5944  AP=0.8925  (1.2s)
  ✓ Fold 1 new best AUC=0.5944  saved.
  Ep   5/200  loss=0.8855  AUC=0.4972  AP=0.8930  (1.4s)
  Ep   6/200  loss=0.8953  AUC=0.4917  AP=0.8946  (1.5s)
  Ep   7/200  loss=0.9211  AUC=0.5972  AP=0.8919  (1.4s)
  ✓ Fold 1 new best AUC=0.5972  saved.
  Ep   8/200  loss=0.9255  AUC=0.7583  AP=0.9449  (1.6s)
  ✓ Fold 1 new best AUC=0.7583  saved.
  Ep   9/200  loss=0.9101  AUC=0.7750  AP=0.9475  (1.4s)
  ✓ Fold 1 new best AUC=0.7750  saved.
  Ep  10/200  loss=0.8864  AUC=0.6583  AP=0.8732  (1.4s)
  Ep  11/200  loss=0.8961  AUC=0.5861  AP=0.8606  (1.4s)
  Ep  12/200  loss=0.8622  AUC=0.6472  AP=0.9073  (1.5s)
  Ep  13/200  loss=0.8722  AUC=0.7167  AP=0.9410  (1.5s)
  Ep  14/200  loss=0.8878  AUC=0.7750  AP=0.9572  (1.8s)
  Ep  15/200  loss=0.8921  AUC=0.7944  AP=0.9643  (1.8s)
  ✓ Fold 1 new best AUC=0.7944  saved.
  Ep  16/200  loss=0.8774  AUC=0.7889  AP=0.9624  (1.6s)
  Ep  17/200  loss=0.8722  AUC=0.7917  AP=0.9624  (1.6s)
  Ep  18/200  loss=0.8649  AUC=0.7667  AP=0.9541  (1.9s)
  Ep  19/200  loss=0.8631  AUC=0.7333  AP=0.9449  (1.5s)
  Ep  20/200  loss=0.8853  AUC=0.6583  AP=0.9062  (1.7s)
  Ep  21/200  loss=0.8396  AUC=0.5944  AP=0.8907  (1.7s)
  Ep  22/200  loss=0.8787  AUC=0.5583  AP=0.8820  (1.7s)
  Ep  23/200  loss=0.8682  AUC=0.4778  AP=0.8388  (1.9s)
  Ep  24/200  loss=0.8426  AUC=0.5111  AP=0.8395  (1.4s)
  Ep  25/200  loss=0.8661  AUC=0.5417  AP=0.8437  (1.7s)
  Ep  26/200  loss=0.8644  AUC=0.5694  AP=0.8626  (1.3s)
  Ep  27/200  loss=0.8292  AUC=0.6222  AP=0.9083  (1.7s)
  Ep  28/200  loss=0.8313  AUC=0.6972  AP=0.9341  (1.8s)
  Ep  29/200  loss=0.8919  AUC=0.6972  AP=0.9351  (2.0s)
  Ep  30/200  loss=0.8387  AUC=0.7389  AP=0.9501  (1.7s)
  Ep  31/200  loss=0.8559  AUC=0.7583  AP=0.9536  (2.6s)
  Ep  32/200  loss=0.8307  AUC=0.7556  AP=0.9527  (2.0s)
  Ep  33/200  loss=0.8214  AUC=0.7139  AP=0.9351  (1.9s)
  Ep  34/200  loss=0.8467  AUC=0.6833  AP=0.9240  (1.7s)
  Ep  35/200  loss=0.9049  AUC=0.6472  AP=0.8758  (2.0s)

  Early stopping at epoch 35.

  Fold 1 test — AUC=0.7302  AP=0.9162

=======================================================
  FOLD 2 / 5
=======================================================
  Fold 2/5 — train: 106  val: 29  test: 25
Model built on mps  |  total params: 594,753
  Ep   1/200  loss=0.9048  AUC=0.7589  AP=0.9639  (2.9s)
  ✓ Fold 2 new best AUC=0.7589  saved.
  Ep   2/200  loss=0.9451  AUC=0.8304  AP=0.9733  (2.6s)
  ✓ Fold 2 new best AUC=0.8304  saved.
  Ep   3/200  loss=0.9512  AUC=0.7946  AP=0.9700  (2.1s)
  Ep   4/200  loss=0.8487  AUC=0.8661  AP=0.9801  (2.1s)
  ✓ Fold 2 new best AUC=0.8661  saved.
  Ep   5/200  loss=0.8722  AUC=0.9018  AP=0.9857  (1.8s)
  ✓ Fold 2 new best AUC=0.9018  saved.
  Ep   6/200  loss=0.9235  AUC=0.8571  AP=0.9776  (2.3s)
  Ep   7/200  loss=0.8695  AUC=0.7857  AP=0.9657  (2.3s)
  Ep   8/200  loss=0.8869  AUC=0.8393  AP=0.9750  (2.4s)
  Ep   9/200  loss=0.8247  AUC=0.7857  AP=0.9677  (2.2s)
  Ep  10/200  loss=0.8696  AUC=0.7054  AP=0.9511  (2.7s)
  Ep  11/200  loss=0.8429  AUC=0.5804  AP=0.9160  (2.2s)
  Ep  12/200  loss=0.8683  AUC=0.6339  AP=0.9398  (2.5s)
  Ep  13/200  loss=0.8619  AUC=0.6339  AP=0.9398  (3.0s)
  Ep  14/200  loss=0.7963  AUC=0.7232  AP=0.9545  (2.2s)
  Ep  15/200  loss=1.1128  AUC=0.6607  AP=0.9427  (2.6s)
  Ep  16/200  loss=0.8531  AUC=0.6607  AP=0.9420  (2.7s)
  Ep  17/200  loss=0.8649  AUC=0.6875  AP=0.9484  (2.8s)
  Ep  18/200  loss=0.8712  AUC=0.6607  AP=0.9431  (2.7s)
  Ep  19/200  loss=0.8361  AUC=0.6696  AP=0.9460  (2.7s)
  Ep  20/200  loss=0.8222  AUC=0.6964  AP=0.9513  (2.6s)
  Ep  21/200  loss=0.8271  AUC=0.7143  AP=0.9566  (1.8s)
  Ep  22/200  loss=0.8510  AUC=0.7143  AP=0.9566  (3.2s)
  Ep  23/200  loss=0.8427  AUC=0.6875  AP=0.9509  (2.4s)
  Ep  24/200  loss=0.8460  AUC=0.6786  AP=0.9482  (2.5s)
  Ep  25/200  loss=0.8487  AUC=0.6518  AP=0.9419  (2.5s)

  Early stopping at epoch 25.

  Fold 2 test — AUC=0.7354  AP=0.9158

=======================================================
  FOLD 3 / 5
=======================================================
  Fold 3/5 — train: 111  val: 24  test: 25
Model built on mps  |  total params: 594,753
  Ep   1/200  loss=0.9961  AUC=0.7159  AP=0.9447  (4.2s)
  ✓ Fold 3 new best AUC=0.7159  saved.
  Ep   2/200  loss=0.9585  AUC=0.6932  AP=0.9300  (3.3s)
  Ep   3/200  loss=0.8670  AUC=0.7841  AP=0.9604  (3.9s)
  ✓ Fold 3 new best AUC=0.7841  saved.
  Ep   4/200  loss=0.9014  AUC=0.8068  AP=0.9632  (3.9s)
  ✓ Fold 3 new best AUC=0.8068  saved.
  Ep   5/200  loss=0.8956  AUC=0.7500  AP=0.9497  (3.2s)
  Ep   6/200  loss=0.8907  AUC=0.6477  AP=0.9253  (3.2s)
  Ep   7/200  loss=0.8951  AUC=0.5795  AP=0.9039  (3.7s)
  Ep   8/200  loss=0.8651  AUC=0.5909  AP=0.9026  (3.2s)
  Ep   9/200  loss=0.8555  AUC=0.6364  AP=0.9220  (3.4s)
  Ep  10/200  loss=0.8402  AUC=0.6591  AP=0.9267  (3.5s)
  Ep  11/200  loss=0.8139  AUC=0.7159  AP=0.9361  (4.1s)
  Ep  12/200  loss=0.9198  AUC=0.6932  AP=0.9310  (3.1s)
  Ep  13/200  loss=0.8616  AUC=0.5568  AP=0.8825  (3.3s)
  Ep  14/200  loss=0.8555  AUC=0.5341  AP=0.8753  (3.8s)
  Ep  15/200  loss=0.8445  AUC=0.5682  AP=0.8826  (3.9s)
  Ep  16/200  loss=0.8687  AUC=0.6136  AP=0.9016  (4.0s)
  Ep  17/200  loss=0.8357  AUC=0.6250  AP=0.9032  (2.9s)
  Ep  18/200  loss=0.8439  AUC=0.6477  AP=0.9136  (3.6s)
  Ep  19/200  loss=0.8596  AUC=0.6591  AP=0.9105  (3.1s)
  Ep  20/200  loss=0.8659  AUC=0.6364  AP=0.8996  (3.7s)
  Ep  21/200  loss=0.8089  AUC=0.6136  AP=0.8961  (4.2s)
  Ep  22/200  loss=0.8244  AUC=0.5568  AP=0.8746  (3.4s)
  Ep  23/200  loss=0.8449  AUC=0.5568  AP=0.8746  (4.1s)
  Ep  24/200  loss=0.8432  AUC=0.5114  AP=0.8490  (3.9s)

  Early stopping at epoch 24.

  Fold 3 test — AUC=0.6561  AP=0.8984

=======================================================
  FOLD 4 / 5
=======================================================
  Fold 4/5 — train: 110  val: 25  test: 25
Model built on mps  |  total params: 594,753
  Ep   1/200  loss=0.9336  AUC=0.4679  AP=0.8562  (4.7s)
  ✓ Fold 4 new best AUC=0.4679  saved.
  Ep   2/200  loss=0.9465  AUC=0.5577  AP=0.8224  (3.5s)
  ✓ Fold 4 new best AUC=0.5577  saved.
  Ep   3/200  loss=0.9528  AUC=0.6282  AP=0.8852  (3.1s)
  ✓ Fold 4 new best AUC=0.6282  saved.
  Ep   4/200  loss=0.9075  AUC=0.6218  AP=0.9044  (4.1s)
  Ep   5/200  loss=0.8829  AUC=0.6667  AP=0.9116  (3.2s)
  ✓ Fold 4 new best AUC=0.6667  saved.
  Ep   6/200  loss=0.9874  AUC=0.6474  AP=0.9057  (3.4s)
  Ep   7/200  loss=0.8994  AUC=0.7308  AP=0.9343  (3.7s)
  ✓ Fold 4 new best AUC=0.7308  saved.
  Ep   8/200  loss=0.8602  AUC=0.6667  AP=0.9141  (4.4s)
  Ep   9/200  loss=0.9154  AUC=0.6859  AP=0.9254  (4.1s)
  Ep  10/200  loss=0.9133  AUC=0.7244  AP=0.9353  (3.9s)
  Ep  11/200  loss=0.8277  AUC=0.7179  AP=0.9322  (4.2s)
  Ep  12/200  loss=0.8806  AUC=0.7949  AP=0.9500  (4.1s)
  ✓ Fold 4 new best AUC=0.7949  saved.
  Ep  13/200  loss=0.8989  AUC=0.7821  AP=0.9466  (3.9s)
  Ep  14/200  loss=0.7955  AUC=0.7436  AP=0.9383  (4.5s)
  Ep  15/200  loss=0.8961  AUC=0.7372  AP=0.9373  (4.6s)
  Ep  16/200  loss=0.9161  AUC=0.8013  AP=0.9523  (4.2s)
  ✓ Fold 4 new best AUC=0.8013  saved.
  Ep  17/200  loss=0.8279  AUC=0.7564  AP=0.9304  (4.5s)
  Ep  18/200  loss=0.8448  AUC=0.6987  AP=0.9159  (4.4s)
  Ep  19/200  loss=0.8545  AUC=0.6859  AP=0.9046  (4.8s)
  Ep  20/200  loss=0.8159  AUC=0.7179  AP=0.9085  (5.0s)
  Ep  21/200  loss=0.8257  AUC=0.7500  AP=0.9087  (4.7s)/Users/mbp/Documents/MTECH/Sem4/Individual_project/AI_Assisted_3D_Assembly_Design/AI-Assisted-3D-Assembly-Design/.venv/lib/python3.12/site-packages/torch_geometric/transforms/base_transform.py:32: UserWarning: There are not enough negative edges to satisfy the provided sampling ratio. The ratio will be adjusted to 0.00.
  return self.forward(copy.copy(data))
/Users/mbp/Documents/MTECH/Sem4/Individual_project/AI_Assisted_3D_Assembly_Design/AI-Assisted-3D-Assembly-Design/.venv/lib/python3.12/site-packages/torch_geometric/transforms/base_transform.py:32: UserWarning: There are not enough negative edges to satisfy the provided sampling ratio. The ratio will be adjusted to 0.00.
  return self.forward(copy.copy(data))

  Ep  22/200  loss=0.8316  AUC=0.7692  AP=0.9283  (4.5s)
  Ep  23/200  loss=0.8370  AUC=0.7372  AP=0.9262  (4.8s)
  Ep  24/200  loss=0.8239  AUC=0.6923  AP=0.9122  (4.1s)
  Ep  25/200  loss=0.9340  AUC=0.7244  AP=0.9178  (5.0s)
  Ep  26/200  loss=0.8572  AUC=0.7115  AP=0.9087  (4.4s)
  Ep  27/200  loss=0.9392  AUC=0.7372  AP=0.9222  (4.1s)
  Ep  28/200  loss=0.8305  AUC=0.7179  AP=0.9119  (5.3s)
  Ep  29/200  loss=0.8423  AUC=0.7051  AP=0.9045  (6.1s)
  Ep  30/200  loss=0.8352  AUC=0.6987  AP=0.9033  (5.4s)
  Ep  31/200  loss=0.8532  AUC=0.7115  AP=0.9120  (5.3s)
  Ep  32/200  loss=0.8360  AUC=0.7308  AP=0.9235  (4.9s)
  Ep  33/200  loss=0.8648  AUC=0.7308  AP=0.9281  (4.4s)
  Ep  34/200  loss=0.7995  AUC=0.7500  AP=0.9327  (4.2s)
  Ep  35/200  loss=0.7676  AUC=0.7564  AP=0.9338  (4.6s)
  Ep  36/200  loss=0.7622  AUC=0.7500  AP=0.9320  (6.2s)

  Early stopping at epoch 36.

  Fold 4 test — AUC=0.7566  AP=0.9289

=======================================================
  FOLD 5 / 5
=======================================================
  Fold 5/5 — train: 105  val: 30  test: 25
Model built on mps  |  total params: 594,753
  Ep   1/200  loss=0.8729  AUC=0.5528  AP=0.8322  (6.1s)
  ✓ Fold 5 new best AUC=0.5528  saved.
  Ep   2/200  loss=0.8310  AUC=0.5839  AP=0.8342  (5.7s)
  ✓ Fold 5 new best AUC=0.5839  saved.
  Ep   3/200  loss=0.9926  AUC=0.6398  AP=0.8204  (5.4s)
  ✓ Fold 5 new best AUC=0.6398  saved.
  Ep   4/200  loss=0.9163  AUC=0.5217  AP=0.7833  (5.2s)
  Ep   5/200  loss=0.8528  AUC=0.5093  AP=0.8027  (5.5s)
  Ep   6/200  loss=0.9254  AUC=0.4783  AP=0.7880  (5.7s)
  Ep   7/200  loss=1.0037  AUC=0.4286  AP=0.7757  (6.0s)
  Ep   8/200  loss=0.8825  AUC=0.5404  AP=0.8043  (5.8s)
  Ep   9/200  loss=0.9286  AUC=0.5714  AP=0.8062  (4.9s)
  Ep  10/200  loss=1.0039  AUC=0.5280  AP=0.8208  (5.9s)
  Ep  11/200  loss=0.8983  AUC=0.5280  AP=0.8055  (4.8s)
  Ep  12/200  loss=0.8772  AUC=0.5342  AP=0.7916  (6.3s)
  Ep  13/200  loss=0.9344  AUC=0.5093  AP=0.7703  (6.0s)
  Ep  14/200  loss=0.8863  AUC=0.5280  AP=0.8070  (5.4s)
  Ep  15/200  loss=0.8875  AUC=0.5466  AP=0.8259  (6.7s)
  Ep  16/200  loss=0.8619  AUC=0.5342  AP=0.8160  (6.4s)
  Ep  17/200  loss=0.8144  AUC=0.5404  AP=0.8226  (5.6s)
  Ep  18/200  loss=0.8476  AUC=0.5528  AP=0.8290  (5.7s)
  Ep  19/200  loss=0.8987  AUC=0.5280  AP=0.8079  (7.1s)
  Ep  20/200  loss=0.8152  AUC=0.5342  AP=0.8062  (6.1s)
  Ep  21/200  loss=0.8235  AUC=0.5404  AP=0.8100  (7.0s)
  Ep  22/200  loss=0.8474  AUC=0.5093  AP=0.7982  (7.9s)
  Ep  23/200  loss=0.9236  AUC=0.5342  AP=0.8068  (5.2s)

  Early stopping at epoch 23.

  Fold 5 test — AUC=0.7513  AP=0.9272

=======================================================
  5-Fold CV Summary
=======================================================
  Fold 1: AUC=0.7302  AP=0.9162
  Fold 2: AUC=0.7354  AP=0.9158
  Fold 3: AUC=0.6561  AP=0.8984
  Fold 4: AUC=0.7566  AP=0.9289
  Fold 5: AUC=0.7513  AP=0.9272
  ─────────────────────────────────────────
  Mean AUC = 0.7259 ± 0.0405
  Mean AP  = 0.9173 ± 0.0122
  Best overall fold: 2  (val AUC=0.9018)

[4/4] Final test evaluation (best_overall.pt) …
Model built on mps  |  total params: 594,753
  Fold 2/5 — train: 106  val: 29  test: 25

  ── Test results (best overall model) ─────
     auc         : 0.6138
     ap          : 0.8785

  Results saved        → results
  Best overall ckpt    → checkpoints/best_overall.pt
  Trained model export → ../trained_models/assembly_gnn_20260620_103030_auc09018.pt

  Building assembly template cache …
  [TemplateDB] Built 1 category templates from 255 training assemblies.
    Fusion360 Assy Dataset                    bodies≈7  dist={'body': 4, 'fastener': 2, 'bearing': 2, 'plate': 2, 'housing': 1}
  [TemplateDB] Saved 1 templates → data/assembly_templates.json
