Processing...

[1/4] Loading dataset …
  Category filter: ['Mechanical Engineering', 'Machine design', 'Automotive', 'Tools']
  306 STEP files after category filter
  Found 306 STEP file(s) in /Users/mbp/Documents/MTECH/Sem4/Individual_project/AI_Assisted_3D_Assembly_Design/AI-Assisted-3D-Assembly-Design/Source_3d_models
  Thresholds — nodes ≤ 20  edges ≤ 60  timeout 120s
  [1/306] Parsing: assembly.step
  [OK]  assembly.step — 7 nodes  4 edges  (4.0s)
  [2/306] Parsing: assembly.step
  [OK]  assembly.step — 5 nodes  4 edges  (4.7s)
  [3/306] Parsing: assembly.step
  [OK]  assembly.step — 3 nodes  2 edges  (9.3s)
  [4/306] Parsing: assembly.step
  [5/306] Parsing: assembly.step
  [OK]  assembly.step — 4 nodes  6 edges  (7.2s)
  [6/306] Parsing: assembly.step
  [OK]  assembly.step — 12 nodes  66 edges  (21.4s)
  [7/306] Parsing: assembly.step
  [OK]  assembly.step — 4 nodes  3 edges  (7.6s)
  [8/306] Parsing: assembly.step
  [9/306] Parsing: assembly.step
  [OK]  assembly.step — 7 nodes  8 edges  (16.6s)
  [10/306] Parsing: assembly.step
  [OK]  assembly.step — 3 nodes  3 edges  (3.2s)
  [11/306] Parsing: assembly.step
  [12/306] Parsing: assembly.step
    [skip] assembly.step: '<' not supported between instances of 'complex' and 'float'
  [13/306] Parsing: assembly.step
  [OK]  assembly.step — 2 nodes  1 edges  (3.3s)
  [14/306] Parsing: assembly.step
  [15/306] Parsing: assembly.step
  [OK]  assembly.step — 27 nodes  30 edges  (11.9s)
  [16/306] Parsing: assembly.step
  [OK]  assembly.step — 11 nodes  10 edges  (5.1s)
  [17/306] Parsing: assembly.step
  [OK]  assembly.step — 6 nodes  4 edges  (27.9s)
  [18/306] Parsing: assembly.step
  [OK]  assembly.step — 4 nodes  2 edges  (7.6s)
  [19/306] Parsing: assembly.step
  [OK]  assembly.step — 28 nodes  25 edges  (4.9s)
  [20/306] Parsing: assembly.step
  [OK]  assembly.step — 2 nodes  1 edges  (27.2s)
  [21/306] Parsing: assembly.step
  [OK]  assembly.step — 19 nodes  22 edges  (5.1s)
  [22/306] Parsing: assembly.step
  [OK]  assembly.step — 2 nodes  1 edges  (3.3s)
  [23/306] Parsing: assembly.step
  [OK]  assembly.step — 19 nodes  22 edges  (5.0s)
  [24/306] Parsing: assembly.step
  [25/306] Parsing: assembly.step
  [OK]  assembly.step — 2 nodes  1 edges  (3.3s)
  [26/306] Parsing: assembly.step
  [OK]  assembly.step — 5 nodes  10 edges  (3.8s)
  [27/306] Parsing: assembly.step
  [OK]  assembly.step — 4 nodes  2 edges  (5.6s)
  [28/306] Parsing: assembly.step
  [OK]  assembly.step — 2 nodes  1 edges  (3.8s)
  [29/306] Parsing: assembly.step
  [OK]  assembly.step — 7 nodes  4 edges  (3.5s)
  [30/306] Parsing: assembly.step
  [OK]  assembly.step — 2 nodes  1 edges  (3.1s)
  [31/306] Parsing: assembly.step
  [OK]  assembly.step — 5 nodes  3 edges  (3.4s)
  [32/306] Parsing: assembly.step
  [OK]  assembly.step — 2 nodes  1 edges  (3.3s)
  [33/306] Parsing: assembly.step
  [OK]  assembly.step — 4 nodes  2 edges  (3.2s)
  [34/306] Parsing: assembly.step
  [OK]  assembly.step — 11 nodes  8 edges  (15.0s)
  [35/306] Parsing: assembly.step
  [OK]  assembly.step — 5 nodes  4 edges  (3.6s)
  [36/306] Parsing: assembly.step
  [37/306] Parsing: assembly.step
  [OK]  assembly.step — 7 nodes  2 edges  (4.4s)
  [38/306] Parsing: assembly.step
  [OK]  assembly.step — 6 nodes  9 edges  (8.8s)
  [39/306] Parsing: assembly.step
  [OK]  assembly.step — 7 nodes  21 edges  (13.0s)
  [40/306] Parsing: assembly.step
  [OK]  assembly.step — 27 nodes  28 edges  (4.2s)
  [41/306] Parsing: assembly.step
  [OK]  assembly.step — 4 nodes  2 edges  (3.3s)
  [42/306] Parsing: assembly.step
  [OK]  assembly.step — 3 nodes  2 edges  (41.0s)
  [43/306] Parsing: assembly.step
  [OK]  assembly.step — 5 nodes  4 edges  (5.7s)
  [44/306] Parsing: assembly.step
    [skip] assembly.step: Fragments failed - BOPAlgo_AlertBuilderFailed 
  [45/306] Parsing: assembly.step
  [46/306] Parsing: assembly.step
  [OK]  assembly.step — 8 nodes  11 edges  (4.5s)
  [47/306] Parsing: assembly.step
  [OK]  assembly.step — 23 nodes  11 edges  (61.0s)
  [48/306] Parsing: assembly.step
  [49/306] Parsing: assembly.step
  [OK]  assembly.step — 16 nodes  120 edges  (3.4s)
  [50/306] Parsing: assembly.step
  [OK]  assembly.step — 2 nodes  1 edges  (4.6s)
  [51/306] Parsing: assembly.step
  [52/306] Parsing: assembly.step
  [53/306] Parsing: assembly.step
  [OK]  assembly.step — 7 nodes  21 edges  (7.1s)
  [54/306] Parsing: assembly.step
  [55/306] Parsing: assembly.step
  [56/306] Parsing: assembly.step
  [OK]  assembly.step — 6 nodes  15 edges  (6.7s)
  [57/306] Parsing: assembly.step
  [58/306] Parsing: assembly.step
  [OK]  assembly.step — 5 nodes  4 edges  (15.0s)
  [59/306] Parsing: assembly.step
  [60/306] Parsing: assembly.step
  [61/306] Parsing: assembly.step
  [62/306] Parsing: assembly.step
  [63/306] Parsing: assembly.step
  [OK]  assembly.step — 16 nodes  16 edges  (10.1s)
  [64/306] Parsing: assembly.step
  [OK]  assembly.step — 19 nodes  23 edges  (39.6s)
  [65/306] Parsing: assembly.step
  [OK]  assembly.step — 18 nodes  19 edges  (3.9s)
  [66/306] Parsing: assembly.step
  [OK]  assembly.step — 10 nodes  11 edges  (4.7s)
  [67/306] Parsing: assembly.step
  [OK]  assembly.step — 5 nodes  10 edges  (4.5s)
  [68/306] Parsing: assembly.step
    [skip] assembly.step: '<' not supported between instances of 'complex' and 'float'
  [69/306] Parsing: assembly.step
  [OK]  assembly.step — 9 nodes  14 edges  (8.5s)
  [70/306] Parsing: assembly.step
  [71/306] Parsing: assembly.step
  [72/306] Parsing: assembly.step
  [OK]  assembly.step — 15 nodes  13 edges  (3.8s)
  [73/306] Parsing: assembly.step
  [OK]  assembly.step — 3 nodes  3 edges  (3.3s)
  [74/306] Parsing: assembly.step
  [OK]  assembly.step — 11 nodes  11 edges  (6.9s)
  [75/306] Parsing: assembly.step
  [OK]  assembly.step — 7 nodes  7 edges  (3.5s)
  [76/306] Parsing: assembly.step
  [OK]  assembly.step — 7 nodes  6 edges  (3.5s)
  [77/306] Parsing: assembly.step
  [OK]  assembly.step — 2 nodes  1 edges  (3.3s)
  [78/306] Parsing: assembly.step
  [79/306] Parsing: assembly.step
  [80/306] Parsing: assembly.step
  [OK]  assembly.step — 7 nodes  6 edges  (6.7s)
  [81/306] Parsing: assembly.step
  [OK]  assembly.step — 15 nodes  2 edges  (3.7s)
  [82/306] Parsing: assembly.step
  [OK]  assembly.step — 23 nodes  18 edges  (65.8s)
  [83/306] Parsing: assembly.step
  [OK]  assembly.step — 7 nodes  6 edges  (4.1s)
  [84/306] Parsing: assembly.step
  [OK]  assembly.step — 13 nodes  6 edges  (30.9s)
  [85/306] Parsing: assembly.step
  [OK]  assembly.step — 2 nodes  1 edges  (3.5s)
  [86/306] Parsing: assembly.step
    [skip] assembly.step: '<' not supported between instances of 'complex' and 'float'
  [87/306] Parsing: assembly.step
  [OK]  assembly.step — 3 nodes  1 edges  (3.5s)
  [88/306] Parsing: assembly.step
  [OK]  assembly.step — 7 nodes  2 edges  (3.2s)
  [89/306] Parsing: assembly.step
  [OK]  assembly.step — 16 nodes  3 edges  (12.3s)
  [90/306] Parsing: assembly.step
  [OK]  assembly.step — 5 nodes  4 edges  (8.4s)
  [91/306] Parsing: assembly.step
  [OK]  assembly.step — 2 nodes  1 edges  (3.2s)
  [92/306] Parsing: assembly.step
  [OK]  assembly.step — 6 nodes  15 edges  (3.3s)
  [93/306] Parsing: assembly.step
  [OK]  assembly.step — 6 nodes  15 edges  (61.1s)
  [94/306] Parsing: assembly.step
  [OK]  assembly.step — 2 nodes  1 edges  (4.2s)
  [95/306] Parsing: assembly.step
  [OK]  assembly.step — 11 nodes  8 edges  (6.0s)
  [96/306] Parsing: assembly.step
  [OK]  assembly.step — 6 nodes  5 edges  (3.7s)
  [97/306] Parsing: assembly.step
  [OK]  assembly.step — 10 nodes  11 edges  (3.7s)
  [98/306] Parsing: assembly.step
  [OK]  assembly.step — 15 nodes  19 edges  (5.1s)
  [99/306] Parsing: assembly.step
  [OK]  assembly.step — 6 nodes  2 edges  (7.6s)
  [100/306] Parsing: assembly.step
  [OK]  assembly.step — 4 nodes  6 edges  (3.3s)
  [101/306] Parsing: assembly.step
  [OK]  assembly.step — 4 nodes  6 edges  (3.2s)
  [102/306] Parsing: assembly.step
  [103/306] Parsing: assembly.step
  [OK]  assembly.step — 4 nodes  3 edges  (3.1s)
  [104/306] Parsing: assembly.step
  [OK]  assembly.step — 2 nodes  1 edges  (3.2s)
  [105/306] Parsing: assembly.step
  [OK]  assembly.step — 5 nodes  10 edges  (3.2s)
  [106/306] Parsing: assembly.step
  [OK]  assembly.step — 22 nodes  30 edges  (9.8s)
  [107/306] Parsing: assembly.step
  [OK]  assembly.step — 14 nodes  16 edges  (3.5s)
  [108/306] Parsing: assembly.step
  [OK]  assembly.step — 14 nodes  10 edges  (4.1s)
  [109/306] Parsing: assembly.step
  [OK]  assembly.step — 4 nodes  4 edges  (3.9s)
  [110/306] Parsing: assembly.step
  [OK]  assembly.step — 23 nodes  22 edges  (9.7s)
  [111/306] Parsing: assembly.step
  [OK]  assembly.step — 21 nodes  21 edges  (5.6s)
  [112/306] Parsing: assembly.step
  [OK]  assembly.step — 9 nodes  14 edges  (5.1s)
  [113/306] Parsing: assembly.step
  [OK]  assembly.step — 4 nodes  6 edges  (3.3s)
  [114/306] Parsing: assembly.step
  [OK]  assembly.step — 8 nodes  10 edges  (3.3s)
  [115/306] Parsing: assembly.step
  [OK]  assembly.step — 15 nodes  15 edges  (3.3s)
  [116/306] Parsing: assembly.step
  [OK]  assembly.step — 2 nodes  1 edges  (3.1s)
  [117/306] Parsing: assembly.step
  [OK]  assembly.step — 2 nodes  1 edges  (5.3s)
  [118/306] Parsing: assembly.step
  [OK]  assembly.step — 6 nodes  7 edges  (9.2s)
  [119/306] Parsing: assembly.step
  [OK]  assembly.step — 20 nodes  22 edges  (5.6s)
  [120/306] Parsing: assembly.step
  [OK]  assembly.step — 24 nodes  30 edges  (8.1s)
  [121/306] Parsing: assembly.step
  [OK]  assembly.step — 3 nodes  3 edges  (5.5s)
  [122/306] Parsing: assembly.step
  [OK]  assembly.step — 4 nodes  1 edges  (20.3s)
  [123/306] Parsing: assembly.step
  [OK]  assembly.step — 9 nodes  8 edges  (4.2s)
  [124/306] Parsing: assembly.step
  [125/306] Parsing: assembly.step
  [OK]  assembly.step — 10 nodes  12 edges  (6.5s)
  [126/306] Parsing: assembly.step
  [OK]  assembly.step — 2 nodes  1 edges  (6.2s)
  [127/306] Parsing: assembly.step
  [OK]  assembly.step — 2 nodes  1 edges  (3.1s)
  [128/306] Parsing: assembly.step
  [OK]  assembly.step — 15 nodes  14 edges  (5.5s)
  [129/306] Parsing: assembly.step
  [OK]  assembly.step — 20 nodes  14 edges  (3.9s)
  [130/306] Parsing: assembly.step
  [OK]  assembly.step — 9 nodes  9 edges  (3.6s)
  [131/306] Parsing: assembly.step
  [OK]  assembly.step — 27 nodes  22 edges  (21.6s)
  [132/306] Parsing: assembly.step
  [OK]  assembly.step — 3 nodes  3 edges  (3.2s)
  [133/306] Parsing: assembly.step
  [OK]  assembly.step — 11 nodes  55 edges  (4.0s)
  [134/306] Parsing: assembly.step
  [OK]  assembly.step — 2 nodes  1 edges  (3.2s)
  [135/306] Parsing: assembly.step
  [OK]  assembly.step — 2 nodes  1 edges  (3.0s)
  [136/306] Parsing: assembly.step
  [OK]  assembly.step — 3 nodes  3 edges  (3.2s)
  [137/306] Parsing: assembly.step
  [OK]  assembly.step — 2 nodes  1 edges  (3.2s)
  [138/306] Parsing: assembly.step
  [OK]  assembly.step — 2 nodes  1 edges  (3.1s)
  [139/306] Parsing: assembly.step
  [OK]  assembly.step — 3 nodes  3 edges  (3.1s)
  [140/306] Parsing: assembly.step
  [OK]  assembly.step — 18 nodes  19 edges  (4.4s)
  [141/306] Parsing: assembly.step
  [OK]  assembly.step — 2 nodes  1 edges  (4.5s)
  [142/306] Parsing: assembly.step
  [OK]  assembly.step — 31 nodes  28 edges  (12.1s)
  [143/306] Parsing: assembly.step
  [OK]  assembly.step — 15 nodes  16 edges  (4.2s)
  [144/306] Parsing: assembly.step
  [OK]  assembly.step — 9 nodes  8 edges  (17.1s)
  [145/306] Parsing: assembly.step
  [OK]  assembly.step — 5 nodes  2 edges  (3.9s)
  [146/306] Parsing: assembly.step
  [OK]  assembly.step — 2 nodes  1 edges  (3.7s)
  [147/306] Parsing: assembly.step
  [148/306] Parsing: assembly.step
  [OK]  assembly.step — 3 nodes  3 edges  (3.1s)
  [149/306] Parsing: assembly.step
  [OK]  assembly.step — 8 nodes  4 edges  (10.3s)
  [150/306] Parsing: assembly.step
  [OK]  assembly.step — 12 nodes  12 edges  (3.9s)
  [151/306] Parsing: assembly.step
  [OK]  assembly.step — 16 nodes  13 edges  (5.3s)
  [152/306] Parsing: assembly.step
  [OK]  assembly.step — 12 nodes  12 edges  (95.2s)
  [153/306] Parsing: assembly.step
  [OK]  assembly.step — 2 nodes  1 edges  (3.9s)
  [154/306] Parsing: assembly.step
  [OK]  assembly.step — 3 nodes  2 edges  (4.0s)
  [155/306] Parsing: assembly.step
  [OK]  assembly.step — 2 nodes  1 edges  (3.3s)
  [156/306] Parsing: assembly.step
  [OK]  assembly.step — 2 nodes  1 edges  (3.3s)
  [157/306] Parsing: assembly.step
  [OK]  assembly.step — 2 nodes  1 edges  (3.3s)
  [158/306] Parsing: assembly.step
    [skip] assembly.step: '<' not supported between instances of 'complex' and 'float'
  [159/306] Parsing: assembly.step
  [OK]  assembly.step — 3 nodes  3 edges  (4.6s)
  [160/306] Parsing: assembly.step
    [skip] assembly.step: '<' not supported between instances of 'complex' and 'float'
  [161/306] Parsing: assembly.step
  [OK]  assembly.step — 16 nodes  28 edges  (4.2s)
  [162/306] Parsing: assembly.step
  [OK]  assembly.step — 18 nodes  21 edges  (4.9s)
  [163/306] Parsing: assembly.step
  [OK]  assembly.step — 2 nodes  1 edges  (3.5s)
  [164/306] Parsing: assembly.step
  [OK]  assembly.step — 21 nodes  24 edges  (4.8s)
  [165/306] Parsing: assembly.step
  [OK]  assembly.step — 9 nodes  15 edges  (3.2s)
  [166/306] Parsing: assembly.step
  [OK]  assembly.step — 3 nodes  2 edges  (3.1s)
  [167/306] Parsing: assembly.step
  [168/306] Parsing: assembly.step
  [OK]  assembly.step — 2 nodes  1 edges  (3.1s)
  [169/306] Parsing: assembly.step
  [OK]  assembly.step — 12 nodes  27 edges  (3.2s)
  [170/306] Parsing: assembly.step
  [OK]  assembly.step — 9 nodes  17 edges  (3.3s)
  [171/306] Parsing: assembly.step
  [OK]  assembly.step — 2 nodes  1 edges  (3.2s)
  [172/306] Parsing: assembly.step
  [OK]  assembly.step — 15 nodes  11 edges  (11.4s)
  [173/306] Parsing: assembly.step
  [OK]  assembly.step — 2 nodes  1 edges  (3.7s)
  [174/306] Parsing: assembly.step
  [OK]  assembly.step — 6 nodes  7 edges  (4.1s)
  [175/306] Parsing: assembly.step
  [OK]  assembly.step — 6 nodes  4 edges  (3.2s)
  [176/306] Parsing: assembly.step
  [OK]  assembly.step — 3 nodes  3 edges  (3.1s)
  [177/306] Parsing: assembly.step
    [skip] assembly.step: '<' not supported between instances of 'complex' and 'float'
  [178/306] Parsing: assembly.step
  [OK]  assembly.step — 25 nodes  24 edges  (7.3s)
  [179/306] Parsing: assembly.step
  [OK]  assembly.step — 6 nodes  10 edges  (3.5s)
  [180/306] Parsing: assembly.step
  [OK]  assembly.step — 10 nodes  4 edges  (4.1s)
  [181/306] Parsing: assembly.step
  [OK]  assembly.step — 6 nodes  5 edges  (4.3s)
  [182/306] Parsing: assembly.step
  [OK]  assembly.step — 2 nodes  1 edges  (3.1s)
  [183/306] Parsing: assembly.step
  [OK]  assembly.step — 5 nodes  4 edges  (3.1s)
  [184/306] Parsing: assembly.step
    [skip] assembly.step: '<' not supported between instances of 'complex' and 'float'
  [185/306] Parsing: assembly.step
  [OK]  assembly.step — 5 nodes  3 edges  (3.1s)
  [186/306] Parsing: assembly.step
  [OK]  assembly.step — 6 nodes  4 edges  (3.3s)
  [187/306] Parsing: assembly.step
  [OK]  assembly.step — 3 nodes  1 edges  (3.3s)
  [188/306] Parsing: assembly.step
  [OK]  assembly.step — 3 nodes  3 edges  (19.5s)
  [189/306] Parsing: assembly.step
  [OK]  assembly.step — 11 nodes  14 edges  (3.5s)
  [190/306] Parsing: assembly.step
  [OK]  assembly.step — 21 nodes  19 edges  (11.2s)
  [191/306] Parsing: assembly.step
  [OK]  assembly.step — 20 nodes  26 edges  (3.7s)
  [192/306] Parsing: assembly.step
  [193/306] Parsing: assembly.step
  [OK]  assembly.step — 4 nodes  1 edges  (5.2s)
  [194/306] Parsing: assembly.step
  [OK]  assembly.step — 5 nodes  4 edges  (5.2s)
  [195/306] Parsing: assembly.step
  [OK]  assembly.step — 7 nodes  4 edges  (3.4s)
  [196/306] Parsing: assembly.step
  [OK]  assembly.step — 9 nodes  11 edges  (3.1s)
  [197/306] Parsing: assembly.step
  [OK]  assembly.step — 29 nodes  28 edges  (3.1s)
  [198/306] Parsing: assembly.step
  [OK]  assembly.step — 6 nodes  5 edges  (4.5s)
  [199/306] Parsing: assembly.step
  [OK]  assembly.step — 3 nodes  2 edges  (3.0s)
  [200/306] Parsing: assembly.step
  [201/306] Parsing: assembly.step
  [OK]  assembly.step — 9 nodes  5 edges  (5.7s)
  [202/306] Parsing: assembly.step
  [OK]  assembly.step — 17 nodes  18 edges  (8.0s)
  [203/306] Parsing: assembly.step
    [skip] assembly.step: 
  [204/306] Parsing: assembly.step
  [OK]  assembly.step — 3 nodes  2 edges  (3.2s)
  [205/306] Parsing: assembly.step
  [OK]  assembly.step — 11 nodes  12 edges  (11.1s)
  [206/306] Parsing: assembly.step
  [OK]  assembly.step — 8 nodes  7 edges  (3.2s)
  [207/306] Parsing: assembly.step
  [OK]  assembly.step — 3 nodes  3 edges  (4.3s)
  [208/306] Parsing: assembly.step
  [OK]  assembly.step — 10 nodes  1 edges  (3.4s)
  [209/306] Parsing: assembly.step
  [OK]  assembly.step — 18 nodes  21 edges  (3.9s)
  [210/306] Parsing: assembly.step
  [OK]  assembly.step — 4 nodes  4 edges  (3.1s)
  [211/306] Parsing: assembly.step
  [OK]  assembly.step — 12 nodes  14 edges  (4.7s)
  [212/306] Parsing: assembly.step
  [OK]  assembly.step — 21 nodes  20 edges  (3.3s)
  [213/306] Parsing: assembly.step
  [OK]  assembly.step — 5 nodes  4 edges  (4.8s)
  [214/306] Parsing: assembly.step
  [OK]  assembly.step — 8 nodes  4 edges  (3.2s)
  [215/306] Parsing: assembly.step
    [skip] assembly.step: '<' not supported between instances of 'complex' and 'float'
  [216/306] Parsing: assembly.step
  [OK]  assembly.step — 19 nodes  18 edges  (3.2s)
  [217/306] Parsing: assembly.step
  [OK]  assembly.step — 14 nodes  22 edges  (3.2s)
  [218/306] Parsing: assembly.step
  [OK]  assembly.step — 3 nodes  1 edges  (3.1s)
  [219/306] Parsing: assembly.step
  [OK]  assembly.step — 25 nodes  24 edges  (6.0s)
  [220/306] Parsing: assembly.step
  [OK]  assembly.step — 2 nodes  1 edges  (3.2s)
  [221/306] Parsing: assembly.step
  [OK]  assembly.step — 2 nodes  1 edges  (3.1s)
  [222/306] Parsing: assembly.step
  [OK]  assembly.step — 10 nodes  8 edges  (4.0s)
  [223/306] Parsing: assembly.step
  [OK]  assembly.step — 3 nodes  2 edges  (3.1s)
  [224/306] Parsing: assembly.step
  [OK]  assembly.step — 3 nodes  2 edges  (3.0s)
  [225/306] Parsing: assembly.step
    [skip] assembly.step: '<' not supported between instances of 'complex' and 'float'
  [226/306] Parsing: assembly.step
  [OK]  assembly.step — 12 nodes  1 edges  (3.2s)
  [227/306] Parsing: assembly.step
  [OK]  assembly.step — 3 nodes  2 edges  (3.1s)
  [228/306] Parsing: assembly.step
  [OK]  assembly.step — 11 nodes  10 edges  (4.4s)
  [229/306] Parsing: assembly.step
  [OK]  assembly.step — 2 nodes  1 edges  (3.0s)
  [230/306] Parsing: assembly.step
  [OK]  assembly.step — 2 nodes  1 edges  (3.1s)
  [231/306] Parsing: assembly.step
  [OK]  assembly.step — 12 nodes  5 edges  (3.0s)
  [232/306] Parsing: assembly.step
  [233/306] Parsing: assembly.step
    [skip] assembly.step: Fragments failed - BOPAlgo_AlertIntersectionFailed 
  [234/306] Parsing: assembly.step
  [OK]  assembly.step — 10 nodes  9 edges  (17.0s)
  [235/306] Parsing: assembly.step
  [236/306] Parsing: assembly.step
  [OK]  assembly.step — 23 nodes  23 edges  (4.6s)
  [237/306] Parsing: assembly.step
  [OK]  assembly.step — 20 nodes  23 edges  (6.8s)
  [238/306] Parsing: assembly.step
  [239/306] Parsing: assembly.step
  [OK]  assembly.step — 6 nodes  5 edges  (3.0s)
  [240/306] Parsing: assembly.step
  [OK]  assembly.step — 7 nodes  6 edges  (3.2s)
  [241/306] Parsing: assembly.step
  [OK]  assembly.step — 15 nodes  105 edges  (4.3s)
  [242/306] Parsing: assembly.step
  [OK]  assembly.step — 4 nodes  6 edges  (4.0s)
  [243/306] Parsing: assembly.step
  [OK]  assembly.step — 16 nodes  4 edges  (4.3s)
  [244/306] Parsing: assembly.step
  [OK]  assembly.step — 3 nodes  2 edges  (2.9s)
  [245/306] Parsing: assembly.step
  [OK]  assembly.step — 22 nodes  21 edges  (82.7s)
  [246/306] Parsing: assembly.step
  [OK]  assembly.step — 2 nodes  1 edges  (3.1s)
  [247/306] Parsing: assembly.step
    [skip] assembly.step: '<' not supported between instances of 'complex' and 'float'
  [248/306] Parsing: assembly.step
  [OK]  assembly.step — 7 nodes  5 edges  (10.6s)
  [249/306] Parsing: assembly.step
  [OK]  assembly.step — 2 nodes  1 edges  (3.4s)
  [250/306] Parsing: assembly.step
  [OK]  assembly.step — 6 nodes  6 edges  (30.5s)
  [251/306] Parsing: assembly.step
  [OK]  assembly.step — 12 nodes  13 edges  (27.7s)
  [252/306] Parsing: assembly.step
  [OK]  assembly.step — 3 nodes  3 edges  (3.2s)
  [253/306] Parsing: assembly.step
  [254/306] Parsing: assembly.step
  [OK]  assembly.step — 10 nodes  10 edges  (3.4s)
  [255/306] Parsing: assembly.step
  [OK]  assembly.step — 12 nodes  2 edges  (3.6s)
  [256/306] Parsing: assembly.step
  [OK]  assembly.step — 3 nodes  1 edges  (3.1s)
  [257/306] Parsing: assembly.step
    [skip] assembly.step: '<' not supported between instances of 'complex' and 'float'
  [258/306] Parsing: assembly.step
  [OK]  assembly.step — 9 nodes  9 edges  (3.1s)
  [259/306] Parsing: assembly.step
  [OK]  assembly.step — 6 nodes  5 edges  (2.9s)
  [260/306] Parsing: assembly.step
  [OK]  assembly.step — 2 nodes  1 edges  (3.7s)
  [261/306] Parsing: assembly.step
  [OK]  assembly.step — 7 nodes  5 edges  (6.7s)
  [262/306] Parsing: assembly.step
  [OK]  assembly.step — 5 nodes  3 edges  (3.1s)
  [263/306] Parsing: assembly.step
  [OK]  assembly.step — 2 nodes  1 edges  (3.0s)
  [264/306] Parsing: assembly.step
  [OK]  assembly.step — 2 nodes  1 edges  (3.9s)
  [265/306] Parsing: assembly.step
  [OK]  assembly.step — 6 nodes  7 edges  (3.2s)
  [266/306] Parsing: assembly.step
  [OK]  assembly.step — 9 nodes  5 edges  (3.0s)
  [267/306] Parsing: assembly.step
  [OK]  assembly.step — 13 nodes  18 edges  (10.4s)
  [268/306] Parsing: assembly.step
    [skip] assembly.step: Could not fix wire in surface 1761
  [269/306] Parsing: assembly.step
  [OK]  assembly.step — 7 nodes  6 edges  (5.6s)
  [270/306] Parsing: assembly.step
  [OK]  assembly.step — 8 nodes  6 edges  (3.3s)
  [271/306] Parsing: assembly.step
  [OK]  assembly.step — 18 nodes  19 edges  (3.6s)
  [272/306] Parsing: assembly.step
  [OK]  assembly.step — 24 nodes  28 edges  (11.3s)
  [273/306] Parsing: assembly.step
  [OK]  assembly.step — 14 nodes  7 edges  (36.7s)
  [274/306] Parsing: assembly.step
  [OK]  assembly.step — 14 nodes  14 edges  (3.6s)
  [275/306] Parsing: assembly.step
    [skip] assembly.step: '<' not supported between instances of 'complex' and 'float'
  [276/306] Parsing: assembly.step
  [OK]  assembly.step — 14 nodes  13 edges  (3.3s)
  [277/306] Parsing: assembly.step
  [OK]  assembly.step — 20 nodes  26 edges  (9.2s)
  [278/306] Parsing: assembly.step
  [OK]  assembly.step — 18 nodes  18 edges  (12.6s)
  [279/306] Parsing: assembly.step
  [OK]  assembly.step — 6 nodes  4 edges  (25.9s)
  [280/306] Parsing: assembly.step
  [OK]  assembly.step — 6 nodes  9 edges  (5.6s)
  [281/306] Parsing: assembly.step
  [OK]  assembly.step — 2 nodes  1 edges  (2.9s)
  [282/306] Parsing: assembly.step
  [OK]  assembly.step — 19 nodes  20 edges  (3.8s)
  [283/306] Parsing: assembly.step
  [OK]  assembly.step — 4 nodes  2 edges  (3.3s)
  [284/306] Parsing: assembly.step
  [OK]  assembly.step — 24 nodes  26 edges  (15.2s)
  [285/306] Parsing: assembly.step
  [OK]  assembly.step — 20 nodes  27 edges  (3.7s)
  [286/306] Parsing: assembly.step
  [OK]  assembly.step — 24 nodes  18 edges  (4.4s)
  [287/306] Parsing: assembly.step
  [OK]  assembly.step — 19 nodes  25 edges  (3.4s)
  [288/306] Parsing: assembly.step
  [OK]  assembly.step — 15 nodes  24 edges  (7.8s)
  [289/306] Parsing: assembly.step
  [OK]  assembly.step — 5 nodes  6 edges  (3.2s)
  [290/306] Parsing: assembly.step
  [OK]  assembly.step — 3 nodes  1 edges  (2.9s)
  [291/306] Parsing: assembly.step
  [OK]  assembly.step — 3 nodes  2 edges  (3.4s)
  [292/306] Parsing: assembly.step
  [OK]  assembly.step — 20 nodes  25 edges  (4.8s)
  [293/306] Parsing: assembly.step
  [OK]  assembly.step — 6 nodes  6 edges  (7.3s)
  [294/306] Parsing: assembly.step
  [OK]  assembly.step — 13 nodes  14 edges  (8.7s)
  [295/306] Parsing: assembly.step
    [skip] assembly.step: '<' not supported between instances of 'complex' and 'float'
  [296/306] Parsing: assembly.step
  [OK]  assembly.step — 2 nodes  1 edges  (3.1s)
  [297/306] Parsing: assembly.step
    [skip] assembly.step: '<' not supported between instances of 'complex' and 'float'
  [298/306] Parsing: assembly.step
  [OK]  assembly.step — 16 nodes  14 edges  (55.1s)
  [299/306] Parsing: assembly.step
  [OK]  assembly.step — 4 nodes  2 edges  (6.2s)
  [300/306] Parsing: assembly.step
  [OK]  assembly.step — 2 nodes  1 edges  (3.2s)
  [301/306] Parsing: assembly.step
  [OK]  assembly.step — 2 nodes  1 edges  (3.0s)
  [302/306] Parsing: assembly.step
    [skip] assembly.step: '<' not supported between instances of 'complex' and 'float'
  [303/306] Parsing: assembly.step
    [skip] assembly.step: Fragments failed - BOPAlgo_AlertBuilderFailed 
  [304/306] Parsing: assembly.step
  [OK]  assembly.step — 11 nodes  55 edges  (6.8s)
  [305/306] Parsing: assembly.step
  [OK]  assembly.step — 15 nodes  15 edges  (46.0s)
  [306/306] Parsing: assembly.step
  [OK]  assembly.step — 18 nodes  27 edges  (18.9s)
  Parsed 255 valid  |  Skipped 0 total (nodes>20: 0  edges>60: 0  timeout: 0)
Done!
/Users/mbp/Documents/MTECH/Sem4/Individual_project/AI_Assisted_3D_Assembly_Design/AI-Assisted-3D-Assembly-Design/.venv/lib/python3.12/site-packages/torch_geometric/transforms/base_transform.py:32: UserWarning: There are not enough negative edges to satisfy the provided sampling ratio. The ratio will be adjusted to 0.00.
  return self.forward(copy.copy(data))
/Users/mbp/Documents/MTECH/Sem4/Individual_project/AI_Assisted_3D_Assembly_Design/AI-Assisted-3D-Assembly-Design/.venv/lib/python3.12/site-packages/torch_geometric/transforms/base_transform.py:32: UserWarning: There are not enough negative edges to satisfy the provided sampling ratio. The ratio will be adjusted to 0.00.
  return self.forward(copy.copy(data))
/Users/mbp/Documents/MTECH/Sem4/Individual_project/AI_Assisted_3D_Assembly_Design/AI-Assisted-3D-Assembly-Design/.venv/lib/python3.12/site-packages/torch_geometric/transforms/base_transform.py:32: UserWarning: There are not enough negative edges to satisfy the provided sampling ratio. The ratio will be adjusted to 0.00.
  return self.forward(copy.copy(data))
  Using 255 real assembly graph(s) — no synthetic data.
  Saved 255 graphs → data/processed/processed/data.pt
  Saved source paths    → data/processed/processed/sources.json
      255 graphs loaded.

[2/4] Building model …  (5-fold CV)

[3/4] Training (5 folds) …

=======================================================
  FOLD 1 / 5
=======================================================
  Fold 1/5 — train: 108  val: 27  test: 25
Model built on mps  |  total params: 597,825
  Ep   1/200  loss=0.9425  AUC=0.3028  AP=0.7988  (1.4s)
  ✓ Fold 1 new best AUC=0.3028  saved.
  Ep   2/200  loss=0.9232  AUC=0.5556  AP=0.8523  (0.9s)
  ✓ Fold 1 new best AUC=0.5556  saved.
  Ep   3/200  loss=0.9411  AUC=0.4917  AP=0.8085  (1.2s)
  Ep   4/200  loss=0.9428  AUC=0.2667  AP=0.7479  (1.2s)
  Ep   5/200  loss=0.9367  AUC=0.4139  AP=0.7873  (1.2s)
  Ep   6/200  loss=0.8998  AUC=0.4611  AP=0.8345  (1.1s)
  Ep   7/200  loss=0.9002  AUC=0.6361  AP=0.9189  (1.2s)
  ✓ Fold 1 new best AUC=0.6361  saved.
  Ep   8/200  loss=0.8841  AUC=0.6667  AP=0.9345  (1.2s)
  ✓ Fold 1 new best AUC=0.6667  saved.
  Ep   9/200  loss=0.8741  AUC=0.6028  AP=0.8878  (1.3s)
  Ep  10/200  loss=0.8803  AUC=0.4806  AP=0.8607  (1.3s)
  Ep  11/200  loss=0.8650  AUC=0.4972  AP=0.8584  (1.4s)
  Ep  12/200  loss=0.8910  AUC=0.5306  AP=0.8693  (1.3s)
  Ep  13/200  loss=0.8396  AUC=0.4806  AP=0.8551  (1.3s)
  Ep  14/200  loss=0.8953  AUC=0.6389  AP=0.9045  (1.5s)
  Ep  15/200  loss=0.8826  AUC=0.6944  AP=0.9379  (1.4s)
  ✓ Fold 1 new best AUC=0.6944  saved.
  Ep  16/200  loss=0.8275  AUC=0.7389  AP=0.9520  (1.4s)
  ✓ Fold 1 new best AUC=0.7389  saved.
  Ep  17/200  loss=0.8614  AUC=0.7194  AP=0.9448  (1.5s)
  Ep  18/200  loss=0.8597  AUC=0.7306  AP=0.9465  (1.8s)
  Ep  19/200  loss=0.9151  AUC=0.6444  AP=0.9072  (1.7s)
  Ep  20/200  loss=0.8285  AUC=0.5917  AP=0.8692  (1.2s)
  Ep  21/200  loss=0.8941  AUC=0.5222  AP=0.8707  (1.4s)
  Ep  22/200  loss=0.8628  AUC=0.5528  AP=0.8722  (1.9s)
  Ep  23/200  loss=0.8837  AUC=0.5722  AP=0.8829  (1.9s)
  Ep  24/200  loss=0.8393  AUC=0.6583  AP=0.9090  (1.5s)
  Ep  25/200  loss=0.8607  AUC=0.7000  AP=0.9390  (1.5s)
  Ep  26/200  loss=0.8788  AUC=0.7028  AP=0.9384  (1.7s)
  Ep  27/200  loss=0.8412  AUC=0.6722  AP=0.9279  (1.6s)
  Ep  28/200  loss=0.8293  AUC=0.6778  AP=0.9297  (1.9s)
  Ep  29/200  loss=0.8364  AUC=0.7111  AP=0.9397  (1.7s)
  Ep  30/200  loss=0.8365  AUC=0.7278  AP=0.9440  (1.8s)
  Ep  31/200  loss=0.7988  AUC=0.7194  AP=0.9423  (1.4s)
  Ep  32/200  loss=0.8341  AUC=0.7528  AP=0.9549  (2.2s)
  ✓ Fold 1 new best AUC=0.7528  saved.
  Ep  33/200  loss=0.8406  AUC=0.7556  AP=0.9555  (2.2s)
  ✓ Fold 1 new best AUC=0.7556  saved.
  Ep  34/200  loss=0.8216  AUC=0.7472  AP=0.9536  (2.2s)
  Ep  35/200  loss=0.8332  AUC=0.7389  AP=0.9516  (2.0s)
  Ep  36/200  loss=0.8215  AUC=0.7472  AP=0.9535  (2.0s)
  Ep  37/200  loss=0.7994  AUC=0.6778  AP=0.9287  (2.3s)
  Ep  38/200  loss=0.8788  AUC=0.6833  AP=0.9297  (2.3s)
  Ep  39/200  loss=0.8386  AUC=0.6250  AP=0.8955  (2.0s)
  Ep  40/200  loss=0.8233  AUC=0.6333  AP=0.8853  (2.3s)
  Ep  41/200  loss=0.8257  AUC=0.6583  AP=0.9021  (2.1s)
  Ep  42/200  loss=0.8235  AUC=0.7556  AP=0.9538  (2.1s)
  Ep  43/200  loss=0.8143  AUC=0.7472  AP=0.9523  (2.2s)
  Ep  44/200  loss=0.8171  AUC=0.7389  AP=0.9508  (2.5s)
  Ep  45/200  loss=0.7628  AUC=0.7250  AP=0.9478  (2.2s)
  Ep  46/200  loss=0.8054  AUC=0.7194  AP=0.9466  (1.8s)
  Ep  47/200  loss=0.8108  AUC=0.7194  AP=0.9459  (1.9s)
  Ep  48/200  loss=0.8056  AUC=0.7222  AP=0.9468  (2.0s)
  Ep  49/200  loss=0.8078  AUC=0.7333  AP=0.9492  (2.2s)
  Ep  50/200  loss=0.8386  AUC=0.7389  AP=0.9512  (2.4s)
  Ep  51/200  loss=0.8181  AUC=0.6944  AP=0.9341  (2.4s)
  Ep  52/200  loss=0.8057  AUC=0.6694  AP=0.9230  (3.2s)
  Ep  53/200  loss=0.7855  AUC=0.6333  AP=0.8895  (2.3s)

  Early stopping at epoch 53.

  Fold 1 test — AUC=0.5238  AP=0.8425

=======================================================
  FOLD 2 / 5
=======================================================
  Fold 2/5 — train: 106  val: 29  test: 25
Model built on mps  |  total params: 597,825
  Ep   1/200  loss=0.9978  AUC=0.8661  AP=0.9812  (2.5s)
  ✓ Fold 2 new best AUC=0.8661  saved.
  Ep   2/200  loss=0.9089  AUC=0.9018  AP=0.9868  (2.5s)
  ✓ Fold 2 new best AUC=0.9018  saved.
  Ep   3/200  loss=0.8584  AUC=0.8839  AP=0.9839  (2.4s)
  Ep   4/200  loss=0.8658  AUC=0.6518  AP=0.9468  (3.2s)
  Ep   5/200  loss=0.8658  AUC=0.5714  AP=0.9292  (2.4s)
  Ep   6/200  loss=0.9578  AUC=0.5536  AP=0.9083  (3.2s)
  Ep   7/200  loss=0.8790  AUC=0.6607  AP=0.9481  (2.2s)
  Ep   8/200  loss=0.9177  AUC=0.7054  AP=0.9572  (2.8s)
  Ep   9/200  loss=0.8825  AUC=0.6786  AP=0.9532  (3.2s)
  Ep  10/200  loss=0.8642  AUC=0.6250  AP=0.9425  (2.9s)
  Ep  11/200  loss=0.8456  AUC=0.6429  AP=0.9475  (3.6s)
  Ep  12/200  loss=0.8340  AUC=0.4286  AP=0.9035  (3.0s)
  Ep  13/200  loss=0.8646  AUC=0.5357  AP=0.9234  (3.4s)
  Ep  14/200  loss=0.8312  AUC=0.7143  AP=0.9596  (3.0s)
  Ep  15/200  loss=0.9145  AUC=0.7143  AP=0.9588  (2.8s)
  Ep  16/200  loss=0.8472  AUC=0.6518  AP=0.9478  (3.2s)
  Ep  17/200  loss=0.8545  AUC=0.6250  AP=0.9437  (3.7s)
  Ep  18/200  loss=0.8686  AUC=0.6250  AP=0.9437  (4.2s)
  Ep  19/200  loss=0.8526  AUC=0.6250  AP=0.9437  (3.9s)
  Ep  20/200  loss=0.8426  AUC=0.6339  AP=0.9452  (4.7s)
  Ep  21/200  loss=0.8468  AUC=0.5982  AP=0.9343  (3.4s)
  Ep  22/200  loss=0.8194  AUC=0.5982  AP=0.9325  (3.3s)

  Early stopping at epoch 22.

  Fold 2 test — AUC=0.6349  AP=0.8867

=======================================================
  FOLD 3 / 5
=======================================================
  Fold 3/5 — train: 111  val: 24  test: 25
Model built on mps  |  total params: 597,825
  Ep   1/200  loss=0.9715  AUC=0.6591  AP=0.9294  (4.1s)
  ✓ Fold 3 new best AUC=0.6591  saved.
  Ep   2/200  loss=0.9102  AUC=0.5455  AP=0.9055  (3.7s)
  Ep   3/200  loss=0.8675  AUC=0.7159  AP=0.9401  (3.0s)
  ✓ Fold 3 new best AUC=0.7159  saved.
  Ep   4/200  loss=0.9868  AUC=0.6818  AP=0.9395  (3.8s)
  Ep   5/200  loss=0.9477  AUC=0.3068  AP=0.8370  (3.5s)
  Ep   6/200  loss=0.9089  AUC=0.3068  AP=0.7911  (4.2s)
  Ep   7/200  loss=0.8753  AUC=0.5455  AP=0.9139  (3.8s)
  Ep   8/200  loss=0.8590  AUC=0.7159  AP=0.9456  (4.1s)
  Ep   9/200  loss=0.8693  AUC=0.7159  AP=0.9441  (3.9s)
  Ep  10/200  loss=0.8529  AUC=0.7273  AP=0.9479  (4.4s)
  ✓ Fold 3 new best AUC=0.7273  saved.
  Ep  11/200  loss=0.8532  AUC=0.6477  AP=0.9303  (4.1s)
  Ep  12/200  loss=0.9462  AUC=0.6136  AP=0.9209  (4.1s)
  Ep  13/200  loss=0.8212  AUC=0.6705  AP=0.9355  (3.9s)
  Ep  14/200  loss=0.8499  AUC=0.7273  AP=0.9517  (4.4s)
  Ep  15/200  loss=0.8633  AUC=0.7386  AP=0.9539  (3.8s)
  ✓ Fold 3 new best AUC=0.7386  saved.
  Ep  16/200  loss=0.8011  AUC=0.6477  AP=0.9327  (4.0s)
  Ep  17/200  loss=0.8200  AUC=0.5795  AP=0.9146  (4.0s)
  Ep  18/200  loss=0.8034  AUC=0.7045  AP=0.9422  (3.7s)
  Ep  19/200  loss=0.8543  AUC=0.7159  AP=0.9441  (3.7s)
  Ep  20/200  loss=0.8133  AUC=0.6705  AP=0.9145  (4.9s)
  Ep  21/200  loss=0.8114  AUC=0.6932  AP=0.9237  (4.8s)
  Ep  22/200  loss=0.8200  AUC=0.6932  AP=0.9237  (4.7s)
  Ep  23/200  loss=0.9449  AUC=0.7386  AP=0.9505  (4.1s)
  ✓ Fold 3 new best AUC=0.7386  saved.
  Ep  24/200  loss=0.8318  AUC=0.6818  AP=0.9409  (4.1s)
  Ep  25/200  loss=0.8161  AUC=0.6023  AP=0.9138  (4.1s)
  Ep  26/200  loss=0.8383  AUC=0.6250  AP=0.9234  (6.5s)
  Ep  27/200  loss=0.8229  AUC=0.6591  AP=0.9258  (6.1s)
  Ep  28/200  loss=0.8063  AUC=0.6818  AP=0.9264  (4.8s)
  Ep  29/200  loss=0.8016  AUC=0.7159  AP=0.9361  (5.4s)
  Ep  30/200  loss=0.8461  AUC=0.7273  AP=0.9378  (5.0s)
  Ep  31/200  loss=0.7763  AUC=0.7273  AP=0.9339  (4.1s)
  Ep  32/200  loss=0.7873  AUC=0.7159  AP=0.9321  (4.7s)
  Ep  33/200  loss=0.7951  AUC=0.7159  AP=0.9321  (4.1s)
  Ep  34/200  loss=0.7816  AUC=0.7045  AP=0.9304  (4.5s)
  Ep  35/200  loss=0.8458  AUC=0.6932  AP=0.9286  (3.8s)
  Ep  36/200  loss=0.7690  AUC=0.7045  AP=0.9342  (4.6s)
  Ep  37/200  loss=0.8121  AUC=0.7159  AP=0.9359  (4.0s)
  Ep  38/200  loss=0.7747  AUC=0.7159  AP=0.9359  (4.6s)
  Ep  39/200  loss=0.7490  AUC=0.7045  AP=0.9337  (5.4s)
  Ep  40/200  loss=0.9071  AUC=0.6818  AP=0.9264  (4.8s)/Users/mbp/Documents/MTECH/Sem4/Individual_project/AI_Assisted_3D_Assembly_Design/AI-Assisted-3D-Assembly-Design/.venv/lib/python3.12/site-packages/torch_geometric/transforms/base_transform.py:32: UserWarning: There are not enough negative edges to satisfy the provided sampling ratio. The ratio will be adjusted to 0.00.
  return self.forward(copy.copy(data))
/Users/mbp/Documents/MTECH/Sem4/Individual_project/AI_Assisted_3D_Assembly_Design/AI-Assisted-3D-Assembly-Design/.venv/lib/python3.12/site-packages/torch_geometric/transforms/base_transform.py:32: UserWarning: There are not enough negative edges to satisfy the provided sampling ratio. The ratio will be adjusted to 0.00.
  return self.forward(copy.copy(data))
/Users/mbp/Documents/MTECH/Sem4/Individual_project/AI_Assisted_3D_Assembly_Design/AI-Assisted-3D-Assembly-Design/.venv/lib/python3.12/site-packages/torch_geometric/transforms/base_transform.py:32: UserWarning: There are not enough negative edges to satisfy the provided sampling ratio. The ratio will be adjusted to 0.00.
  return self.forward(copy.copy(data))

  Ep  41/200  loss=0.7658  AUC=0.6705  AP=0.9196  (4.3s)
  Ep  42/200  loss=0.7942  AUC=0.6364  AP=0.9074  (4.7s)
  Ep  43/200  loss=0.7816  AUC=0.6364  AP=0.9074  (6.3s)

  Early stopping at epoch 43.

  Fold 3 test — AUC=0.7037  AP=0.9120

=======================================================
  FOLD 4 / 5
=======================================================
  Fold 4/5 — train: 110  val: 25  test: 25
Model built on mps  |  total params: 597,825
  Ep   1/200  loss=0.9423  AUC=0.4744  AP=0.8366  (5.1s)
  ✓ Fold 4 new best AUC=0.4744  saved.
  Ep   2/200  loss=0.9011  AUC=0.5192  AP=0.8326  (5.1s)
  ✓ Fold 4 new best AUC=0.5192  saved.
  Ep   3/200  loss=0.8712  AUC=0.5000  AP=0.8253  (4.7s)
  Ep   4/200  loss=0.8582  AUC=0.5705  AP=0.8735  (4.1s)
  ✓ Fold 4 new best AUC=0.5705  saved.
  Ep   5/200  loss=0.9284  AUC=0.5449  AP=0.8547  (5.0s)
  Ep   6/200  loss=0.8361  AUC=0.4103  AP=0.7963  (5.6s)
  Ep   7/200  loss=0.8375  AUC=0.3910  AP=0.8078  (3.2s)
  Ep   8/200  loss=0.8367  AUC=0.4231  AP=0.8111  (4.6s)
  Ep   9/200  loss=0.8372  AUC=0.4103  AP=0.8089  (5.5s)
  Ep  10/200  loss=0.9315  AUC=0.3333  AP=0.7856  (5.2s)
  Ep  11/200  loss=0.8711  AUC=0.3782  AP=0.7644  (6.2s)
  Ep  12/200  loss=0.8977  AUC=0.3974  AP=0.7775  (5.3s)
  Ep  13/200  loss=0.8713  AUC=0.4231  AP=0.8013  (5.8s)
  Ep  14/200  loss=0.8033  AUC=0.4295  AP=0.8100  (4.8s)
  Ep  15/200  loss=0.8162  AUC=0.4038  AP=0.8162  (6.8s)
  Ep  16/200  loss=0.8306  AUC=0.4551  AP=0.8344  (5.2s)
  Ep  17/200  loss=0.8362  AUC=0.4679  AP=0.8505  (6.5s)
  Ep  18/200  loss=0.7738  AUC=0.4936  AP=0.8473  (5.9s)
  Ep  19/200  loss=0.8301  AUC=0.4872  AP=0.8305  (7.0s)
  Ep  20/200  loss=0.8374  AUC=0.5000  AP=0.8377  (4.8s)
  Ep  21/200  loss=0.8197  AUC=0.4872  AP=0.8324  (5.9s)
  Ep  22/200  loss=1.0004  AUC=0.4808  AP=0.8213  (6.7s)
  Ep  23/200  loss=0.8247  AUC=0.4808  AP=0.8096  (6.0s)
  Ep  24/200  loss=0.8163  AUC=0.4744  AP=0.8057  (5.6s)

  Early stopping at epoch 24.

  Fold 4 test — AUC=0.7143  AP=0.9158

=======================================================
  FOLD 5 / 5
=======================================================
  Fold 5/5 — train: 105  val: 30  test: 25
Model built on mps  |  total params: 597,825
  Ep   1/200  loss=0.9696  AUC=0.5528  AP=0.7788  (7.8s)
  ✓ Fold 5 new best AUC=0.5528  saved.
  Ep   2/200  loss=0.8812  AUC=0.5217  AP=0.7933  (7.1s)
  Ep   3/200  loss=0.8873  AUC=0.5155  AP=0.7960  (5.8s)
  Ep   4/200  loss=0.9691  AUC=0.4286  AP=0.7490  (5.8s)
  Ep   5/200  loss=0.9145  AUC=0.4534  AP=0.7626  (6.6s)
  Ep   6/200  loss=0.8584  AUC=0.5093  AP=0.8093  (5.2s)
  Ep   7/200  loss=0.8917  AUC=0.5155  AP=0.8296  (5.7s)
  Ep   8/200  loss=0.8487  AUC=0.5404  AP=0.8322  (6.2s)
  Ep   9/200  loss=0.8330  AUC=0.5963  AP=0.8458  (5.1s)
  ✓ Fold 5 new best AUC=0.5963  saved.
  Ep  10/200  loss=0.8985  AUC=0.6398  AP=0.8563  (5.7s)
  ✓ Fold 5 new best AUC=0.6398  saved.
  Ep  11/200  loss=0.8973  AUC=0.5963  AP=0.8347  (6.0s)
  Ep  12/200  loss=0.8840  AUC=0.5652  AP=0.8341  (6.2s)
  Ep  13/200  loss=0.8734  AUC=0.4969  AP=0.7817  (5.8s)
  Ep  14/200  loss=0.8884  AUC=0.4845  AP=0.7838  (7.2s)
  Ep  15/200  loss=0.8518  AUC=0.4845  AP=0.7879  (6.6s)
  Ep  16/200  loss=0.8249  AUC=0.5093  AP=0.7671  (6.7s)
  Ep  17/200  loss=0.8162  AUC=0.5155  AP=0.7629  (7.6s)
  Ep  18/200  loss=0.8258  AUC=0.4907  AP=0.7531  (7.5s)
  Ep  19/200  loss=0.8380  AUC=0.4907  AP=0.7505  (5.4s)
  Ep  20/200  loss=0.7932  AUC=0.4720  AP=0.7417  (6.0s)
  Ep  21/200  loss=0.8391  AUC=0.4907  AP=0.7476  (6.6s)
  Ep  22/200  loss=0.8739  AUC=0.4969  AP=0.7438  (6.7s)
  Ep  23/200  loss=0.8122  AUC=0.4845  AP=0.7380  (5.5s)
  Ep  24/200  loss=0.8670  AUC=0.4845  AP=0.7378  (6.7s)
  Ep  25/200  loss=0.7762  AUC=0.4969  AP=0.7494  (7.0s)
  Ep  26/200  loss=0.8171  AUC=0.4969  AP=0.7469  (6.0s)
  Ep  27/200  loss=0.8634  AUC=0.5093  AP=0.7517  (4.8s)
  Ep  28/200  loss=0.8463  AUC=0.5093  AP=0.7574  (7.2s)
  Ep  29/200  loss=0.8210  AUC=0.5217  AP=0.7621  (7.1s)
  Ep  30/200  loss=0.7948  AUC=0.5155  AP=0.7596  (6.0s)

  Early stopping at epoch 30.

  Fold 5 test — AUC=0.7196  AP=0.9145

=======================================================
  5-Fold CV Summary
=======================================================
  Fold 1: AUC=0.5238  AP=0.8425
  Fold 2: AUC=0.6349  AP=0.8867
  Fold 3: AUC=0.7037  AP=0.9120
  Fold 4: AUC=0.7143  AP=0.9158
  Fold 5: AUC=0.7196  AP=0.9145
  ─────────────────────────────────────────
  Mean AUC = 0.6593 ± 0.0830
  Mean AP  = 0.8943 ± 0.0313
  Best overall fold: 2  (val AUC=0.9018)

[4/4] Final test evaluation (best_overall.pt) …
Model built on mps  |  total params: 597,825
  Fold 2/5 — train: 106  val: 29  test: 25

  ── Test results (best overall model) ─────
     auc         : 0.6878
     ap          : 0.8973

  Results saved        → results
  Best overall ckpt    → checkpoints/best_overall.pt
  Trained model export → ../trained_models/assembly_gnn_20260620_121621_auc09018.pt

  Building assembly template cache …
  [TemplateDB] Built 1 category templates from 255 training assemblies.
    Fusion360 Assy Dataset                    bodies≈7  dist={'body': 4, 'fastener': 2, 'bearing': 1, 'plate': 2, 'housing': 1}
  [TemplateDB] Saved 1 templates → data/assembly_templates.json
