
[1/5] Loading dataset …
      192 graphs loaded.
      train: 122  val: 31  test: 39

[2/5] Loading frozen Phase-1 encoder …
Model built on mps  |  total params: 2,441,809
      Encoder frozen (val AUC=0.7362, trained_at=2026-08-12T14:14:20.835588)

[3/5] Computing type prototypes …
      Prototype table: (8, 22)

[4/5] Building NodeRanker …
      Leave-one-out samples — train: 590  val: 151  test: 195
      Class weights (inverse-frequency, capped at 5.0): long_shaft=1.21, short_shaft=2.63, thick_plate=1.08, thin_plate=3.07, bolt=0.95, washer=3.51, nut=1.23, body=0.30

[5/5] Training (30 epochs) …
  Ep   1/30  loss=5.2232  Hit@1=0.2980  Hit@5=0.7947  MRR=0.5013  NDCG@5=0.5515
  Ep   2/30  loss=4.7874  Hit@1=0.3311  Hit@5=0.8146  MRR=0.5301  NDCG@5=0.5806
  Ep   3/30  loss=4.5446  Hit@1=0.3311  Hit@5=0.7682  MRR=0.5262  NDCG@5=0.5612
  Ep   4/30  loss=4.3350  Hit@1=0.3576  Hit@5=0.7682  MRR=0.5401  NDCG@5=0.5711
  Ep   5/30  loss=4.1515  Hit@1=0.3576  Hit@5=0.8146  MRR=0.5433  NDCG@5=0.5896
  Ep   6/30  loss=3.9864  Hit@1=0.3709  Hit@5=0.8079  MRR=0.5492  NDCG@5=0.5918
  Ep   7/30  loss=3.8599  Hit@1=0.3377  Hit@5=0.8212  MRR=0.5362  NDCG@5=0.5874
  Ep   8/30  loss=3.7330  Hit@1=0.3709  Hit@5=0.8212  MRR=0.5481  NDCG@5=0.5955
  Ep   9/30  loss=3.6304  Hit@1=0.3046  Hit@5=0.8477  MRR=0.5232  NDCG@5=0.5869
  Ep  10/30  loss=3.5698  Hit@1=0.3907  Hit@5=0.8344  MRR=0.5701  NDCG@5=0.6177
  Ep  11/30  loss=3.4948  Hit@1=0.3245  Hit@5=0.8477  MRR=0.5286  NDCG@5=0.5907
  Ep  12/30  loss=3.4403  Hit@1=0.3311  Hit@5=0.8543  MRR=0.5406  NDCG@5=0.6028
  Ep  13/30  loss=3.3970  Hit@1=0.3377  Hit@5=0.8477  MRR=0.5341  NDCG@5=0.5941
  Ep  14/30  loss=3.3425  Hit@1=0.3444  Hit@5=0.8411  MRR=0.5447  NDCG@5=0.6011
  Ep  15/30  loss=3.2792  Hit@1=0.3245  Hit@5=0.8146  MRR=0.5309  NDCG@5=0.5809
  Ep  16/30  loss=3.2728  Hit@1=0.3709  Hit@5=0.8742  MRR=0.5622  NDCG@5=0.6256
  Ep  17/30  loss=3.2430  Hit@1=0.3642  Hit@5=0.8742  MRR=0.5567  NDCG@5=0.6210
  Ep  18/30  loss=3.2009  Hit@1=0.3113  Hit@5=0.8278  MRR=0.5183  NDCG@5=0.5760
  Ep  19/30  loss=3.1791  Hit@1=0.3377  Hit@5=0.8278  MRR=0.5459  NDCG@5=0.5969
  Ep  20/30  loss=3.1481  Hit@1=0.3576  Hit@5=0.8278  MRR=0.5468  NDCG@5=0.5967
  Ep  21/30  loss=3.1214  Hit@1=0.2980  Hit@5=0.8477  MRR=0.5074  NDCG@5=0.5748
  Ep  22/30  loss=3.1147  Hit@1=0.2848  Hit@5=0.8411  MRR=0.5070  NDCG@5=0.5721
  Ep  23/30  loss=3.1138  Hit@1=0.3046  Hit@5=0.8278  MRR=0.5211  NDCG@5=0.5777
  Ep  24/30  loss=3.0467  Hit@1=0.3046  Hit@5=0.8477  MRR=0.5287  NDCG@5=0.5918
  Ep  25/30  loss=3.0764  Hit@1=0.3377  Hit@5=0.8411  MRR=0.5325  NDCG@5=0.5912
  Ep  26/30  loss=3.0483  Hit@1=0.3245  Hit@5=0.8278  MRR=0.5245  NDCG@5=0.5809
  Ep  27/30  loss=3.0304  Hit@1=0.3311  Hit@5=0.8212  MRR=0.5374  NDCG@5=0.5884
  Ep  28/30  loss=3.0126  Hit@1=0.3377  Hit@5=0.8411  MRR=0.5378  NDCG@5=0.5955
  Ep  29/30  loss=3.0108  Hit@1=0.3046  Hit@5=0.8477  MRR=0.5198  NDCG@5=0.5847
  Ep  30/30  loss=2.9721  Hit@1=0.2914  Hit@5=0.8146  MRR=0.5051  NDCG@5=0.5612

=======================================================
  NodeRanker — Test Results
=======================================================
     hit@1     : 0.3231
     hit@5     : 0.8462
     mrr       : 0.5335
     ndcg@5    : 0.5937
     majority-class baseline Hit@1 (sample-pool, legacy):  0.3897
     majority-class baseline Hit@1 (corpus-wide, stable):  0.3897  (majority type: body)
  (best val MRR=0.5701 at selection time)

  Per-class breakdown (test set, n=195):
  type            n   hit@1   true%   pred%
  long_shaft     18   0.000    9.2%    2.1%
  short_shaft     6   0.000    3.1%    0.0%
  thick_plate    35   0.029   17.9%    4.6%
  thin_plate     14   0.000    7.2%    0.0%
  bolt           22   0.045   11.3%    2.1%
  washer          8   0.000    4.1%    3.1%
  nut            16   0.125    8.2%    5.1%
  body           76   0.776   39.0%   83.1%
  (true% vs pred% far apart for a type = the model is over/under-predicting it relative to how often it's actually the answer — a sign of majority-class collapse if e.g. 'body' pred% >> true%)

  Saved → checkpoints/node_ranker.pt
  Saved → results/ranker_test_metrics.json
