
[1/5] Loading dataset …
      192 graphs loaded.
      train: 123  val: 31  test: 38

[2/5] Loading frozen Phase-1 encoder …
Model built on mps  |  total params: 2,441,809
      Encoder frozen (val AUC=0.7362, trained_at=2026-08-12T14:14:20.835588)

[3/5] Computing type prototypes …
      Prototype table: (8, 22)

[4/5] Building NodeRanker …
      Leave-one-out samples — train: 596  val: 155  test: 185
      Class weights (inverse-frequency, capped at 5.0): long_shaft=1.16, short_shaft=2.98, thick_plate=0.93, thin_plate=2.13, bolt=1.13, washer=4.38, nut=1.20, body=0.30

[5/5] Training (30 epochs) …
  Ep   1/30  loss=5.0062  Hit@1=0.4645  Hit@5=0.7548  MRR=0.5966  NDCG@5=0.6087
  Ep   2/30  loss=4.5445  Hit@1=0.4258  Hit@5=0.7935  MRR=0.5926  NDCG@5=0.6205
  Ep   3/30  loss=4.3004  Hit@1=0.4452  Hit@5=0.8000  MRR=0.6072  NDCG@5=0.6339
  Ep   4/30  loss=4.0918  Hit@1=0.4387  Hit@5=0.8065  MRR=0.6112  NDCG@5=0.6396
  Ep   5/30  loss=3.8840  Hit@1=0.4194  Hit@5=0.8323  MRR=0.6052  NDCG@5=0.6448
  Ep   6/30  loss=3.7132  Hit@1=0.4645  Hit@5=0.8387  MRR=0.6295  NDCG@5=0.6650
  Ep   7/30  loss=3.6219  Hit@1=0.4452  Hit@5=0.8258  MRR=0.6112  NDCG@5=0.6462
  Ep   8/30  loss=3.4997  Hit@1=0.4000  Hit@5=0.8516  MRR=0.5906  NDCG@5=0.6400
  Ep   9/30  loss=3.3602  Hit@1=0.3742  Hit@5=0.8516  MRR=0.5736  NDCG@5=0.6271
  Ep  10/30  loss=3.3243  Hit@1=0.4194  Hit@5=0.8516  MRR=0.5958  NDCG@5=0.6434
  Ep  11/30  loss=3.2170  Hit@1=0.4645  Hit@5=0.8000  MRR=0.6085  NDCG@5=0.6333
  Ep  12/30  loss=3.1882  Hit@1=0.4452  Hit@5=0.8194  MRR=0.6119  NDCG@5=0.6440
  Ep  13/30  loss=3.1510  Hit@1=0.4452  Hit@5=0.8323  MRR=0.6152  NDCG@5=0.6513
  Ep  14/30  loss=3.0701  Hit@1=0.3742  Hit@5=0.8258  MRR=0.5693  NDCG@5=0.6141
  Ep  15/30  loss=3.0614  Hit@1=0.4065  Hit@5=0.8258  MRR=0.5869  NDCG@5=0.6277
  Ep  16/30  loss=3.0463  Hit@1=0.4258  Hit@5=0.8387  MRR=0.5935  NDCG@5=0.6361
  Ep  17/30  loss=3.0183  Hit@1=0.4258  Hit@5=0.8323  MRR=0.5948  NDCG@5=0.6351
  Ep  18/30  loss=2.9663  Hit@1=0.3355  Hit@5=0.8323  MRR=0.5505  NDCG@5=0.6030
  Ep  19/30  loss=2.9418  Hit@1=0.4000  Hit@5=0.8387  MRR=0.5870  NDCG@5=0.6325
  Ep  20/30  loss=2.9162  Hit@1=0.3871  Hit@5=0.8258  MRR=0.5704  NDCG@5=0.6153
  Ep  21/30  loss=2.9160  Hit@1=0.2516  Hit@5=0.8387  MRR=0.4907  NDCG@5=0.5599
  Ep  22/30  loss=2.8768  Hit@1=0.3742  Hit@5=0.8258  MRR=0.5672  NDCG@5=0.6127
  Ep  23/30  loss=2.8552  Hit@1=0.4129  Hit@5=0.8194  MRR=0.5806  NDCG@5=0.6199
  Ep  24/30  loss=2.8470  Hit@1=0.3871  Hit@5=0.8258  MRR=0.5726  NDCG@5=0.6163
  Ep  25/30  loss=2.8461  Hit@1=0.4000  Hit@5=0.8258  MRR=0.5822  NDCG@5=0.6242
  Ep  26/30  loss=2.7976  Hit@1=0.3355  Hit@5=0.8129  MRR=0.5379  NDCG@5=0.5860
  Ep  27/30  loss=2.8336  Hit@1=0.3677  Hit@5=0.8258  MRR=0.5579  NDCG@5=0.6055
  Ep  28/30  loss=2.8093  Hit@1=0.3742  Hit@5=0.8000  MRR=0.5622  NDCG@5=0.5999
  Ep  29/30  loss=2.8023  Hit@1=0.3935  Hit@5=0.8129  MRR=0.5734  NDCG@5=0.6125
  Ep  30/30  loss=2.7741  Hit@1=0.3677  Hit@5=0.8258  MRR=0.5565  NDCG@5=0.6045

=======================================================
  NodeRanker — Test Results
=======================================================
     hit@1     : 0.3351
     hit@5     : 0.7838
     mrr       : 0.5248
     ndcg@5    : 0.5641
     majority-class baseline Hit@1 (sample-pool, legacy):  0.3676
     majority-class baseline Hit@1 (corpus-wide, stable):  0.3676  (majority type: body)
  (best val MRR=0.6295 at selection time)

  Per-class breakdown (test set, n=185):
  type            n   hit@1   true%   pred%
  long_shaft     30   0.033   16.2%    0.5%
  short_shaft     4   0.000    2.2%    0.0%
  thick_plate    25   0.160   13.5%   17.3%
  thin_plate      6   0.000    3.2%    1.6%
  bolt           27   0.074   14.6%    2.2%
  washer          6   0.000    3.2%    0.0%
  nut            19   0.421   10.3%   17.3%
  body           68   0.691   36.8%   61.1%
  (true% vs pred% far apart for a type = the model is over/under-predicting it relative to how often it's actually the answer — a sign of majority-class collapse if e.g. 'body' pred% >> true%)

  Saved → checkpoints/node_ranker.pt
  Saved → results/ranker_test_metrics.json
