
[1/6] Loading dataset …
      191 graphs loaded.
      train: 136  val: 34  test: 21

[2/6] Loading frozen Phase-1 encoder …
Model built on mps  |  total params: 2,441,809
      Encoder frozen (val AUC=0.7030, trained_at=2026-08-10T20:31:36.932305)

[3/6] Loading / building part bank …
      Part bank: 4500 parts

[4/6] Building leave-one-out samples …
      Samples — train: 474  val: 103  test: 92

[5/6] Building ConditionalShapeVAE …
      VAE params: 6,457,665

[6/6] Training (60 epochs) …
  Ep   1/60  loss=0.5660 (bce=0.2101 dice=0.6429 kl=0.6886)  val_loss=0.4082  IoU=0.3876  chamfer=0.0527  score=0.2823  lr=1.00e-03
  Ep   2/60  loss=0.4818 (bce=0.1739 dice=0.5732 kl=0.4267)  val_loss=0.4050  IoU=0.3571  chamfer=0.0643  score=0.2285  lr=1.00e-03
  Ep   3/60  loss=0.4323 (bce=0.1536 dice=0.5149 kl=0.4250)  val_loss=0.3805  IoU=0.4024  chamfer=0.0460  score=0.3104  lr=1.00e-03
  Ep   4/60  loss=0.4005 (bce=0.1424 dice=0.4764 kl=0.3973)  val_loss=0.3262  IoU=0.4725  chamfer=0.0424  score=0.3876  lr=1.00e-03
  Ep   5/60  loss=0.3833 (bce=0.1368 dice=0.4517 kl=0.4119)  val_loss=0.3913  IoU=0.3641  chamfer=0.0465  score=0.2712  lr=1.00e-03
  Ep   6/60  loss=0.3740 (bce=0.1337 dice=0.4397 kl=0.4090)  val_loss=0.3284  IoU=0.4476  chamfer=0.0411  score=0.3654  lr=1.00e-03
  Ep   7/60  loss=0.3638 (bce=0.1311 dice=0.4266 kl=0.3878)  val_loss=0.3850  IoU=0.3519  chamfer=0.0597  score=0.2326  lr=1.00e-03
  Ep   8/60  loss=0.3602 (bce=0.1284 dice=0.4249 kl=0.3867)  val_loss=0.3252  IoU=0.4659  chamfer=0.0402  score=0.3855  lr=1.00e-03
  Ep   9/60  loss=0.3529 (bce=0.1256 dice=0.4153 kl=0.3924)  val_loss=0.3412  IoU=0.4502  chamfer=0.0449  score=0.3604  lr=1.00e-03
  Ep  10/60  loss=0.3513 (bce=0.1253 dice=0.4131 kl=0.3882)  val_loss=0.3691  IoU=0.4199  chamfer=0.0434  score=0.3331  lr=1.00e-03
  Ep  11/60  loss=0.3460 (bce=0.1237 dice=0.4069 kl=0.3786)  val_loss=0.3580  IoU=0.4697  chamfer=0.0398  score=0.3902  lr=1.00e-03
  Ep  12/60  loss=0.3457 (bce=0.1236 dice=0.4071 kl=0.3696)  val_loss=0.2969  IoU=0.5099  chamfer=0.0462  score=0.4175  lr=1.00e-03
  Ep  13/60  loss=0.3373 (bce=0.1201 dice=0.3973 kl=0.3691)  val_loss=0.3744  IoU=0.3951  chamfer=0.0452  score=0.3047  lr=1.00e-03
  Ep  14/60  loss=0.3383 (bce=0.1218 dice=0.3975 kl=0.3563)  val_loss=0.3375  IoU=0.4470  chamfer=0.0416  score=0.3639  lr=1.00e-03
  Ep  15/60  loss=0.3376 (bce=0.1207 dice=0.3991 kl=0.3474)  val_loss=0.3304  IoU=0.4446  chamfer=0.0423  score=0.3601  lr=1.00e-03
  Ep  16/60  loss=0.3318 (bce=0.1183 dice=0.3918 kl=0.3508)  val_loss=0.3070  IoU=0.4922  chamfer=0.0395  score=0.4131  lr=1.00e-03
  Ep  17/60  loss=0.3266 (bce=0.1157 dice=0.3867 kl=0.3498)  val_loss=0.3251  IoU=0.4540  chamfer=0.0504  score=0.3532  lr=1.00e-03
  Ep  18/60  loss=0.3266 (bce=0.1155 dice=0.3879 kl=0.3436)  val_loss=0.3246  IoU=0.4454  chamfer=0.0421  score=0.3611  lr=1.00e-03
  Ep  19/60  loss=0.3261 (bce=0.1157 dice=0.3867 kl=0.3404)  val_loss=0.4032  IoU=0.3585  chamfer=0.0460  score=0.2665  lr=1.00e-03
  Ep  20/60  loss=0.3189 (bce=0.1120 dice=0.3807 kl=0.3313)  val_loss=0.3061  IoU=0.4935  chamfer=0.0391  score=0.4154  lr=1.00e-03
  Ep  21/60  loss=0.3218 (bce=0.1147 dice=0.3805 kl=0.3353)  val_loss=0.3564  IoU=0.4141  chamfer=0.0454  score=0.3234  lr=5.00e-04
  Ep  22/60  loss=0.3055 (bce=0.1075 dice=0.3629 kl=0.3323)  val_loss=0.2879  IoU=0.5163  chamfer=0.0466  score=0.4231  lr=5.00e-04
  Ep  23/60  loss=0.2991 (bce=0.1044 dice=0.3566 kl=0.3275)  val_loss=0.3456  IoU=0.4414  chamfer=0.0441  score=0.3532  lr=5.00e-04
  Ep  24/60  loss=0.2969 (bce=0.1042 dice=0.3526 kl=0.3284)  val_loss=0.2801  IoU=0.5218  chamfer=0.0374  score=0.4471  lr=5.00e-04
  Ep  25/60  loss=0.2965 (bce=0.1039 dice=0.3523 kl=0.3278)  val_loss=0.3238  IoU=0.4550  chamfer=0.0398  score=0.3754  lr=5.00e-04
  Ep  26/60  loss=0.2934 (bce=0.1029 dice=0.3490 kl=0.3209)  val_loss=0.3099  IoU=0.4811  chamfer=0.0387  score=0.4038  lr=5.00e-04
  Ep  27/60  loss=0.2932 (bce=0.1027 dice=0.3491 kl=0.3197)  val_loss=0.3141  IoU=0.4866  chamfer=0.0418  score=0.4029  lr=5.00e-04
  Ep  28/60  loss=0.2950 (bce=0.1041 dice=0.3495 kl=0.3210)  val_loss=0.3310  IoU=0.4373  chamfer=0.0435  score=0.3503  lr=5.00e-04
  Ep  29/60  loss=0.2894 (bce=0.1011 dice=0.3441 kl=0.3247)  val_loss=0.3427  IoU=0.4271  chamfer=0.0524  score=0.3222  lr=5.00e-04
  Ep  30/60  loss=0.2926 (bce=0.1039 dice=0.3459 kl=0.3154)  val_loss=0.3565  IoU=0.4058  chamfer=0.0512  score=0.3035  lr=5.00e-04
  Ep  31/60  loss=0.2883 (bce=0.1010 dice=0.3431 kl=0.3155)  val_loss=0.3077  IoU=0.4853  chamfer=0.0402  score=0.4050  lr=5.00e-04
  Ep  32/60  loss=0.2861 (bce=0.0993 dice=0.3426 kl=0.3120)  val_loss=0.3216  IoU=0.4573  chamfer=0.0398  score=0.3777  lr=5.00e-04
  Ep  33/60  loss=0.2834 (bce=0.0987 dice=0.3388 kl=0.3072)  val_loss=0.3346  IoU=0.4390  chamfer=0.0421  score=0.3548  lr=2.50e-04
  Ep  34/60  loss=0.2780 (bce=0.0964 dice=0.3327 kl=0.3060)  val_loss=0.2847  IoU=0.5144  chamfer=0.0382  score=0.4380  lr=2.50e-04
  Ep  35/60  loss=0.2751 (bce=0.0963 dice=0.3270 kl=0.3050)  val_loss=0.2740  IoU=0.5408  chamfer=0.0453  score=0.4502  lr=2.50e-04
  Ep  36/60  loss=0.2731 (bce=0.0955 dice=0.3254 kl=0.2978)  val_loss=0.3182  IoU=0.4586  chamfer=0.0414  score=0.3758  lr=2.50e-04
  Ep  37/60  loss=0.2719 (bce=0.0946 dice=0.3244 kl=0.3023)  val_loss=0.2717  IoU=0.5367  chamfer=0.0373  score=0.4621  lr=2.50e-04
  Ep  38/60  loss=0.2712 (bce=0.0948 dice=0.3227 kl=0.2995)  val_loss=0.3608  IoU=0.4091  chamfer=0.0539  score=0.3014  lr=2.50e-04
  Ep  39/60  loss=0.2707 (bce=0.0945 dice=0.3233 kl=0.2924)  val_loss=0.2487  IoU=0.5868  chamfer=0.0361  score=0.5147  lr=2.50e-04
  Ep  40/60  loss=0.2702 (bce=0.0940 dice=0.3230 kl=0.2931)  val_loss=0.3542  IoU=0.4177  chamfer=0.0422  score=0.3333  lr=2.50e-04
  Ep  41/60  loss=0.2696 (bce=0.0942 dice=0.3215 kl=0.2935)  val_loss=0.2885  IoU=0.5071  chamfer=0.0403  score=0.4266  lr=2.50e-04
  Ep  42/60  loss=0.2664 (bce=0.0928 dice=0.3183 kl=0.2899)  val_loss=0.3197  IoU=0.4549  chamfer=0.0414  score=0.3721  lr=2.50e-04
  Ep  43/60  loss=0.2665 (bce=0.0927 dice=0.3191 kl=0.2851)  val_loss=0.3373  IoU=0.4418  chamfer=0.0504  score=0.3411  lr=2.50e-04
  Ep  44/60  loss=0.2660 (bce=0.0922 dice=0.3187 kl=0.2877)  val_loss=0.2817  IoU=0.5171  chamfer=0.0385  score=0.4401  lr=2.50e-04
  Ep  45/60  loss=0.2653 (bce=0.0918 dice=0.3183 kl=0.2854)  val_loss=0.2948  IoU=0.4965  chamfer=0.0392  score=0.4180  lr=2.50e-04
  Ep  46/60  loss=0.2661 (bce=0.0929 dice=0.3178 kl=0.2863)  val_loss=0.2963  IoU=0.4908  chamfer=0.0385  score=0.4139  lr=2.50e-04
  Ep  47/60  loss=0.2670 (bce=0.0938 dice=0.3177 kl=0.2876)  val_loss=0.3349  IoU=0.4506  chamfer=0.0500  score=0.3506  lr=2.50e-04
  Ep  48/60  loss=0.2634 (bce=0.0911 dice=0.3164 kl=0.2827)  val_loss=0.2695  IoU=0.5473  chamfer=0.0471  score=0.4531  lr=1.25e-04
  Ep  49/60  loss=0.2596 (bce=0.0897 dice=0.3114 kl=0.2834)  val_loss=0.3005  IoU=0.4912  chamfer=0.0564  score=0.3785  lr=1.25e-04
  Ep  50/60  loss=0.2582 (bce=0.0889 dice=0.3104 kl=0.2827)  val_loss=0.3168  IoU=0.4556  chamfer=0.0479  score=0.3598  lr=1.25e-04
  Ep  51/60  loss=0.2567 (bce=0.0889 dice=0.3075 kl=0.2811)  val_loss=0.3019  IoU=0.4849  chamfer=0.0472  score=0.3905  lr=1.25e-04
  Ep  52/60  loss=0.2586 (bce=0.0900 dice=0.3090 kl=0.2815)  val_loss=0.2749  IoU=0.5274  chamfer=0.0393  score=0.4488  lr=1.25e-04
  Ep  53/60  loss=0.2563 (bce=0.0886 dice=0.3071 kl=0.2817)  val_loss=0.2655  IoU=0.5464  chamfer=0.0377  score=0.4710  lr=1.25e-04
  Ep  54/60  loss=0.2564 (bce=0.0892 dice=0.3066 kl=0.2785)  val_loss=0.3231  IoU=0.4517  chamfer=0.0420  score=0.3677  lr=1.25e-04
  Ep  55/60  loss=0.2572 (bce=0.0894 dice=0.3076 kl=0.2803)  val_loss=0.2691  IoU=0.5388  chamfer=0.0377  score=0.4634  lr=1.25e-04
  Ep  56/60  loss=0.2553 (bce=0.0887 dice=0.3055 kl=0.2778)  val_loss=0.3226  IoU=0.4590  chamfer=0.0407  score=0.3777  lr=1.25e-04
  Ep  57/60  loss=0.2562 (bce=0.0897 dice=0.3053 kl=0.2778)  val_loss=0.3013  IoU=0.4791  chamfer=0.0390  score=0.4011  lr=6.25e-05
  Ep  58/60  loss=0.2526 (bce=0.0870 dice=0.3038 kl=0.2747)  val_loss=0.3710  IoU=0.4123  chamfer=0.0526  score=0.3070  lr=6.25e-05
  Ep  59/60  loss=0.2521 (bce=0.0871 dice=0.3024 kl=0.2753)  val_loss=0.3149  IoU=0.4745  chamfer=0.0402  score=0.3942  lr=6.25e-05
  Ep  60/60  loss=0.2515 (bce=0.0873 dice=0.3011 kl=0.2737)  val_loss=0.2842  IoU=0.5128  chamfer=0.0379  score=0.4370  lr=6.25e-05

=======================================================
  ConditionalShapeVAE — Test Results
=======================================================
     loss      : 0.2998
     iou       : 0.5352
     chamfer   : 0.0746
     loss_bce  : 0.0898
     loss_dice : 0.3761
     loss_kl   : 0.4388
  (selected epoch: val IoU=0.5868, chamfer=0.0361, score=0.5147)

  Retrieval-gated: no test samples had fit_score < 0.4 — retrieval alone covers this test set at the current threshold.

  Saved → checkpoints/shape_vae.pt
  Saved → results/shape_gen_test_metrics.json
