
[1/6] Loading dataset …
      191 graphs loaded.
      train: 136  val: 34  test: 21

[2/6] Loading frozen Phase-1 encoder …
Model built on mps  |  total params: 2,441,809
      Encoder frozen (val AUC=0.7030, trained_at=2026-08-10T20:31:36.932305)

[3/6] Loading / building part bank …
      Part bank: 4500 parts

[4/6] Building leave-one-out samples …
      Samples — train: 474  val: 103  test: 92

[5/6] Building ConditionalShapeVAE …
      VAE params: 6,457,665

[6/6] Training (60 epochs) …
  Ep   1/60  loss=0.6306  val_loss=0.5209  IoU=0.3266  chamfer=0.0644  score=0.1978
  Ep   2/60  loss=0.5724  val_loss=0.4371  IoU=0.3749  chamfer=0.0526  score=0.2698
  Ep   3/60  loss=0.5370  val_loss=0.3942  IoU=0.4312  chamfer=0.0538  score=0.3237
  Ep   4/60  loss=0.5216  val_loss=0.3847  IoU=0.4456  chamfer=0.0468  score=0.3520
  Ep   5/60  loss=0.5148  val_loss=0.3692  IoU=0.4568  chamfer=0.0439  score=0.3689
  Ep   6/60  loss=0.5024  val_loss=0.3713  IoU=0.4621  chamfer=0.0436  score=0.3749
  Ep   7/60  loss=0.4972  val_loss=0.4048  IoU=0.4159  chamfer=0.0623  score=0.2913
  Ep   8/60  loss=0.4924  val_loss=0.3651  IoU=0.4714  chamfer=0.0442  score=0.3830
  Ep   9/60  loss=0.4901  val_loss=0.3784  IoU=0.4976  chamfer=0.0418  score=0.4140
  Ep  10/60  loss=0.4852  val_loss=0.3891  IoU=0.4331  chamfer=0.0490  score=0.3351
  Ep  11/60  loss=0.4822  val_loss=0.3371  IoU=0.5511  chamfer=0.0388  score=0.4734
  Ep  12/60  loss=0.4793  val_loss=0.3632  IoU=0.4853  chamfer=0.0434  score=0.3985
  Ep  13/60  loss=0.4765  val_loss=0.3805  IoU=0.4698  chamfer=0.0446  score=0.3806
  Ep  14/60  loss=0.4786  val_loss=0.3488  IoU=0.5119  chamfer=0.0403  score=0.4314
  Ep  15/60  loss=0.4746  val_loss=0.3769  IoU=0.4626  chamfer=0.0478  score=0.3670
  Ep  16/60  loss=0.4723  val_loss=0.3776  IoU=0.4611  chamfer=0.0444  score=0.3723
  Ep  17/60  loss=0.4681  val_loss=0.3463  IoU=0.5007  chamfer=0.0437  score=0.4133
  Ep  18/60  loss=0.4679  val_loss=0.3467  IoU=0.5077  chamfer=0.0415  score=0.4246
  Ep  19/60  loss=0.4667  val_loss=0.4013  IoU=0.4339  chamfer=0.0483  score=0.3372
  Ep  20/60  loss=0.4641  val_loss=0.3396  IoU=0.4941  chamfer=0.0442  score=0.4057
  Ep  21/60  loss=0.4652  val_loss=0.3698  IoU=0.4572  chamfer=0.0436  score=0.3701
  Ep  22/60  loss=0.4645  val_loss=0.3203  IoU=0.5441  chamfer=0.0395  score=0.4651
  Ep  23/60  loss=0.4599  val_loss=0.3693  IoU=0.4677  chamfer=0.0487  score=0.3702
  Ep  24/60  loss=0.4590  val_loss=0.3251  IoU=0.5233  chamfer=0.0401  score=0.4431
  Ep  25/60  loss=0.4565  val_loss=0.3272  IoU=0.5396  chamfer=0.0405  score=0.4587
  Ep  26/60  loss=0.4554  val_loss=0.3614  IoU=0.4804  chamfer=0.0439  score=0.3925
  Ep  27/60  loss=0.4551  val_loss=0.3401  IoU=0.5331  chamfer=0.0411  score=0.4509
  Ep  28/60  loss=0.4552  val_loss=0.3724  IoU=0.4557  chamfer=0.0466  score=0.3624
  Ep  29/60  loss=0.4531  val_loss=0.3468  IoU=0.4961  chamfer=0.0425  score=0.4110
  Ep  30/60  loss=0.4536  val_loss=0.3684  IoU=0.4521  chamfer=0.0485  score=0.3550
  Ep  31/60  loss=0.4493  val_loss=0.3310  IoU=0.5208  chamfer=0.0408  score=0.4391
  Ep  32/60  loss=0.4494  val_loss=0.3700  IoU=0.4747  chamfer=0.0442  score=0.3863
  Ep  33/60  loss=0.4473  val_loss=0.3774  IoU=0.4385  chamfer=0.0559  score=0.3268
  Ep  34/60  loss=0.4484  val_loss=0.3036  IoU=0.5550  chamfer=0.0383  score=0.4783
  Ep  35/60  loss=0.4503  val_loss=0.3151  IoU=0.5558  chamfer=0.0396  score=0.4765
  Ep  36/60  loss=0.4456  val_loss=0.3465  IoU=0.4890  chamfer=0.0433  score=0.4024
  Ep  37/60  loss=0.4453  val_loss=0.3293  IoU=0.5069  chamfer=0.0467  score=0.4134
  Ep  38/60  loss=0.4449  val_loss=0.3795  IoU=0.4405  chamfer=0.0549  score=0.3308
  Ep  39/60  loss=0.4429  val_loss=0.3184  IoU=0.5515  chamfer=0.0395  score=0.4725
  Ep  40/60  loss=0.4412  val_loss=0.3626  IoU=0.4879  chamfer=0.0453  score=0.3974
  Ep  41/60  loss=0.4446  val_loss=0.3312  IoU=0.5357  chamfer=0.0420  score=0.4517
  Ep  42/60  loss=0.4405  val_loss=0.3583  IoU=0.4505  chamfer=0.0493  score=0.3519
  Ep  43/60  loss=0.4401  val_loss=0.3461  IoU=0.5173  chamfer=0.0436  score=0.4301
  Ep  44/60  loss=0.4392  val_loss=0.3434  IoU=0.4972  chamfer=0.0424  score=0.4125
  Ep  45/60  loss=0.4393  val_loss=0.3365  IoU=0.4898  chamfer=0.0464  score=0.3971
  Ep  46/60  loss=0.4375  val_loss=0.3419  IoU=0.5066  chamfer=0.0419  score=0.4228
  Ep  47/60  loss=0.4398  val_loss=0.3513  IoU=0.4875  chamfer=0.0466  score=0.3944
  Ep  48/60  loss=0.4358  val_loss=0.3209  IoU=0.5397  chamfer=0.0393  score=0.4611
  Ep  49/60  loss=0.4343  val_loss=0.3319  IoU=0.5212  chamfer=0.0397  score=0.4417
  Ep  50/60  loss=0.4347  val_loss=0.3259  IoU=0.5020  chamfer=0.0447  score=0.4126
  Ep  51/60  loss=0.4342  val_loss=0.3245  IoU=0.5132  chamfer=0.0418  score=0.4297
  Ep  52/60  loss=0.4357  val_loss=0.3121  IoU=0.5583  chamfer=0.0481  score=0.4621
  Ep  53/60  loss=0.4346  val_loss=0.3311  IoU=0.5308  chamfer=0.0410  score=0.4487
  Ep  54/60  loss=0.4342  val_loss=0.3293  IoU=0.5179  chamfer=0.0397  score=0.4386
  Ep  55/60  loss=0.4340  val_loss=0.3155  IoU=0.5404  chamfer=0.0379  score=0.4646
  Ep  56/60  loss=0.4336  val_loss=0.3432  IoU=0.4659  chamfer=0.0536  score=0.3586
  Ep  57/60  loss=0.4336  val_loss=0.3584  IoU=0.4457  chamfer=0.0457  score=0.3544
  Ep  58/60  loss=0.4315  val_loss=0.3571  IoU=0.4720  chamfer=0.0446  score=0.3829
  Ep  59/60  loss=0.4306  val_loss=0.3492  IoU=0.4847  chamfer=0.0411  score=0.4025
  Ep  60/60  loss=0.4318  val_loss=0.3175  IoU=0.5334  chamfer=0.0398  score=0.4538

=======================================================
  ConditionalShapeVAE — Test Results
=======================================================
     loss      : 0.3238
     iou       : 0.5238
     chamfer   : 0.0592
  (selected epoch: val IoU=0.5550, chamfer=0.0383, score=0.4783)

  Saved → checkpoints/shape_vae.pt
  Saved → results/shape_gen_test_metrics.json
