
[1/6] Loading dataset …
      648 graphs loaded.
      train: 444  val: 112  test: 92

[2/6] Loading frozen Phase-1 encoder …
Model built on mps  |  total params: 2,496,433
      Encoder frozen (val AUC=0.9409, trained_at=2026-09-02T00:32:39.774176)

[3/6] Loading / building part bank …
      Part bank: 11954 parts

[4/6] Building leave-one-out samples …
      Samples — train: 1338  val: 336  test: 285

[5/6] Building ConditionalShapeVAE …
      VAE params: 6,457,665

[6/6] Training (60 epochs) …
  Ep   1/60  loss=0.4788 (bce=0.1818 dice=0.5400 kl=0.5400)  val_loss=0.3552  IoU=0.4833  chamfer=0.0444  score=0.3944  lr=1.00e-03
  Ep   2/60  loss=0.3682 (bce=0.1361 dice=0.4218 kl=0.4231)  val_loss=0.3187  IoU=0.5181  chamfer=0.0445  score=0.4292  lr=1.00e-03
  Ep   3/60  loss=0.3436 (bce=0.1274 dice=0.3928 kl=0.3958)  val_loss=0.2937  IoU=0.5667  chamfer=0.0425  score=0.4816  lr=1.00e-03
  Ep   4/60  loss=0.3324 (bce=0.1237 dice=0.3813 kl=0.3613)  val_loss=0.4619  IoU=0.3816  chamfer=0.0526  score=0.2763  lr=1.00e-03
  Ep   5/60  loss=0.3224 (bce=0.1192 dice=0.3715 kl=0.3488)  val_loss=0.4009  IoU=0.4140  chamfer=0.0623  score=0.2894  lr=1.00e-03
  Ep   6/60  loss=0.3167 (bce=0.1171 dice=0.3655 kl=0.3371)  val_loss=0.2921  IoU=0.5737  chamfer=0.0430  score=0.4878  lr=1.00e-03
  Ep   7/60  loss=0.3095 (bce=0.1140 dice=0.3584 kl=0.3270)  val_loss=0.2802  IoU=0.6014  chamfer=0.0411  score=0.5192  lr=1.00e-03
  Ep   8/60  loss=0.3070 (bce=0.1135 dice=0.3548 kl=0.3235)  val_loss=0.3077  IoU=0.5388  chamfer=0.0417  score=0.4554  lr=1.00e-03
  Ep   9/60  loss=0.3015 (bce=0.1115 dice=0.3489 kl=0.3112)  val_loss=0.3381  IoU=0.4796  chamfer=0.0514  score=0.3768  lr=1.00e-03
  Ep  10/60  loss=0.2963 (bce=0.1086 dice=0.3445 kl=0.3085)  val_loss=0.2865  IoU=0.5574  chamfer=0.0417  score=0.4740  lr=1.00e-03
  Ep  11/60  loss=0.2930 (bce=0.1083 dice=0.3392 kl=0.3005)  val_loss=0.2816  IoU=0.5590  chamfer=0.0523  score=0.4545  lr=1.00e-03
  Ep  12/60  loss=0.2925 (bce=0.1081 dice=0.3388 kl=0.3007)  val_loss=0.2697  IoU=0.5807  chamfer=0.0401  score=0.5005  lr=1.00e-03
  Ep  13/60  loss=0.2866 (bce=0.1056 dice=0.3323 kl=0.2959)  val_loss=0.2700  IoU=0.5867  chamfer=0.0406  score=0.5055  lr=1.00e-03
  Ep  14/60  loss=0.2839 (bce=0.1041 dice=0.3303 kl=0.2927)  val_loss=0.3305  IoU=0.4958  chamfer=0.0540  score=0.3879  lr=1.00e-03
  Ep  15/60  loss=0.2821 (bce=0.1037 dice=0.3272 kl=0.2951)  val_loss=0.3067  IoU=0.5355  chamfer=0.0572  score=0.4211  lr=1.00e-03
  Ep  16/60  loss=0.2805 (bce=0.1027 dice=0.3262 kl=0.2923)  val_loss=0.2613  IoU=0.5943  chamfer=0.0394  score=0.5155  lr=5.00e-04
  Ep  17/60  loss=0.2656 (bce=0.0968 dice=0.3094 kl=0.2828)  val_loss=0.2665  IoU=0.5776  chamfer=0.0417  score=0.4943  lr=5.00e-04
  Ep  18/60  loss=0.2628 (bce=0.0963 dice=0.3054 kl=0.2750)  val_loss=0.2601  IoU=0.5843  chamfer=0.0467  score=0.4910  lr=5.00e-04
  Ep  19/60  loss=0.2627 (bce=0.0962 dice=0.3057 kl=0.2734)  val_loss=0.2951  IoU=0.5429  chamfer=0.0440  score=0.4549  lr=5.00e-04
  Ep  20/60  loss=0.2605 (bce=0.0954 dice=0.3027 kl=0.2741)  val_loss=0.2997  IoU=0.5447  chamfer=0.0481  score=0.4486  lr=5.00e-04
  Ep  21/60  loss=0.2595 (bce=0.0951 dice=0.3017 kl=0.2718)  val_loss=0.2703  IoU=0.5694  chamfer=0.0409  score=0.4876  lr=5.00e-04
  Ep  22/60  loss=0.2590 (bce=0.0951 dice=0.3009 kl=0.2696)  val_loss=0.2718  IoU=0.5811  chamfer=0.0445  score=0.4920  lr=5.00e-04
  Ep  23/60  loss=0.2584 (bce=0.0947 dice=0.3006 kl=0.2679)  val_loss=0.2688  IoU=0.5735  chamfer=0.0415  score=0.4905  lr=5.00e-04
  Ep  24/60  loss=0.2580 (bce=0.0945 dice=0.3000 kl=0.2692)  val_loss=0.2903  IoU=0.5517  chamfer=0.0431  score=0.4655  lr=5.00e-04
  Ep  25/60  loss=0.2559 (bce=0.0934 dice=0.2982 kl=0.2683)  val_loss=0.2383  IoU=0.6205  chamfer=0.0373  score=0.5458  lr=5.00e-04
  Ep  26/60  loss=0.2553 (bce=0.0929 dice=0.2981 kl=0.2670)  val_loss=0.2906  IoU=0.5389  chamfer=0.0458  score=0.4473  lr=5.00e-04
  Ep  27/60  loss=0.2552 (bce=0.0936 dice=0.2967 kl=0.2668)  val_loss=0.2934  IoU=0.5413  chamfer=0.0436  score=0.4542  lr=5.00e-04
  Ep  28/60  loss=0.2541 (bce=0.0927 dice=0.2961 kl=0.2668)  val_loss=0.2624  IoU=0.5744  chamfer=0.0394  score=0.4957  lr=5.00e-04
  Ep  29/60  loss=0.2535 (bce=0.0925 dice=0.2958 kl=0.2636)  val_loss=0.2918  IoU=0.5489  chamfer=0.0453  score=0.4583  lr=5.00e-04
  Ep  30/60  loss=0.2552 (bce=0.0935 dice=0.2966 kl=0.2678)  val_loss=0.2422  IoU=0.6065  chamfer=0.0385  score=0.5295  lr=5.00e-04
  Ep  31/60  loss=0.2526 (bce=0.0926 dice=0.2937 kl=0.2644)  val_loss=0.2928  IoU=0.5348  chamfer=0.0441  score=0.4465  lr=5.00e-04
  Ep  32/60  loss=0.2517 (bce=0.0919 dice=0.2931 kl=0.2652)  val_loss=0.2384  IoU=0.6121  chamfer=0.0383  score=0.5355  lr=5.00e-04
  Ep  33/60  loss=0.2502 (bce=0.0908 dice=0.2923 kl=0.2642)  val_loss=0.2633  IoU=0.5744  chamfer=0.0395  score=0.4955  lr=5.00e-04
  Ep  34/60  loss=0.2502 (bce=0.0911 dice=0.2918 kl=0.2645)  val_loss=0.2419  IoU=0.6063  chamfer=0.0381  score=0.5300  lr=2.50e-04
  Ep  35/60  loss=0.2439 (bce=0.0888 dice=0.2840 kl=0.2604)  val_loss=0.2553  IoU=0.5808  chamfer=0.0405  score=0.4998  lr=2.50e-04
  Ep  36/60  loss=0.2421 (bce=0.0878 dice=0.2829 kl=0.2572)  val_loss=0.2562  IoU=0.5865  chamfer=0.0432  score=0.5000  lr=2.50e-04
  Ep  37/60  loss=0.2415 (bce=0.0879 dice=0.2816 kl=0.2565)  val_loss=0.2716  IoU=0.5560  chamfer=0.0414  score=0.4731  lr=2.50e-04
  Ep  38/60  loss=0.2411 (bce=0.0876 dice=0.2815 kl=0.2559)  val_loss=0.2265  IoU=0.6365  chamfer=0.0375  score=0.5614  lr=2.50e-04
  Ep  39/60  loss=0.2407 (bce=0.0874 dice=0.2810 kl=0.2558)  val_loss=0.2437  IoU=0.6009  chamfer=0.0387  score=0.5234  lr=2.50e-04
  Ep  40/60  loss=0.2405 (bce=0.0873 dice=0.2810 kl=0.2551)  val_loss=0.2744  IoU=0.5509  chamfer=0.0411  score=0.4687  lr=2.50e-04
  Ep  41/60  loss=0.2398 (bce=0.0872 dice=0.2796 kl=0.2561)  val_loss=0.2200  IoU=0.6439  chamfer=0.0371  score=0.5697  lr=2.50e-04
  Ep  42/60  loss=0.2380 (bce=0.0860 dice=0.2785 kl=0.2557)  val_loss=0.2212  IoU=0.6474  chamfer=0.0366  score=0.5741  lr=2.50e-04
  Ep  43/60  loss=0.2396 (bce=0.0874 dice=0.2788 kl=0.2551)  val_loss=0.2573  IoU=0.5855  chamfer=0.0420  score=0.5015  lr=2.50e-04
  Ep  44/60  loss=0.2389 (bce=0.0865 dice=0.2792 kl=0.2564)  val_loss=0.2309  IoU=0.6296  chamfer=0.0388  score=0.5521  lr=2.50e-04
