Processing...

[1/4] Loading dataset …
  Category filter: ['Bench_vice', 'C_Clamps', 'Pipe_vice', 'Gate_Valve', 'Press_Tool', 'Tool_Post', 'Crane_hook']
  193 STEP files after category filter
  Found 193 STEP file(s) in /Users/mbp/Documents/MTECH/Sem4/Individual_project/AI_Assisted_3D_Assembly_Design/AI-Assisted-3D-Assembly-Design/Source_3d_models/Best_models_for_training
  [1/193] Parsing: Bench_Vice_02/Bench_Vice_02.STEP
  [OK]  Bench_Vice_02/Bench_Vice_02.STEP — 26 nodes  39 edges  (4.9s)
  [2/193] Parsing: Bench_Vice_03/Bench_Vice_03.step
  [OK]  Bench_Vice_03/Bench_Vice_03.step — 18 nodes  22 edges  (4.3s)
  [3/193] Parsing: Bench_Vice_04/Bench_Vice_04.STEP
  [OK]  Bench_Vice_04/Bench_Vice_04.STEP — 47 nodes  67 edges  (5.5s)
  [4/193] Parsing: Bench_Vice_06/Bench_Vice_06.stp
  [OK]  Bench_Vice_06/Bench_Vice_06.stp — 16 nodes  12 edges  (9.1s)
  [5/193] Parsing: Bench_Vice_07/Bench_Vice_07.STEP
  [OK]  Bench_Vice_07/Bench_Vice_07.STEP — 12 nodes  16 edges  (3.8s)
  [6/193] Parsing: Bench_Vice_08/Bench_Vice_08.step
  [OK]  Bench_Vice_08/Bench_Vice_08.step — 55 nodes  48 edges  (30.8s)
  [7/193] Parsing: Bench_Vice_09/Bench_Vice_09.stp
  [OK]  Bench_Vice_09/Bench_Vice_09.stp — 22 nodes  33 edges  (4.0s)
  [8/193] Parsing: Bench_Vice_11/Bench_Vice_11.STEP
  [OK]  Bench_Vice_11/Bench_Vice_11.STEP — 20 nodes  33 edges  (5.3s)
  [9/193] Parsing: Bench_Vice_12/Bench_Vice_12.stp
  [OK]  Bench_Vice_12/Bench_Vice_12.stp — 31 nodes  41 edges  (6.8s)
  [10/193] Parsing: Bench_Vice_13/Bench_Vice_13.STEP
  [OK]  Bench_Vice_13/Bench_Vice_13.STEP — 27 nodes  43 edges  (4.6s)
  [11/193] Parsing: Bench_Vice_14/Bench_Vice_14.STEP
  [OK]  Bench_Vice_14/Bench_Vice_14.STEP — 24 nodes  39 edges  (4.5s)
  [12/193] Parsing: Bench_Vice_17/Bench_Vice_17.STEP
  [OK]  Bench_Vice_17/Bench_Vice_17.STEP — 25 nodes  41 edges  (5.1s)
  [13/193] Parsing: Bench_Vice_18/Bench_Vice_18.stp
  [OK]  Bench_Vice_18/Bench_Vice_18.stp — 7 nodes  7 edges  (4.6s)
  [14/193] Parsing: Bench_Vice_20/Bench_Vice_20.stp
  [OK]  Bench_Vice_20/Bench_Vice_20.stp — 21 nodes  35 edges  (13.1s)
  [15/193] Parsing: Bench_Vice_21/Bench_Vice_21.STEP
  [OK]  Bench_Vice_21/Bench_Vice_21.STEP — 12 nodes  15 edges  (3.4s)
  [16/193] Parsing: Bench_Vice_22/Bench_Vice_22.stp
  [OK]  Bench_Vice_22/Bench_Vice_22.stp — 22 nodes  31 edges  (3.9s)
  [17/193] Parsing: Bench_Vice_23/Bench_Vice_23.stp
  [OK]  Bench_Vice_23/Bench_Vice_23.stp — 27 nodes  36 edges  (3.8s)
  [18/193] Parsing: Bench_Vice_26/Bench_Vice_26.step
  [OK]  Bench_Vice_26/Bench_Vice_26.step — 17 nodes  12 edges  (57.0s)
  [19/193] Parsing: Bench_Vice_27/Bench_Vice_27.stp
  [OK]  Bench_Vice_27/Bench_Vice_27.stp — 10 nodes  11 edges  (5.7s)
  [20/193] Parsing: Bench_Vice_28/Bench_Vice_28.stp
  [OK]  Bench_Vice_28/Bench_Vice_28.stp — 46 nodes  77 edges  (4.6s)
  [21/193] Parsing: Bench_Vice_31/Bench_Vice_31.stp
  [OK]  Bench_Vice_31/Bench_Vice_31.stp — 20 nodes  25 edges  (4.0s)
  [22/193] Parsing: Bench_Vice_34/Bench_Vice_34.stp
  [OK]  Bench_Vice_34/Bench_Vice_34.stp — 23 nodes  40 edges  (5.0s)
  [23/193] Parsing: Bench_Vice_38/Bench_Vice_38.step
  [OK]  Bench_Vice_38/Bench_Vice_38.step — 20 nodes  27 edges  (4.0s)
  [24/193] Parsing: Bench_Vice_39/Bench_Vice_39.step
  [OK]  Bench_Vice_39/Bench_Vice_39.step — 14 nodes  21 edges  (5.2s)
  [25/193] Parsing: Bench_Vice_41/Bench_Vice_41.stp
  [OK]  Bench_Vice_41/Bench_Vice_41.stp — 22 nodes  33 edges  (3.9s)
  [26/193] Parsing: Bench_Vice_42/Bench_Vice_42.stp
  [OK]  Bench_Vice_42/Bench_Vice_42.stp — 15 nodes  24 edges  (38.6s)
  [27/193] Parsing: Bench_Vice_43/Bench_Vice_43.step
  [OK]  Bench_Vice_43/Bench_Vice_43.step — 16 nodes  15 edges  (6.1s)
  [28/193] Parsing: Bench_Vice_45/Bench_Vice_45.step
  [OK]  Bench_Vice_45/Bench_Vice_45.step — 25 nodes  31 edges  (12.0s)
  [29/193] Parsing: Bench_Vice_46/Bench_Vice_46.stp
  [OK]  Bench_Vice_46/Bench_Vice_46.stp — 18 nodes  21 edges  (4.7s)
  [30/193] Parsing: Bench_Vice_47/Bench_Vice_47.STEP
  [OK]  Bench_Vice_47/Bench_Vice_47.STEP — 21 nodes  28 edges  (18.7s)
  [31/193] Parsing: Bench_Vice_50/Bench_Vice_50.STEP
/Users/mbp/Documents/MTECH/Sem4/Individual_project/AI_Assisted_3D_Assembly_Design/AI-Assisted-3D-Assembly-Design/.venv/lib/python3.12/site-packages/trimesh/triangles.py:550: RuntimeWarning: divide by zero encountered in divide
  inverse_denominator = 1.0 / (dot00 * dot11 - dot01 * dot01)
/Users/mbp/Documents/MTECH/Sem4/Individual_project/AI_Assisted_3D_Assembly_Design/AI-Assisted-3D-Assembly-Design/.venv/lib/python3.12/site-packages/trimesh/triangles.py:555: RuntimeWarning: invalid value encountered in subtract
  barycentric[:, 0] = 1 - barycentric[:, 1] - barycentric[:, 2]
  [OK]  Bench_Vice_50/Bench_Vice_50.STEP — 31 nodes  465 edges  (88.4s)
  [32/193] Parsing: Bench_Vice_51/Bench_Vice_51.STEP
  [OK]  Bench_Vice_51/Bench_Vice_51.STEP — 13 nodes  18 edges  (3.5s)
  [33/193] Parsing: Bench_Vice_52/Bench_Vice_52.stp
  [OK]  Bench_Vice_52/Bench_Vice_52.stp — 57 nodes  69 edges  (72.6s)
  [34/193] Parsing: Bench_Vice_53/Bench_Vice_53.STEP
  [OK]  Bench_Vice_53/Bench_Vice_53.STEP — 27 nodes  37 edges  (4.5s)
  [35/193] Parsing: Bench_Vice_58/Bench_Vice_58.stp
  [OK]  Bench_Vice_58/Bench_Vice_58.stp — 6 nodes  6 edges  (4.8s)
  [36/193] Parsing: Bench_Vice_59/Bench_Vice_59.STEP
  [OK]  Bench_Vice_59/Bench_Vice_59.STEP — 97 nodes  144 edges  (15.3s)
  [37/193] Parsing: Bench_Vice_60/Bench_Vice_60.stp
  [OK]  Bench_Vice_60/Bench_Vice_60.stp — 24 nodes  20 edges  (16.6s)
  [38/193] Parsing: Bench_Vice_61/Bench_Vice_61.stp
  [OK]  Bench_Vice_61/Bench_Vice_61.stp — 48 nodes  65 edges  (4.9s)
  [39/193] Parsing: Bench_Vice_65/Bench_Vice_65.stp
  [OK]  Bench_Vice_65/Bench_Vice_65.stp — 28 nodes  47 edges  (4.6s)
  [40/193] Parsing: Bench_Vice_66/Bench_Vice_66.step
  [OK]  Bench_Vice_66/Bench_Vice_66.step — 26 nodes  40 edges  (11.2s)
  [41/193] Parsing: Bench_Vice_67/Bench_Vice_67.stp
  [OK]  Bench_Vice_67/Bench_Vice_67.stp — 26 nodes  34 edges  (4.2s)
  [42/193] Parsing: Bench_Vice_68/Bench_Vice_68.stp
  [OK]  Bench_Vice_68/Bench_Vice_68.stp — 24 nodes  35 edges  (8.4s)
  [43/193] Parsing: Bench_Vice_69/Bench_Vice_69.stp
  [OK]  Bench_Vice_69/Bench_Vice_69.stp — 22 nodes  31 edges  (4.3s)
  [44/193] Parsing: Bench_Vice_72/Bench_Vice_72.stp
  [OK]  Bench_Vice_72/Bench_Vice_72.stp — 25 nodes  37 edges  (4.1s)
  [45/193] Parsing: Bench_Vice_73/Bench_Vice_73.stp
  [OK]  Bench_Vice_73/Bench_Vice_73.stp — 2 nodes  1 edges  (3.1s)
  [46/193] Parsing: Bench_Vice_74/Bench_Vice_74.stp
  [OK]  Bench_Vice_74/Bench_Vice_74.stp — 15 nodes  14 edges  (5.0s)
  [47/193] Parsing: Bench_Vice_75/Bench_Vice_75.STEP
  [OK]  Bench_Vice_75/Bench_Vice_75.STEP — 33 nodes  44 edges  (15.2s)
  [48/193] Parsing: Bench_Vice_76/Bench_Vice_76.stp
  [OK]  Bench_Vice_76/Bench_Vice_76.stp — 37 nodes  65 edges  (5.8s)
  [49/193] Parsing: Bench_Vice_77/Bench_Vice_77.STEP
  [OK]  Bench_Vice_77/Bench_Vice_77.STEP — 6 nodes  6 edges  (146.3s)
  [50/193] Parsing: Bench_Vice_78/Bench_Vice_78.STEP
  [OK]  Bench_Vice_78/Bench_Vice_78.STEP — 35 nodes  44 edges  (5.5s)
  [51/193] Parsing: Bench_Vice_79/Bench_Vice_79.STEP
  [OK]  Bench_Vice_79/Bench_Vice_79.STEP — 19 nodes  22 edges  (80.0s)
  [52/193] Parsing: Bench_Vice_80/Bench_Vice_80.STEP
  [OK]  Bench_Vice_80/Bench_Vice_80.STEP — 16 nodes  19 edges  (4.7s)
  [53/193] Parsing: Bench_Vice_81/Bench_Vice_81.stp
  [OK]  Bench_Vice_81/Bench_Vice_81.stp — 36 nodes  49 edges  (5.9s)
  [54/193] Parsing: Bench_Vice_82/Bench_Vice_82.stp
  [OK]  Bench_Vice_82/Bench_Vice_82.stp — 41 nodes  63 edges  (7.4s)
  [55/193] Parsing: C_Clamps_01/C_Clamps_01.stp
  [OK]  C_Clamps_01/C_Clamps_01.stp — 8 nodes  6 edges  (23.2s)
  [56/193] Parsing: C_Clamps_03/C_Clamps_03.STEP
  [OK]  C_Clamps_03/C_Clamps_03.STEP — 10 nodes  14 edges  (47.4s)
  [57/193] Parsing: C_Clamps_04/C_Clamps_04.stp
  [OK]  C_Clamps_04/C_Clamps_04.stp — 10 nodes  13 edges  (4.1s)
  [58/193] Parsing: C_Clamps_05/C_Clamps_05.STEP
  [OK]  C_Clamps_05/C_Clamps_05.STEP — 5 nodes  5 edges  (3.6s)
  [59/193] Parsing: C_Clamps_06/C_Clamps_06.stp
  [OK]  C_Clamps_06/C_Clamps_06.stp — 9 nodes  10 edges  (4.2s)
  [60/193] Parsing: C_Clamps_07/C_Clamps_07.stp
  [OK]  C_Clamps_07/C_Clamps_07.stp — 7 nodes  5 edges  (63.9s)
  [61/193] Parsing: C_Clamps_08/C_Clamps_08.stp
  [OK]  C_Clamps_08/C_Clamps_08.stp — 2 nodes  1 edges  (4.3s)
  [62/193] Parsing: C_Clamps_09/C_Clamps_09.STEP
  [OK]  C_Clamps_09/C_Clamps_09.STEP — 9 nodes  11 edges  (4.1s)
  [63/193] Parsing: C_Clamps_10/C_Clamps_10.stp
  [OK]  C_Clamps_10/C_Clamps_10.stp — 7 nodes  8 edges  (5.1s)
  [64/193] Parsing: C_Clamps_11/C_Clamps_11.STEP
  [OK]  C_Clamps_11/C_Clamps_11.STEP — 2 nodes  1 edges  (116.5s)
  [65/193] Parsing: C_Clamps_12/C_Clamps_12.stp
  [OK]  C_Clamps_12/C_Clamps_12.stp — 5 nodes  4 edges  (32.2s)
  [66/193] Parsing: C_Clamps_13/C_Clamps_13.STEP
  [OK]  C_Clamps_13/C_Clamps_13.STEP — 6 nodes  3 edges  (99.6s)
  [67/193] Parsing: C_Clamps_14/C_Clamps_14.STEP
  [OK]  C_Clamps_14/C_Clamps_14.STEP — 4 nodes  4 edges  (79.3s)
  [68/193] Parsing: C_Clamps_15/C_Clamps_15.stp
  [OK]  C_Clamps_15/C_Clamps_15.stp — 4 nodes  4 edges  (3.1s)
  [69/193] Parsing: C_Clamps_16/C_Clamps_16.stp
  [OK]  C_Clamps_16/C_Clamps_16.stp — 10 nodes  12 edges  (3.6s)
  [70/193] Parsing: C_Clamps_18/C_Clamps_18.stp
  [OK]  C_Clamps_18/C_Clamps_18.stp — 3 nodes  3 edges  (14.3s)
  [71/193] Parsing: C_Clamps_19/C_Clamps_19.stp
  [OK]  C_Clamps_19/C_Clamps_19.stp — 6 nodes  4 edges  (3.1s)
  [72/193] Parsing: C_Clamps_20/C_Clamps_20.stp
  [OK]  C_Clamps_20/C_Clamps_20.stp — 2 nodes  1 edges  (3.4s)
  [73/193] Parsing: C_Clamps_21/C_Clamps_21.STEP
/Users/mbp/Documents/MTECH/Sem4/Individual_project/AI_Assisted_3D_Assembly_Design/AI-Assisted-3D-Assembly-Design/.venv/lib/python3.12/site-packages/trimesh/triangles.py:550: RuntimeWarning: divide by zero encountered in divide
  inverse_denominator = 1.0 / (dot00 * dot11 - dot01 * dot01)
/Users/mbp/Documents/MTECH/Sem4/Individual_project/AI_Assisted_3D_Assembly_Design/AI-Assisted-3D-Assembly-Design/.venv/lib/python3.12/site-packages/trimesh/triangles.py:555: RuntimeWarning: invalid value encountered in subtract
  barycentric[:, 0] = 1 - barycentric[:, 1] - barycentric[:, 2]
  [OK]  C_Clamps_21/C_Clamps_21.STEP — 6 nodes  3 edges  (93.7s)
  [74/193] Parsing: C_Clamps_22/C_Clamps_22.stp
  [OK]  C_Clamps_22/C_Clamps_22.stp — 7 nodes  5 edges  (3.5s)
  [75/193] Parsing: C_Clamps_23/C_Clamps_23.STEP
  [OK]  C_Clamps_23/C_Clamps_23.STEP — 16 nodes  29 edges  (6.3s)
  [76/193] Parsing: C_Clamps_26/C_Clamps_26.stp
  [OK]  C_Clamps_26/C_Clamps_26.stp — 11 nodes  11 edges  (4.2s)
  [77/193] Parsing: C_Clamps_28/C_Clamps_28.step
  [OK]  C_Clamps_28/C_Clamps_28.step — 10 nodes  10 edges  (48.9s)
  [78/193] Parsing: C_Clamps_29/C_Clamps_29.stp
  [OK]  C_Clamps_29/C_Clamps_29.stp — 7 nodes  5 edges  (8.9s)
  [79/193] Parsing: C_Clamps_31/C_Clamps_31.stp
  [OK]  C_Clamps_31/C_Clamps_31.stp — 6 nodes  4 edges  (8.2s)
  [80/193] Parsing: C_Clamps_32/C_Clamps_32.step
  [OK]  C_Clamps_32/C_Clamps_32.step — 10 nodes  10 edges  (3.8s)
  [81/193] Parsing: C_Clamps_33/C_Clamps_33.stp
  [OK]  C_Clamps_33/C_Clamps_33.stp — 9 nodes  9 edges  (3.7s)
  [82/193] Parsing: C_Clamps_36/C_Clamps_36.STEP
  [OK]  C_Clamps_36/C_Clamps_36.STEP — 5 nodes  3 edges  (3.2s)
  [83/193] Parsing: C_Clamps_37/C_Clamps_37.step
  [OK]  C_Clamps_37/C_Clamps_37.step — 5 nodes  2 edges  (4.4s)
  [84/193] Parsing: C_Clamps_38/C_Clamps_38.STEP
  [OK]  C_Clamps_38/C_Clamps_38.STEP — 8 nodes  7 edges  (8.5s)
  [85/193] Parsing: C_Clamps_40/C_Clamps_40.stp
  [OK]  C_Clamps_40/C_Clamps_40.stp — 4 nodes  2 edges  (17.5s)
  [86/193] Parsing: Crane_Hook_01/Crane_Hook_01.stp
  [OK]  Crane_Hook_01/Crane_Hook_01.stp — 33 nodes  55 edges  (5.2s)
  [87/193] Parsing: Crane_Hook_02/Crane_Hook_02.STEP
  [OK]  Crane_Hook_02/Crane_Hook_02.STEP — 35 nodes  60 edges  (6.6s)
  [88/193] Parsing: Crane_Hook_04/Crane_Hook_04.STEP
  [OK]  Crane_Hook_04/Crane_Hook_04.STEP — 44 nodes  78 edges  (84.7s)
  [89/193] Parsing: Crane_Hook_05/Crane_Hook_05.STEP
  [OK]  Crane_Hook_05/Crane_Hook_05.STEP — 15 nodes  22 edges  (4.2s)
  [90/193] Parsing: Crane_Hook_06/Crane_Hook_06.step
  [OK]  Crane_Hook_06/Crane_Hook_06.step — 20 nodes  33 edges  (83.4s)
  [91/193] Parsing: Crane_Hook_07/Crane_Hook_07.stp
  [OK]  Crane_Hook_07/Crane_Hook_07.stp — 46 nodes  71 edges  (5.2s)
  [92/193] Parsing: Crane_Hook_09/Crane_Hook_09.step
  [OK]  Crane_Hook_09/Crane_Hook_09.step — 28 nodes  44 edges  (39.4s)
  [93/193] Parsing: Crane_Hook_10/Crane_Hook_10.stp
  [OK]  Crane_Hook_10/Crane_Hook_10.stp — 46 nodes  91 edges  (5.3s)
  [94/193] Parsing: Crane_Hook_11/Crane_Hook_11.stp
  [OK]  Crane_Hook_11/Crane_Hook_11.stp — 19 nodes  26 edges  (3.7s)
  [95/193] Parsing: Crane_Hook_12/Crane_Hook_12.stp
  [OK]  Crane_Hook_12/Crane_Hook_12.stp — 53 nodes  88 edges  (5.2s)
  [96/193] Parsing: Crane_Hook_13/Crane_Hook_13.stp
  [OK]  Crane_Hook_13/Crane_Hook_13.stp — 28 nodes  50 edges  (3.8s)
  [97/193] Parsing: Crane_Hook_15/Crane_Hook_15.STEP
  [OK]  Crane_Hook_15/Crane_Hook_15.STEP — 86 nodes  157 edges  (8.8s)
  [98/193] Parsing: Crane_Hook_17/Crane_Hook_17.stp
  [OK]  Crane_Hook_17/Crane_Hook_17.stp — 49 nodes  79 edges  (5.4s)
  [99/193] Parsing: Crane_Hook_21/Crane_Hook_21.STEP
  [OK]  Crane_Hook_21/Crane_Hook_21.STEP — 57 nodes  107 edges  (5.3s)
  [100/193] Parsing: Crane_Hook_22/Crane_Hook_22.STEP
  [OK]  Crane_Hook_22/Crane_Hook_22.STEP — 66 nodes  127 edges  (209.2s)
  [101/193] Parsing: Crane_Hook_23/Crane_Hook_23.step
  [OK]  Crane_Hook_23/Crane_Hook_23.step — 24 nodes  41 edges  (74.5s)
  [102/193] Parsing: Gate_Valve_02/Gate_Valve_02.STEP
  [OK]  Gate_Valve_02/Gate_Valve_02.STEP — 4 nodes  5 edges  (5.3s)
  [103/193] Parsing: Gate_Valve_03/Gate_Valve_03.stp
  [OK]  Gate_Valve_03/Gate_Valve_03.stp — 40 nodes  47 edges  (31.5s)
  [104/193] Parsing: Gate_Valve_04/Gate_Valve_04.stp
  [OK]  Gate_Valve_04/Gate_Valve_04.stp — 63 nodes  80 edges  (53.8s)
  [105/193] Parsing: Gate_Valve_05/Gate_Valve_05.stp
  [OK]  Gate_Valve_05/Gate_Valve_05.stp — 87 nodes  148 edges  (15.8s)
  [106/193] Parsing: Gate_Valve_06/Gate_Valve_06.stp
  [OK]  Gate_Valve_06/Gate_Valve_06.stp — 41 nodes  48 edges  (31.4s)
  [107/193] Parsing: Gate_Valve_07/Gate_Valve_07.stp
  [OK]  Gate_Valve_07/Gate_Valve_07.stp — 69 nodes  92 edges  (55.1s)
  [108/193] Parsing: Gate_Valve_10/Gate_Valve_10.stp
  [OK]  Gate_Valve_10/Gate_Valve_10.stp — 61 nodes  68 edges  (53.8s)
  [109/193] Parsing: Gate_Valve_11/Gate_Valve_11.STEP
  [OK]  Gate_Valve_11/Gate_Valve_11.STEP — 47 nodes  69 edges  (168.8s)
  [110/193] Parsing: Gate_Valve_12/Gate_Valve_12.stp
    [skip] Gate_Valve_12.stp: timeout after 300s
  [TIMEOUT] Gate_Valve_12/Gate_Valve_12.stp (889.3s)
  [111/193] Parsing: Gate_Valve_14/Gate_Valve_14.stp
  [OK]  Gate_Valve_14/Gate_Valve_14.stp — 59 nodes  79 edges  (35.7s)
  [112/193] Parsing: Gate_Valve_15/Gate_Valve_15.stp
    [skip] Gate_Valve_15.stp: timeout after 300s
  [TIMEOUT] Gate_Valve_15/Gate_Valve_15.stp (512.0s)
  [113/193] Parsing: Gate_Valve_23/Gate_Valve_23.STEP
  [OK]  Gate_Valve_23/Gate_Valve_23.STEP — 35 nodes  26 edges  (10.7s)
  [114/193] Parsing: Gate_Valve_24/Gate_Valve_24.STEP
  [OK]  Gate_Valve_24/Gate_Valve_24.STEP — 81 nodes  140 edges  (40.1s)
  [115/193] Parsing: Gate_Valve_25/Gate_Valve_25.STEP
  [OK]  Gate_Valve_25/Gate_Valve_25.STEP — 22 nodes  35 edges  (4.7s)
  [116/193] Parsing: Gate_Valve_27/Gate_Valve_27.stp
  [OK]  Gate_Valve_27/Gate_Valve_27.stp — 5 nodes  4 edges  (6.4s)
  [117/193] Parsing: Gate_Valve_31/Gate_Valve_31.STEP
  [OK]  Gate_Valve_31/Gate_Valve_31.STEP — 4 nodes  1 edges  (32.5s)
  [118/193] Parsing: Gate_Valve_34/Gate_Valve_34.stp
  [OK]  Gate_Valve_34/Gate_Valve_34.stp — 62 nodes  83 edges  (41.5s)
  [119/193] Parsing: Gate_Valve_35/Gate_Valve_35.step
  [OK]  Gate_Valve_35/Gate_Valve_35.step — 43 nodes  79 edges  (119.1s)
  [120/193] Parsing: Gate_Valve_36/Gate_Valve_36.STEP
  [OK]  Gate_Valve_36/Gate_Valve_36.STEP — 93 nodes  133 edges  (16.6s)
  [121/193] Parsing: Gate_Valve_37/Gate_Valve_37.stp
  [OK]  Gate_Valve_37/Gate_Valve_37.stp — 2 nodes  1 edges  (5.3s)
  [122/193] Parsing: Gate_Valve_38/Gate_Valve_38.stp
/Users/mbp/Documents/MTECH/Sem4/Individual_project/AI_Assisted_3D_Assembly_Design/AI-Assisted-3D-Assembly-Design/.venv/lib/python3.12/site-packages/trimesh/triangles.py:550: RuntimeWarning: divide by zero encountered in divide
  inverse_denominator = 1.0 / (dot00 * dot11 - dot01 * dot01)
/Users/mbp/Documents/MTECH/Sem4/Individual_project/AI_Assisted_3D_Assembly_Design/AI-Assisted-3D-Assembly-Design/.venv/lib/python3.12/site-packages/trimesh/triangles.py:553: RuntimeWarning: invalid value encountered in multiply
  barycentric[:, 2] = (dot00 * dot12 - dot01 * dot02) * inverse_denominator
/Users/mbp/Documents/MTECH/Sem4/Individual_project/AI_Assisted_3D_Assembly_Design/AI-Assisted-3D-Assembly-Design/.venv/lib/python3.12/site-packages/trimesh/triangles.py:554: RuntimeWarning: invalid value encountered in multiply
  barycentric[:, 1] = (dot11 * dot02 - dot01 * dot12) * inverse_denominator
/Users/mbp/Documents/MTECH/Sem4/Individual_project/AI_Assisted_3D_Assembly_Design/AI-Assisted-3D-Assembly-Design/.venv/lib/python3.12/site-packages/trimesh/triangles.py:555: RuntimeWarning: invalid value encountered in subtract
  barycentric[:, 0] = 1 - barycentric[:, 1] - barycentric[:, 2]
  [OK]  Gate_Valve_38/Gate_Valve_38.stp — 176 nodes  244 edges  (43.9s)
  [123/193] Parsing: Pipe_Vice_01/Pipe_Vice_01.stp
  [OK]  Pipe_Vice_01/Pipe_Vice_01.stp — 10 nodes  10 edges  (3.9s)
  [124/193] Parsing: Pipe_Vice_03/Pipe_Vice_03.STEP
  [OK]  Pipe_Vice_03/Pipe_Vice_03.STEP — 6 nodes  4 edges  (3.8s)
  [125/193] Parsing: Pipe_Vice_04/Pipe_Vice_04.stp
  [OK]  Pipe_Vice_04/Pipe_Vice_04.stp — 6 nodes  4 edges  (3.4s)
  [126/193] Parsing: Pipe_Vice_07/Pipe_Vice_07.STEP
  [OK]  Pipe_Vice_07/Pipe_Vice_07.STEP — 20 nodes  19 edges  (70.5s)
  [127/193] Parsing: Pipe_Vice_08/Pipe_Vice_08.STEP
  [OK]  Pipe_Vice_08/Pipe_Vice_08.STEP — 5 nodes  6 edges  (3.5s)
  [128/193] Parsing: Pipe_Vice_09/Pipe_Vice_09.STEP
  [OK]  Pipe_Vice_09/Pipe_Vice_09.STEP — 7 nodes  5 edges  (3.5s)
  [129/193] Parsing: Pipe_Vice_10/Pipe_Vice_10.stp
  [OK]  Pipe_Vice_10/Pipe_Vice_10.stp — 11 nodes  12 edges  (4.1s)
  [130/193] Parsing: Pipe_Vice_11/Pipe_Vice_11.STEP
  [OK]  Pipe_Vice_11/Pipe_Vice_11.STEP — 36 nodes  57 edges  (69.3s)
  [131/193] Parsing: Pipe_Vice_14/Pipe_Vice_14.stp
  [OK]  Pipe_Vice_14/Pipe_Vice_14.stp — 10 nodes  13 edges  (3.4s)
  [132/193] Parsing: Pipe_Vice_15/Pipe_Vice_15.STEP
  [OK]  Pipe_Vice_15/Pipe_Vice_15.STEP — 6 nodes  4 edges  (3.4s)
  [133/193] Parsing: Pipe_Vice_16/Pipe_Vice_16.stp
  [OK]  Pipe_Vice_16/Pipe_Vice_16.stp — 21 nodes  25 edges  (18.6s)
  [134/193] Parsing: Pipe_Vice_17/Pipe_Vice_17.step
  [OK]  Pipe_Vice_17/Pipe_Vice_17.step — 16 nodes  18 edges  (12.4s)
  [135/193] Parsing: Pipe_Vice_19/Pipe_Vice_19.stp
  [OK]  Pipe_Vice_19/Pipe_Vice_19.stp — 16 nodes  21 edges  (3.6s)
  [136/193] Parsing: Pipe_Vice_20/Pipe_Vice_20.stp
  [OK]  Pipe_Vice_20/Pipe_Vice_20.stp — 20 nodes  34 edges  (16.1s)
  [137/193] Parsing: Pipe_Vice_21/Pipe_Vice_21.step
  [OK]  Pipe_Vice_21/Pipe_Vice_21.step — 3 nodes  2 edges  (2.9s)
  [138/193] Parsing: Pipe_Vice_22/Pipe_Vice_22.stp
  [OK]  Pipe_Vice_22/Pipe_Vice_22.stp — 8 nodes  8 edges  (3.3s)
  [139/193] Parsing: Pipe_Vice_23/Pipe_Vice_23.STEP
  [OK]  Pipe_Vice_23/Pipe_Vice_23.STEP — 21 nodes  26 edges  (98.2s)
  [140/193] Parsing: Pipe_Vice_24/Pipe_Vice_24.stp
  [OK]  Pipe_Vice_24/Pipe_Vice_24.stp — 10 nodes  10 edges  (7.9s)
  [141/193] Parsing: Pipe_Vice_25/Pipe_Vice_25.stp
  [OK]  Pipe_Vice_25/Pipe_Vice_25.stp — 16 nodes  21 edges  (3.6s)
  [142/193] Parsing: Pipe_Vice_27/Pipe_Vice_27.STEP
  [OK]  Pipe_Vice_27/Pipe_Vice_27.STEP — 17 nodes  20 edges  (4.5s)
  [143/193] Parsing: Pipe_Vice_28/Pipe_Vice_28.stp
  [OK]  Pipe_Vice_28/Pipe_Vice_28.stp — 7 nodes  6 edges  (3.5s)
  [144/193] Parsing: Pipe_Vice_29/Pipe_Vice_29.stp
  [OK]  Pipe_Vice_29/Pipe_Vice_29.stp — 6 nodes  4 edges  (3.4s)
  [145/193] Parsing: Pipe_Vice_30/Pipe_Vice_30.STEP
  [OK]  Pipe_Vice_30/Pipe_Vice_30.STEP — 6 nodes  4 edges  (3.5s)
  [146/193] Parsing: Pipe_Vice_31/Pipe_Vice_31.stp
  [OK]  Pipe_Vice_31/Pipe_Vice_31.stp — 7 nodes  4 edges  (22.6s)
  [147/193] Parsing: Pipe_Vice_32/Pipe_Vice_32.stp
  [OK]  Pipe_Vice_32/Pipe_Vice_32.stp — 9 nodes  10 edges  (8.5s)
  [148/193] Parsing: Pipe_Vice_33/Pipe_Vice_33.stp
  [OK]  Pipe_Vice_33/Pipe_Vice_33.stp — 6 nodes  3 edges  (3.4s)
  [149/193] Parsing: Pipe_Vice_35/Pipe_Vice_35.stp
  [OK]  Pipe_Vice_35/Pipe_Vice_35.stp — 10 nodes  12 edges  (3.4s)
  [150/193] Parsing: Pipe_Vice_36/Pipe_Vice_36.STEP
  [OK]  Pipe_Vice_36/Pipe_Vice_36.STEP — 7 nodes  6 edges  (3.4s)
  [151/193] Parsing: Pipe_Vice_37/Pipe_Vice_37.stp
  [OK]  Pipe_Vice_37/Pipe_Vice_37.stp — 8 nodes  8 edges  (3.4s)
  [152/193] Parsing: Pipe_Vice_38/Pipe_Vice_38.stp
  [OK]  Pipe_Vice_38/Pipe_Vice_38.stp — 10 nodes  13 edges  (7.2s)
  [153/193] Parsing: Pipe_Vice_40/Pipe_Vice_40.stp
  [OK]  Pipe_Vice_40/Pipe_Vice_40.stp — 39 nodes  61 edges  (8.2s)
  [154/193] Parsing: Pipe_Vice_41/Pipe_Vice_41.stp
  [OK]  Pipe_Vice_41/Pipe_Vice_41.stp — 5 nodes  6 edges  (3.4s)
  [155/193] Parsing: Pipe_Vice_42/Pipe_Vice_42.stp
  [OK]  Pipe_Vice_42/Pipe_Vice_42.stp — 6 nodes  4 edges  (3.4s)
  [156/193] Parsing: Pipe_Vice_43/Pipe_Vice_43.stp
  [OK]  Pipe_Vice_43/Pipe_Vice_43.stp — 15 nodes  17 edges  (3.6s)
  [157/193] Parsing: Pipe_Vice_44/Pipe_Vice_44.STEP
  [OK]  Pipe_Vice_44/Pipe_Vice_44.STEP — 39 nodes  64 edges  (69.9s)
  [158/193] Parsing: Pipe_Vice_45/Pipe_Vice_45.STEP
/Users/mbp/Documents/MTECH/Sem4/Individual_project/AI_Assisted_3D_Assembly_Design/AI-Assisted-3D-Assembly-Design/.venv/lib/python3.12/site-packages/trimesh/triangles.py:302: RuntimeWarning: divide by zero encountered in divide
  center_mass = integrated[1:4] / volume
/Users/mbp/Documents/MTECH/Sem4/Individual_project/AI_Assisted_3D_Assembly_Design/AI-Assisted-3D-Assembly-Design/.venv/lib/python3.12/site-packages/trimesh/triangles.py:302: RuntimeWarning: invalid value encountered in divide
  center_mass = integrated[1:4] / volume
  [OK]  Pipe_Vice_45/Pipe_Vice_45.STEP — 30 nodes  44 edges  (111.8s)
  [159/193] Parsing: Pipe_Vice_46/Pipe_Vice_46.stp
  [OK]  Pipe_Vice_46/Pipe_Vice_46.stp — 6 nodes  6 edges  (3.6s)
  [160/193] Parsing: Pipe_Vice_48/Pipe_Vice_48.step
  [OK]  Pipe_Vice_48/Pipe_Vice_48.step — 8 nodes  8 edges  (6.6s)
  [161/193] Parsing: Pipe_Vice_49/Pipe_Vice_49.STEP
  [OK]  Pipe_Vice_49/Pipe_Vice_49.STEP — 19 nodes  24 edges  (78.1s)
  [162/193] Parsing: Pipe_Vice_50/Pipe_Vice_50.stp
  [OK]  Pipe_Vice_50/Pipe_Vice_50.stp — 8 nodes  8 edges  (3.5s)
  [163/193] Parsing: Pipe_Vice_51/Pipe_Vice_51.step
  [OK]  Pipe_Vice_51/Pipe_Vice_51.step — 6 nodes  3 edges  (5.1s)
  [164/193] Parsing: Pipe_Vice_53/Pipe_Vice_53.step
  [OK]  Pipe_Vice_53/Pipe_Vice_53.step — 5 nodes  2 edges  (4.4s)
  [165/193] Parsing: Press_Tool_02/Press_Tool_02.stp
  [OK]  Press_Tool_02/Press_Tool_02.stp — 10 nodes  16 edges  (4.5s)
  [166/193] Parsing: Press_Tool_04/Press_Tool_04.stp
  [OK]  Press_Tool_04/Press_Tool_04.stp — 98 nodes  148 edges  (8.5s)
  [167/193] Parsing: Press_Tool_05/Press_Tool_05.stp
  [OK]  Press_Tool_05/Press_Tool_05.stp — 14 nodes  16 edges  (3.6s)
  [168/193] Parsing: Press_Tool_06/Press_Tool_06.STEP
  [OK]  Press_Tool_06/Press_Tool_06.STEP — 10 nodes  12 edges  (3.6s)
  [169/193] Parsing: Press_Tool_07/Press_Tool_07.stp
  [OK]  Press_Tool_07/Press_Tool_07.stp — 170 nodes  284 edges  (6.8s)
  [170/193] Parsing: Press_Tool_08/Press_Tool_08.step
  [OK]  Press_Tool_08/Press_Tool_08.step — 178 nodes  275 edges  (146.5s)
  [171/193] Parsing: Press_Tool_09/Press_Tool_09.STEP
  [OK]  Press_Tool_09/Press_Tool_09.STEP — 89 nodes  147 edges  (15.8s)
  [172/193] Parsing: Press_Tool_10/Press_Tool_10.step
  [OK]  Press_Tool_10/Press_Tool_10.step — 145 nodes  244 edges  (66.7s)
  [173/193] Parsing: Press_Tool_12/Press_Tool_12.STEP
  [OK]  Press_Tool_12/Press_Tool_12.STEP — 198 nodes  344 edges  (35.9s)
  [174/193] Parsing: Press_Tool_13/Press_Tool_13.stp
  [OK]  Press_Tool_13/Press_Tool_13.stp — 10 nodes  12 edges  (3.5s)
  [175/193] Parsing: Press_Tool_14/Press_Tool_14.stp
  [OK]  Press_Tool_14/Press_Tool_14.stp — 10 nodes  12 edges  (3.4s)
  [176/193] Parsing: Press_Tool_15/Press_Tool_15.stp
  [OK]  Press_Tool_15/Press_Tool_15.stp — 10 nodes  12 edges  (3.5s)
  [177/193] Parsing: Press_Tool_16/Press_Tool_16.stp
  [OK]  Press_Tool_16/Press_Tool_16.stp — 10 nodes  12 edges  (3.5s)
  [178/193] Parsing: Press_Tool_17/Press_Tool_17.step
  [OK]  Press_Tool_17/Press_Tool_17.step — 10 nodes  12 edges  (3.5s)
  [179/193] Parsing: Press_Tool_18/Press_Tool_18.step
  [OK]  Press_Tool_18/Press_Tool_18.step — 8 nodes  6 edges  (7.5s)
  [180/193] Parsing: Press_Tool_19/Press_Tool_19.step
  [OK]  Press_Tool_19/Press_Tool_19.step — 37 nodes  71 edges  (13.1s)
  [181/193] Parsing: Press_Tool_21/Press_Tool_21.stp
  [OK]  Press_Tool_21/Press_Tool_21.stp — 43 nodes  72 edges  (4.6s)
  [182/193] Parsing: Press_Tool_23/Press_Tool_23.stp
  [OK]  Press_Tool_23/Press_Tool_23.stp — 10 nodes  12 edges  (3.9s)
  [183/193] Parsing: Press_Tool_24/Press_Tool_24.STEP
  [OK]  Press_Tool_24/Press_Tool_24.STEP — 10 nodes  12 edges  (3.5s)
  [184/193] Parsing: Press_Tool_25/Press_Tool_25.stp
  [OK]  Press_Tool_25/Press_Tool_25.stp — 14 nodes  20 edges  (3.5s)
  [185/193] Parsing: Press_Tool_26/Press_Tool_26.step
  [OK]  Press_Tool_26/Press_Tool_26.step — 16 nodes  16 edges  (17.8s)
  [186/193] Parsing: Tool_Post_01/Tool_Post_01.step
  [OK]  Tool_Post_01/Tool_Post_01.step — 31 nodes  42 edges  (4.6s)
  [187/193] Parsing: Tool_Post_02/Tool_Post_02.stp
  [OK]  Tool_Post_02/Tool_Post_02.stp — 28 nodes  25 edges  (92.6s)
  [188/193] Parsing: Tool_Post_05/Tool_Post_05.STEP
  [OK]  Tool_Post_05/Tool_Post_05.STEP — 54 nodes  68 edges  (57.4s)
  [189/193] Parsing: Tool_Post_08/Tool_Post_08.stp
  [OK]  Tool_Post_08/Tool_Post_08.stp — 15 nodes  19 edges  (4.8s)
  [190/193] Parsing: Tool_Post_10/Tool_Post_10.stp
  [OK]  Tool_Post_10/Tool_Post_10.stp — 50 nodes  50 edges  (11.3s)
  [191/193] Parsing: Tool_Post_13/Tool_Post_13.stp
  [OK]  Tool_Post_13/Tool_Post_13.stp — 27 nodes  36 edges  (3.9s)
  [192/193] Parsing: Tool_Post_14/Tool_Post_14.stp
  [OK]  Tool_Post_14/Tool_Post_14.stp — 24 nodes  30 edges  (4.2s)
  [193/193] Parsing: Tool_Post_17/Tool_Post_17.STEP
  [OK]  Tool_Post_17/Tool_Post_17.STEP — 31 nodes  45 edges  (19.5s)
  Parsed 191 new  |  cached: 0  errors: 0  timeouts: 2
Done!
/Users/mbp/Documents/MTECH/Sem4/Individual_project/AI_Assisted_3D_Assembly_Design/AI-Assisted-3D-Assembly-Design/.venv/lib/python3.12/site-packages/torch_geometric/transforms/base_transform.py:32: UserWarning: There are not enough negative edges to satisfy the provided sampling ratio. The ratio will be adjusted to 0.00.
  return self.forward(copy.copy(data))
  Using 191 real assembly graph(s) — no synthetic data.
  Saved 191 graphs → data/processed/processed/data.pt
  Saved source paths    → data/processed/processed/sources.json
  Saved categories      → data/processed/processed/categories.json
      191 graphs loaded.
      Dataset: 191 graphs | mean nodes=26.8 | mean edges=80.9 | categories: Bench_vice=54 C_Clamps=31 Crane_hook=16 Gate_Valve=19 Pipe_vice=42 Press_Tool=21 Tool_Post=8

[2/4] Building model …  (5-fold CV)

[3/4] Training (5 folds) …

=======================================================
  FOLD 1 / 5
=======================================================
  Fold 1/5 — train: 136  val: 34  test: 21
Model built on mps  |  total params: 2,441,809
    batch 1/9
    batch 6/9
  Ep   1/200  loss=1.6158  AUC=0.5257  AP=0.7629  smoothAUC=0.5257  (36.7s)
  ✓ Fold 1 new best smoothed AUC=0.5257  saved.
    batch 1/9
    batch 6/9
  Ep   2/200  loss=1.5534  AUC=0.5602  AP=0.7731  smoothAUC=0.5429  (34.6s)
  ✓ Fold 1 new best smoothed AUC=0.5429  saved.
    batch 1/9
    batch 6/9
  Ep   3/200  loss=1.5138  AUC=0.5876  AP=0.7969  smoothAUC=0.5578  (32.3s)
  ✓ Fold 1 new best smoothed AUC=0.5578  saved.
    batch 1/9
    batch 6/9
  Ep   4/200  loss=1.4688  AUC=0.6324  AP=0.8210  smoothAUC=0.5934  (31.0s)
  ✓ Fold 1 new best smoothed AUC=0.5934  saved.
    batch 1/9
    batch 6/9
  Ep   5/200  loss=1.4158  AUC=0.6276  AP=0.8227  smoothAUC=0.6159  (33.8s)
  ✓ Fold 1 new best smoothed AUC=0.6159  saved.
    batch 1/9
    batch 6/9
  Ep   6/200  loss=1.3717  AUC=0.5640  AP=0.7778  smoothAUC=0.6080  (34.4s)
    batch 1/9
    batch 6/9
  Ep   7/200  loss=1.3194  AUC=0.5516  AP=0.8069  smoothAUC=0.5811  (43.2s)
    batch 1/9
    batch 6/9
  Ep   8/200  loss=1.2987  AUC=0.5414  AP=0.8032  smoothAUC=0.5523  (38.3s)
    batch 1/9
    batch 6/9
  Ep   9/200  loss=1.2257  AUC=0.5575  AP=0.8031  smoothAUC=0.5502  (31.5s)
    batch 1/9
    batch 6/9
  Ep  10/200  loss=1.1575  AUC=0.5877  AP=0.8071  smoothAUC=0.5622  (30.4s)
    batch 1/9
    batch 6/9
  Ep  11/200  loss=1.1354  AUC=0.5632  AP=0.8033  smoothAUC=0.5695  (36.5s)
    batch 1/9
    batch 6/9
  Ep  12/200  loss=1.1020  AUC=0.5718  AP=0.7866  smoothAUC=0.5742  (47.4s)
    batch 1/9
    batch 6/9
  Ep  13/200  loss=1.1904  AUC=0.5715  AP=0.7817  smoothAUC=0.5689  (38.5s)
    batch 1/9
    batch 6/9
  Ep  14/200  loss=1.0570  AUC=0.5498  AP=0.7758  smoothAUC=0.5644  (42.6s)
    batch 1/9
    batch 6/9
  Ep  15/200  loss=1.0748  AUC=0.5730  AP=0.7927  smoothAUC=0.5648  (31.7s)
    batch 1/9
    batch 6/9
  Ep  16/200  loss=1.0073  AUC=0.5897  AP=0.8060  smoothAUC=0.5708  (45.7s)
    batch 1/9
    batch 6/9
  Ep  17/200  loss=1.0956  AUC=0.5928  AP=0.8050  smoothAUC=0.5852  (50.3s)
    batch 1/9
    batch 6/9
  Ep  18/200  loss=0.9553  AUC=0.5867  AP=0.7999  smoothAUC=0.5897  (33.4s)
    batch 1/9
    batch 6/9
  Ep  19/200  loss=0.9825  AUC=0.5876  AP=0.8081  smoothAUC=0.5890  (42.2s)
    batch 1/9
    batch 6/9
  Ep  20/200  loss=0.9197  AUC=0.5818  AP=0.8063  smoothAUC=0.5854  (49.5s)
    batch 1/9
    batch 6/9
  Ep  21/200  loss=0.9097  AUC=0.5655  AP=0.8000  smoothAUC=0.5783  (38.2s)
    batch 1/9
    batch 6/9
  Ep  22/200  loss=0.9264  AUC=0.5816  AP=0.7987  smoothAUC=0.5763  (34.1s)
    batch 1/9
    batch 6/9
  Ep  23/200  loss=0.9232  AUC=0.6088  AP=0.8271  smoothAUC=0.5853  (32.8s)
    batch 1/9
    batch 6/9
  Ep  24/200  loss=0.9315  AUC=0.6150  AP=0.8343  smoothAUC=0.6018  (36.1s)
    batch 1/9
    batch 6/9
/Users/mbp/Documents/MTECH/Sem4/Individual_project/AI_Assisted_3D_Assembly_Design/AI-Assisted-3D-Assembly-Design/.venv/lib/python3.12/site-packages/torch_geometric/transforms/base_transform.py:32: UserWarning: There are not enough negative edges to satisfy the provided sampling ratio. The ratio will be adjusted to 0.00.
  return self.forward(copy.copy(data))
  Ep  25/200  loss=0.8820  AUC=0.6197  AP=0.8403  smoothAUC=0.6145  (47.6s)

  Early stopping at epoch 25.

  Fold 1 test — AUC=0.4757  AP=0.6806

=======================================================
  FOLD 2 / 5
=======================================================
  Fold 2/5 — train: 136  val: 34  test: 21
Model built on mps  |  total params: 2,441,809
    batch 1/9
    batch 6/9
  Ep   1/200  loss=1.5998  AUC=0.5338  AP=0.7204  smoothAUC=0.5338  (58.9s)
  ✓ Fold 2 new best smoothed AUC=0.5338  saved.
    batch 1/9
    batch 6/9
  Ep   2/200  loss=1.5089  AUC=0.5350  AP=0.7183  smoothAUC=0.5344  (48.8s)
  ✓ Fold 2 new best smoothed AUC=0.5344  saved.
    batch 1/9
    batch 6/9
  Ep   3/200  loss=1.4724  AUC=0.5615  AP=0.7290  smoothAUC=0.5434  (56.2s)
  ✓ Fold 2 new best smoothed AUC=0.5434  saved.
    batch 1/9
    batch 6/9
  Ep   4/200  loss=1.4048  AUC=0.5634  AP=0.7337  smoothAUC=0.5533  (60.6s)
  ✓ Fold 2 new best smoothed AUC=0.5533  saved.
    batch 1/9
    batch 6/9
  Ep   5/200  loss=1.3818  AUC=0.5816  AP=0.7482  smoothAUC=0.5688  (65.6s)
  ✓ Fold 2 new best smoothed AUC=0.5688  saved.
    batch 1/9
    batch 6/9
  Ep   6/200  loss=1.3733  AUC=0.5961  AP=0.7783  smoothAUC=0.5804  (58.1s)
  ✓ Fold 2 new best smoothed AUC=0.5804  saved.
    batch 1/9
    batch 6/9
  Ep   7/200  loss=1.3172  AUC=0.6054  AP=0.7905  smoothAUC=0.5944  (58.0s)
  ✓ Fold 2 new best smoothed AUC=0.5944  saved.
    batch 1/9
    batch 6/9
  Ep   8/200  loss=1.2527  AUC=0.6414  AP=0.8153  smoothAUC=0.6143  (59.7s)
  ✓ Fold 2 new best smoothed AUC=0.6143  saved.
    batch 1/9
    batch 6/9
  Ep   9/200  loss=1.1919  AUC=0.6281  AP=0.7956  smoothAUC=0.6250  (65.1s)
  ✓ Fold 2 new best smoothed AUC=0.6250  saved.
    batch 1/9
    batch 6/9
  Ep  10/200  loss=1.1169  AUC=0.6244  AP=0.7787  smoothAUC=0.6313  (80.1s)
  ✓ Fold 2 new best smoothed AUC=0.6313  saved.
    batch 1/9
    batch 6/9
  Ep  11/200  loss=1.1161  AUC=0.6289  AP=0.7940  smoothAUC=0.6271  (75.0s)
    batch 1/9
    batch 6/9
  Ep  12/200  loss=1.0318  AUC=0.6203  AP=0.7949  smoothAUC=0.6245  (68.8s)
    batch 1/9
    batch 6/9
  Ep  13/200  loss=1.0261  AUC=0.6075  AP=0.7853  smoothAUC=0.6189  (62.0s)
    batch 1/9
    batch 6/9
  Ep  14/200  loss=1.0436  AUC=0.5953  AP=0.7537  smoothAUC=0.6077  (67.3s)
    batch 1/9
    batch 6/9
  Ep  15/200  loss=1.0505  AUC=0.6458  AP=0.7948  smoothAUC=0.6162  (70.0s)
    batch 1/9
    batch 6/9
  Ep  16/200  loss=0.9699  AUC=0.6134  AP=0.7815  smoothAUC=0.6182  (66.4s)
    batch 1/9
    batch 6/9
  Ep  17/200  loss=0.9462  AUC=0.6112  AP=0.7898  smoothAUC=0.6235  (48.4s)
    batch 1/9
    batch 6/9
  Ep  18/200  loss=0.9051  AUC=0.6268  AP=0.7909  smoothAUC=0.6171  (52.6s)
    batch 1/9
    batch 6/9
  Ep  19/200  loss=0.8471  AUC=0.6380  AP=0.8134  smoothAUC=0.6253  (63.3s)
    batch 1/9
    batch 6/9
  Ep  20/200  loss=0.8682  AUC=0.6362  AP=0.8009  smoothAUC=0.6337  (52.8s)
  ✓ Fold 2 new best smoothed AUC=0.6337  saved.
    batch 1/9
    batch 6/9
  Ep  21/200  loss=0.8284  AUC=0.6459  AP=0.7965  smoothAUC=0.6400  (58.6s)
  ✓ Fold 2 new best smoothed AUC=0.6400  saved.
    batch 1/9
    batch 6/9
  Ep  22/200  loss=0.7964  AUC=0.6352  AP=0.7885  smoothAUC=0.6391  (43.4s)
    batch 1/9
    batch 6/9
  Ep  23/200  loss=0.7951  AUC=0.6292  AP=0.7869  smoothAUC=0.6368  (48.8s)
    batch 1/9
    batch 6/9
  Ep  24/200  loss=0.7698  AUC=0.6195  AP=0.7814  smoothAUC=0.6279  (54.3s)
    batch 1/9
    batch 6/9
  Ep  25/200  loss=0.8272  AUC=0.6172  AP=0.7817  smoothAUC=0.6220  (52.3s)
    batch 1/9
    batch 6/9
  Ep  26/200  loss=0.8561  AUC=0.6409  AP=0.7951  smoothAUC=0.6259  (47.2s)
    batch 1/9
    batch 6/9
  Ep  27/200  loss=0.7513  AUC=0.6602  AP=0.8096  smoothAUC=0.6394  (48.3s)
    batch 1/9
    batch 6/9
  Ep  28/200  loss=0.7104  AUC=0.6696  AP=0.8129  smoothAUC=0.6569  (62.0s)
  ✓ Fold 2 new best smoothed AUC=0.6569  saved.
    batch 1/9
    batch 6/9
  Ep  29/200  loss=0.7563  AUC=0.6645  AP=0.8150  smoothAUC=0.6648  (56.1s)
  ✓ Fold 2 new best smoothed AUC=0.6648  saved.
    batch 1/9
    batch 6/9
  Ep  30/200  loss=0.7180  AUC=0.6766  AP=0.8232  smoothAUC=0.6703  (63.0s)
  ✓ Fold 2 new best smoothed AUC=0.6703  saved.
    batch 1/9
    batch 6/9
  Ep  31/200  loss=0.7099  AUC=0.6870  AP=0.8265  smoothAUC=0.6761  (65.1s)
  ✓ Fold 2 new best smoothed AUC=0.6761  saved.
    batch 1/9
    batch 6/9
  Ep  32/200  loss=0.7089  AUC=0.7061  AP=0.8291  smoothAUC=0.6899  (87.5s)
  ✓ Fold 2 new best smoothed AUC=0.6899  saved.
    batch 1/9
    batch 6/9
  Ep  33/200  loss=0.6873  AUC=0.7055  AP=0.8289  smoothAUC=0.6995  (82.6s)
  ✓ Fold 2 new best smoothed AUC=0.6995  saved.
    batch 1/9
    batch 6/9
  Ep  34/200  loss=0.6792  AUC=0.6975  AP=0.8268  smoothAUC=0.7030  (75.3s)
  ✓ Fold 2 new best smoothed AUC=0.7030  saved.
    batch 1/9
    batch 6/9
  Ep  35/200  loss=0.6059  AUC=0.6895  AP=0.8230  smoothAUC=0.6975  (64.8s)
    batch 1/9
    batch 6/9
  Ep  36/200  loss=0.6454  AUC=0.6927  AP=0.8265  smoothAUC=0.6932  (72.5s)
    batch 1/9
    batch 6/9
  Ep  37/200  loss=0.6401  AUC=0.6932  AP=0.8328  smoothAUC=0.6918  (63.5s)
    batch 1/9
    batch 6/9
  Ep  38/200  loss=0.6301  AUC=0.6952  AP=0.8335  smoothAUC=0.6937  (61.9s)
    batch 1/9
    batch 6/9
  Ep  39/200  loss=0.6355  AUC=0.6954  AP=0.8390  smoothAUC=0.6946  (107.3s)
    batch 1/9
    batch 6/9
  Ep  40/200  loss=0.6217  AUC=0.6962  AP=0.8411  smoothAUC=0.6956  (86.9s)
    batch 1/9
    batch 6/9
  Ep  41/200  loss=0.6751  AUC=0.6942  AP=0.8408  smoothAUC=0.6952  (68.7s)
    batch 1/9
    batch 6/9
  Ep  42/200  loss=0.6927  AUC=0.6898  AP=0.8331  smoothAUC=0.6934  (57.1s)
    batch 1/9
    batch 6/9
  Ep  43/200  loss=0.6265  AUC=0.6547  AP=0.8095  smoothAUC=0.6796  (68.3s)
    batch 1/9
    batch 6/9
  Ep  44/200  loss=0.6615  AUC=0.6631  AP=0.8150  smoothAUC=0.6692  (89.2s)
    batch 1/9
    batch 6/9
  Ep  45/200  loss=0.5932  AUC=0.6798  AP=0.8278  smoothAUC=0.6659  (57.1s)
    batch 1/9
    batch 6/9
  Ep  46/200  loss=0.5740  AUC=0.6871  AP=0.8308  smoothAUC=0.6767  (74.5s)
    batch 1/9
    batch 6/9
  Ep  47/200  loss=0.5740  AUC=0.6948  AP=0.8339  smoothAUC=0.6873  (68.4s)
    batch 1/9
    batch 6/9
  Ep  48/200  loss=0.5792  AUC=0.6913  AP=0.8354  smoothAUC=0.6911  (70.5s)
    batch 1/9
    batch 6/9
  Ep  49/200  loss=0.5514  AUC=0.6851  AP=0.8320  smoothAUC=0.6904  (71.3s)
    batch 1/9
    batch 6/9
  Ep  50/200  loss=0.5657  AUC=0.6794  AP=0.8266  smoothAUC=0.6853  (67.0s)
    batch 1/9
    batch 6/9
  Ep  51/200  loss=0.5811  AUC=0.6871  AP=0.8328  smoothAUC=0.6839  (91.4s)
    batch 1/9
    batch 6/9
  Ep  52/200  loss=0.6020  AUC=0.6906  AP=0.8381  smoothAUC=0.6857  (77.1s)
    batch 1/9
    batch 6/9
  Ep  53/200  loss=0.5977  AUC=0.6907  AP=0.8377  smoothAUC=0.6895  (82.4s)
    batch 1/9
    batch 6/9
/Users/mbp/Documents/MTECH/Sem4/Individual_project/AI_Assisted_3D_Assembly_Design/AI-Assisted-3D-Assembly-Design/.venv/lib/python3.12/site-packages/torch_geometric/transforms/base_transform.py:32: UserWarning: There are not enough negative edges to satisfy the provided sampling ratio. The ratio will be adjusted to 0.00.
  return self.forward(copy.copy(data))
  Ep  54/200  loss=0.5348  AUC=0.6959  AP=0.8395  smoothAUC=0.6924  (97.3s)

  Early stopping at epoch 54.

  Fold 2 test — AUC=0.6031  AP=0.7677

=======================================================
  FOLD 3 / 5
=======================================================
  Fold 3/5 — train: 136  val: 34  test: 21
Model built on mps  |  total params: 2,441,809
    batch 1/9
    batch 6/9
  Ep   1/200  loss=1.6068  AUC=0.4785  AP=0.6804  smoothAUC=0.4785  (91.8s)
  ✓ Fold 3 new best smoothed AUC=0.4785  saved.
    batch 1/9
    batch 6/9
  Ep   2/200  loss=1.5517  AUC=0.5506  AP=0.7154  smoothAUC=0.5145  (855.5s)
  ✓ Fold 3 new best smoothed AUC=0.5145  saved.
    batch 1/9
    batch 6/9
  Ep   3/200  loss=1.5106  AUC=0.5335  AP=0.7173  smoothAUC=0.5208  (101.9s)
  ✓ Fold 3 new best smoothed AUC=0.5208  saved.
    batch 1/9
    batch 6/9
  Ep   4/200  loss=1.4449  AUC=0.5234  AP=0.7145  smoothAUC=0.5358  (345.3s)
  ✓ Fold 3 new best smoothed AUC=0.5358  saved.
    batch 1/9
    batch 6/9
  Ep   5/200  loss=1.3843  AUC=0.5413  AP=0.7169  smoothAUC=0.5327  (91.4s)
    batch 1/9
    batch 6/9
  Ep   6/200  loss=1.3026  AUC=0.5786  AP=0.7269  smoothAUC=0.5477  (90.5s)
  ✓ Fold 3 new best smoothed AUC=0.5477  saved.
    batch 1/9
    batch 6/9
  Ep   7/200  loss=1.3056  AUC=0.5631  AP=0.7362  smoothAUC=0.5610  (89.1s)
  ✓ Fold 3 new best smoothed AUC=0.5610  saved.
    batch 1/9
    batch 6/9
  Ep   8/200  loss=1.2591  AUC=0.6152  AP=0.7662  smoothAUC=0.5856  (107.1s)
  ✓ Fold 3 new best smoothed AUC=0.5856  saved.
    batch 1/9
    batch 6/9
  Ep   9/200  loss=1.1866  AUC=0.6430  AP=0.7880  smoothAUC=0.6071  (85.3s)
  ✓ Fold 3 new best smoothed AUC=0.6071  saved.
    batch 1/9
    batch 6/9
  Ep  10/200  loss=1.1465  AUC=0.6609  AP=0.7989  smoothAUC=0.6397  (81.2s)
  ✓ Fold 3 new best smoothed AUC=0.6397  saved.
    batch 1/9
    batch 6/9
  Ep  11/200  loss=1.1968  AUC=0.6559  AP=0.8120  smoothAUC=0.6533  (102.5s)
  ✓ Fold 3 new best smoothed AUC=0.6533  saved.
    batch 1/9
    batch 6/9
  Ep  12/200  loss=1.2016  AUC=0.5651  AP=0.7642  smoothAUC=0.6273  (96.5s)
    batch 1/9
    batch 6/9
  Ep  13/200  loss=1.1446  AUC=0.5877  AP=0.7661  smoothAUC=0.6029  (124.5s)
    batch 1/9
    batch 6/9
  Ep  14/200  loss=1.0635  AUC=0.5996  AP=0.7693  smoothAUC=0.5842  (95.1s)
    batch 1/9
    batch 6/9
  Ep  15/200  loss=1.0409  AUC=0.5996  AP=0.7519  smoothAUC=0.5957  (115.1s)
    batch 1/9
    batch 6/9
  Ep  16/200  loss=0.9851  AUC=0.6243  AP=0.7651  smoothAUC=0.6079  (88.5s)
    batch 1/9
    batch 6/9
  Ep  17/200  loss=0.9696  AUC=0.6500  AP=0.7975  smoothAUC=0.6246  (66.2s)
    batch 1/9
    batch 6/9
  Ep  18/200  loss=0.9940  AUC=0.6471  AP=0.7983  smoothAUC=0.6405  (92.7s)
    batch 1/9
    batch 6/9
  Ep  19/200  loss=0.9741  AUC=0.6396  AP=0.8007  smoothAUC=0.6456  (87.9s)
    batch 1/9
    batch 6/9
  Ep  20/200  loss=0.8959  AUC=0.5952  AP=0.7685  smoothAUC=0.6273  (109.1s)
    batch 1/9
    batch 6/9
  Ep  21/200  loss=1.0071  AUC=0.6030  AP=0.7708  smoothAUC=0.6126  (73.8s)
    batch 1/9
    batch 6/9
  Ep  22/200  loss=0.8813  AUC=0.5874  AP=0.7621  smoothAUC=0.5952  (91.3s)
    batch 1/9
    batch 6/9
  Ep  23/200  loss=0.8525  AUC=0.5869  AP=0.7606  smoothAUC=0.5925  (103.7s)
    batch 1/9
    batch 6/9
  Ep  24/200  loss=0.8312  AUC=0.5919  AP=0.7647  smoothAUC=0.5887  (99.8s)
    batch 1/9
    batch 6/9
  Ep  25/200  loss=0.8257  AUC=0.5919  AP=0.7796  smoothAUC=0.5902  (98.1s)
    batch 1/9
    batch 6/9
  Ep  26/200  loss=0.8111  AUC=0.6040  AP=0.7859  smoothAUC=0.5959  (135.1s)
    batch 1/9
    batch 6/9
  Ep  27/200  loss=0.8457  AUC=0.6126  AP=0.7865  smoothAUC=0.6028  (108.7s)
    batch 1/9
    batch 6/9
  Ep  28/200  loss=0.7699  AUC=0.6072  AP=0.7787  smoothAUC=0.6079  (85.4s)
    batch 1/9
    batch 6/9
  Ep  29/200  loss=0.7081  AUC=0.6487  AP=0.8007  smoothAUC=0.6228  (99.7s)
    batch 1/9
    batch 6/9
  Ep  30/200  loss=0.7400  AUC=0.6520  AP=0.8004  smoothAUC=0.6360  (101.2s)
    batch 1/9
    batch 6/9
/Users/mbp/Documents/MTECH/Sem4/Individual_project/AI_Assisted_3D_Assembly_Design/AI-Assisted-3D-Assembly-Design/.venv/lib/python3.12/site-packages/torch_geometric/transforms/base_transform.py:32: UserWarning: There are not enough negative edges to satisfy the provided sampling ratio. The ratio will be adjusted to 0.00.
  return self.forward(copy.copy(data))
  Ep  31/200  loss=0.8152  AUC=0.6466  AP=0.7995  smoothAUC=0.6491  (112.7s)

  Early stopping at epoch 31.

  Fold 3 test — AUC=0.5910  AP=0.7700

=======================================================
  FOLD 4 / 5
=======================================================
  Fold 4/5 — train: 136  val: 34  test: 21
Model built on mps  |  total params: 2,441,809
    batch 1/9
    batch 6/9
  Ep   1/200  loss=1.6167  AUC=0.4879  AP=0.6956  smoothAUC=0.4879  (118.0s)
  ✓ Fold 4 new best smoothed AUC=0.4879  saved.
    batch 1/9
    batch 6/9
  Ep   2/200  loss=1.5822  AUC=0.5169  AP=0.7493  smoothAUC=0.5024  (110.9s)
  ✓ Fold 4 new best smoothed AUC=0.5024  saved.
    batch 1/9
    batch 6/9
  Ep   3/200  loss=1.5160  AUC=0.4852  AP=0.7255  smoothAUC=0.4967  (107.5s)
    batch 1/9
    batch 6/9
  Ep   4/200  loss=1.4792  AUC=0.4886  AP=0.7082  smoothAUC=0.4969  (99.9s)
    batch 1/9
    batch 6/9
  Ep   5/200  loss=1.3915  AUC=0.5052  AP=0.6998  smoothAUC=0.4930  (116.0s)
    batch 1/9
    batch 6/9
  Ep   6/200  loss=1.3736  AUC=0.5064  AP=0.7023  smoothAUC=0.5001  (105.5s)
    batch 1/9
    batch 6/9
  Ep   7/200  loss=1.3370  AUC=0.5638  AP=0.7344  smoothAUC=0.5252  (114.2s)
  ✓ Fold 4 new best smoothed AUC=0.5252  saved.
    batch 1/9
    batch 6/9
  Ep   8/200  loss=1.3549  AUC=0.5980  AP=0.7827  smoothAUC=0.5561  (115.0s)
  ✓ Fold 4 new best smoothed AUC=0.5561  saved.
    batch 1/9
    batch 6/9
  Ep   9/200  loss=1.2515  AUC=0.6163  AP=0.8014  smoothAUC=0.5927  (106.2s)
  ✓ Fold 4 new best smoothed AUC=0.5927  saved.
    batch 1/9
    batch 6/9
  Ep  10/200  loss=1.2101  AUC=0.5689  AP=0.7739  smoothAUC=0.5944  (97.7s)
  ✓ Fold 4 new best smoothed AUC=0.5944  saved.
    batch 1/9
    batch 6/9
  Ep  11/200  loss=1.2061  AUC=0.4286  AP=0.6758  smoothAUC=0.5379  (127.0s)
    batch 1/9
    batch 6/9
  Ep  12/200  loss=1.2035  AUC=0.4211  AP=0.6623  smoothAUC=0.4729  (103.2s)
    batch 1/9
    batch 6/9
  Ep  13/200  loss=1.1879  AUC=0.3903  AP=0.6544  smoothAUC=0.4134  (122.7s)
    batch 1/9
    batch 6/9
  Ep  14/200  loss=1.1812  AUC=0.3910  AP=0.6592  smoothAUC=0.4008  (1104.8s)
    batch 1/9
    batch 6/9
  Ep  15/200  loss=1.1469  AUC=0.4453  AP=0.6875  smoothAUC=0.4089  (157.8s)
    batch 1/9
    batch 6/9
  Ep  16/200  loss=1.0499  AUC=0.4535  AP=0.6877  smoothAUC=0.4299  (156.3s)
    batch 1/9
    batch 6/9
  Ep  17/200  loss=1.0735  AUC=0.4640  AP=0.6803  smoothAUC=0.4542  (129.5s)
    batch 1/9
    batch 6/9
  Ep  18/200  loss=1.0511  AUC=0.5014  AP=0.6953  smoothAUC=0.4729  (117.9s)
    batch 1/9
    batch 6/9
  Ep  19/200  loss=0.9997  AUC=0.5228  AP=0.7164  smoothAUC=0.4960  (149.0s)
    batch 1/9
    batch 6/9
  Ep  20/200  loss=1.0006  AUC=0.5410  AP=0.7291  smoothAUC=0.5217  (117.2s)
    batch 1/9
    batch 6/9
  Ep  21/200  loss=0.9611  AUC=0.5552  AP=0.7386  smoothAUC=0.5397  (118.6s)
    batch 1/9
    batch 6/9
  Ep  22/200  loss=0.9489  AUC=0.5194  AP=0.7198  smoothAUC=0.5385  (96.2s)
    batch 1/9
    batch 6/9
  Ep  23/200  loss=0.9506  AUC=0.5116  AP=0.7238  smoothAUC=0.5287  (124.7s)
    batch 1/9
    batch 6/9
  Ep  24/200  loss=0.8565  AUC=0.5169  AP=0.7226  smoothAUC=0.5160  (130.9s)
    batch 1/9
    batch 6/9
  Ep  25/200  loss=0.8984  AUC=0.5333  AP=0.7253  smoothAUC=0.5206  (189.8s)
    batch 1/9
    batch 6/9
  Ep  26/200  loss=0.8725  AUC=0.5502  AP=0.7487  smoothAUC=0.5334  (97.7s)
    batch 1/9
    batch 6/9
  Ep  27/200  loss=0.8289  AUC=0.6074  AP=0.7904  smoothAUC=0.5636  (140.6s)
    batch 1/9
    batch 6/9
  Ep  28/200  loss=0.9241  AUC=0.6190  AP=0.7920  smoothAUC=0.5922  (126.3s)
    batch 1/9
    batch 6/9
  Ep  29/200  loss=0.8250  AUC=0.6110  AP=0.7775  smoothAUC=0.6125  (175.9s)
  ✓ Fold 4 new best smoothed AUC=0.6125  saved.
    batch 1/9
    batch 6/9
  Ep  30/200  loss=0.8276  AUC=0.5971  AP=0.7649  smoothAUC=0.6091  (144.0s)
    batch 1/9
    batch 6/9
  Ep  31/200  loss=0.7553  AUC=0.5784  AP=0.7372  smoothAUC=0.5955  (131.1s)
    batch 1/9
    batch 6/9
  Ep  32/200  loss=0.7993  AUC=0.5657  AP=0.7296  smoothAUC=0.5804  (153.1s)
    batch 1/9
    batch 6/9
  Ep  33/200  loss=0.8499  AUC=0.5543  AP=0.7292  smoothAUC=0.5661  (151.4s)
    batch 1/9
    batch 6/9
  Ep  34/200  loss=0.7572  AUC=0.5451  AP=0.7347  smoothAUC=0.5550  (116.2s)
    batch 1/9
    batch 6/9
  Ep  35/200  loss=0.7919  AUC=0.5404  AP=0.7289  smoothAUC=0.5466  (129.2s)
    batch 1/9
    batch 6/9
  Ep  36/200  loss=0.8131  AUC=0.5344  AP=0.7179  smoothAUC=0.5400  (149.2s)
    batch 1/9
    batch 6/9
  Ep  37/200  loss=0.7923  AUC=0.5324  AP=0.7103  smoothAUC=0.5357  (134.5s)
    batch 1/9
    batch 6/9
  Ep  38/200  loss=0.7446  AUC=0.5360  AP=0.7047  smoothAUC=0.5343  (173.5s)
    batch 1/9
    batch 6/9
  Ep  39/200  loss=0.7831  AUC=0.5445  AP=0.7096  smoothAUC=0.5376  (130.4s)
    batch 1/9
    batch 6/9
  Ep  40/200  loss=0.7894  AUC=0.5454  AP=0.7150  smoothAUC=0.5420  (129.6s)
    batch 1/9
    batch 6/9
  Ep  41/200  loss=0.7425  AUC=0.5431  AP=0.7175  smoothAUC=0.5443  (138.1s)
    batch 1/9
    batch 6/9
  Ep  42/200  loss=0.7209  AUC=0.5431  AP=0.7140  smoothAUC=0.5439  (167.0s)
    batch 1/9
    batch 6/9
  Ep  43/200  loss=0.7136  AUC=0.5445  AP=0.7234  smoothAUC=0.5435  (130.4s)
    batch 1/9
    batch 6/9
  Ep  44/200  loss=0.7348  AUC=0.5415  AP=0.7143  smoothAUC=0.5430  (181.3s)
    batch 1/9
    batch 6/9
  Ep  45/200  loss=0.6860  AUC=0.5424  AP=0.7160  smoothAUC=0.5428  (158.9s)
    batch 1/9
    batch 6/9
  Ep  46/200  loss=0.6810  AUC=0.5534  AP=0.7255  smoothAUC=0.5458  (154.8s)
    batch 1/9
    batch 6/9
  Ep  47/200  loss=0.7144  AUC=0.5531  AP=0.7267  smoothAUC=0.5496  (114.8s)
    batch 1/9
    batch 6/9
  Ep  48/200  loss=0.6979  AUC=0.5511  AP=0.7237  smoothAUC=0.5525  (169.3s)
    batch 1/9
    batch 6/9
/Users/mbp/Documents/MTECH/Sem4/Individual_project/AI_Assisted_3D_Assembly_Design/AI-Assisted-3D-Assembly-Design/.venv/lib/python3.12/site-packages/torch_geometric/transforms/base_transform.py:32: UserWarning: There are not enough negative edges to satisfy the provided sampling ratio. The ratio will be adjusted to 0.00.
  return self.forward(copy.copy(data))
  Ep  49/200  loss=0.6702  AUC=0.5520  AP=0.7227  smoothAUC=0.5521  (138.3s)

  Early stopping at epoch 49.

  Fold 4 test — AUC=0.5930  AP=0.7656

=======================================================
  FOLD 5 / 5
=======================================================
  Fold 5/5 — train: 136  val: 34  test: 21
Model built on mps  |  total params: 2,441,809
    batch 1/9
    batch 6/9
  Ep   1/200  loss=1.6100  AUC=0.5382  AP=0.7401  smoothAUC=0.5382  (153.7s)
  ✓ Fold 5 new best smoothed AUC=0.5382  saved.
    batch 1/9
    batch 6/9
  Ep   2/200  loss=1.5365  AUC=0.5343  AP=0.7373  smoothAUC=0.5363  (188.3s)
    batch 1/9
    batch 6/9
  Ep   3/200  loss=1.4993  AUC=0.5418  AP=0.7381  smoothAUC=0.5381  (155.9s)
    batch 1/9
    batch 6/9
  Ep   4/200  loss=1.4287  AUC=0.4915  AP=0.6920  smoothAUC=0.5225  (162.8s)
    batch 1/9
    batch 6/9
  Ep   5/200  loss=1.4157  AUC=0.5176  AP=0.7002  smoothAUC=0.5169  (159.6s)
    batch 1/9
    batch 6/9
  Ep   6/200  loss=1.3856  AUC=0.5618  AP=0.7233  smoothAUC=0.5236  (178.3s)
    batch 1/9
    batch 6/9
  Ep   7/200  loss=1.2913  AUC=0.6162  AP=0.7708  smoothAUC=0.5652  (158.9s)
  ✓ Fold 5 new best smoothed AUC=0.5652  saved.
    batch 1/9
    batch 6/9
  Ep   8/200  loss=1.2952  AUC=0.5997  AP=0.7563  smoothAUC=0.5926  (188.5s)
  ✓ Fold 5 new best smoothed AUC=0.5926  saved.
    batch 1/9
    batch 6/9
  Ep   9/200  loss=1.2654  AUC=0.6016  AP=0.7613  smoothAUC=0.6059  (168.1s)
  ✓ Fold 5 new best smoothed AUC=0.6059  saved.
    batch 1/9
    batch 6/9
  Ep  10/200  loss=1.2206  AUC=0.5582  AP=0.7436  smoothAUC=0.5865  (184.7s)
    batch 1/9
    batch 6/9
  Ep  11/200  loss=1.2374  AUC=0.5986  AP=0.7490  smoothAUC=0.5862  (178.1s)
    batch 1/9
    batch 6/9
  Ep  12/200  loss=1.2196  AUC=0.5456  AP=0.7120  smoothAUC=0.5675  (186.4s)
    batch 1/9
    batch 6/9
  Ep  13/200  loss=1.1813  AUC=0.5387  AP=0.7250  smoothAUC=0.5610  (192.7s)
    batch 1/9
    batch 6/9
  Ep  14/200  loss=1.1217  AUC=0.5868  AP=0.7525  smoothAUC=0.5571  (207.3s)
    batch 1/9
    batch 6/9
  Ep  15/200  loss=1.0542  AUC=0.6036  AP=0.7514  smoothAUC=0.5764  (210.3s)
    batch 1/9
    batch 6/9
  Ep  16/200  loss=1.0728  AUC=0.6071  AP=0.7365  smoothAUC=0.5992  (172.5s)
    batch 1/9
    batch 6/9
  Ep  17/200  loss=1.0000  AUC=0.6052  AP=0.7291  smoothAUC=0.6053  (378.6s)
    batch 1/9
    batch 6/9
  Ep  18/200  loss=1.0526  AUC=0.5964  AP=0.7345  smoothAUC=0.6029  (266.4s)
    batch 1/9
    batch 6/9
  Ep  19/200  loss=0.9923  AUC=0.5929  AP=0.7489  smoothAUC=0.5982  (160.2s)
    batch 1/9
    batch 6/9
  Ep  20/200  loss=0.9738  AUC=0.6003  AP=0.7460  smoothAUC=0.5965  (252.8s)
    batch 1/9
    batch 6/9
  Ep  21/200  loss=0.9231  AUC=0.6055  AP=0.7452  smoothAUC=0.5995  (212.8s)
    batch 1/9
    batch 6/9
  Ep  22/200  loss=0.9326  AUC=0.5989  AP=0.7322  smoothAUC=0.6016  (355.9s)
    batch 1/9
    batch 6/9
  Ep  23/200  loss=0.8689  AUC=0.6195  AP=0.7397  smoothAUC=0.6080  (153.4s)
  ✓ Fold 5 new best smoothed AUC=0.6080  saved.
    batch 1/9
    batch 6/9
  Ep  24/200  loss=0.8877  AUC=0.6231  AP=0.7528  smoothAUC=0.6138  (236.3s)
  ✓ Fold 5 new best smoothed AUC=0.6138  saved.
    batch 1/9
    batch 6/9
  Ep  25/200  loss=0.8894  AUC=0.6291  AP=0.7724  smoothAUC=0.6239  (180.7s)
  ✓ Fold 5 new best smoothed AUC=0.6239  saved.
    batch 1/9
    batch 6/9
  Ep  26/200  loss=0.8124  AUC=0.6011  AP=0.7578  smoothAUC=0.6178  (198.0s)
    batch 1/9
    batch 6/9
  Ep  27/200  loss=0.8637  AUC=0.6000  AP=0.7525  smoothAUC=0.6101  (238.5s)
    batch 1/9
    batch 6/9
  Ep  28/200  loss=0.8381  AUC=0.6008  AP=0.7528  smoothAUC=0.6006  (207.7s)
    batch 1/9
    batch 6/9
  Ep  29/200  loss=0.8643  AUC=0.5964  AP=0.7505  smoothAUC=0.5991  (178.2s)
    batch 1/9
    batch 6/9
  Ep  30/200  loss=0.8738  AUC=0.5986  AP=0.7461  smoothAUC=0.5986  (297.0s)
    batch 1/9
    batch 6/9
  Ep  31/200  loss=0.8289  AUC=0.5948  AP=0.7427  smoothAUC=0.5966  (164.0s)
    batch 1/9
    batch 6/9
  Ep  32/200  loss=0.7875  AUC=0.5926  AP=0.7453  smoothAUC=0.5953  (196.1s)
    batch 1/9
    batch 6/9
  Ep  33/200  loss=0.8146  AUC=0.5794  AP=0.7391  smoothAUC=0.5889  (209.3s)
    batch 1/9
    batch 6/9
  Ep  34/200  loss=0.7499  AUC=0.5670  AP=0.7272  smoothAUC=0.5797  (176.1s)
    batch 1/9
    batch 6/9
  Ep  35/200  loss=0.8064  AUC=0.5604  AP=0.7179  smoothAUC=0.5690  (242.0s)
    batch 1/9
    batch 6/9
  Ep  36/200  loss=0.7910  AUC=0.5632  AP=0.7210  smoothAUC=0.5636  (245.8s)
    batch 1/9
    batch 6/9
  Ep  37/200  loss=0.7577  AUC=0.5668  AP=0.7222  smoothAUC=0.5635  (226.8s)
    batch 1/9
