
[1/4] Loading dataset …
      192 graphs loaded.
      Dataset: 192 graphs | mean nodes=26.9 | mean edges=81.1 | categories: Bench_vice=54 C_Clamps=31 Crane_hook=16 Gate_Valve=20 Pipe_vice=42 Press_Tool=21 Tool_Post=8

[2/4] Building model …  (5-fold CV)

[3/4] Training (5 folds) …

=======================================================
  FOLD 1 / 5
=======================================================
    [DIAG] graph 44: 2 nodes, 2 dir-edges, 1 pos, requested 1 neg but only 0 possible
/Users/mbp/Documents/MTECH/Sem4/Individual_project/AI_Assisted_3D_Assembly_Design/AI-Assisted-3D-Assembly-Design/.venv/lib/python3.12/site-packages/torch_geometric/transforms/base_transform.py:32: UserWarning: There are not enough negative edges to satisfy the provided sampling ratio. The ratio will be adjusted to 0.00.
  return self.forward(copy.copy(data))
    [DIAG] graph 60: 2 nodes, 2 dir-edges, 1 pos, requested 1 neg but only 0 possible
    [DIAG] graph 63: 2 nodes, 2 dir-edges, 1 pos, requested 1 neg but only 0 possible
    [DIAG] graph 71: 2 nodes, 2 dir-edges, 1 pos, requested 1 neg but only 0 possible
    [DIAG] graph 119: 2 nodes, 2 dir-edges, 1 pos, requested 1 neg but only 0 possible
  Fold 1/5 — train: 136  val: 35  test: 21
Model built on mps  |  total params: 2,441,809
    batch 1/9
    batch 6/9
  Ep   1/200  loss=1.6298  AUC=0.5461  AP=0.6349  smoothAUC=0.5461  (38.3s)
  ✓ Fold 1 new best smoothed AUC=0.5461  saved.
    batch 1/9
    batch 6/9
  Ep   2/200  loss=1.5411  AUC=0.5288  AP=0.6237  smoothAUC=0.5374  (32.9s)
    batch 1/9
    batch 6/9
  Ep   3/200  loss=1.4973  AUC=0.5316  AP=0.5994  smoothAUC=0.5355  (29.1s)
    batch 1/9
    batch 6/9
    [swap-guard] 92.8% swap used (batch 9/9) -- pausing 3s for extra cleanup
    [swap-guard] 91.2% swap used (epoch end) -- pausing 3s for extra cleanup
  Ep   4/200  loss=1.4504  AUC=0.5315  AP=0.5900  smoothAUC=0.5306  (40.3s)
    batch 1/9
    batch 6/9
  Ep   5/200  loss=1.4041  AUC=0.5386  AP=0.6068  smoothAUC=0.5339  (24.2s)
    batch 1/9
    batch 6/9
  Ep   6/200  loss=1.4021  AUC=0.5571  AP=0.6167  smoothAUC=0.5424  (33.4s)
    batch 1/9
    batch 6/9
    [swap-guard] 91.5% swap used (batch 9/9) -- pausing 3s for extra cleanup
    [swap-guard] 91.3% swap used (epoch end) -- pausing 3s for extra cleanup
    [swap-guard] 90.7% swap used (fold 1 epoch 7 val) -- pausing 3s for extra cleanup
  Ep   7/200  loss=1.3926  AUC=0.5889  AP=0.6252  smoothAUC=0.5615  (41.2s)
  ✓ Fold 1 new best smoothed AUC=0.5615  saved.
    batch 1/9
    batch 6/9
  Ep   8/200  loss=1.3578  AUC=0.5965  AP=0.6277  smoothAUC=0.5808  (35.5s)
  ✓ Fold 1 new best smoothed AUC=0.5808  saved.
    batch 1/9
    batch 6/9
  Ep   9/200  loss=1.3060  AUC=0.5794  AP=0.6227  smoothAUC=0.5882  (42.3s)
  ✓ Fold 1 new best smoothed AUC=0.5882  saved.
    batch 1/9
    batch 6/9
  Ep  10/200  loss=1.3069  AUC=0.5850  AP=0.6299  smoothAUC=0.5869  (30.1s)
    batch 1/9
    batch 6/9
  Ep  11/200  loss=1.3154  AUC=0.6052  AP=0.6473  smoothAUC=0.5899  (38.5s)
  ✓ Fold 1 new best smoothed AUC=0.5899  saved.
    batch 1/9
    batch 6/9
  Ep  12/200  loss=1.2926  AUC=0.6597  AP=0.6903  smoothAUC=0.6166  (30.9s)
  ✓ Fold 1 new best smoothed AUC=0.6166  saved.
    batch 1/9
    batch 6/9
  Ep  13/200  loss=1.2462  AUC=0.6436  AP=0.6711  smoothAUC=0.6362  (43.1s)
  ✓ Fold 1 new best smoothed AUC=0.6362  saved.
    batch 1/9
    [swap-guard] 90.9% swap used (batch 3/9) -- pausing 3s for extra cleanup
    batch 6/9
  Ep  14/200  loss=1.2145  AUC=0.6237  AP=0.6520  smoothAUC=0.6424  (38.6s)
  ✓ Fold 1 new best smoothed AUC=0.6424  saved.
    batch 1/9
    batch 6/9
  Ep  15/200  loss=1.2243  AUC=0.6305  AP=0.6743  smoothAUC=0.6326  (35.8s)
    batch 1/9
    batch 6/9
    [swap-guard] 90.3% swap used (batch 6/9) -- pausing 3s for extra cleanup
  Ep  16/200  loss=1.2122  AUC=0.6288  AP=0.6744  smoothAUC=0.6277  (34.5s)
    batch 1/9
    [swap-guard] 93.9% swap used (batch 3/9) -- pausing 3s for extra cleanup
    batch 6/9
  Ep  17/200  loss=1.1107  AUC=0.6485  AP=0.6901  smoothAUC=0.6359  (50.8s)
    batch 1/9
    batch 6/9
    [swap-guard] 93.8% swap used (batch 9/9) -- pausing 3s for extra cleanup
    [swap-guard] 93.5% swap used (epoch end) -- pausing 3s for extra cleanup
    [swap-guard] 93.2% swap used (fold 1 epoch 18 val) -- pausing 3s for extra cleanup
  Ep  18/200  loss=1.1472  AUC=0.6617  AP=0.7189  smoothAUC=0.6464  (44.3s)
  ✓ Fold 1 new best smoothed AUC=0.6464  saved.
    batch 1/9
    batch 6/9
  Ep  19/200  loss=1.1181  AUC=0.6617  AP=0.7185  smoothAUC=0.6573  (34.5s)
  ✓ Fold 1 new best smoothed AUC=0.6573  saved.
    batch 1/9
    batch 6/9
  Ep  20/200  loss=1.0646  AUC=0.7037  AP=0.7517  smoothAUC=0.6757  (34.1s)
  ✓ Fold 1 new best smoothed AUC=0.6757  saved.
    batch 1/9
    batch 6/9
  Ep  21/200  loss=1.1049  AUC=0.7009  AP=0.7499  smoothAUC=0.6888  (43.3s)
  ✓ Fold 1 new best smoothed AUC=0.6888  saved.
    batch 1/9
    batch 6/9
    [swap-guard] 91.8% swap used (batch 6/9) -- pausing 3s for extra cleanup
  Ep  22/200  loss=1.1349  AUC=0.7153  AP=0.7649  smoothAUC=0.7066  (35.7s)
  ✓ Fold 1 new best smoothed AUC=0.7066  saved.
    batch 1/9
    batch 6/9
  Ep  23/200  loss=1.1027  AUC=0.7275  AP=0.7665  smoothAUC=0.7145  (34.4s)
  ✓ Fold 1 new best smoothed AUC=0.7145  saved.
    batch 1/9
    batch 6/9
    [swap-guard] 94.1% swap used (batch 6/9) -- pausing 3s for extra cleanup
  Ep  24/200  loss=1.1014  AUC=0.7216  AP=0.7428  smoothAUC=0.7215  (50.1s)
  ✓ Fold 1 new best smoothed AUC=0.7215  saved.
    batch 1/9
    batch 6/9
    [swap-guard] 91.4% swap used (batch 9/9) -- pausing 3s for extra cleanup
    [swap-guard] 90.9% swap used (epoch end) -- pausing 3s for extra cleanup
    [swap-guard] 90.3% swap used (fold 1 epoch 25 val) -- pausing 3s for extra cleanup
  Ep  25/200  loss=1.0550  AUC=0.7191  AP=0.7441  smoothAUC=0.7227  (48.2s)
  ✓ Fold 1 new best smoothed AUC=0.7227  saved.
    batch 1/9
    [swap-guard] 91.3% swap used (batch 3/9) -- pausing 3s for extra cleanup
    batch 6/9
    [swap-guard] 90.8% swap used (batch 6/9) -- pausing 3s for extra cleanup
  Ep  26/200  loss=1.0922  AUC=0.7167  AP=0.7495  smoothAUC=0.7191  (48.1s)
    batch 1/9
    batch 6/9
    [swap-guard] 90.2% swap used (batch 9/9) -- pausing 3s for extra cleanup
    [swap-guard] 90.2% swap used (epoch end) -- pausing 3s for extra cleanup
  Ep  27/200  loss=1.0352  AUC=0.7164  AP=0.7407  smoothAUC=0.7174  (53.0s)
    batch 1/9
    batch 6/9
  Ep  28/200  loss=0.9834  AUC=0.7322  AP=0.7467  smoothAUC=0.7218  (45.8s)
    batch 1/9
    batch 6/9
  Ep  29/200  loss=1.0079  AUC=0.7185  AP=0.7377  smoothAUC=0.7224  (42.7s)
    batch 1/9
    batch 6/9
    [swap-guard] 91.5% swap used (batch 6/9) -- pausing 3s for extra cleanup
  Ep  30/200  loss=0.9812  AUC=0.7117  AP=0.7546  smoothAUC=0.7208  (46.8s)
    batch 1/9
    batch 6/9
    [swap-guard] 92.6% swap used (batch 6/9) -- pausing 3s for extra cleanup
    [swap-guard] 90.0% swap used (fold 1 epoch 31 val) -- pausing 3s for extra cleanup
  Ep  31/200  loss=1.0114  AUC=0.6812  AP=0.7345  smoothAUC=0.7038  (54.6s)
    batch 1/9
    [swap-guard] 92.6% swap used (batch 3/9) -- pausing 3s for extra cleanup
    batch 6/9
    [swap-guard] 94.2% swap used (batch 6/9) -- pausing 3s for extra cleanup
    [swap-guard] 91.5% swap used (batch 9/9) -- pausing 3s for extra cleanup
    [swap-guard] 91.3% swap used (epoch end) -- pausing 3s for extra cleanup
    [swap-guard] 91.0% swap used (fold 1 epoch 32 val) -- pausing 3s for extra cleanup
  Ep  32/200  loss=0.9542  AUC=0.6496  AP=0.7353  smoothAUC=0.6808  (65.8s)
    batch 1/9
    batch 6/9
    [swap-guard] 95.5% swap used (batch 6/9) -- pausing 3s for extra cleanup
    [swap-guard] 92.5% swap used (batch 9/9) -- pausing 3s for extra cleanup
    [swap-guard] 92.5% swap used (epoch end) -- pausing 3s for extra cleanup
    [swap-guard] 92.4% swap used (fold 1 epoch 33 val) -- pausing 3s for extra cleanup
  Ep  33/200  loss=0.9665  AUC=0.6681  AP=0.7381  smoothAUC=0.6663  (71.6s)
    batch 1/9
    batch 6/9
  Ep  34/200  loss=0.9106  AUC=0.6807  AP=0.7501  smoothAUC=0.6661  (51.5s)
    batch 1/9
    [swap-guard] 92.2% swap used (batch 3/9) -- pausing 3s for extra cleanup
    batch 6/9
  Ep  35/200  loss=0.9286  AUC=0.6922  AP=0.7639  smoothAUC=0.6803  (48.4s)
    batch 1/9
    batch 6/9
  Ep  36/200  loss=0.9213  AUC=0.6990  AP=0.7759  smoothAUC=0.6906  (40.0s)
    batch 1/9
    batch 6/9
  Ep  37/200  loss=0.9061  AUC=0.6991  AP=0.7756  smoothAUC=0.6968  (39.0s)
    batch 1/9
    batch 6/9
    [swap-guard] 91.4% swap used (batch 6/9) -- pausing 3s for extra cleanup
    [swap-guard] 90.5% swap used (batch 9/9) -- pausing 3s for extra cleanup
    [swap-guard] 90.4% swap used (epoch end) -- pausing 3s for extra cleanup
    [swap-guard] 90.3% swap used (fold 1 epoch 38 val) -- pausing 3s for extra cleanup
  Ep  38/200  loss=0.8168  AUC=0.6914  AP=0.7669  smoothAUC=0.6965  (54.1s)
    batch 1/9
    batch 6/9
    [swap-guard] 90.2% swap used (batch 6/9) -- pausing 3s for extra cleanup
  Ep  39/200  loss=0.8532  AUC=0.6887  AP=0.7660  smoothAUC=0.6931  (54.0s)
    batch 1/9
    batch 6/9
    [swap-guard] 93.3% swap used (batch 6/9) -- pausing 3s for extra cleanup
    [swap-guard] 92.3% swap used (batch 9/9) -- pausing 3s for extra cleanup
    [swap-guard] 92.3% swap used (epoch end) -- pausing 3s for extra cleanup
    [swap-guard] 92.1% swap used (fold 1 epoch 40 val) -- pausing 3s for extra cleanup
  Ep  40/200  loss=0.8618  AUC=0.6975  AP=0.7728  smoothAUC=0.6925  (54.9s)
    batch 1/9
    batch 6/9
    [swap-guard] 95.4% swap used (batch 9/9) -- pausing 3s for extra cleanup
    [swap-guard] 95.4% swap used (epoch end) -- pausing 3s for extra cleanup
    [swap-guard] 94.8% swap used (fold 1 epoch 41 val) -- pausing 3s for extra cleanup
  Ep  41/200  loss=0.8158  AUC=0.6856  AP=0.7651  smoothAUC=0.6906  (59.8s)
    batch 1/9
    [swap-guard] 93.7% swap used (batch 3/9) -- pausing 3s for extra cleanup
    batch 6/9
  Ep  42/200  loss=0.8225  AUC=0.6722  AP=0.7564  smoothAUC=0.6851  (40.2s)
    batch 1/9
    [swap-guard] 92.6% swap used (batch 3/9) -- pausing 3s for extra cleanup
    batch 6/9
    [swap-guard] 92.0% swap used (batch 6/9) -- pausing 3s for extra cleanup
    [swap-guard] 95.2% swap used (batch 9/9) -- pausing 3s for extra cleanup
    [swap-guard] 94.3% swap used (epoch end) -- pausing 3s for extra cleanup
    [swap-guard] 94.0% swap used (fold 1 epoch 43 val) -- pausing 3s for extra cleanup
  Ep  43/200  loss=0.8197  AUC=0.6743  AP=0.7555  smoothAUC=0.6774  (63.9s)
    batch 1/9
    [swap-guard] 92.3% swap used (batch 3/9) -- pausing 3s for extra cleanup
    batch 6/9
  Ep  44/200  loss=0.8281  AUC=0.6783  AP=0.7575  smoothAUC=0.6749  (44.7s)
    batch 1/9
    [swap-guard] 90.5% swap used (batch 3/9) -- pausing 3s for extra cleanup
    batch 6/9
    [swap-guard] 90.4% swap used (batch 6/9) -- pausing 3s for extra cleanup
  Ep  45/200  loss=0.7940  AUC=0.6788  AP=0.7606  smoothAUC=0.6771  (60.5s)

  Early stopping at epoch 45.

  Fold 1 test — AUC=0.6992  AP=0.7050  (random=0.5000)

=======================================================
  FOLD 2 / 5
=======================================================
/Users/mbp/Documents/MTECH/Sem4/Individual_project/AI_Assisted_3D_Assembly_Design/AI-Assisted-3D-Assembly-Design/.venv/lib/python3.12/site-packages/torch_geometric/transforms/base_transform.py:32: UserWarning: There are not enough negative edges to satisfy the provided sampling ratio. The ratio will be adjusted to 0.00.
  return self.forward(copy.copy(data))
    [DIAG] graph 63: 2 nodes, 2 dir-edges, 1 pos, requested 1 neg but only 0 possible
    [DIAG] graph 119: 2 nodes, 2 dir-edges, 1 pos, requested 1 neg but only 0 possible
    [DIAG] graph 44: 2 nodes, 2 dir-edges, 1 pos, requested 1 neg but only 0 possible
    [DIAG] graph 60: 2 nodes, 2 dir-edges, 1 pos, requested 1 neg but only 0 possible
    [DIAG] graph 71: 2 nodes, 2 dir-edges, 1 pos, requested 1 neg but only 0 possible
  Fold 2/5 — train: 137  val: 34  test: 21
Model built on mps  |  total params: 2,441,809
    batch 1/9
    batch 6/9
    [swap-guard] 92.7% swap used (batch 6/9) -- pausing 3s for extra cleanup
    [swap-guard] 94.5% swap used (batch 9/9) -- pausing 3s for extra cleanup
    [swap-guard] 94.2% swap used (epoch end) -- pausing 3s for extra cleanup
    [swap-guard] 93.5% swap used (fold 2 epoch 1 val) -- pausing 3s for extra cleanup
  Ep   1/200  loss=1.6232  AUC=0.6044  AP=0.6249  smoothAUC=0.6044  (77.7s)
  ✓ Fold 2 new best smoothed AUC=0.6044  saved.
    batch 1/9
    [swap-guard] 91.9% swap used (batch 3/9) -- pausing 3s for extra cleanup
    batch 6/9
    [swap-guard] 93.4% swap used (batch 9/9) -- pausing 3s for extra cleanup
    [swap-guard] 93.3% swap used (epoch end) -- pausing 3s for extra cleanup
    [swap-guard] 92.7% swap used (fold 2 epoch 2 val) -- pausing 3s for extra cleanup
  Ep   2/200  loss=1.5342  AUC=0.6199  AP=0.6469  smoothAUC=0.6122  (67.4s)
  ✓ Fold 2 new best smoothed AUC=0.6122  saved.
    batch 1/9
    batch 6/9
    [swap-guard] 90.8% swap used (batch 6/9) -- pausing 3s for extra cleanup
  Ep   3/200  loss=1.5016  AUC=0.6351  AP=0.6528  smoothAUC=0.6198  (57.4s)
  ✓ Fold 2 new best smoothed AUC=0.6198  saved.
    batch 1/9
    [swap-guard] 91.3% swap used (batch 3/9) -- pausing 3s for extra cleanup
    batch 6/9
  Ep   4/200  loss=1.4598  AUC=0.6471  AP=0.6821  smoothAUC=0.6340  (56.7s)
  ✓ Fold 2 new best smoothed AUC=0.6340  saved.
    batch 1/9
    [swap-guard] 90.7% swap used (batch 3/9) -- pausing 3s for extra cleanup
    batch 6/9
    [swap-guard] 92.4% swap used (batch 6/9) -- pausing 3s for extra cleanup
  Ep   5/200  loss=1.4610  AUC=0.6273  AP=0.6647  smoothAUC=0.6365  (64.4s)
  ✓ Fold 2 new best smoothed AUC=0.6365  saved.
    batch 1/9
    [swap-guard] 95.7% swap used (batch 3/9) -- pausing 3s for extra cleanup
    batch 6/9
    [swap-guard] 91.2% swap used (batch 6/9) -- pausing 3s for extra cleanup
  Ep   6/200  loss=1.3878  AUC=0.6042  AP=0.6384  smoothAUC=0.6262  (58.0s)
    batch 1/9
    batch 6/9
    [swap-guard] 93.0% swap used (batch 9/9) -- pausing 3s for extra cleanup
    [swap-guard] 92.9% swap used (epoch end) -- pausing 3s for extra cleanup
    [swap-guard] 92.7% swap used (fold 2 epoch 7 val) -- pausing 3s for extra cleanup
  Ep   7/200  loss=1.3961  AUC=0.5947  AP=0.5920  smoothAUC=0.6088  (48.4s)
    batch 1/9
    [swap-guard] 92.8% swap used (batch 3/9) -- pausing 3s for extra cleanup
    batch 6/9
    [swap-guard] 94.3% swap used (batch 6/9) -- pausing 3s for extra cleanup
    [swap-guard] 93.1% swap used (fold 2 epoch 8 val) -- pausing 3s for extra cleanup
  Ep   8/200  loss=1.3294  AUC=0.6151  AP=0.5897  smoothAUC=0.6047  (74.6s)
    batch 1/9
    [swap-guard] 90.1% swap used (batch 3/9) -- pausing 3s for extra cleanup
    batch 6/9
    [swap-guard] 91.6% swap used (batch 6/9) -- pausing 3s for extra cleanup
    [swap-guard] 93.1% swap used (batch 9/9) -- pausing 3s for extra cleanup
    [swap-guard] 93.1% swap used (epoch end) -- pausing 3s for extra cleanup
    [swap-guard] 92.7% swap used (fold 2 epoch 9 val) -- pausing 3s for extra cleanup
  Ep   9/200  loss=1.3447  AUC=0.6354  AP=0.6163  smoothAUC=0.6151  (79.8s)
    batch 1/9
    [swap-guard] 91.6% swap used (batch 3/9) -- pausing 3s for extra cleanup
    batch 6/9
    [swap-guard] 95.0% swap used (batch 6/9) -- pausing 3s for extra cleanup
    [swap-guard] 95.2% swap used (batch 9/9) -- pausing 3s for extra cleanup
    [swap-guard] 95.2% swap used (epoch end) -- pausing 3s for extra cleanup
    [swap-guard] 95.1% swap used (fold 2 epoch 10 val) -- pausing 3s for extra cleanup
  Ep  10/200  loss=1.3261  AUC=0.6054  AP=0.6027  smoothAUC=0.6186  (63.3s)
    batch 1/9
    [swap-guard] 97.6% swap used (batch 3/9) -- pausing 3s for extra cleanup
    batch 6/9
    [swap-guard] 91.8% swap used (batch 6/9) -- pausing 3s for extra cleanup
    [swap-guard] 91.9% swap used (batch 9/9) -- pausing 3s for extra cleanup
    [swap-guard] 91.8% swap used (epoch end) -- pausing 3s for extra cleanup
    [swap-guard] 91.6% swap used (fold 2 epoch 11 val) -- pausing 3s for extra cleanup
  Ep  11/200  loss=1.2978  AUC=0.6059  AP=0.5999  smoothAUC=0.6156  (95.4s)
    batch 1/9
    batch 6/9
    [swap-guard] 93.9% swap used (batch 6/9) -- pausing 3s for extra cleanup
    [swap-guard] 95.6% swap used (batch 9/9) -- pausing 3s for extra cleanup
    [swap-guard] 95.5% swap used (epoch end) -- pausing 3s for extra cleanup
    [swap-guard] 95.4% swap used (fold 2 epoch 12 val) -- pausing 3s for extra cleanup
  Ep  12/200  loss=1.3172  AUC=0.6254  AP=0.6279  smoothAUC=0.6122  (85.9s)
    batch 1/9
    [swap-guard] 97.5% swap used (batch 3/9) -- pausing 3s for extra cleanup
    batch 6/9
  Ep  13/200  loss=1.2329  AUC=0.6125  AP=0.6279  smoothAUC=0.6146  (62.4s)
    batch 1/9
    [swap-guard] 94.9% swap used (batch 3/9) -- pausing 3s for extra cleanup
    batch 6/9
    [swap-guard] 93.6% swap used (batch 6/9) -- pausing 3s for extra cleanup
    [swap-guard] 93.1% swap used (batch 9/9) -- pausing 3s for extra cleanup
    [swap-guard] 93.0% swap used (epoch end) -- pausing 3s for extra cleanup
    [swap-guard] 92.1% swap used (fold 2 epoch 14 val) -- pausing 3s for extra cleanup
  Ep  14/200  loss=1.2540  AUC=0.6014  AP=0.6263  smoothAUC=0.6131  (77.1s)
    batch 1/9
    batch 6/9
    [swap-guard] 91.4% swap used (batch 6/9) -- pausing 3s for extra cleanup
    [swap-guard] 90.3% swap used (batch 9/9) -- pausing 3s for extra cleanup
    [swap-guard] 90.3% swap used (epoch end) -- pausing 3s for extra cleanup
    [swap-guard] 90.2% swap used (fold 2 epoch 15 val) -- pausing 3s for extra cleanup
  Ep  15/200  loss=1.1932  AUC=0.5930  AP=0.6175  smoothAUC=0.6023  (70.0s)
    batch 1/9
    [swap-guard] 91.2% swap used (batch 3/9) -- pausing 3s for extra cleanup
    batch 6/9
    [swap-guard] 92.1% swap used (batch 9/9) -- pausing 3s for extra cleanup
    [swap-guard] 91.9% swap used (epoch end) -- pausing 3s for extra cleanup
    [swap-guard] 91.3% swap used (fold 2 epoch 16 val) -- pausing 3s for extra cleanup
  Ep  16/200  loss=1.2018  AUC=0.5972  AP=0.6152  smoothAUC=0.5972  (71.3s)
    batch 1/9
    [swap-guard] 92.0% swap used (batch 3/9) -- pausing 3s for extra cleanup
    batch 6/9
    [swap-guard] 94.2% swap used (batch 6/9) -- pausing 3s for extra cleanup
  Ep  17/200  loss=1.1680  AUC=0.5881  AP=0.6113  smoothAUC=0.5928  (69.7s)
    batch 1/9
    [swap-guard] 94.0% swap used (batch 3/9) -- pausing 3s for extra cleanup
    batch 6/9
    [swap-guard] 91.6% swap used (batch 6/9) -- pausing 3s for extra cleanup
    [swap-guard] 90.2% swap used (batch 9/9) -- pausing 3s for extra cleanup
    [swap-guard] 90.1% swap used (epoch end) -- pausing 3s for extra cleanup
  Ep  18/200  loss=1.1644  AUC=0.5738  AP=0.5997  smoothAUC=0.5864  (74.9s)
    batch 1/9
    batch 6/9
    [swap-guard] 92.3% swap used (batch 6/9) -- pausing 3s for extra cleanup
    [swap-guard] 91.9% swap used (batch 9/9) -- pausing 3s for extra cleanup
    [swap-guard] 91.8% swap used (epoch end) -- pausing 3s for extra cleanup
    [swap-guard] 90.8% swap used (fold 2 epoch 19 val) -- pausing 3s for extra cleanup
  Ep  19/200  loss=1.1153  AUC=0.5740  AP=0.5964  smoothAUC=0.5786  (85.3s)
    batch 1/9
    [swap-guard] 96.6% swap used (batch 3/9) -- pausing 3s for extra cleanup
    batch 6/9
    [swap-guard] 90.5% swap used (batch 9/9) -- pausing 3s for extra cleanup
  Ep  20/200  loss=1.0449  AUC=0.5750  AP=0.5784  smoothAUC=0.5743  (66.2s)
    batch 1/9
    batch 6/9
    [swap-guard] 95.5% swap used (batch 6/9) -- pausing 3s for extra cleanup
    [swap-guard] 92.9% swap used (batch 9/9) -- pausing 3s for extra cleanup
    [swap-guard] 92.8% swap used (epoch end) -- pausing 3s for extra cleanup
    [swap-guard] 92.7% swap used (fold 2 epoch 21 val) -- pausing 3s for extra cleanup
  Ep  21/200  loss=1.1161  AUC=0.5804  AP=0.5875  smoothAUC=0.5765  (81.3s)
    batch 1/9
    [swap-guard] 91.3% swap used (batch 3/9) -- pausing 3s for extra cleanup
    batch 6/9
    [swap-guard] 93.1% swap used (batch 9/9) -- pausing 3s for extra cleanup
    [swap-guard] 92.7% swap used (epoch end) -- pausing 3s for extra cleanup
    [swap-guard] 92.1% swap used (fold 2 epoch 22 val) -- pausing 3s for extra cleanup
  Ep  22/200  loss=1.1317  AUC=0.5901  AP=0.6014  smoothAUC=0.5818  (78.3s)
    batch 1/9
    [swap-guard] 92.6% swap used (batch 3/9) -- pausing 3s for extra cleanup
    batch 6/9
    [swap-guard] 92.6% swap used (batch 6/9) -- pausing 3s for extra cleanup
    [swap-guard] 94.6% swap used (batch 9/9) -- pausing 3s for extra cleanup
    [swap-guard] 94.4% swap used (epoch end) -- pausing 3s for extra cleanup
    [swap-guard] 94.3% swap used (fold 2 epoch 23 val) -- pausing 3s for extra cleanup
  Ep  23/200  loss=1.1442  AUC=0.5808  AP=0.5786  smoothAUC=0.5837  (81.5s)
    batch 1/9
    [swap-guard] 94.5% swap used (batch 3/9) -- pausing 3s for extra cleanup
    batch 6/9
    [swap-guard] 90.9% swap used (batch 9/9) -- pausing 3s for extra cleanup
    [swap-guard] 90.9% swap used (epoch end) -- pausing 3s for extra cleanup
    [swap-guard] 90.7% swap used (fold 2 epoch 24 val) -- pausing 3s for extra cleanup
  Ep  24/200  loss=1.0882  AUC=0.5789  AP=0.5783  smoothAUC=0.5832  (74.1s)
    batch 1/9
    [swap-guard] 93.9% swap used (batch 3/9) -- pausing 3s for extra cleanup
    batch 6/9
    [swap-guard] 94.2% swap used (batch 9/9) -- pausing 3s for extra cleanup
    [swap-guard] 93.9% swap used (epoch end) -- pausing 3s for extra cleanup
    [swap-guard] 93.6% swap used (fold 2 epoch 25 val) -- pausing 3s for extra cleanup
  Ep  25/200  loss=1.0783  AUC=0.5782  AP=0.5747  smoothAUC=0.5793  (86.8s)

  Early stopping at epoch 25.

  Fold 2 test — AUC=0.6490  AP=0.6167  (random=0.5000)
    [swap-guard] 93.0% swap used (fold 2 boundary) -- pausing 3s for extra cleanup

=======================================================
  FOLD 3 / 5
=======================================================
/Users/mbp/Documents/MTECH/Sem4/Individual_project/AI_Assisted_3D_Assembly_Design/AI-Assisted-3D-Assembly-Design/.venv/lib/python3.12/site-packages/torch_geometric/transforms/base_transform.py:32: UserWarning: There are not enough negative edges to satisfy the provided sampling ratio. The ratio will be adjusted to 0.00.
  return self.forward(copy.copy(data))
    [DIAG] graph 44: 2 nodes, 2 dir-edges, 1 pos, requested 1 neg but only 0 possible
    [DIAG] graph 60: 2 nodes, 2 dir-edges, 1 pos, requested 1 neg but only 0 possible
    [DIAG] graph 71: 2 nodes, 2 dir-edges, 1 pos, requested 1 neg but only 0 possible
    [DIAG] graph 119: 2 nodes, 2 dir-edges, 1 pos, requested 1 neg but only 0 possible
    [DIAG] graph 63: 2 nodes, 2 dir-edges, 1 pos, requested 1 neg but only 0 possible
  Fold 3/5 — train: 137  val: 34  test: 21
Model built on mps  |  total params: 2,441,809
    batch 1/9
    batch 6/9
    [swap-guard] 96.0% swap used (batch 6/9) -- pausing 3s for extra cleanup
    [swap-guard] 94.7% swap used (fold 3 epoch 1 val) -- pausing 3s for extra cleanup
  Ep   1/200  loss=1.5776  AUC=0.5272  AP=0.5330  smoothAUC=0.5272  (85.1s)
  ✓ Fold 3 new best smoothed AUC=0.5272  saved.
    batch 1/9
    batch 6/9
    [swap-guard] 97.2% swap used (batch 6/9) -- pausing 3s for extra cleanup
    [swap-guard] 97.3% swap used (batch 9/9) -- pausing 3s for extra cleanup
    [swap-guard] 96.8% swap used (epoch end) -- pausing 3s for extra cleanup
    [swap-guard] 96.3% swap used (fold 3 epoch 2 val) -- pausing 3s for extra cleanup
  Ep   2/200  loss=1.5268  AUC=0.5527  AP=0.5477  smoothAUC=0.5399  (84.2s)
  ✓ Fold 3 new best smoothed AUC=0.5399  saved.
    batch 1/9
    [swap-guard] 93.0% swap used (batch 3/9) -- pausing 3s for extra cleanup
    batch 6/9
    [swap-guard] 96.5% swap used (batch 6/9) -- pausing 3s for extra cleanup
    [swap-guard] 92.3% swap used (batch 9/9) -- pausing 3s for extra cleanup
    [swap-guard] 92.3% swap used (epoch end) -- pausing 3s for extra cleanup
    [swap-guard] 92.2% swap used (fold 3 epoch 3 val) -- pausing 3s for extra cleanup
  Ep   3/200  loss=1.4604  AUC=0.5817  AP=0.5598  smoothAUC=0.5539  (89.8s)
  ✓ Fold 3 new best smoothed AUC=0.5539  saved.
    batch 1/9
    [swap-guard] 96.3% swap used (batch 3/9) -- pausing 3s for extra cleanup
    batch 6/9
    [swap-guard] 95.8% swap used (batch 6/9) -- pausing 3s for extra cleanup
    [swap-guard] 93.3% swap used (batch 9/9) -- pausing 3s for extra cleanup
    [swap-guard] 93.3% swap used (epoch end) -- pausing 3s for extra cleanup
    [swap-guard] 92.9% swap used (fold 3 epoch 4 val) -- pausing 3s for extra cleanup
  Ep   4/200  loss=1.4591  AUC=0.5801  AP=0.5871  smoothAUC=0.5715  (106.8s)
  ✓ Fold 3 new best smoothed AUC=0.5715  saved.
    batch 1/9
    [swap-guard] 94.4% swap used (batch 3/9) -- pausing 3s for extra cleanup
    batch 6/9
    [swap-guard] 96.3% swap used (batch 6/9) -- pausing 3s for extra cleanup
    [swap-guard] 97.2% swap used (batch 9/9) -- pausing 3s for extra cleanup
    [swap-guard] 97.2% swap used (epoch end) -- pausing 3s for extra cleanup
    [swap-guard] 96.9% swap used (fold 3 epoch 5 val) -- pausing 3s for extra cleanup
  Ep   5/200  loss=1.4165  AUC=0.5809  AP=0.5713  smoothAUC=0.5809  (98.1s)
  ✓ Fold 3 new best smoothed AUC=0.5809  saved.
    batch 1/9
    [swap-guard] 95.5% swap used (batch 3/9) -- pausing 3s for extra cleanup
    batch 6/9
    [swap-guard] 93.8% swap used (batch 6/9) -- pausing 3s for extra cleanup
    [swap-guard] 91.1% swap used (batch 9/9) -- pausing 3s for extra cleanup
    [swap-guard] 90.9% swap used (epoch end) -- pausing 3s for extra cleanup
    [swap-guard] 90.8% swap used (fold 3 epoch 6 val) -- pausing 3s for extra cleanup
  Ep   6/200  loss=1.4061  AUC=0.5674  AP=0.5655  smoothAUC=0.5761  (97.1s)
    batch 1/9
    [swap-guard] 97.2% swap used (batch 3/9) -- pausing 3s for extra cleanup
    batch 6/9
    [swap-guard] 92.5% swap used (batch 9/9) -- pausing 3s for extra cleanup
    [swap-guard] 92.2% swap used (epoch end) -- pausing 3s for extra cleanup
    [swap-guard] 92.0% swap used (fold 3 epoch 7 val) -- pausing 3s for extra cleanup
  Ep   7/200  loss=1.3714  AUC=0.5783  AP=0.5754  smoothAUC=0.5755  (85.1s)
    batch 1/9
    [swap-guard] 94.6% swap used (batch 3/9) -- pausing 3s for extra cleanup
    batch 6/9
    [swap-guard] 95.3% swap used (batch 6/9) -- pausing 3s for extra cleanup
    [swap-guard] 95.1% swap used (batch 9/9) -- pausing 3s for extra cleanup
    [swap-guard] 94.8% swap used (epoch end) -- pausing 3s for extra cleanup
    [swap-guard] 94.5% swap used (fold 3 epoch 8 val) -- pausing 3s for extra cleanup
  Ep   8/200  loss=1.3338  AUC=0.5879  AP=0.5900  smoothAUC=0.5779  (103.9s)
    batch 1/9
    [swap-guard] 94.4% swap used (batch 3/9) -- pausing 3s for extra cleanup
    batch 6/9
    [swap-guard] 91.2% swap used (batch 6/9) -- pausing 3s for extra cleanup
    [swap-guard] 91.3% swap used (batch 9/9) -- pausing 3s for extra cleanup
    [swap-guard] 91.2% swap used (epoch end) -- pausing 3s for extra cleanup
    [swap-guard] 91.1% swap used (fold 3 epoch 9 val) -- pausing 3s for extra cleanup
  Ep   9/200  loss=1.3219  AUC=0.5633  AP=0.5891  smoothAUC=0.5765  (85.8s)
    batch 1/9
    [swap-guard] 96.8% swap used (batch 3/9) -- pausing 3s for extra cleanup
    batch 6/9
    [swap-guard] 96.1% swap used (batch 9/9) -- pausing 3s for extra cleanup
    [swap-guard] 95.9% swap used (epoch end) -- pausing 3s for extra cleanup
    [swap-guard] 95.5% swap used (fold 3 epoch 10 val) -- pausing 3s for extra cleanup
  Ep  10/200  loss=1.3328  AUC=0.5647  AP=0.5844  smoothAUC=0.5720  (79.9s)
    batch 1/9
    [swap-guard] 95.6% swap used (batch 3/9) -- pausing 3s for extra cleanup
    batch 6/9
    [swap-guard] 92.6% swap used (batch 6/9) -- pausing 3s for extra cleanup
    [swap-guard] 93.9% swap used (batch 9/9) -- pausing 3s for extra cleanup
    [swap-guard] 93.5% swap used (epoch end) -- pausing 3s for extra cleanup
    [swap-guard] 93.2% swap used (fold 3 epoch 11 val) -- pausing 3s for extra cleanup
  Ep  11/200  loss=1.3229  AUC=0.6423  AP=0.6413  smoothAUC=0.5901  (92.2s)
  ✓ Fold 3 new best smoothed AUC=0.5901  saved.
    batch 1/9
    [swap-guard] 91.4% swap used (batch 3/9) -- pausing 3s for extra cleanup
    batch 6/9
    [swap-guard] 94.7% swap used (batch 6/9) -- pausing 3s for extra cleanup
  Ep  12/200  loss=1.2935  AUC=0.6546  AP=0.6806  smoothAUC=0.6205  (77.7s)
  ✓ Fold 3 new best smoothed AUC=0.6205  saved.
    batch 1/9
    [swap-guard] 94.3% swap used (batch 3/9) -- pausing 3s for extra cleanup
    batch 6/9
    [swap-guard] 94.1% swap used (batch 9/9) -- pausing 3s for extra cleanup
    [swap-guard] 94.0% swap used (epoch end) -- pausing 3s for extra cleanup
    [swap-guard] 93.5% swap used (fold 3 epoch 13 val) -- pausing 3s for extra cleanup
  Ep  13/200  loss=1.2533  AUC=0.6541  AP=0.6568  smoothAUC=0.6503  (85.9s)
  ✓ Fold 3 new best smoothed AUC=0.6503  saved.
    batch 1/9
    [swap-guard] 94.3% swap used (batch 3/9) -- pausing 3s for extra cleanup
    batch 6/9
    [swap-guard] 92.9% swap used (batch 6/9) -- pausing 3s for extra cleanup
    [swap-guard] 91.9% swap used (batch 9/9) -- pausing 3s for extra cleanup
    [swap-guard] 91.9% swap used (epoch end) -- pausing 3s for extra cleanup
    [swap-guard] 91.8% swap used (fold 3 epoch 14 val) -- pausing 3s for extra cleanup
  Ep  14/200  loss=1.2050  AUC=0.6474  AP=0.6519  smoothAUC=0.6520  (119.6s)
  ✓ Fold 3 new best smoothed AUC=0.6520  saved.
    batch 1/9
    [swap-guard] 93.9% swap used (batch 3/9) -- pausing 3s for extra cleanup
    batch 6/9
    [swap-guard] 93.5% swap used (batch 6/9) -- pausing 3s for extra cleanup
    [swap-guard] 94.9% swap used (batch 9/9) -- pausing 3s for extra cleanup
    [swap-guard] 94.8% swap used (epoch end) -- pausing 3s for extra cleanup
    [swap-guard] 94.4% swap used (fold 3 epoch 15 val) -- pausing 3s for extra cleanup
  Ep  15/200  loss=1.2279  AUC=0.6231  AP=0.6249  smoothAUC=0.6415  (87.0s)
    batch 1/9
    [swap-guard] 95.4% swap used (batch 3/9) -- pausing 3s for extra cleanup
    batch 6/9
    [swap-guard] 96.1% swap used (batch 6/9) -- pausing 3s for extra cleanup
    [swap-guard] 93.9% swap used (batch 9/9) -- pausing 3s for extra cleanup
    [swap-guard] 93.7% swap used (epoch end) -- pausing 3s for extra cleanup
    [swap-guard] 93.4% swap used (fold 3 epoch 16 val) -- pausing 3s for extra cleanup
  Ep  16/200  loss=1.2137  AUC=0.6178  AP=0.6211  smoothAUC=0.6294  (118.9s)
    batch 1/9
    batch 6/9
    [swap-guard] 97.0% swap used (batch 6/9) -- pausing 3s for extra cleanup
    [swap-guard] 95.0% swap used (fold 3 epoch 17 val) -- pausing 3s for extra cleanup
  Ep  17/200  loss=1.1502  AUC=0.6364  AP=0.6387  smoothAUC=0.6258  (89.4s)
    batch 1/9
    [swap-guard] 96.2% swap used (batch 3/9) -- pausing 3s for extra cleanup
    batch 6/9
    [swap-guard] 97.6% swap used (batch 6/9) -- pausing 3s for extra cleanup
    [swap-guard] 95.5% swap used (batch 9/9) -- pausing 3s for extra cleanup
    [swap-guard] 95.4% swap used (epoch end) -- pausing 3s for extra cleanup
    [swap-guard] 95.2% swap used (fold 3 epoch 18 val) -- pausing 3s for extra cleanup
  Ep  18/200  loss=1.1409  AUC=0.6612  AP=0.6748  smoothAUC=0.6385  (113.6s)
    batch 1/9
    [swap-guard] 97.7% swap used (batch 3/9) -- pausing 3s for extra cleanup
    batch 6/9
    [swap-guard] 92.6% swap used (batch 6/9) -- pausing 3s for extra cleanup
    [swap-guard] 94.0% swap used (batch 9/9) -- pausing 3s for extra cleanup
    [swap-guard] 93.8% swap used (epoch end) -- pausing 3s for extra cleanup
    [swap-guard] 93.2% swap used (fold 3 epoch 19 val) -- pausing 3s for extra cleanup
  Ep  19/200  loss=1.1424  AUC=0.6911  AP=0.7007  smoothAUC=0.6629  (83.5s)
  ✓ Fold 3 new best smoothed AUC=0.6629  saved.
    batch 1/9
    [swap-guard] 97.1% swap used (batch 3/9) -- pausing 3s for extra cleanup
    batch 6/9
    [swap-guard] 95.6% swap used (batch 6/9) -- pausing 3s for extra cleanup
    [swap-guard] 95.0% swap used (batch 9/9) -- pausing 3s for extra cleanup
    [swap-guard] 94.8% swap used (epoch end) -- pausing 3s for extra cleanup
    [swap-guard] 94.5% swap used (fold 3 epoch 20 val) -- pausing 3s for extra cleanup
  Ep  20/200  loss=1.1454  AUC=0.7140  AP=0.7283  smoothAUC=0.6888  (120.5s)
  ✓ Fold 3 new best smoothed AUC=0.6888  saved.
    batch 1/9
    [swap-guard] 94.5% swap used (batch 3/9) -- pausing 3s for extra cleanup
    batch 6/9
    [swap-guard] 92.9% swap used (batch 6/9) -- pausing 3s for extra cleanup
    [swap-guard] 94.5% swap used (batch 9/9) -- pausing 3s for extra cleanup
    [swap-guard] 94.1% swap used (epoch end) -- pausing 3s for extra cleanup
    [swap-guard] 93.9% swap used (fold 3 epoch 21 val) -- pausing 3s for extra cleanup
  Ep  21/200  loss=1.0662  AUC=0.6905  AP=0.6975  smoothAUC=0.6985  (95.7s)
  ✓ Fold 3 new best smoothed AUC=0.6985  saved.
    batch 1/9
    batch 6/9
    [swap-guard] 90.7% swap used (batch 6/9) -- pausing 3s for extra cleanup
    [swap-guard] 93.8% swap used (batch 9/9) -- pausing 3s for extra cleanup
    [swap-guard] 93.7% swap used (epoch end) -- pausing 3s for extra cleanup
    [swap-guard] 93.6% swap used (fold 3 epoch 22 val) -- pausing 3s for extra cleanup
  Ep  22/200  loss=1.0781  AUC=0.6815  AP=0.6728  smoothAUC=0.6953  (104.1s)
    batch 1/9
    batch 6/9
    [swap-guard] 96.7% swap used (batch 6/9) -- pausing 3s for extra cleanup
    [swap-guard] 95.0% swap used (batch 9/9) -- pausing 3s for extra cleanup
    [swap-guard] 94.9% swap used (epoch end) -- pausing 3s for extra cleanup
    [swap-guard] 94.9% swap used (fold 3 epoch 23 val) -- pausing 3s for extra cleanup
  Ep  23/200  loss=1.0464  AUC=0.6681  AP=0.6465  smoothAUC=0.6800  (103.9s)
    batch 1/9
    [swap-guard] 93.2% swap used (batch 3/9) -- pausing 3s for extra cleanup
    batch 6/9
    [swap-guard] 96.6% swap used (batch 6/9) -- pausing 3s for extra cleanup
    [swap-guard] 92.2% swap used (batch 9/9) -- pausing 3s for extra cleanup
    [swap-guard] 92.0% swap used (epoch end) -- pausing 3s for extra cleanup
    [swap-guard] 92.7% swap used (fold 3 epoch 24 val) -- pausing 3s for extra cleanup
  Ep  24/200  loss=1.0212  AUC=0.6764  AP=0.6584  smoothAUC=0.6753  (101.3s)
    batch 1/9
    [swap-guard] 91.6% swap used (batch 3/9) -- pausing 3s for extra cleanup
    batch 6/9
    [swap-guard] 96.5% swap used (batch 6/9) -- pausing 3s for extra cleanup
    [swap-guard] 96.6% swap used (batch 9/9) -- pausing 3s for extra cleanup
    [swap-guard] 96.5% swap used (epoch end) -- pausing 3s for extra cleanup
    [swap-guard] 96.2% swap used (fold 3 epoch 25 val) -- pausing 3s for extra cleanup
  Ep  25/200  loss=1.0317  AUC=0.6775  AP=0.6810  smoothAUC=0.6740  (112.3s)
    batch 1/9
    batch 6/9
    [swap-guard] 93.4% swap used (batch 6/9) -- pausing 3s for extra cleanup
    [swap-guard] 92.4% swap used (batch 9/9) -- pausing 3s for extra cleanup
    [swap-guard] 92.4% swap used (epoch end) -- pausing 3s for extra cleanup
    [swap-guard] 92.2% swap used (fold 3 epoch 26 val) -- pausing 3s for extra cleanup
  Ep  26/200  loss=1.0548  AUC=0.6675  AP=0.6711  smoothAUC=0.6738  (81.5s)
    batch 1/9
    [swap-guard] 96.7% swap used (batch 3/9) -- pausing 3s for extra cleanup
    batch 6/9
    [swap-guard] 95.1% swap used (batch 9/9) -- pausing 3s for extra cleanup
    [swap-guard] 95.0% swap used (epoch end) -- pausing 3s for extra cleanup
    [swap-guard] 94.9% swap used (fold 3 epoch 27 val) -- pausing 3s for extra cleanup
  Ep  27/200  loss=1.0622  AUC=0.6221  AP=0.6143  smoothAUC=0.6557  (112.5s)
    batch 1/9
    [swap-guard] 93.9% swap used (batch 3/9) -- pausing 3s for extra cleanup
    batch 6/9
    [swap-guard] 95.6% swap used (batch 6/9) -- pausing 3s for extra cleanup
    [swap-guard] 93.7% swap used (batch 9/9) -- pausing 3s for extra cleanup
    [swap-guard] 93.6% swap used (epoch end) -- pausing 3s for extra cleanup
    [swap-guard] 93.5% swap used (fold 3 epoch 28 val) -- pausing 3s for extra cleanup
  Ep  28/200  loss=1.0691  AUC=0.6105  AP=0.6197  smoothAUC=0.6334  (136.9s)
    batch 1/9
    batch 6/9
    [swap-guard] 96.0% swap used (batch 6/9) -- pausing 3s for extra cleanup
    [swap-guard] 94.7% swap used (batch 9/9) -- pausing 3s for extra cleanup
    [swap-guard] 94.7% swap used (epoch end) -- pausing 3s for extra cleanup
    [swap-guard] 94.5% swap used (fold 3 epoch 29 val) -- pausing 3s for extra cleanup
  Ep  29/200  loss=0.9579  AUC=0.6494  AP=0.6587  smoothAUC=0.6273  (109.5s)
    batch 1/9
    batch 6/9
    [swap-guard] 95.3% swap used (batch 6/9) -- pausing 3s for extra cleanup
    [swap-guard] 96.3% swap used (batch 9/9) -- pausing 3s for extra cleanup
    [swap-guard] 95.9% swap used (epoch end) -- pausing 3s for extra cleanup
    [swap-guard] 95.7% swap used (fold 3 epoch 30 val) -- pausing 3s for extra cleanup
  Ep  30/200  loss=0.9436  AUC=0.6625  AP=0.6625  smoothAUC=0.6408  (91.1s)
    batch 1/9
    [swap-guard] 95.0% swap used (batch 3/9) -- pausing 3s for extra cleanup
    batch 6/9
    [swap-guard] 93.5% swap used (batch 6/9) -- pausing 3s for extra cleanup
    [swap-guard] 91.7% swap used (batch 9/9) -- pausing 3s for extra cleanup
    [swap-guard] 91.7% swap used (epoch end) -- pausing 3s for extra cleanup
    [swap-guard] 91.4% swap used (fold 3 epoch 31 val) -- pausing 3s for extra cleanup
  Ep  31/200  loss=0.9435  AUC=0.6654  AP=0.6749  smoothAUC=0.6591  (139.7s)
    batch 1/9
    batch 6/9
    [swap-guard] 95.4% swap used (batch 6/9) -- pausing 3s for extra cleanup
    [swap-guard] 96.5% swap used (batch 9/9) -- pausing 3s for extra cleanup
    [swap-guard] 96.4% swap used (epoch end) -- pausing 3s for extra cleanup
    [swap-guard] 96.2% swap used (fold 3 epoch 32 val) -- pausing 3s for extra cleanup
  Ep  32/200  loss=0.9077  AUC=0.6572  AP=0.6808  smoothAUC=0.6617  (113.2s)
    batch 1/9
    batch 6/9
    [swap-guard] 93.6% swap used (batch 6/9) -- pausing 3s for extra cleanup
    [swap-guard] 97.5% swap used (batch 9/9) -- pausing 3s for extra cleanup
    [swap-guard] 97.2% swap used (epoch end) -- pausing 3s for extra cleanup
    [swap-guard] 96.4% swap used (fold 3 epoch 33 val) -- pausing 3s for extra cleanup
  Ep  33/200  loss=0.9397  AUC=0.6567  AP=0.6803  smoothAUC=0.6598  (96.4s)
    batch 1/9
    batch 6/9
    [swap-guard] 97.8% swap used (batch 6/9) -- pausing 3s for extra cleanup
    [swap-guard] 90.2% swap used (fold 3 epoch 34 val) -- pausing 3s for extra cleanup
  Ep  34/200  loss=0.8815  AUC=0.6483  AP=0.6747  smoothAUC=0.6540  (95.4s)
    batch 1/9
    [swap-guard] 95.0% swap used (batch 3/9) -- pausing 3s for extra cleanup
    batch 6/9
    [swap-guard] 94.2% swap used (batch 6/9) -- pausing 3s for extra cleanup
    [swap-guard] 93.5% swap used (batch 9/9) -- pausing 3s for extra cleanup
    [swap-guard] 93.5% swap used (epoch end) -- pausing 3s for extra cleanup
    [swap-guard] 93.4% swap used (fold 3 epoch 35 val) -- pausing 3s for extra cleanup
  Ep  35/200  loss=0.8671  AUC=0.6500  AP=0.6727  smoothAUC=0.6516  (108.7s)
    batch 1/9
    [swap-guard] 96.9% swap used (batch 3/9) -- pausing 3s for extra cleanup
    batch 6/9
    [swap-guard] 97.6% swap used (batch 6/9) -- pausing 3s for extra cleanup
    [swap-guard] 95.9% swap used (batch 9/9) -- pausing 3s for extra cleanup
    [swap-guard] 95.3% swap used (epoch end) -- pausing 3s for extra cleanup
    [swap-guard] 94.8% swap used (fold 3 epoch 36 val) -- pausing 3s for extra cleanup
  Ep  36/200  loss=0.8816  AUC=0.6516  AP=0.6754  smoothAUC=0.6500  (126.9s)
    batch 1/9
    [swap-guard] 95.6% swap used (batch 3/9) -- pausing 3s for extra cleanup
    batch 6/9
    [swap-guard] 95.4% swap used (batch 6/9) -- pausing 3s for extra cleanup
    [swap-guard] 95.8% swap used (batch 9/9) -- pausing 3s for extra cleanup
    [swap-guard] 95.8% swap used (epoch end) -- pausing 3s for extra cleanup
    [swap-guard] 95.7% swap used (fold 3 epoch 37 val) -- pausing 3s for extra cleanup
  Ep  37/200  loss=0.8510  AUC=0.6586  AP=0.6764  smoothAUC=0.6534  (154.8s)
    batch 1/9
    [swap-guard] 96.1% swap used (batch 3/9) -- pausing 3s for extra cleanup
    batch 6/9
    [swap-guard] 94.3% swap used (batch 6/9) -- pausing 3s for extra cleanup
    [swap-guard] 95.1% swap used (batch 9/9) -- pausing 3s for extra cleanup
    [swap-guard] 95.0% swap used (epoch end) -- pausing 3s for extra cleanup
    [swap-guard] 94.4% swap used (fold 3 epoch 38 val) -- pausing 3s for extra cleanup
  Ep  38/200  loss=0.8894  AUC=0.6715  AP=0.6766  smoothAUC=0.6606  (127.3s)
    batch 1/9
    [swap-guard] 97.8% swap used (batch 3/9) -- pausing 3s for extra cleanup
    batch 6/9
    [swap-guard] 92.2% swap used (fold 3 epoch 39 val) -- pausing 3s for extra cleanup
  Ep  39/200  loss=0.8367  AUC=0.6674  AP=0.6887  smoothAUC=0.6658  (90.8s)
    batch 1/9
    [swap-guard] 96.0% swap used (batch 3/9) -- pausing 3s for extra cleanup
    batch 6/9
    [swap-guard] 93.0% swap used (batch 6/9) -- pausing 3s for extra cleanup
    [swap-guard] 95.9% swap used (batch 9/9) -- pausing 3s for extra cleanup
    [swap-guard] 95.7% swap used (epoch end) -- pausing 3s for extra cleanup
    [swap-guard] 95.4% swap used (fold 3 epoch 40 val) -- pausing 3s for extra cleanup
  Ep  40/200  loss=0.8329  AUC=0.6611  AP=0.6879  smoothAUC=0.6667  (164.5s)
    batch 1/9
    [swap-guard] 97.0% swap used (batch 3/9) -- pausing 3s for extra cleanup
    batch 6/9
    [swap-guard] 95.4% swap used (batch 6/9) -- pausing 3s for extra cleanup
    [swap-guard] 94.6% swap used (batch 9/9) -- pausing 3s for extra cleanup
    [swap-guard] 94.6% swap used (epoch end) -- pausing 3s for extra cleanup
    [swap-guard] 94.4% swap used (fold 3 epoch 41 val) -- pausing 3s for extra cleanup
  Ep  41/200  loss=0.8302  AUC=0.6583  AP=0.6900  smoothAUC=0.6623  (132.4s)

  Early stopping at epoch 41.

  Fold 3 test — AUC=0.6855  AP=0.6833  (random=0.5000)
    [swap-guard] 94.1% swap used (fold 3 boundary) -- pausing 3s for extra cleanup

=======================================================
  FOLD 4 / 5
=======================================================
/Users/mbp/Documents/MTECH/Sem4/Individual_project/AI_Assisted_3D_Assembly_Design/AI-Assisted-3D-Assembly-Design/.venv/lib/python3.12/site-packages/torch_geometric/transforms/base_transform.py:32: UserWarning: There are not enough negative edges to satisfy the provided sampling ratio. The ratio will be adjusted to 0.00.
  return self.forward(copy.copy(data))
    [DIAG] graph 44: 2 nodes, 2 dir-edges, 1 pos, requested 1 neg but only 0 possible
    [DIAG] graph 60: 2 nodes, 2 dir-edges, 1 pos, requested 1 neg but only 0 possible
    [DIAG] graph 63: 2 nodes, 2 dir-edges, 1 pos, requested 1 neg but only 0 possible
    [DIAG] graph 71: 2 nodes, 2 dir-edges, 1 pos, requested 1 neg but only 0 possible
    [DIAG] graph 119: 2 nodes, 2 dir-edges, 1 pos, requested 1 neg but only 0 possible
  Fold 4/5 — train: 137  val: 34  test: 21
Model built on mps  |  total params: 2,441,809
    batch 1/9
    [swap-guard] 97.7% swap used (batch 3/9) -- pausing 3s for extra cleanup
    batch 6/9
    [swap-guard] 97.5% swap used (batch 6/9) -- pausing 3s for extra cleanup
    [swap-guard] 91.7% swap used (batch 9/9) -- pausing 3s for extra cleanup
    [swap-guard] 91.6% swap used (epoch end) -- pausing 3s for extra cleanup
    [swap-guard] 91.4% swap used (fold 4 epoch 1 val) -- pausing 3s for extra cleanup
  Ep   1/200  loss=1.5782  AUC=0.5317  AP=0.5283  smoothAUC=0.5317  (132.4s)
  ✓ Fold 4 new best smoothed AUC=0.5317  saved.
    batch 1/9
    [swap-guard] 91.7% swap used (batch 3/9) -- pausing 3s for extra cleanup
    batch 6/9
    [swap-guard] 97.1% swap used (batch 6/9) -- pausing 3s for extra cleanup
    [swap-guard] 92.0% swap used (batch 9/9) -- pausing 3s for extra cleanup
    [swap-guard] 92.0% swap used (epoch end) -- pausing 3s for extra cleanup
    [swap-guard] 94.8% swap used (fold 4 epoch 2 val) -- pausing 3s for extra cleanup
  Ep   2/200  loss=1.5145  AUC=0.6026  AP=0.5922  smoothAUC=0.5672  (94.8s)
  ✓ Fold 4 new best smoothed AUC=0.5672  saved.
    batch 1/9
    [swap-guard] 95.9% swap used (batch 3/9) -- pausing 3s for extra cleanup
    batch 6/9
    [swap-guard] 94.4% swap used (batch 6/9) -- pausing 3s for extra cleanup
    [swap-guard] 96.5% swap used (batch 9/9) -- pausing 3s for extra cleanup
    [swap-guard] 96.4% swap used (epoch end) -- pausing 3s for extra cleanup
    [swap-guard] 96.3% swap used (fold 4 epoch 3 val) -- pausing 3s for extra cleanup
  Ep   3/200  loss=1.4969  AUC=0.6367  AP=0.6294  smoothAUC=0.5904  (103.1s)
  ✓ Fold 4 new best smoothed AUC=0.5904  saved.
    batch 1/9
    [swap-guard] 95.9% swap used (batch 3/9) -- pausing 3s for extra cleanup
    batch 6/9
    [swap-guard] 94.3% swap used (batch 9/9) -- pausing 3s for extra cleanup
    [swap-guard] 94.3% swap used (epoch end) -- pausing 3s for extra cleanup
    [swap-guard] 94.1% swap used (fold 4 epoch 4 val) -- pausing 3s for extra cleanup
  Ep   4/200  loss=1.4408  AUC=0.6208  AP=0.6178  smoothAUC=0.6201  (104.9s)
  ✓ Fold 4 new best smoothed AUC=0.6201  saved.
    batch 1/9
    batch 6/9
    [swap-guard] 95.8% swap used (batch 6/9) -- pausing 3s for extra cleanup
    [swap-guard] 96.5% swap used (batch 9/9) -- pausing 3s for extra cleanup
    [swap-guard] 96.3% swap used (epoch end) -- pausing 3s for extra cleanup
    [swap-guard] 96.0% swap used (fold 4 epoch 5 val) -- pausing 3s for extra cleanup
  Ep   5/200  loss=1.4079  AUC=0.5972  AP=0.6271  smoothAUC=0.6182  (98.8s)
    batch 1/9
    [swap-guard] 95.9% swap used (batch 3/9) -- pausing 3s for extra cleanup
    batch 6/9
    [swap-guard] 96.7% swap used (batch 6/9) -- pausing 3s for extra cleanup
    [swap-guard] 93.5% swap used (batch 9/9) -- pausing 3s for extra cleanup
    [swap-guard] 93.5% swap used (epoch end) -- pausing 3s for extra cleanup
    [swap-guard] 93.1% swap used (fold 4 epoch 6 val) -- pausing 3s for extra cleanup
  Ep   6/200  loss=1.3754  AUC=0.6053  AP=0.6193  smoothAUC=0.6078  (128.9s)
    batch 1/9
    [swap-guard] 98.3% swap used (batch 3/9) -- pausing 3s for extra cleanup
    batch 6/9
    [swap-guard] 95.8% swap used (batch 6/9) -- pausing 3s for extra cleanup
    [swap-guard] 94.8% swap used (batch 9/9) -- pausing 3s for extra cleanup
    [swap-guard] 94.8% swap used (epoch end) -- pausing 3s for extra cleanup
    [swap-guard] 94.7% swap used (fold 4 epoch 7 val) -- pausing 3s for extra cleanup
  Ep   7/200  loss=1.3609  AUC=0.6112  AP=0.6224  smoothAUC=0.6046  (103.2s)
    batch 1/9
    [swap-guard] 94.5% swap used (batch 3/9) -- pausing 3s for extra cleanup
    batch 6/9
    [swap-guard] 91.6% swap used (batch 6/9) -- pausing 3s for extra cleanup
    [swap-guard] 95.9% swap used (batch 9/9) -- pausing 3s for extra cleanup
    [swap-guard] 95.9% swap used (epoch end) -- pausing 3s for extra cleanup
    [swap-guard] 95.5% swap used (fold 4 epoch 8 val) -- pausing 3s for extra cleanup
  Ep   8/200  loss=1.3575  AUC=0.5883  AP=0.5879  smoothAUC=0.6016  (107.6s)
    batch 1/9
    [swap-guard] 96.2% swap used (batch 3/9) -- pausing 3s for extra cleanup
    batch 6/9
    [swap-guard] 95.9% swap used (batch 6/9) -- pausing 3s for extra cleanup
    [swap-guard] 96.1% swap used (batch 9/9) -- pausing 3s for extra cleanup
    [swap-guard] 96.1% swap used (epoch end) -- pausing 3s for extra cleanup
    [swap-guard] 95.7% swap used (fold 4 epoch 9 val) -- pausing 3s for extra cleanup
  Ep   9/200  loss=1.3238  AUC=0.6126  AP=0.5790  smoothAUC=0.6040  (113.6s)
    batch 1/9
    [swap-guard] 94.5% swap used (batch 3/9) -- pausing 3s for extra cleanup
    batch 6/9
    [swap-guard] 96.8% swap used (batch 6/9) -- pausing 3s for extra cleanup
    [swap-guard] 93.6% swap used (batch 9/9) -- pausing 3s for extra cleanup
    [swap-guard] 93.5% swap used (epoch end) -- pausing 3s for extra cleanup
    [swap-guard] 93.4% swap used (fold 4 epoch 10 val) -- pausing 3s for extra cleanup
  Ep  10/200  loss=1.2970  AUC=0.6158  AP=0.6144  smoothAUC=0.6056  (114.9s)
    batch 1/9
    [swap-guard] 94.2% swap used (batch 3/9) -- pausing 3s for extra cleanup
    batch 6/9
    [swap-guard] 96.1% swap used (batch 6/9) -- pausing 3s for extra cleanup
    [swap-guard] 94.4% swap used (batch 9/9) -- pausing 3s for extra cleanup
    [swap-guard] 94.3% swap used (epoch end) -- pausing 3s for extra cleanup
    [swap-guard] 94.1% swap used (fold 4 epoch 11 val) -- pausing 3s for extra cleanup
  Ep  11/200  loss=1.2687  AUC=0.6181  AP=0.6253  smoothAUC=0.6155  (134.5s)
    batch 1/9
    [swap-guard] 95.5% swap used (batch 3/9) -- pausing 3s for extra cleanup
    batch 6/9
    [swap-guard] 96.1% swap used (batch 6/9) -- pausing 3s for extra cleanup
    [swap-guard] 95.1% swap used (batch 9/9) -- pausing 3s for extra cleanup
    [swap-guard] 95.1% swap used (epoch end) -- pausing 3s for extra cleanup
    [swap-guard] 95.1% swap used (fold 4 epoch 12 val) -- pausing 3s for extra cleanup
  Ep  12/200  loss=1.2280  AUC=0.6581  AP=0.6427  smoothAUC=0.6307  (120.6s)
  ✓ Fold 4 new best smoothed AUC=0.6307  saved.
    batch 1/9
    [swap-guard] 96.7% swap used (batch 3/9) -- pausing 3s for extra cleanup
    batch 6/9
    [swap-guard] 97.1% swap used (batch 6/9) -- pausing 3s for extra cleanup
    [swap-guard] 93.7% swap used (batch 9/9) -- pausing 3s for extra cleanup
    [swap-guard] 93.7% swap used (epoch end) -- pausing 3s for extra cleanup
    [swap-guard] 93.5% swap used (fold 4 epoch 13 val) -- pausing 3s for extra cleanup
  Ep  13/200  loss=1.3450  AUC=0.6279  AP=0.6008  smoothAUC=0.6347  (115.5s)
  ✓ Fold 4 new best smoothed AUC=0.6347  saved.
    batch 1/9
    [swap-guard] 96.5% swap used (batch 3/9) -- pausing 3s for extra cleanup
    batch 6/9
    [swap-guard] 94.9% swap used (batch 6/9) -- pausing 3s for extra cleanup
    [swap-guard] 95.2% swap used (batch 9/9) -- pausing 3s for extra cleanup
    [swap-guard] 94.9% swap used (epoch end) -- pausing 3s for extra cleanup
    [swap-guard] 94.7% swap used (fold 4 epoch 14 val) -- pausing 3s for extra cleanup
  Ep  14/200  loss=1.2389  AUC=0.6219  AP=0.5992  smoothAUC=0.6360  (92.6s)
  ✓ Fold 4 new best smoothed AUC=0.6360  saved.
    batch 1/9
    [swap-guard] 95.3% swap used (batch 3/9) -- pausing 3s for extra cleanup
    batch 6/9
    [swap-guard] 96.2% swap used (batch 6/9) -- pausing 3s for extra cleanup
    [swap-guard] 95.2% swap used (batch 9/9) -- pausing 3s for extra cleanup
    [swap-guard] 95.1% swap used (epoch end) -- pausing 3s for extra cleanup
    [swap-guard] 95.0% swap used (fold 4 epoch 15 val) -- pausing 3s for extra cleanup
  Ep  15/200  loss=1.2283  AUC=0.6589  AP=0.6454  smoothAUC=0.6362  (111.8s)
  ✓ Fold 4 new best smoothed AUC=0.6362  saved.
    batch 1/9
    [swap-guard] 97.7% swap used (batch 3/9) -- pausing 3s for extra cleanup
    batch 6/9
    [swap-guard] 96.0% swap used (batch 6/9) -- pausing 3s for extra cleanup
    [swap-guard] 95.0% swap used (batch 9/9) -- pausing 3s for extra cleanup
    [swap-guard] 94.9% swap used (epoch end) -- pausing 3s for extra cleanup
    [swap-guard] 94.8% swap used (fold 4 epoch 16 val) -- pausing 3s for extra cleanup
  Ep  16/200  loss=1.2107  AUC=0.6620  AP=0.6806  smoothAUC=0.6476  (125.0s)
  ✓ Fold 4 new best smoothed AUC=0.6476  saved.
    batch 1/9
    [swap-guard] 96.8% swap used (batch 3/9) -- pausing 3s for extra cleanup
    batch 6/9
    [swap-guard] 96.4% swap used (batch 6/9) -- pausing 3s for extra cleanup
    [swap-guard] 95.4% swap used (batch 9/9) -- pausing 3s for extra cleanup
    [swap-guard] 95.2% swap used (epoch end) -- pausing 3s for extra cleanup
    [swap-guard] 95.2% swap used (fold 4 epoch 17 val) -- pausing 3s for extra cleanup
  Ep  17/200  loss=1.1578  AUC=0.6704  AP=0.6682  smoothAUC=0.6638  (107.7s)
  ✓ Fold 4 new best smoothed AUC=0.6638  saved.
    batch 1/9
    [swap-guard] 96.2% swap used (batch 3/9) -- pausing 3s for extra cleanup
    batch 6/9
    [swap-guard] 92.9% swap used (batch 9/9) -- pausing 3s for extra cleanup
    [swap-guard] 92.8% swap used (epoch end) -- pausing 3s for extra cleanup
    [swap-guard] 92.5% swap used (fold 4 epoch 18 val) -- pausing 3s for extra cleanup
  Ep  18/200  loss=1.1523  AUC=0.6480  AP=0.6249  smoothAUC=0.6601  (109.2s)
    batch 1/9
    [swap-guard] 97.3% swap used (batch 3/9) -- pausing 3s for extra cleanup
    batch 6/9
    [swap-guard] 95.6% swap used (batch 6/9) -- pausing 3s for extra cleanup
    [swap-guard] 94.2% swap used (batch 9/9) -- pausing 3s for extra cleanup
    [swap-guard] 94.1% swap used (epoch end) -- pausing 3s for extra cleanup
    [swap-guard] 93.8% swap used (fold 4 epoch 19 val) -- pausing 3s for extra cleanup
  Ep  19/200  loss=1.1397  AUC=0.6414  AP=0.6212  smoothAUC=0.6533  (116.1s)
    batch 1/9
    [swap-guard] 95.0% swap used (batch 3/9) -- pausing 3s for extra cleanup
    batch 6/9
    [swap-guard] 97.9% swap used (batch 6/9) -- pausing 3s for extra cleanup
    [swap-guard] 94.3% swap used (batch 9/9) -- pausing 3s for extra cleanup
    [swap-guard] 94.1% swap used (epoch end) -- pausing 3s for extra cleanup
    [swap-guard] 93.9% swap used (fold 4 epoch 20 val) -- pausing 3s for extra cleanup
  Ep  20/200  loss=1.1112  AUC=0.6505  AP=0.6288  smoothAUC=0.6466  (111.8s)
    batch 1/9
    [swap-guard] 92.9% swap used (batch 3/9) -- pausing 3s for extra cleanup
    batch 6/9
    [swap-guard] 95.6% swap used (batch 6/9) -- pausing 3s for extra cleanup
    [swap-guard] 95.6% swap used (batch 9/9) -- pausing 3s for extra cleanup
    [swap-guard] 95.5% swap used (epoch end) -- pausing 3s for extra cleanup
    [swap-guard] 95.4% swap used (fold 4 epoch 21 val) -- pausing 3s for extra cleanup
  Ep  21/200  loss=1.0758  AUC=0.6440  AP=0.6404  smoothAUC=0.6453  (127.1s)
    batch 1/9
    batch 6/9
    [swap-guard] 97.7% swap used (batch 6/9) -- pausing 3s for extra cleanup
    [swap-guard] 94.5% swap used (batch 9/9) -- pausing 3s for extra cleanup
    [swap-guard] 94.4% swap used (epoch end) -- pausing 3s for extra cleanup
    [swap-guard] 94.1% swap used (fold 4 epoch 22 val) -- pausing 3s for extra cleanup
  Ep  22/200  loss=1.0492  AUC=0.6467  AP=0.6370  smoothAUC=0.6471  (132.1s)
    batch 1/9
    [swap-guard] 95.8% swap used (batch 3/9) -- pausing 3s for extra cleanup
    batch 6/9
    [swap-guard] 94.8% swap used (batch 6/9) -- pausing 3s for extra cleanup
    [swap-guard] 94.9% swap used (batch 9/9) -- pausing 3s for extra cleanup
    [swap-guard] 94.9% swap used (epoch end) -- pausing 3s for extra cleanup
    [swap-guard] 94.6% swap used (fold 4 epoch 23 val) -- pausing 3s for extra cleanup
  Ep  23/200  loss=1.0402  AUC=0.6517  AP=0.6471  smoothAUC=0.6475  (104.4s)
    batch 1/9
    [swap-guard] 98.5% swap used (batch 3/9) -- pausing 3s for extra cleanup
    batch 6/9
    [swap-guard] 95.3% swap used (batch 6/9) -- pausing 3s for extra cleanup
    [swap-guard] 97.3% swap used (batch 9/9) -- pausing 3s for extra cleanup
    [swap-guard] 97.3% swap used (epoch end) -- pausing 3s for extra cleanup
    [swap-guard] 97.2% swap used (fold 4 epoch 24 val) -- pausing 3s for extra cleanup
  Ep  24/200  loss=0.9961  AUC=0.6687  AP=0.6699  smoothAUC=0.6557  (107.8s)
    batch 1/9
    [swap-guard] 95.4% swap used (batch 3/9) -- pausing 3s for extra cleanup
    batch 6/9
    [swap-guard] 96.3% swap used (batch 6/9) -- pausing 3s for extra cleanup
    [swap-guard] 94.3% swap used (batch 9/9) -- pausing 3s for extra cleanup
    [swap-guard] 94.3% swap used (epoch end) -- pausing 3s for extra cleanup
    [swap-guard] 94.3% swap used (fold 4 epoch 25 val) -- pausing 3s for extra cleanup
  Ep  25/200  loss=0.9938  AUC=0.6830  AP=0.6538  smoothAUC=0.6678  (116.2s)
  ✓ Fold 4 new best smoothed AUC=0.6678  saved.
    batch 1/9
    [swap-guard] 96.5% swap used (batch 3/9) -- pausing 3s for extra cleanup
    batch 6/9
    [swap-guard] 98.0% swap used (batch 6/9) -- pausing 3s for extra cleanup
    [swap-guard] 98.3% swap used (batch 9/9) -- pausing 3s for extra cleanup
    [swap-guard] 98.3% swap used (epoch end) -- pausing 3s for extra cleanup
    [swap-guard] 98.1% swap used (fold 4 epoch 26 val) -- pausing 3s for extra cleanup
  Ep  26/200  loss=0.9706  AUC=0.6935  AP=0.6533  smoothAUC=0.6817  (120.1s)
  ✓ Fold 4 new best smoothed AUC=0.6817  saved.
    batch 1/9
    [swap-guard] 95.1% swap used (batch 3/9) -- pausing 3s for extra cleanup
    batch 6/9
    [swap-guard] 97.1% swap used (batch 6/9) -- pausing 3s for extra cleanup
    [swap-guard] 97.7% swap used (batch 9/9) -- pausing 3s for extra cleanup
    [swap-guard] 97.5% swap used (epoch end) -- pausing 3s for extra cleanup
    [swap-guard] 97.4% swap used (fold 4 epoch 27 val) -- pausing 3s for extra cleanup
  Ep  27/200  loss=0.9594  AUC=0.6853  AP=0.6730  smoothAUC=0.6873  (119.4s)
  ✓ Fold 4 new best smoothed AUC=0.6873  saved.
    batch 1/9
    [swap-guard] 96.9% swap used (batch 3/9) -- pausing 3s for extra cleanup
    batch 6/9
    [swap-guard] 97.5% swap used (batch 6/9) -- pausing 3s for extra cleanup
    [swap-guard] 94.9% swap used (batch 9/9) -- pausing 3s for extra cleanup
    [swap-guard] 94.6% swap used (epoch end) -- pausing 3s for extra cleanup
    [swap-guard] 94.5% swap used (fold 4 epoch 28 val) -- pausing 3s for extra cleanup
  Ep  28/200  loss=0.9135  AUC=0.6957  AP=0.6741  smoothAUC=0.6915  (126.5s)
  ✓ Fold 4 new best smoothed AUC=0.6915  saved.
    batch 1/9
    [swap-guard] 97.4% swap used (batch 3/9) -- pausing 3s for extra cleanup
    batch 6/9
    [swap-guard] 96.6% swap used (batch 6/9) -- pausing 3s for extra cleanup
    [swap-guard] 95.9% swap used (batch 9/9) -- pausing 3s for extra cleanup
    [swap-guard] 95.9% swap used (epoch end) -- pausing 3s for extra cleanup
    [swap-guard] 95.8% swap used (fold 4 epoch 29 val) -- pausing 3s for extra cleanup
  Ep  29/200  loss=0.8824  AUC=0.6802  AP=0.6456  smoothAUC=0.6871  (149.2s)
    batch 1/9
    [swap-guard] 95.5% swap used (batch 3/9) -- pausing 3s for extra cleanup
    batch 6/9
    [swap-guard] 95.0% swap used (batch 6/9) -- pausing 3s for extra cleanup
    [swap-guard] 95.1% swap used (batch 9/9) -- pausing 3s for extra cleanup
    [swap-guard] 95.1% swap used (epoch end) -- pausing 3s for extra cleanup
    [swap-guard] 94.9% swap used (fold 4 epoch 30 val) -- pausing 3s for extra cleanup
  Ep  30/200  loss=0.9832  AUC=0.6589  AP=0.6444  smoothAUC=0.6783  (137.2s)
    batch 1/9
    [swap-guard] 95.4% swap used (batch 3/9) -- pausing 3s for extra cleanup
    batch 6/9
    [swap-guard] 96.8% swap used (batch 6/9) -- pausing 3s for extra cleanup
    [swap-guard] 96.1% swap used (batch 9/9) -- pausing 3s for extra cleanup
    [swap-guard] 96.1% swap used (epoch end) -- pausing 3s for extra cleanup
    [swap-guard] 96.0% swap used (fold 4 epoch 31 val) -- pausing 3s for extra cleanup
  Ep  31/200  loss=0.9206  AUC=0.6526  AP=0.6544  smoothAUC=0.6639  (160.4s)
    batch 1/9
    [swap-guard] 94.1% swap used (batch 3/9) -- pausing 3s for extra cleanup
    batch 6/9
    [swap-guard] 95.2% swap used (batch 6/9) -- pausing 3s for extra cleanup
    [swap-guard] 94.7% swap used (batch 9/9) -- pausing 3s for extra cleanup
    [swap-guard] 94.6% swap used (epoch end) -- pausing 3s for extra cleanup
    [swap-guard] 94.3% swap used (fold 4 epoch 32 val) -- pausing 3s for extra cleanup
  Ep  32/200  loss=0.9113  AUC=0.6565  AP=0.6394  smoothAUC=0.6560  (126.3s)
    batch 1/9
    [swap-guard] 97.6% swap used (batch 3/9) -- pausing 3s for extra cleanup
    batch 6/9
    [swap-guard] 96.0% swap used (batch 6/9) -- pausing 3s for extra cleanup
    [swap-guard] 96.7% swap used (batch 9/9) -- pausing 3s for extra cleanup
    [swap-guard] 96.7% swap used (epoch end) -- pausing 3s for extra cleanup
    [swap-guard] 96.5% swap used (fold 4 epoch 33 val) -- pausing 3s for extra cleanup
  Ep  33/200  loss=0.8658  AUC=0.6320  AP=0.6060  smoothAUC=0.6470  (142.4s)
    batch 1/9
    [swap-guard] 96.3% swap used (batch 3/9) -- pausing 3s for extra cleanup
    batch 6/9
    [swap-guard] 97.0% swap used (batch 6/9) -- pausing 3s for extra cleanup
    [swap-guard] 94.7% swap used (batch 9/9) -- pausing 3s for extra cleanup
    [swap-guard] 94.7% swap used (epoch end) -- pausing 3s for extra cleanup
    [swap-guard] 94.5% swap used (fold 4 epoch 34 val) -- pausing 3s for extra cleanup
  Ep  34/200  loss=0.8564  AUC=0.6443  AP=0.6234  smoothAUC=0.6443  (117.5s)
    batch 1/9
    [swap-guard] 95.8% swap used (batch 3/9) -- pausing 3s for extra cleanup
    batch 6/9
    [swap-guard] 96.9% swap used (batch 6/9) -- pausing 3s for extra cleanup
    [swap-guard] 95.2% swap used (batch 9/9) -- pausing 3s for extra cleanup
    [swap-guard] 95.1% swap used (epoch end) -- pausing 3s for extra cleanup
    [swap-guard] 95.1% swap used (fold 4 epoch 35 val) -- pausing 3s for extra cleanup
  Ep  35/200  loss=0.8730  AUC=0.6394  AP=0.6253  smoothAUC=0.6386  (111.7s)
    batch 1/9
    [swap-guard] 95.6% swap used (batch 3/9) -- pausing 3s for extra cleanup
    batch 6/9
    [swap-guard] 96.2% swap used (batch 6/9) -- pausing 3s for extra cleanup
    [swap-guard] 96.1% swap used (batch 9/9) -- pausing 3s for extra cleanup
    [swap-guard] 96.0% swap used (epoch end) -- pausing 3s for extra cleanup
    [swap-guard] 95.9% swap used (fold 4 epoch 36 val) -- pausing 3s for extra cleanup
  Ep  36/200  loss=0.8272  AUC=0.6733  AP=0.6545  smoothAUC=0.6523  (121.2s)
    batch 1/9
    [swap-guard] 96.5% swap used (batch 3/9) -- pausing 3s for extra cleanup
    batch 6/9
    [swap-guard] 97.1% swap used (batch 6/9) -- pausing 3s for extra cleanup
    [swap-guard] 96.4% swap used (batch 9/9) -- pausing 3s for extra cleanup
    [swap-guard] 96.3% swap used (epoch end) -- pausing 3s for extra cleanup
    [swap-guard] 96.2% swap used (fold 4 epoch 37 val) -- pausing 3s for extra cleanup
  Ep  37/200  loss=0.8963  AUC=0.6975  AP=0.6728  smoothAUC=0.6700  (142.7s)
    batch 1/9
    [swap-guard] 98.0% swap used (batch 3/9) -- pausing 3s for extra cleanup
    batch 6/9
    [swap-guard] 97.9% swap used (batch 6/9) -- pausing 3s for extra cleanup
    [swap-guard] 96.9% swap used (batch 9/9) -- pausing 3s for extra cleanup
    [swap-guard] 96.9% swap used (epoch end) -- pausing 3s for extra cleanup
    [swap-guard] 96.7% swap used (fold 4 epoch 38 val) -- pausing 3s for extra cleanup
  Ep  38/200  loss=0.8497  AUC=0.7051  AP=0.6644  smoothAUC=0.6919  (153.3s)
  ✓ Fold 4 new best smoothed AUC=0.6919  saved.
    batch 1/9
    [swap-guard] 95.5% swap used (batch 3/9) -- pausing 3s for extra cleanup
    batch 6/9
    [swap-guard] 97.7% swap used (batch 6/9) -- pausing 3s for extra cleanup
    [swap-guard] 94.7% swap used (batch 9/9) -- pausing 3s for extra cleanup
    [swap-guard] 94.6% swap used (epoch end) -- pausing 3s for extra cleanup
    [swap-guard] 94.2% swap used (fold 4 epoch 39 val) -- pausing 3s for extra cleanup
  Ep  39/200  loss=0.8219  AUC=0.7043  AP=0.6622  smoothAUC=0.7023  (162.7s)
  ✓ Fold 4 new best smoothed AUC=0.7023  saved.
    batch 1/9
    [swap-guard] 98.7% swap used (batch 3/9) -- pausing 3s for extra cleanup
    batch 6/9
    [swap-guard] 93.4% swap used (batch 9/9) -- pausing 3s for extra cleanup
    [swap-guard] 93.3% swap used (epoch end) -- pausing 3s for extra cleanup
    [swap-guard] 93.2% swap used (fold 4 epoch 40 val) -- pausing 3s for extra cleanup
  Ep  40/200  loss=0.7971  AUC=0.7089  AP=0.6653  smoothAUC=0.7061  (106.7s)
  ✓ Fold 4 new best smoothed AUC=0.7061  saved.
    batch 1/9
    [swap-guard] 97.6% swap used (batch 3/9) -- pausing 3s for extra cleanup
    batch 6/9
    [swap-guard] 95.6% swap used (batch 6/9) -- pausing 3s for extra cleanup
    [swap-guard] 93.4% swap used (batch 9/9) -- pausing 3s for extra cleanup
    [swap-guard] 93.2% swap used (epoch end) -- pausing 3s for extra cleanup
    [swap-guard] 93.0% swap used (fold 4 epoch 41 val) -- pausing 3s for extra cleanup
  Ep  41/200  loss=0.7772  AUC=0.7098  AP=0.6638  smoothAUC=0.7077  (117.8s)
  ✓ Fold 4 new best smoothed AUC=0.7077  saved.
    batch 1/9
    [swap-guard] 97.9% swap used (batch 3/9) -- pausing 3s for extra cleanup
    batch 6/9
    [swap-guard] 96.9% swap used (batch 6/9) -- pausing 3s for extra cleanup
    [swap-guard] 97.3% swap used (batch 9/9) -- pausing 3s for extra cleanup
    [swap-guard] 96.9% swap used (epoch end) -- pausing 3s for extra cleanup
    [swap-guard] 96.6% swap used (fold 4 epoch 42 val) -- pausing 3s for extra cleanup
  Ep  42/200  loss=0.7424  AUC=0.7131  AP=0.6688  smoothAUC=0.7106  (130.0s)
  ✓ Fold 4 new best smoothed AUC=0.7106  saved.
    batch 1/9
    [swap-guard] 97.5% swap used (batch 3/9) -- pausing 3s for extra cleanup
    batch 6/9
    [swap-guard] 96.2% swap used (batch 6/9) -- pausing 3s for extra cleanup
    [swap-guard] 95.1% swap used (batch 9/9) -- pausing 3s for extra cleanup
    [swap-guard] 95.0% swap used (epoch end) -- pausing 3s for extra cleanup
    [swap-guard] 94.7% swap used (fold 4 epoch 43 val) -- pausing 3s for extra cleanup
  Ep  43/200  loss=0.7335  AUC=0.7177  AP=0.6742  smoothAUC=0.7135  (135.4s)
  ✓ Fold 4 new best smoothed AUC=0.7135  saved.
    batch 1/9
    [swap-guard] 94.8% swap used (batch 3/9) -- pausing 3s for extra cleanup
    batch 6/9
    [swap-guard] 94.8% swap used (batch 6/9) -- pausing 3s for extra cleanup
    [swap-guard] 97.1% swap used (batch 9/9) -- pausing 3s for extra cleanup
    [swap-guard] 97.0% swap used (epoch end) -- pausing 3s for extra cleanup
    [swap-guard] 96.8% swap used (fold 4 epoch 44 val) -- pausing 3s for extra cleanup
  Ep  44/200  loss=0.7450  AUC=0.7238  AP=0.6853  smoothAUC=0.7182  (157.2s)
  ✓ Fold 4 new best smoothed AUC=0.7182  saved.
    batch 1/9
    [swap-guard] 97.6% swap used (batch 3/9) -- pausing 3s for extra cleanup
    batch 6/9
    [swap-guard] 96.7% swap used (batch 9/9) -- pausing 3s for extra cleanup
    [swap-guard] 96.6% swap used (epoch end) -- pausing 3s for extra cleanup
    [swap-guard] 96.2% swap used (fold 4 epoch 45 val) -- pausing 3s for extra cleanup
  Ep  45/200  loss=0.7294  AUC=0.7210  AP=0.6793  smoothAUC=0.7209  (109.1s)
  ✓ Fold 4 new best smoothed AUC=0.7209  saved.
    batch 1/9
    [swap-guard] 96.1% swap used (batch 3/9) -- pausing 3s for extra cleanup
    batch 6/9
    [swap-guard] 97.9% swap used (batch 6/9) -- pausing 3s for extra cleanup
    [swap-guard] 94.8% swap used (fold 4 epoch 46 val) -- pausing 3s for extra cleanup
  Ep  46/200  loss=0.7277  AUC=0.7192  AP=0.6826  smoothAUC=0.7213  (132.0s)
  ✓ Fold 4 new best smoothed AUC=0.7213  saved.
    batch 1/9
    [swap-guard] 95.9% swap used (batch 3/9) -- pausing 3s for extra cleanup
    batch 6/9
    [swap-guard] 96.9% swap used (batch 6/9) -- pausing 3s for extra cleanup
    [swap-guard] 97.2% swap used (batch 9/9) -- pausing 3s for extra cleanup
    [swap-guard] 97.0% swap used (epoch end) -- pausing 3s for extra cleanup
    [swap-guard] 96.4% swap used (fold 4 epoch 47 val) -- pausing 3s for extra cleanup
  Ep  47/200  loss=0.6792  AUC=0.7090  AP=0.6744  smoothAUC=0.7164  (140.6s)
    batch 1/9
    [swap-guard] 94.9% swap used (batch 3/9) -- pausing 3s for extra cleanup
    batch 6/9
    [swap-guard] 94.9% swap used (batch 6/9) -- pausing 3s for extra cleanup
    [swap-guard] 96.3% swap used (batch 9/9) -- pausing 3s for extra cleanup
    [swap-guard] 96.2% swap used (epoch end) -- pausing 3s for extra cleanup
    [swap-guard] 95.6% swap used (fold 4 epoch 48 val) -- pausing 3s for extra cleanup
  Ep  48/200  loss=0.7463  AUC=0.6978  AP=0.6531  smoothAUC=0.7087  (135.2s)
    batch 1/9
    [swap-guard] 96.5% swap used (batch 3/9) -- pausing 3s for extra cleanup
    batch 6/9
    [swap-guard] 95.4% swap used (batch 6/9) -- pausing 3s for extra cleanup
    [swap-guard] 94.7% swap used (batch 9/9) -- pausing 3s for extra cleanup
    [swap-guard] 94.7% swap used (epoch end) -- pausing 3s for extra cleanup
    [swap-guard] 94.5% swap used (fold 4 epoch 49 val) -- pausing 3s for extra cleanup
  Ep  49/200  loss=0.6816  AUC=0.6942  AP=0.6652  smoothAUC=0.7003  (155.8s)
    batch 1/9
    batch 6/9
    [swap-guard] 97.8% swap used (batch 6/9) -- pausing 3s for extra cleanup
    [swap-guard] 97.0% swap used (batch 9/9) -- pausing 3s for extra cleanup
    [swap-guard] 97.0% swap used (epoch end) -- pausing 3s for extra cleanup
    [swap-guard] 96.9% swap used (fold 4 epoch 50 val) -- pausing 3s for extra cleanup
  Ep  50/200  loss=0.6867  AUC=0.7037  AP=0.6680  smoothAUC=0.6986  (144.5s)
    batch 1/9
    [swap-guard] 98.0% swap used (batch 3/9) -- pausing 3s for extra cleanup
    batch 6/9
    [swap-guard] 93.3% swap used (batch 6/9) -- pausing 3s for extra cleanup
    [swap-guard] 96.5% swap used (batch 9/9) -- pausing 3s for extra cleanup
    [swap-guard] 96.5% swap used (epoch end) -- pausing 3s for extra cleanup
    [swap-guard] 96.3% swap used (fold 4 epoch 51 val) -- pausing 3s for extra cleanup
  Ep  51/200  loss=0.6956  AUC=0.7121  AP=0.6761  smoothAUC=0.7033  (180.3s)
    batch 1/9
    [swap-guard] 94.4% swap used (batch 3/9) -- pausing 3s for extra cleanup
    batch 6/9
    [swap-guard] 93.8% swap used (batch 6/9) -- pausing 3s for extra cleanup
    [swap-guard] 93.9% swap used (batch 9/9) -- pausing 3s for extra cleanup
    [swap-guard] 93.8% swap used (epoch end) -- pausing 3s for extra cleanup
    [swap-guard] 95.3% swap used (fold 4 epoch 52 val) -- pausing 3s for extra cleanup
  Ep  52/200  loss=0.6810  AUC=0.7156  AP=0.6810  smoothAUC=0.7105  (122.1s)
    batch 1/9
    [swap-guard] 95.6% swap used (batch 3/9) -- pausing 3s for extra cleanup
    batch 6/9
    [swap-guard] 94.7% swap used (batch 6/9) -- pausing 3s for extra cleanup
    [swap-guard] 93.3% swap used (batch 9/9) -- pausing 3s for extra cleanup
    [swap-guard] 93.3% swap used (epoch end) -- pausing 3s for extra cleanup
    [swap-guard] 93.3% swap used (fold 4 epoch 53 val) -- pausing 3s for extra cleanup
  Ep  53/200  loss=0.6969  AUC=0.7186  AP=0.6881  smoothAUC=0.7154  (129.7s)
    batch 1/9
    [swap-guard] 98.6% swap used (batch 3/9) -- pausing 3s for extra cleanup
    batch 6/9
    [swap-guard] 97.9% swap used (batch 6/9) -- pausing 3s for extra cleanup
    [swap-guard] 96.5% swap used (batch 9/9) -- pausing 3s for extra cleanup
    [swap-guard] 96.4% swap used (epoch end) -- pausing 3s for extra cleanup
    [swap-guard] 96.3% swap used (fold 4 epoch 54 val) -- pausing 3s for extra cleanup
  Ep  54/200  loss=0.6474  AUC=0.7137  AP=0.6899  smoothAUC=0.7159  (145.1s)
    batch 1/9
    [swap-guard] 96.7% swap used (batch 3/9) -- pausing 3s for extra cleanup
    batch 6/9
    [swap-guard] 95.2% swap used (batch 6/9) -- pausing 3s for extra cleanup
    [swap-guard] 95.5% swap used (batch 9/9) -- pausing 3s for extra cleanup
    [swap-guard] 95.3% swap used (epoch end) -- pausing 3s for extra cleanup
    [swap-guard] 95.2% swap used (fold 4 epoch 55 val) -- pausing 3s for extra cleanup
  Ep  55/200  loss=0.6932  AUC=0.7150  AP=0.6902  smoothAUC=0.7158  (164.7s)
    batch 1/9
    [swap-guard] 96.0% swap used (batch 3/9) -- pausing 3s for extra cleanup
    batch 6/9
    [swap-guard] 97.1% swap used (batch 6/9) -- pausing 3s for extra cleanup
    [swap-guard] 96.8% swap used (batch 9/9) -- pausing 3s for extra cleanup
    [swap-guard] 96.7% swap used (epoch end) -- pausing 3s for extra cleanup
    [swap-guard] 96.4% swap used (fold 4 epoch 56 val) -- pausing 3s for extra cleanup
  Ep  56/200  loss=0.6378  AUC=0.7213  AP=0.6983  smoothAUC=0.7166  (125.8s)
    batch 1/9
    [swap-guard] 98.1% swap used (batch 3/9) -- pausing 3s for extra cleanup
    batch 6/9
    [swap-guard] 96.5% swap used (batch 6/9) -- pausing 3s for extra cleanup
    [swap-guard] 98.2% swap used (batch 9/9) -- pausing 3s for extra cleanup
    [swap-guard] 98.0% swap used (epoch end) -- pausing 3s for extra cleanup
    [swap-guard] 97.7% swap used (fold 4 epoch 57 val) -- pausing 3s for extra cleanup
  Ep  57/200  loss=0.6355  AUC=0.7219  AP=0.6977  smoothAUC=0.7194  (148.6s)
    batch 1/9
    [swap-guard] 95.7% swap used (batch 3/9) -- pausing 3s for extra cleanup
    batch 6/9
    [swap-guard] 98.4% swap used (batch 6/9) -- pausing 3s for extra cleanup
    [swap-guard] 95.5% swap used (batch 9/9) -- pausing 3s for extra cleanup
    [swap-guard] 95.3% swap used (epoch end) -- pausing 3s for extra cleanup
    [swap-guard] 94.7% swap used (fold 4 epoch 58 val) -- pausing 3s for extra cleanup
  Ep  58/200  loss=0.6432  AUC=0.7211  AP=0.6993  smoothAUC=0.7214  (136.1s)
  ✓ Fold 4 new best smoothed AUC=0.7214  saved.
    batch 1/9
    [swap-guard] 97.2% swap used (batch 3/9) -- pausing 3s for extra cleanup
    batch 6/9
    [swap-guard] 96.2% swap used (batch 9/9) -- pausing 3s for extra cleanup
    [swap-guard] 96.0% swap used (epoch end) -- pausing 3s for extra cleanup
    [swap-guard] 95.9% swap used (fold 4 epoch 59 val) -- pausing 3s for extra cleanup
  Ep  59/200  loss=0.6366  AUC=0.7210  AP=0.6974  smoothAUC=0.7213  (165.9s)
    batch 1/9
    [swap-guard] 96.9% swap used (batch 3/9) -- pausing 3s for extra cleanup
    batch 6/9
    [swap-guard] 96.3% swap used (batch 6/9) -- pausing 3s for extra cleanup
    [swap-guard] 96.4% swap used (batch 9/9) -- pausing 3s for extra cleanup
    [swap-guard] 96.3% swap used (epoch end) -- pausing 3s for extra cleanup
    [swap-guard] 96.2% swap used (fold 4 epoch 60 val) -- pausing 3s for extra cleanup
  Ep  60/200  loss=0.5906  AUC=0.7209  AP=0.6943  smoothAUC=0.7210  (119.7s)
    batch 1/9
    [swap-guard] 96.0% swap used (batch 3/9) -- pausing 3s for extra cleanup
    batch 6/9
    [swap-guard] 95.4% swap used (batch 6/9) -- pausing 3s for extra cleanup
    [swap-guard] 96.7% swap used (batch 9/9) -- pausing 3s for extra cleanup
    [swap-guard] 96.6% swap used (epoch end) -- pausing 3s for extra cleanup
    [swap-guard] 96.4% swap used (fold 4 epoch 61 val) -- pausing 3s for extra cleanup
  Ep  61/200  loss=0.6978  AUC=0.7235  AP=0.6915  smoothAUC=0.7218  (141.1s)
  ✓ Fold 4 new best smoothed AUC=0.7218  saved.
    batch 1/9
    [swap-guard] 95.0% swap used (batch 3/9) -- pausing 3s for extra cleanup
    batch 6/9
    [swap-guard] 96.2% swap used (batch 6/9) -- pausing 3s for extra cleanup
    [swap-guard] 97.9% swap used (batch 9/9) -- pausing 3s for extra cleanup
    [swap-guard] 97.8% swap used (epoch end) -- pausing 3s for extra cleanup
    [swap-guard] 97.6% swap used (fold 4 epoch 62 val) -- pausing 3s for extra cleanup
  Ep  62/200  loss=0.6025  AUC=0.7282  AP=0.6900  smoothAUC=0.7242  (159.1s)
  ✓ Fold 4 new best smoothed AUC=0.7242  saved.
    batch 1/9
    [swap-guard] 97.5% swap used (batch 3/9) -- pausing 3s for extra cleanup
    batch 6/9
    [swap-guard] 96.4% swap used (batch 6/9) -- pausing 3s for extra cleanup
    [swap-guard] 96.1% swap used (batch 9/9) -- pausing 3s for extra cleanup
    [swap-guard] 95.9% swap used (epoch end) -- pausing 3s for extra cleanup
    [swap-guard] 95.7% swap used (fold 4 epoch 63 val) -- pausing 3s for extra cleanup
  Ep  63/200  loss=0.6963  AUC=0.7309  AP=0.6986  smoothAUC=0.7275  (190.4s)
  ✓ Fold 4 new best smoothed AUC=0.7275  saved.
    batch 1/9
    [swap-guard] 96.7% swap used (batch 3/9) -- pausing 3s for extra cleanup
    batch 6/9
    [swap-guard] 97.5% swap used (batch 6/9) -- pausing 3s for extra cleanup
    [swap-guard] 96.1% swap used (batch 9/9) -- pausing 3s for extra cleanup
    [swap-guard] 96.1% swap used (epoch end) -- pausing 3s for extra cleanup
    [swap-guard] 95.8% swap used (fold 4 epoch 64 val) -- pausing 3s for extra cleanup
  Ep  64/200  loss=0.6164  AUC=0.7256  AP=0.6965  smoothAUC=0.7282  (201.5s)
  ✓ Fold 4 new best smoothed AUC=0.7282  saved.
    batch 1/9
    [swap-guard] 96.2% swap used (batch 3/9) -- pausing 3s for extra cleanup
    batch 6/9
    [swap-guard] 97.0% swap used (batch 6/9) -- pausing 3s for extra cleanup
    [swap-guard] 95.8% swap used (batch 9/9) -- pausing 3s for extra cleanup
    [swap-guard] 95.6% swap used (epoch end) -- pausing 3s for extra cleanup
    [swap-guard] 95.5% swap used (fold 4 epoch 65 val) -- pausing 3s for extra cleanup
  Ep  65/200  loss=0.6521  AUC=0.7228  AP=0.6969  smoothAUC=0.7264  (160.6s)
    batch 1/9
    [swap-guard] 98.1% swap used (batch 3/9) -- pausing 3s for extra cleanup
    batch 6/9
    [swap-guard] 98.0% swap used (batch 6/9) -- pausing 3s for extra cleanup
    [swap-guard] 96.6% swap used (batch 9/9) -- pausing 3s for extra cleanup
    [swap-guard] 96.6% swap used (epoch end) -- pausing 3s for extra cleanup
    [swap-guard] 96.3% swap used (fold 4 epoch 66 val) -- pausing 3s for extra cleanup
  Ep  66/200  loss=0.6229  AUC=0.7270  AP=0.7019  smoothAUC=0.7251  (160.1s)
    batch 1/9
    [swap-guard] 98.1% swap used (batch 3/9) -- pausing 3s for extra cleanup
    batch 6/9
    [swap-guard] 96.4% swap used (batch 6/9) -- pausing 3s for extra cleanup
    [swap-guard] 96.9% swap used (batch 9/9) -- pausing 3s for extra cleanup
    [swap-guard] 96.9% swap used (epoch end) -- pausing 3s for extra cleanup
    [swap-guard] 96.7% swap used (fold 4 epoch 67 val) -- pausing 3s for extra cleanup
  Ep  67/200  loss=0.5804  AUC=0.7298  AP=0.7029  smoothAUC=0.7265  (175.6s)
    batch 1/9
    [swap-guard] 96.0% swap used (batch 3/9) -- pausing 3s for extra cleanup
    batch 6/9
    [swap-guard] 96.0% swap used (batch 6/9) -- pausing 3s for extra cleanup
    [swap-guard] 96.3% swap used (batch 9/9) -- pausing 3s for extra cleanup
    [swap-guard] 96.0% swap used (epoch end) -- pausing 3s for extra cleanup
    [swap-guard] 95.7% swap used (fold 4 epoch 68 val) -- pausing 3s for extra cleanup
  Ep  68/200  loss=0.6177  AUC=0.7308  AP=0.7006  smoothAUC=0.7292  (152.8s)
  ✓ Fold 4 new best smoothed AUC=0.7292  saved.
    batch 1/9
    [swap-guard] 96.8% swap used (batch 3/9) -- pausing 3s for extra cleanup
    batch 6/9
    [swap-guard] 97.6% swap used (batch 6/9) -- pausing 3s for extra cleanup
    [swap-guard] 97.2% swap used (batch 9/9) -- pausing 3s for extra cleanup
    [swap-guard] 97.2% swap used (epoch end) -- pausing 3s for extra cleanup
    [swap-guard] 96.8% swap used (fold 4 epoch 69 val) -- pausing 3s for extra cleanup
  Ep  69/200  loss=0.6170  AUC=0.7324  AP=0.6987  smoothAUC=0.7310  (190.5s)
  ✓ Fold 4 new best smoothed AUC=0.7310  saved.
    batch 1/9
    [swap-guard] 98.6% swap used (batch 3/9) -- pausing 3s for extra cleanup
    batch 6/9
    [swap-guard] 95.9% swap used (batch 6/9) -- pausing 3s for extra cleanup
    [swap-guard] 96.5% swap used (batch 9/9) -- pausing 3s for extra cleanup
    [swap-guard] 96.5% swap used (epoch end) -- pausing 3s for extra cleanup
    [swap-guard] 96.2% swap used (fold 4 epoch 70 val) -- pausing 3s for extra cleanup
  Ep  70/200  loss=0.5888  AUC=0.7336  AP=0.6989  smoothAUC=0.7323  (206.6s)
  ✓ Fold 4 new best smoothed AUC=0.7323  saved.
    batch 1/9
    [swap-guard] 96.6% swap used (batch 3/9) -- pausing 3s for extra cleanup
    batch 6/9
    [swap-guard] 97.7% swap used (batch 6/9) -- pausing 3s for extra cleanup
    [swap-guard] 97.4% swap used (batch 9/9) -- pausing 3s for extra cleanup
    [swap-guard] 97.4% swap used (epoch end) -- pausing 3s for extra cleanup
    [swap-guard] 97.0% swap used (fold 4 epoch 71 val) -- pausing 3s for extra cleanup
  Ep  71/200  loss=0.5902  AUC=0.7303  AP=0.6950  smoothAUC=0.7321  (146.8s)
    batch 1/9
    [swap-guard] 96.6% swap used (batch 3/9) -- pausing 3s for extra cleanup
    batch 6/9
    [swap-guard] 98.3% swap used (batch 6/9) -- pausing 3s for extra cleanup
    [swap-guard] 97.1% swap used (batch 9/9) -- pausing 3s for extra cleanup
    [swap-guard] 97.0% swap used (epoch end) -- pausing 3s for extra cleanup
    [swap-guard] 96.9% swap used (fold 4 epoch 72 val) -- pausing 3s for extra cleanup
  Ep  72/200  loss=0.6011  AUC=0.7312  AP=0.6945  smoothAUC=0.7317  (203.3s)
    batch 1/9
    [swap-guard] 95.7% swap used (batch 3/9) -- pausing 3s for extra cleanup
    batch 6/9
    [swap-guard] 98.0% swap used (batch 6/9) -- pausing 3s for extra cleanup
    [swap-guard] 96.8% swap used (batch 9/9) -- pausing 3s for extra cleanup
    [swap-guard] 96.8% swap used (epoch end) -- pausing 3s for extra cleanup
    [swap-guard] 96.6% swap used (fold 4 epoch 73 val) -- pausing 3s for extra cleanup
  Ep  73/200  loss=0.6239  AUC=0.7333  AP=0.7031  smoothAUC=0.7316  (238.8s)
    batch 1/9
    batch 6/9
    [swap-guard] 93.6% swap used (batch 6/9) -- pausing 3s for extra cleanup
    [swap-guard] 97.2% swap used (batch 9/9) -- pausing 3s for extra cleanup
    [swap-guard] 96.9% swap used (epoch end) -- pausing 3s for extra cleanup
    [swap-guard] 96.7% swap used (fold 4 epoch 74 val) -- pausing 3s for extra cleanup
  Ep  74/200  loss=0.6059  AUC=0.7356  AP=0.7101  smoothAUC=0.7334  (162.4s)
  ✓ Fold 4 new best smoothed AUC=0.7334  saved.
    batch 1/9
    [swap-guard] 98.2% swap used (batch 3/9) -- pausing 3s for extra cleanup
    batch 6/9
    [swap-guard] 96.7% swap used (batch 6/9) -- pausing 3s for extra cleanup
    [swap-guard] 95.8% swap used (batch 9/9) -- pausing 3s for extra cleanup
    [swap-guard] 95.8% swap used (epoch end) -- pausing 3s for extra cleanup
    [swap-guard] 95.7% swap used (fold 4 epoch 75 val) -- pausing 3s for extra cleanup
  Ep  75/200  loss=0.5826  AUC=0.7372  AP=0.7103  smoothAUC=0.7353  (169.4s)
  ✓ Fold 4 new best smoothed AUC=0.7353  saved.
    batch 1/9
    [swap-guard] 98.2% swap used (batch 3/9) -- pausing 3s for extra cleanup
    batch 6/9
    [swap-guard] 95.7% swap used (batch 6/9) -- pausing 3s for extra cleanup
    [swap-guard] 96.2% swap used (batch 9/9) -- pausing 3s for extra cleanup
    [swap-guard] 96.2% swap used (epoch end) -- pausing 3s for extra cleanup
    [swap-guard] 96.0% swap used (fold 4 epoch 76 val) -- pausing 3s for extra cleanup
  Ep  76/200  loss=0.5759  AUC=0.7352  AP=0.7083  smoothAUC=0.7360  (232.7s)
  ✓ Fold 4 new best smoothed AUC=0.7360  saved.
    batch 1/9
    [swap-guard] 97.4% swap used (batch 3/9) -- pausing 3s for extra cleanup
    batch 6/9
    [swap-guard] 97.4% swap used (batch 6/9) -- pausing 3s for extra cleanup
    [swap-guard] 97.9% swap used (batch 9/9) -- pausing 3s for extra cleanup
    [swap-guard] 97.6% swap used (epoch end) -- pausing 3s for extra cleanup
    [swap-guard] 97.4% swap used (fold 4 epoch 77 val) -- pausing 3s for extra cleanup
  Ep  77/200  loss=0.5610  AUC=0.7362  AP=0.7091  smoothAUC=0.7362  (199.4s)
  ✓ Fold 4 new best smoothed AUC=0.7362  saved.
    batch 1/9
    [swap-guard] 96.4% swap used (batch 3/9) -- pausing 3s for extra cleanup
    batch 6/9
    [swap-guard] 97.9% swap used (batch 6/9) -- pausing 3s for extra cleanup
    [swap-guard] 97.3% swap used (batch 9/9) -- pausing 3s for extra cleanup
    [swap-guard] 97.2% swap used (epoch end) -- pausing 3s for extra cleanup
    [swap-guard] 97.0% swap used (fold 4 epoch 78 val) -- pausing 3s for extra cleanup
  Ep  78/200  loss=0.5611  AUC=0.7329  AP=0.7076  smoothAUC=0.7348  (208.6s)
    batch 1/9
    [swap-guard] 96.9% swap used (batch 3/9) -- pausing 3s for extra cleanup
    batch 6/9
    [swap-guard] 96.6% swap used (batch 6/9) -- pausing 3s for extra cleanup
    [swap-guard] 97.4% swap used (batch 9/9) -- pausing 3s for extra cleanup
    [swap-guard] 97.4% swap used (epoch end) -- pausing 3s for extra cleanup
    [swap-guard] 97.2% swap used (fold 4 epoch 79 val) -- pausing 3s for extra cleanup
  Ep  79/200  loss=0.5630  AUC=0.7292  AP=0.7026  smoothAUC=0.7328  (201.4s)
    batch 1/9
    [swap-guard] 98.5% swap used (batch 3/9) -- pausing 3s for extra cleanup
    batch 6/9
    [swap-guard] 96.4% swap used (batch 6/9) -- pausing 3s for extra cleanup
    [swap-guard] 94.6% swap used (batch 9/9) -- pausing 3s for extra cleanup
    [swap-guard] 94.6% swap used (epoch end) -- pausing 3s for extra cleanup
    [swap-guard] 94.5% swap used (fold 4 epoch 80 val) -- pausing 3s for extra cleanup
  Ep  80/200  loss=0.5753  AUC=0.7293  AP=0.6991  smoothAUC=0.7305  (221.7s)
    batch 1/9
    [swap-guard] 98.4% swap used (batch 3/9) -- pausing 3s for extra cleanup
    batch 6/9
    [swap-guard] 96.9% swap used (batch 6/9) -- pausing 3s for extra cleanup
    [swap-guard] 97.5% swap used (batch 9/9) -- pausing 3s for extra cleanup
    [swap-guard] 97.4% swap used (epoch end) -- pausing 3s for extra cleanup
    [swap-guard] 97.1% swap used (fold 4 epoch 81 val) -- pausing 3s for extra cleanup
  Ep  81/200  loss=0.6048  AUC=0.7300  AP=0.6986  smoothAUC=0.7295  (183.4s)
    batch 1/9
    [swap-guard] 97.7% swap used (batch 3/9) -- pausing 3s for extra cleanup
    batch 6/9
    [swap-guard] 97.0% swap used (batch 6/9) -- pausing 3s for extra cleanup
    [swap-guard] 97.1% swap used (batch 9/9) -- pausing 3s for extra cleanup
    [swap-guard] 97.0% swap used (epoch end) -- pausing 3s for extra cleanup
    [swap-guard] 96.9% swap used (fold 4 epoch 82 val) -- pausing 3s for extra cleanup
  Ep  82/200  loss=0.5699  AUC=0.7250  AP=0.6935  smoothAUC=0.7281  (177.3s)
    batch 1/9
    batch 6/9
    [swap-guard] 97.0% swap used (batch 6/9) -- pausing 3s for extra cleanup
    [swap-guard] 96.5% swap used (batch 9/9) -- pausing 3s for extra cleanup
    [swap-guard] 96.3% swap used (epoch end) -- pausing 3s for extra cleanup
    [swap-guard] 95.9% swap used (fold 4 epoch 83 val) -- pausing 3s for extra cleanup
  Ep  83/200  loss=0.5787  AUC=0.7231  AP=0.6929  smoothAUC=0.7260  (309.5s)
    batch 1/9
    [swap-guard] 96.5% swap used (batch 3/9) -- pausing 3s for extra cleanup
    batch 6/9
    [swap-guard] 97.4% swap used (batch 6/9) -- pausing 3s for extra cleanup
    [swap-guard] 94.7% swap used (batch 9/9) -- pausing 3s for extra cleanup
    [swap-guard] 94.7% swap used (epoch end) -- pausing 3s for extra cleanup
    [swap-guard] 94.6% swap used (fold 4 epoch 84 val) -- pausing 3s for extra cleanup
  Ep  84/200  loss=0.5297  AUC=0.7214  AP=0.6823  smoothAUC=0.7231  (146.9s)
    batch 1/9
    [swap-guard] 97.3% swap used (batch 3/9) -- pausing 3s for extra cleanup
    batch 6/9
    [swap-guard] 97.5% swap used (batch 6/9) -- pausing 3s for extra cleanup
    [swap-guard] 94.2% swap used (batch 9/9) -- pausing 3s for extra cleanup
    [swap-guard] 94.2% swap used (epoch end) -- pausing 3s for extra cleanup
    [swap-guard] 94.0% swap used (fold 4 epoch 85 val) -- pausing 3s for extra cleanup
  Ep  85/200  loss=0.5611  AUC=0.7211  AP=0.6768  smoothAUC=0.7219  (225.7s)
    batch 1/9
    [swap-guard] 96.8% swap used (batch 3/9) -- pausing 3s for extra cleanup
    batch 6/9
    [swap-guard] 96.4% swap used (batch 6/9) -- pausing 3s for extra cleanup
    [swap-guard] 95.0% swap used (batch 9/9) -- pausing 3s for extra cleanup
    [swap-guard] 94.0% swap used (epoch end) -- pausing 3s for extra cleanup
    [swap-guard] 93.8% swap used (fold 4 epoch 86 val) -- pausing 3s for extra cleanup
  Ep  86/200  loss=0.5703  AUC=0.7244  AP=0.6829  smoothAUC=0.7223  (237.6s)
    batch 1/9
    [swap-guard] 98.1% swap used (batch 3/9) -- pausing 3s for extra cleanup
    batch 6/9
    [swap-guard] 97.2% swap used (batch 6/9) -- pausing 3s for extra cleanup
  Ep  87/200  loss=0.5433  AUC=0.7261  AP=0.6824  smoothAUC=0.7239  (300.2s)
    batch 1/9
    [swap-guard] 96.1% swap used (batch 3/9) -- pausing 3s for extra cleanup
    batch 6/9
    [swap-guard] 97.1% swap used (batch 6/9) -- pausing 3s for extra cleanup
    [swap-guard] 96.3% swap used (batch 9/9) -- pausing 3s for extra cleanup
    [swap-guard] 96.1% swap used (epoch end) -- pausing 3s for extra cleanup
    [swap-guard] 95.5% swap used (fold 4 epoch 88 val) -- pausing 3s for extra cleanup
  Ep  88/200  loss=0.5447  AUC=0.7275  AP=0.6892  smoothAUC=0.7260  (437.6s)
    batch 1/9
    [swap-guard] 97.0% swap used (batch 3/9) -- pausing 3s for extra cleanup
    batch 6/9
    [swap-guard] 97.7% swap used (batch 6/9) -- pausing 3s for extra cleanup
    [swap-guard] 96.2% swap used (batch 9/9) -- pausing 3s for extra cleanup
    [swap-guard] 96.2% swap used (epoch end) -- pausing 3s for extra cleanup
    [swap-guard] 95.7% swap used (fold 4 epoch 89 val) -- pausing 3s for extra cleanup
  Ep  89/200  loss=0.5606  AUC=0.7249  AP=0.6860  smoothAUC=0.7262  (167.3s)
    batch 1/9
    [swap-guard] 97.2% swap used (batch 3/9) -- pausing 3s for extra cleanup
    batch 6/9
    [swap-guard] 95.3% swap used (batch 6/9) -- pausing 3s for extra cleanup
    [swap-guard] 97.8% swap used (batch 9/9) -- pausing 3s for extra cleanup
    [swap-guard] 97.8% swap used (epoch end) -- pausing 3s for extra cleanup
    [swap-guard] 97.6% swap used (fold 4 epoch 90 val) -- pausing 3s for extra cleanup
  Ep  90/200  loss=0.5782  AUC=0.7267  AP=0.6896  smoothAUC=0.7264  (225.5s)
    batch 1/9
    [swap-guard] 96.8% swap used (batch 3/9) -- pausing 3s for extra cleanup
    batch 6/9
    [swap-guard] 98.1% swap used (batch 9/9) -- pausing 3s for extra cleanup
    [swap-guard] 98.0% swap used (epoch end) -- pausing 3s for extra cleanup
    [swap-guard] 97.6% swap used (fold 4 epoch 91 val) -- pausing 3s for extra cleanup
  Ep  91/200  loss=0.5409  AUC=0.7284  AP=0.6914  smoothAUC=0.7267  (199.9s)
    batch 1/9
    [swap-guard] 96.3% swap used (batch 3/9) -- pausing 3s for extra cleanup
    batch 6/9
    [swap-guard] 96.2% swap used (batch 6/9) -- pausing 3s for extra cleanup
    [swap-guard] 96.3% swap used (batch 9/9) -- pausing 3s for extra cleanup
    [swap-guard] 96.1% swap used (epoch end) -- pausing 3s for extra cleanup
    [swap-guard] 95.8% swap used (fold 4 epoch 92 val) -- pausing 3s for extra cleanup
  Ep  92/200  loss=0.5368  AUC=0.7288  AP=0.6915  smoothAUC=0.7279  (193.2s)
    batch 1/9
    [swap-guard] 97.8% swap used (batch 3/9) -- pausing 3s for extra cleanup
    batch 6/9
    [swap-guard] 95.9% swap used (batch 6/9) -- pausing 3s for extra cleanup
    [swap-guard] 94.0% swap used (batch 9/9) -- pausing 3s for extra cleanup
    [swap-guard] 93.9% swap used (epoch end) -- pausing 3s for extra cleanup
    [swap-guard] 97.3% swap used (fold 4 epoch 93 val) -- pausing 3s for extra cleanup
  Ep  93/200  loss=0.5582  AUC=0.7263  AP=0.6875  smoothAUC=0.7278  (175.4s)
    batch 1/9
    [swap-guard] 96.0% swap used (batch 3/9) -- pausing 3s for extra cleanup
    batch 6/9
    [swap-guard] 94.2% swap used (batch 6/9) -- pausing 3s for extra cleanup
    [swap-guard] 97.2% swap used (batch 9/9) -- pausing 3s for extra cleanup
    [swap-guard] 97.1% swap used (epoch end) -- pausing 3s for extra cleanup
    [swap-guard] 97.0% swap used (fold 4 epoch 94 val) -- pausing 3s for extra cleanup
  Ep  94/200  loss=0.5283  AUC=0.7271  AP=0.6856  smoothAUC=0.7274  (209.6s)
    batch 1/9
    [swap-guard] 96.3% swap used (batch 3/9) -- pausing 3s for extra cleanup
    batch 6/9
    [swap-guard] 96.9% swap used (batch 6/9) -- pausing 3s for extra cleanup
    [swap-guard] 98.1% swap used (batch 9/9) -- pausing 3s for extra cleanup
    [swap-guard] 98.1% swap used (epoch end) -- pausing 3s for extra cleanup
    [swap-guard] 97.0% swap used (fold 4 epoch 95 val) -- pausing 3s for extra cleanup
  Ep  95/200  loss=0.5292  AUC=0.7248  AP=0.6852  smoothAUC=0.7261  (263.9s)
    batch 1/9
    [swap-guard] 97.2% swap used (batch 3/9) -- pausing 3s for extra cleanup
    batch 6/9
    [swap-guard] 96.0% swap used (batch 6/9) -- pausing 3s for extra cleanup
    [swap-guard] 98.5% swap used (batch 9/9) -- pausing 3s for extra cleanup
    [swap-guard] 98.5% swap used (epoch end) -- pausing 3s for extra cleanup
    [swap-guard] 98.0% swap used (fold 4 epoch 96 val) -- pausing 3s for extra cleanup
  Ep  96/200  loss=0.5258  AUC=0.7253  AP=0.6870  smoothAUC=0.7257  (179.8s)
    batch 1/9
    [swap-guard] 95.7% swap used (batch 3/9) -- pausing 3s for extra cleanup
    batch 6/9
    [swap-guard] 97.8% swap used (batch 6/9) -- pausing 3s for extra cleanup
    [swap-guard] 97.4% swap used (batch 9/9) -- pausing 3s for extra cleanup
    [swap-guard] 97.4% swap used (epoch end) -- pausing 3s for extra cleanup
    [swap-guard] 97.2% swap used (fold 4 epoch 97 val) -- pausing 3s for extra cleanup
  Ep  97/200  loss=0.5790  AUC=0.7251  AP=0.6884  smoothAUC=0.7251  (179.1s)

  Early stopping at epoch 97.

  Fold 4 test — AUC=0.6801  AP=0.6634  (random=0.5000)
    [swap-guard] 96.9% swap used (fold 4 boundary) -- pausing 3s for extra cleanup

=======================================================
  FOLD 5 / 5
=======================================================
/Users/mbp/Documents/MTECH/Sem4/Individual_project/AI_Assisted_3D_Assembly_Design/AI-Assisted-3D-Assembly-Design/.venv/lib/python3.12/site-packages/torch_geometric/transforms/base_transform.py:32: UserWarning: There are not enough negative edges to satisfy the provided sampling ratio. The ratio will be adjusted to 0.00.
  return self.forward(copy.copy(data))
    [DIAG] graph 44: 2 nodes, 2 dir-edges, 1 pos, requested 1 neg but only 0 possible
    [DIAG] graph 60: 2 nodes, 2 dir-edges, 1 pos, requested 1 neg but only 0 possible
    [DIAG] graph 63: 2 nodes, 2 dir-edges, 1 pos, requested 1 neg but only 0 possible
    [DIAG] graph 71: 2 nodes, 2 dir-edges, 1 pos, requested 1 neg but only 0 possible
    [DIAG] graph 119: 2 nodes, 2 dir-edges, 1 pos, requested 1 neg but only 0 possible
  Fold 5/5 — train: 137  val: 34  test: 21
Model built on mps  |  total params: 2,441,809
    batch 1/9
    [swap-guard] 96.8% swap used (batch 3/9) -- pausing 3s for extra cleanup
    batch 6/9
    [swap-guard] 95.9% swap used (batch 6/9) -- pausing 3s for extra cleanup
    [swap-guard] 96.8% swap used (batch 9/9) -- pausing 3s for extra cleanup
    [swap-guard] 96.5% swap used (epoch end) -- pausing 3s for extra cleanup
    [swap-guard] 94.1% swap used (fold 5 epoch 1 val) -- pausing 3s for extra cleanup
  Ep   1/200  loss=1.6081  AUC=0.5123  AP=0.5468  smoothAUC=0.5123  (273.5s)
  ✓ Fold 5 new best smoothed AUC=0.5123  saved.
    batch 1/9
    [swap-guard] 97.2% swap used (batch 3/9) -- pausing 3s for extra cleanup
    batch 6/9
    [swap-guard] 96.4% swap used (batch 6/9) -- pausing 3s for extra cleanup
    [swap-guard] 97.5% swap used (batch 9/9) -- pausing 3s for extra cleanup
    [swap-guard] 97.5% swap used (epoch end) -- pausing 3s for extra cleanup
    [swap-guard] 97.3% swap used (fold 5 epoch 2 val) -- pausing 3s for extra cleanup
  Ep   2/200  loss=1.5228  AUC=0.5190  AP=0.5248  smoothAUC=0.5157  (297.1s)
  ✓ Fold 5 new best smoothed AUC=0.5157  saved.
    batch 1/9
    [swap-guard] 98.6% swap used (batch 3/9) -- pausing 3s for extra cleanup
    batch 6/9
    [swap-guard] 96.8% swap used (batch 6/9) -- pausing 3s for extra cleanup
    [swap-guard] 95.7% swap used (batch 9/9) -- pausing 3s for extra cleanup
    [swap-guard] 95.7% swap used (epoch end) -- pausing 3s for extra cleanup
    [swap-guard] 95.4% swap used (fold 5 epoch 3 val) -- pausing 3s for extra cleanup
  Ep   3/200  loss=1.4877  AUC=0.5402  AP=0.5273  smoothAUC=0.5238  (262.9s)
  ✓ Fold 5 new best smoothed AUC=0.5238  saved.
    batch 1/9
    [swap-guard] 96.8% swap used (batch 3/9) -- pausing 3s for extra cleanup
    batch 6/9
    [swap-guard] 95.1% swap used (batch 6/9) -- pausing 3s for extra cleanup
    [swap-guard] 97.6% swap used (batch 9/9) -- pausing 3s for extra cleanup
    [swap-guard] 97.1% swap used (epoch end) -- pausing 3s for extra cleanup
    [swap-guard] 96.8% swap used (fold 5 epoch 4 val) -- pausing 3s for extra cleanup
  Ep   4/200  loss=1.4594  AUC=0.5476  AP=0.5378  smoothAUC=0.5356  (182.7s)
  ✓ Fold 5 new best smoothed AUC=0.5356  saved.
    batch 1/9
    [swap-guard] 96.1% swap used (batch 3/9) -- pausing 3s for extra cleanup
    batch 6/9
    [swap-guard] 95.5% swap used (batch 6/9) -- pausing 3s for extra cleanup
    [swap-guard] 98.0% swap used (batch 9/9) -- pausing 3s for extra cleanup
    [swap-guard] 97.8% swap used (epoch end) -- pausing 3s for extra cleanup
    [swap-guard] 97.7% swap used (fold 5 epoch 5 val) -- pausing 3s for extra cleanup
  Ep   5/200  loss=1.4708  AUC=0.5488  AP=0.5432  smoothAUC=0.5455  (376.9s)
  ✓ Fold 5 new best smoothed AUC=0.5455  saved.
    batch 1/9
    [swap-guard] 97.8% swap used (batch 3/9) -- pausing 3s for extra cleanup
    batch 6/9
    [swap-guard] 95.7% swap used (batch 6/9) -- pausing 3s for extra cleanup
    [swap-guard] 95.0% swap used (batch 9/9) -- pausing 3s for extra cleanup
    [swap-guard] 95.0% swap used (epoch end) -- pausing 3s for extra cleanup
    [swap-guard] 94.6% swap used (fold 5 epoch 6 val) -- pausing 3s for extra cleanup
  Ep   6/200  loss=1.4283  AUC=0.5918  AP=0.5825  smoothAUC=0.5627  (274.2s)
  ✓ Fold 5 new best smoothed AUC=0.5627  saved.
    batch 1/9
    [swap-guard] 97.2% swap used (batch 3/9) -- pausing 3s for extra cleanup
    batch 6/9
    [swap-guard] 97.0% swap used (batch 6/9) -- pausing 3s for extra cleanup
    [swap-guard] 96.9% swap used (batch 9/9) -- pausing 3s for extra cleanup
    [swap-guard] 96.8% swap used (epoch end) -- pausing 3s for extra cleanup
    [swap-guard] 96.3% swap used (fold 5 epoch 7 val) -- pausing 3s for extra cleanup
  Ep   7/200  loss=1.3481  AUC=0.6088  AP=0.5995  smoothAUC=0.5831  (608.1s)
  ✓ Fold 5 new best smoothed AUC=0.5831  saved.
    batch 1/9
    [swap-guard] 96.6% swap used (batch 3/9) -- pausing 3s for extra cleanup
    batch 6/9
    [swap-guard] 97.1% swap used (batch 6/9) -- pausing 3s for extra cleanup
    [swap-guard] 96.0% swap used (batch 9/9) -- pausing 3s for extra cleanup
    [swap-guard] 95.9% swap used (epoch end) -- pausing 3s for extra cleanup
    [swap-guard] 95.8% swap used (fold 5 epoch 8 val) -- pausing 3s for extra cleanup
  Ep   8/200  loss=1.3552  AUC=0.5833  AP=0.5784  smoothAUC=0.5946  (271.5s)
  ✓ Fold 5 new best smoothed AUC=0.5946  saved.
    batch 1/9
    [swap-guard] 97.7% swap used (batch 3/9) -- pausing 3s for extra cleanup
    batch 6/9
    [swap-guard] 97.8% swap used (batch 6/9) -- pausing 3s for extra cleanup
    [swap-guard] 96.6% swap used (batch 9/9) -- pausing 3s for extra cleanup
    [swap-guard] 96.6% swap used (epoch end) -- pausing 3s for extra cleanup
    [swap-guard] 96.5% swap used (fold 5 epoch 9 val) -- pausing 3s for extra cleanup
  Ep   9/200  loss=1.2932  AUC=0.5728  AP=0.5606  smoothAUC=0.5883  (249.8s)
    batch 1/9
    [swap-guard] 96.3% swap used (batch 3/9) -- pausing 3s for extra cleanup
    batch 6/9
    [swap-guard] 96.4% swap used (batch 6/9) -- pausing 3s for extra cleanup
    [swap-guard] 97.6% swap used (batch 9/9) -- pausing 3s for extra cleanup
    [swap-guard] 97.6% swap used (epoch end) -- pausing 3s for extra cleanup
    [swap-guard] 96.9% swap used (fold 5 epoch 10 val) -- pausing 3s for extra cleanup
  Ep  10/200  loss=1.3174  AUC=0.5625  AP=0.5580  smoothAUC=0.5728  (343.9s)
    batch 1/9
    [swap-guard] 97.4% swap used (batch 3/9) -- pausing 3s for extra cleanup
    batch 6/9
    [swap-guard] 97.5% swap used (batch 6/9) -- pausing 3s for extra cleanup
    [swap-guard] 97.2% swap used (batch 9/9) -- pausing 3s for extra cleanup
    [swap-guard] 97.1% swap used (epoch end) -- pausing 3s for extra cleanup
    [swap-guard] 96.9% swap used (fold 5 epoch 11 val) -- pausing 3s for extra cleanup
  Ep  11/200  loss=1.3074  AUC=0.5664  AP=0.5579  smoothAUC=0.5672  (191.0s)
    batch 1/9
    [swap-guard] 96.1% swap used (batch 3/9) -- pausing 3s for extra cleanup
    batch 6/9
    [swap-guard] 98.2% swap used (batch 6/9) -- pausing 3s for extra cleanup
    [swap-guard] 97.8% swap used (batch 9/9) -- pausing 3s for extra cleanup
    [swap-guard] 97.8% swap used (epoch end) -- pausing 3s for extra cleanup
    [swap-guard] 97.6% swap used (fold 5 epoch 12 val) -- pausing 3s for extra cleanup
  Ep  12/200  loss=1.2929  AUC=0.5814  AP=0.5688  smoothAUC=0.5701  (565.7s)
    batch 1/9
    [swap-guard] 98.0% swap used (batch 3/9) -- pausing 3s for extra cleanup
    batch 6/9
