
[1/4] Loading dataset …
      192 graphs loaded.
      Dataset: 192 graphs | mean nodes=26.9 | mean edges=81.1 | categories: Bench_vice=54 C_Clamps=31 Crane_hook=16 Gate_Valve=20 Pipe_vice=42 Press_Tool=21 Tool_Post=8

[2/4] Building model …  (5-fold CV)

[3/4] Training (5 folds) …

=======================================================
  FOLD 1 / 5
=======================================================
/Users/mbp/Documents/MTECH/Sem4/Individual_project/AI_Assisted_3D_Assembly_Design/AI-Assisted-3D-Assembly-Design/.venv/lib/python3.12/site-packages/torch_geometric/transforms/base_transform.py:32: UserWarning: There are not enough negative edges to satisfy the provided sampling ratio. The ratio will be adjusted to 0.00.
  return self.forward(copy.copy(data))
    [DIAG] graph 44: 2 nodes, 2 dir-edges, 1 pos, requested 1 neg but only 0 possible
    [DIAG] graph 60: 2 nodes, 2 dir-edges, 1 pos, requested 1 neg but only 0 possible
    [DIAG] graph 63: 2 nodes, 2 dir-edges, 1 pos, requested 1 neg but only 0 possible
    [DIAG] graph 71: 2 nodes, 2 dir-edges, 1 pos, requested 1 neg but only 0 possible
    [DIAG] graph 119: 2 nodes, 2 dir-edges, 1 pos, requested 1 neg but only 0 possible
  Fold 1/5 — train: 122  val: 31  test: 39
Model built on mps  |  total params: 2,441,809
    batch 1/8
    batch 6/8
  Ep   1/200  loss=1.5710  AUC=0.6313  AP=0.6030  smoothAUC=0.6313  (38.7s)
  ✓ Fold 1 new best smoothed AUC=0.6313  saved.
    batch 1/8
    batch 6/8
  Ep   2/200  loss=1.4997  AUC=0.5672  AP=0.5568  smoothAUC=0.5993  (32.8s)
    batch 1/8
    batch 6/8
  Ep   3/200  loss=1.4567  AUC=0.5890  AP=0.5628  smoothAUC=0.5958  (37.7s)
    batch 1/8
    batch 6/8
  Ep   4/200  loss=1.4756  AUC=0.6179  AP=0.6134  smoothAUC=0.5914  (32.7s)
    batch 1/8
    [swap-guard] 91.7% swap used (batch 3/8) -- pausing 3s for extra cleanup
    batch 6/8
  Ep   5/200  loss=1.4403  AUC=0.6587  AP=0.6582  smoothAUC=0.6219  (29.8s)
    batch 1/8
    batch 6/8
  Ep   6/200  loss=1.3955  AUC=0.6572  AP=0.6724  smoothAUC=0.6446  (33.7s)
  ✓ Fold 1 new best smoothed AUC=0.6446  saved.
    batch 1/8
    batch 6/8
  Ep   7/200  loss=1.3318  AUC=0.6490  AP=0.6754  smoothAUC=0.6550  (38.4s)
  ✓ Fold 1 new best smoothed AUC=0.6550  saved.
    batch 1/8
    batch 6/8
  Ep   8/200  loss=1.3487  AUC=0.6537  AP=0.6752  smoothAUC=0.6533  (43.5s)
    batch 1/8
    batch 6/8
  Ep   9/200  loss=1.3519  AUC=0.6847  AP=0.7098  smoothAUC=0.6625  (43.2s)
  ✓ Fold 1 new best smoothed AUC=0.6625  saved.
    batch 1/8
    batch 6/8
  Ep  10/200  loss=1.2941  AUC=0.6785  AP=0.7046  smoothAUC=0.6723  (39.8s)
  ✓ Fold 1 new best smoothed AUC=0.6723  saved.
    batch 1/8
    batch 6/8
  Ep  11/200  loss=1.2943  AUC=0.6461  AP=0.6489  smoothAUC=0.6698  (31.7s)
    batch 1/8
    batch 6/8
  Ep  12/200  loss=1.2545  AUC=0.6412  AP=0.6854  smoothAUC=0.6553  (56.7s)
    batch 1/8
    batch 6/8
  Ep  13/200  loss=1.2289  AUC=0.6635  AP=0.7075  smoothAUC=0.6503  (45.8s)
    batch 1/8
    batch 6/8
  Ep  14/200  loss=1.2509  AUC=0.6597  AP=0.6843  smoothAUC=0.6548  (36.5s)
    batch 1/8
    batch 6/8
  Ep  15/200  loss=1.2143  AUC=0.6905  AP=0.6946  smoothAUC=0.6712  (36.1s)
    batch 1/8
    batch 6/8
  Ep  16/200  loss=1.1667  AUC=0.6995  AP=0.7093  smoothAUC=0.6832  (54.0s)
  ✓ Fold 1 new best smoothed AUC=0.6832  saved.
    batch 1/8
    batch 6/8
  Ep  17/200  loss=1.1608  AUC=0.6731  AP=0.6617  smoothAUC=0.6877  (48.0s)
  ✓ Fold 1 new best smoothed AUC=0.6877  saved.
    batch 1/8
    batch 6/8
  Ep  18/200  loss=1.1733  AUC=0.6757  AP=0.6686  smoothAUC=0.6828  (39.6s)
    batch 1/8
    batch 6/8
  Ep  19/200  loss=1.1334  AUC=0.6715  AP=0.6544  smoothAUC=0.6735  (34.2s)
    batch 1/8
    batch 6/8
  Ep  20/200  loss=1.1056  AUC=0.6885  AP=0.6821  smoothAUC=0.6786  (37.7s)
    batch 1/8
    batch 6/8
  Ep  21/200  loss=1.1028  AUC=0.6928  AP=0.6781  smoothAUC=0.6843  (37.9s)
    batch 1/8
    [swap-guard] 91.0% swap used (batch 3/8) -- pausing 3s for extra cleanup
    batch 6/8
  Ep  22/200  loss=1.0196  AUC=0.6918  AP=0.6779  smoothAUC=0.6910  (48.8s)
  ✓ Fold 1 new best smoothed AUC=0.6910  saved.
    batch 1/8
    batch 6/8
  Ep  23/200  loss=1.0452  AUC=0.6717  AP=0.6524  smoothAUC=0.6854  (41.4s)
    batch 1/8
    batch 6/8
    [swap-guard] 93.6% swap used (batch 6/8) -- pausing 3s for extra cleanup
    [swap-guard] 94.6% swap used (epoch end) -- pausing 3s for extra cleanup
    [swap-guard] 94.0% swap used (fold 1 epoch 24 val) -- pausing 3s for extra cleanup
  Ep  24/200  loss=1.0280  AUC=0.6978  AP=0.6794  smoothAUC=0.6871  (50.0s)
    batch 1/8
    batch 6/8
  Ep  25/200  loss=1.0193  AUC=0.7087  AP=0.6943  smoothAUC=0.6927  (41.9s)
  ✓ Fold 1 new best smoothed AUC=0.6927  saved.
    batch 1/8
    batch 6/8
  Ep  26/200  loss=0.9878  AUC=0.7084  AP=0.6962  smoothAUC=0.7049  (35.9s)
  ✓ Fold 1 new best smoothed AUC=0.7049  saved.
    batch 1/8
    batch 6/8
    [swap-guard] 95.0% swap used (batch 6/8) -- pausing 3s for extra cleanup
    [swap-guard] 93.5% swap used (epoch end) -- pausing 3s for extra cleanup
    [swap-guard] 93.0% swap used (fold 1 epoch 27 val) -- pausing 3s for extra cleanup
  Ep  27/200  loss=0.9944  AUC=0.7120  AP=0.6803  smoothAUC=0.7097  (47.3s)
  ✓ Fold 1 new best smoothed AUC=0.7097  saved.
    batch 1/8
    batch 6/8
    [swap-guard] 95.5% swap used (epoch end) -- pausing 3s for extra cleanup
    [swap-guard] 95.1% swap used (fold 1 epoch 28 val) -- pausing 3s for extra cleanup
  Ep  28/200  loss=0.9880  AUC=0.7037  AP=0.6814  smoothAUC=0.7080  (50.3s)
    batch 1/8
    batch 6/8
  Ep  29/200  loss=0.9761  AUC=0.7219  AP=0.7041  smoothAUC=0.7125  (45.1s)
  ✓ Fold 1 new best smoothed AUC=0.7125  saved.
    batch 1/8
    [swap-guard] 95.6% swap used (batch 3/8) -- pausing 3s for extra cleanup
    batch 6/8
    [swap-guard] 91.4% swap used (batch 6/8) -- pausing 3s for extra cleanup
    [swap-guard] 91.0% swap used (epoch end) -- pausing 3s for extra cleanup
    [swap-guard] 90.7% swap used (fold 1 epoch 30 val) -- pausing 3s for extra cleanup
  Ep  30/200  loss=0.9829  AUC=0.7059  AP=0.6900  smoothAUC=0.7105  (67.1s)
    batch 1/8
    batch 6/8
  Ep  31/200  loss=0.9514  AUC=0.7058  AP=0.6862  smoothAUC=0.7112  (58.2s)
    batch 1/8
    batch 6/8
    [swap-guard] 95.1% swap used (batch 6/8) -- pausing 3s for extra cleanup
    [swap-guard] 94.1% swap used (epoch end) -- pausing 3s for extra cleanup
    [swap-guard] 94.0% swap used (fold 1 epoch 32 val) -- pausing 3s for extra cleanup
  Ep  32/200  loss=0.9500  AUC=0.7161  AP=0.6873  smoothAUC=0.7093  (48.7s)
    batch 1/8
    batch 6/8
  Ep  33/200  loss=1.0273  AUC=0.6961  AP=0.6695  smoothAUC=0.7060  (38.0s)
    batch 1/8
    batch 6/8
  Ep  34/200  loss=0.9776  AUC=0.6940  AP=0.6796  smoothAUC=0.7020  (50.0s)
    batch 1/8
    batch 6/8
  Ep  35/200  loss=0.8787  AUC=0.6903  AP=0.6799  smoothAUC=0.6934  (52.1s)
    batch 1/8
    [swap-guard] 96.2% swap used (batch 3/8) -- pausing 3s for extra cleanup
    batch 6/8
  Ep  36/200  loss=0.9251  AUC=0.6998  AP=0.6964  smoothAUC=0.6947  (46.1s)
    batch 1/8
    batch 6/8
    [swap-guard] 92.3% swap used (batch 6/8) -- pausing 3s for extra cleanup
    [swap-guard] 91.0% swap used (epoch end) -- pausing 3s for extra cleanup
    [swap-guard] 90.8% swap used (fold 1 epoch 37 val) -- pausing 3s for extra cleanup
  Ep  37/200  loss=0.8590  AUC=0.7106  AP=0.6936  smoothAUC=0.7002  (63.8s)
    batch 1/8
    [swap-guard] 94.4% swap used (batch 3/8) -- pausing 3s for extra cleanup
    batch 6/8
    [swap-guard] 94.6% swap used (batch 6/8) -- pausing 3s for extra cleanup
    [swap-guard] 94.1% swap used (epoch end) -- pausing 3s for extra cleanup
    [swap-guard] 93.9% swap used (fold 1 epoch 38 val) -- pausing 3s for extra cleanup
  Ep  38/200  loss=0.8581  AUC=0.7069  AP=0.6722  smoothAUC=0.7058  (54.3s)
    batch 1/8
    batch 6/8
    [swap-guard] 90.1% swap used (epoch end) -- pausing 3s for extra cleanup
  Ep  39/200  loss=0.8706  AUC=0.7107  AP=0.6783  smoothAUC=0.7094  (44.4s)
    batch 1/8
    [swap-guard] 91.7% swap used (batch 3/8) -- pausing 3s for extra cleanup
    batch 6/8
    [swap-guard] 96.8% swap used (epoch end) -- pausing 3s for extra cleanup
    [swap-guard] 96.3% swap used (fold 1 epoch 40 val) -- pausing 3s for extra cleanup
  Ep  40/200  loss=0.8565  AUC=0.7187  AP=0.6865  smoothAUC=0.7121  (69.5s)
    batch 1/8
    [swap-guard] 92.6% swap used (batch 3/8) -- pausing 3s for extra cleanup
    batch 6/8
    [swap-guard] 92.3% swap used (batch 6/8) -- pausing 3s for extra cleanup
    [swap-guard] 91.4% swap used (epoch end) -- pausing 3s for extra cleanup
    [swap-guard] 90.8% swap used (fold 1 epoch 41 val) -- pausing 3s for extra cleanup
  Ep  41/200  loss=0.8330  AUC=0.7205  AP=0.6911  smoothAUC=0.7166  (69.8s)
  ✓ Fold 1 new best smoothed AUC=0.7166  saved.
    batch 1/8
    [swap-guard] 91.5% swap used (batch 3/8) -- pausing 3s for extra cleanup
    batch 6/8
  Ep  42/200  loss=0.8450  AUC=0.7203  AP=0.6997  smoothAUC=0.7198  (46.7s)
  ✓ Fold 1 new best smoothed AUC=0.7198  saved.
    batch 1/8
    batch 6/8
    [swap-guard] 93.0% swap used (batch 6/8) -- pausing 3s for extra cleanup
    [swap-guard] 95.9% swap used (epoch end) -- pausing 3s for extra cleanup
    [swap-guard] 95.3% swap used (fold 1 epoch 43 val) -- pausing 3s for extra cleanup
  Ep  43/200  loss=0.8771  AUC=0.7191  AP=0.6980  smoothAUC=0.7200  (55.4s)
  ✓ Fold 1 new best smoothed AUC=0.7200  saved.
    batch 1/8
    [swap-guard] 92.7% swap used (batch 3/8) -- pausing 3s for extra cleanup
    batch 6/8
  Ep  44/200  loss=0.7852  AUC=0.7085  AP=0.6822  smoothAUC=0.7160  (50.4s)
    batch 1/8
    batch 6/8
    [swap-guard] 91.7% swap used (batch 6/8) -- pausing 3s for extra cleanup
    [swap-guard] 94.1% swap used (epoch end) -- pausing 3s for extra cleanup
    [swap-guard] 93.9% swap used (fold 1 epoch 45 val) -- pausing 3s for extra cleanup
  Ep  45/200  loss=0.7864  AUC=0.7002  AP=0.6715  smoothAUC=0.7093  (60.9s)
    batch 1/8
    [swap-guard] 92.0% swap used (batch 3/8) -- pausing 3s for extra cleanup
    batch 6/8
  Ep  46/200  loss=0.8155  AUC=0.7106  AP=0.6817  smoothAUC=0.7064  (69.3s)
    batch 1/8
    batch 6/8
  Ep  47/200  loss=0.7838  AUC=0.7114  AP=0.6851  smoothAUC=0.7074  (44.8s)
    batch 1/8
    batch 6/8
    [swap-guard] 94.2% swap used (batch 6/8) -- pausing 3s for extra cleanup
    [swap-guard] 91.1% swap used (epoch end) -- pausing 3s for extra cleanup
    [swap-guard] 90.9% swap used (fold 1 epoch 48 val) -- pausing 3s for extra cleanup
  Ep  48/200  loss=0.7407  AUC=0.7077  AP=0.6876  smoothAUC=0.7099  (58.9s)
    batch 1/8
    batch 6/8
    [swap-guard] 90.9% swap used (batch 6/8) -- pausing 3s for extra cleanup
    [swap-guard] 94.6% swap used (epoch end) -- pausing 3s for extra cleanup
    [swap-guard] 94.4% swap used (fold 1 epoch 49 val) -- pausing 3s for extra cleanup
  Ep  49/200  loss=0.7748  AUC=0.7161  AP=0.6990  smoothAUC=0.7118  (61.8s)
    batch 1/8
    [swap-guard] 94.5% swap used (batch 3/8) -- pausing 3s for extra cleanup
    batch 6/8
    [swap-guard] 93.5% swap used (epoch end) -- pausing 3s for extra cleanup
    [swap-guard] 93.1% swap used (fold 1 epoch 50 val) -- pausing 3s for extra cleanup
  Ep  50/200  loss=0.7493  AUC=0.7116  AP=0.6954  smoothAUC=0.7118  (57.2s)
    batch 1/8
    batch 6/8
    [swap-guard] 95.7% swap used (batch 6/8) -- pausing 3s for extra cleanup
    [swap-guard] 94.5% swap used (epoch end) -- pausing 3s for extra cleanup
    [swap-guard] 94.3% swap used (fold 1 epoch 51 val) -- pausing 3s for extra cleanup
  Ep  51/200  loss=0.7373  AUC=0.7157  AP=0.6989  smoothAUC=0.7145  (74.7s)
    batch 1/8
    [swap-guard] 95.6% swap used (batch 3/8) -- pausing 3s for extra cleanup
    batch 6/8
  Ep  52/200  loss=0.6935  AUC=0.7203  AP=0.7014  smoothAUC=0.7159  (60.8s)
    batch 1/8
    [swap-guard] 94.0% swap used (batch 3/8) -- pausing 3s for extra cleanup
    batch 6/8
    [swap-guard] 93.8% swap used (fold 1 epoch 53 val) -- pausing 3s for extra cleanup
  Ep  53/200  loss=0.6906  AUC=0.7213  AP=0.6985  smoothAUC=0.7191  (63.8s)
    batch 1/8
    [swap-guard] 92.0% swap used (batch 3/8) -- pausing 3s for extra cleanup
    batch 6/8
    [swap-guard] 90.7% swap used (epoch end) -- pausing 3s for extra cleanup
    [swap-guard] 90.5% swap used (fold 1 epoch 54 val) -- pausing 3s for extra cleanup
  Ep  54/200  loss=0.7496  AUC=0.7189  AP=0.6961  smoothAUC=0.7202  (61.8s)
  ✓ Fold 1 new best smoothed AUC=0.7202  saved.
    batch 1/8
    [swap-guard] 94.1% swap used (batch 3/8) -- pausing 3s for extra cleanup
    batch 6/8
  Ep  55/200  loss=0.7241  AUC=0.7145  AP=0.6893  smoothAUC=0.7182  (65.2s)
    batch 1/8
    [swap-guard] 94.6% swap used (batch 3/8) -- pausing 3s for extra cleanup
    batch 6/8
    [swap-guard] 92.4% swap used (epoch end) -- pausing 3s for extra cleanup
    [swap-guard] 92.0% swap used (fold 1 epoch 56 val) -- pausing 3s for extra cleanup
  Ep  56/200  loss=0.7489  AUC=0.7173  AP=0.6913  smoothAUC=0.7169  (63.2s)
    batch 1/8
    [swap-guard] 91.4% swap used (batch 3/8) -- pausing 3s for extra cleanup
    batch 6/8
    [swap-guard] 91.4% swap used (epoch end) -- pausing 3s for extra cleanup
    [swap-guard] 91.2% swap used (fold 1 epoch 57 val) -- pausing 3s for extra cleanup
  Ep  57/200  loss=0.6890  AUC=0.7242  AP=0.6974  smoothAUC=0.7187  (66.9s)
    batch 1/8
    [swap-guard] 97.2% swap used (batch 3/8) -- pausing 3s for extra cleanup
    batch 6/8
    [swap-guard] 95.5% swap used (batch 6/8) -- pausing 3s for extra cleanup
    [swap-guard] 94.6% swap used (epoch end) -- pausing 3s for extra cleanup
    [swap-guard] 94.4% swap used (fold 1 epoch 58 val) -- pausing 3s for extra cleanup
  Ep  58/200  loss=0.6686  AUC=0.7307  AP=0.6995  smoothAUC=0.7241  (80.1s)
  ✓ Fold 1 new best smoothed AUC=0.7241  saved.
    batch 1/8
    batch 6/8
    [swap-guard] 94.6% swap used (batch 6/8) -- pausing 3s for extra cleanup
  Ep  59/200  loss=0.6724  AUC=0.7323  AP=0.6956  smoothAUC=0.7290  (52.8s)
  ✓ Fold 1 new best smoothed AUC=0.7290  saved.
    batch 1/8
    [swap-guard] 92.3% swap used (batch 3/8) -- pausing 3s for extra cleanup
    batch 6/8
    [swap-guard] 95.2% swap used (batch 6/8) -- pausing 3s for extra cleanup
    [swap-guard] 93.7% swap used (epoch end) -- pausing 3s for extra cleanup
    [swap-guard] 93.5% swap used (fold 1 epoch 60 val) -- pausing 3s for extra cleanup
  Ep  60/200  loss=0.6507  AUC=0.7300  AP=0.6966  smoothAUC=0.7310  (69.4s)
  ✓ Fold 1 new best smoothed AUC=0.7310  saved.
    batch 1/8
    [swap-guard] 90.1% swap used (batch 3/8) -- pausing 3s for extra cleanup
    batch 6/8
    [swap-guard] 91.7% swap used (batch 6/8) -- pausing 3s for extra cleanup
    [swap-guard] 90.5% swap used (epoch end) -- pausing 3s for extra cleanup
    [swap-guard] 90.5% swap used (fold 1 epoch 61 val) -- pausing 3s for extra cleanup
  Ep  61/200  loss=0.7317  AUC=0.7262  AP=0.6906  smoothAUC=0.7295  (83.5s)
    batch 1/8
    batch 6/8
    [swap-guard] 96.2% swap used (batch 6/8) -- pausing 3s for extra cleanup
    [swap-guard] 93.4% swap used (epoch end) -- pausing 3s for extra cleanup
    [swap-guard] 92.5% swap used (fold 1 epoch 62 val) -- pausing 3s for extra cleanup
  Ep  62/200  loss=0.6796  AUC=0.7284  AP=0.6942  smoothAUC=0.7282  (66.5s)
    batch 1/8
    batch 6/8
    [swap-guard] 91.6% swap used (batch 6/8) -- pausing 3s for extra cleanup
  Ep  63/200  loss=0.6563  AUC=0.7315  AP=0.6926  smoothAUC=0.7287  (59.9s)
    batch 1/8
    [swap-guard] 90.9% swap used (batch 3/8) -- pausing 3s for extra cleanup
    batch 6/8
  Ep  64/200  loss=0.6251  AUC=0.7344  AP=0.6967  smoothAUC=0.7315  (74.4s)
  ✓ Fold 1 new best smoothed AUC=0.7315  saved.
    batch 1/8
    [swap-guard] 94.1% swap used (batch 3/8) -- pausing 3s for extra cleanup
    batch 6/8
    [swap-guard] 93.2% swap used (batch 6/8) -- pausing 3s for extra cleanup
    [swap-guard] 92.7% swap used (epoch end) -- pausing 3s for extra cleanup
    [swap-guard] 91.9% swap used (fold 1 epoch 65 val) -- pausing 3s for extra cleanup
  Ep  65/200  loss=0.6863  AUC=0.7374  AP=0.7019  smoothAUC=0.7345  (76.8s)
  ✓ Fold 1 new best smoothed AUC=0.7345  saved.
    batch 1/8
    [swap-guard] 92.4% swap used (batch 3/8) -- pausing 3s for extra cleanup
    batch 6/8
    [swap-guard] 93.4% swap used (batch 6/8) -- pausing 3s for extra cleanup
    [swap-guard] 92.7% swap used (epoch end) -- pausing 3s for extra cleanup
    [swap-guard] 92.6% swap used (fold 1 epoch 66 val) -- pausing 3s for extra cleanup
  Ep  66/200  loss=0.6545  AUC=0.7437  AP=0.7062  smoothAUC=0.7385  (75.2s)
  ✓ Fold 1 new best smoothed AUC=0.7385  saved.
    batch 1/8
    [swap-guard] 97.0% swap used (batch 3/8) -- pausing 3s for extra cleanup
    batch 6/8
    [swap-guard] 96.1% swap used (batch 6/8) -- pausing 3s for extra cleanup
    [swap-guard] 93.6% swap used (epoch end) -- pausing 3s for extra cleanup
    [swap-guard] 93.1% swap used (fold 1 epoch 67 val) -- pausing 3s for extra cleanup
  Ep  67/200  loss=0.6850  AUC=0.7499  AP=0.7154  smoothAUC=0.7437  (81.6s)
  ✓ Fold 1 new best smoothed AUC=0.7437  saved.
    batch 1/8
    [swap-guard] 90.1% swap used (batch 3/8) -- pausing 3s for extra cleanup
    batch 6/8
  Ep  68/200  loss=0.6496  AUC=0.7507  AP=0.7177  smoothAUC=0.7481  (77.0s)
  ✓ Fold 1 new best smoothed AUC=0.7481  saved.
    batch 1/8
    [swap-guard] 95.4% swap used (batch 3/8) -- pausing 3s for extra cleanup
    batch 6/8
  Ep  69/200  loss=0.6499  AUC=0.7510  AP=0.7204  smoothAUC=0.7506  (54.2s)
  ✓ Fold 1 new best smoothed AUC=0.7506  saved.
    batch 1/8
    batch 6/8
    [swap-guard] 93.5% swap used (epoch end) -- pausing 3s for extra cleanup
    [swap-guard] 93.0% swap used (fold 1 epoch 70 val) -- pausing 3s for extra cleanup
  Ep  70/200  loss=0.6631  AUC=0.7504  AP=0.7205  smoothAUC=0.7507  (71.8s)
  ✓ Fold 1 new best smoothed AUC=0.7507  saved.
    batch 1/8
    [swap-guard] 93.8% swap used (batch 3/8) -- pausing 3s for extra cleanup
    batch 6/8
    [swap-guard] 95.4% swap used (batch 6/8) -- pausing 3s for extra cleanup
    [swap-guard] 93.8% swap used (epoch end) -- pausing 3s for extra cleanup
    [swap-guard] 93.8% swap used (fold 1 epoch 71 val) -- pausing 3s for extra cleanup
  Ep  71/200  loss=0.6162  AUC=0.7508  AP=0.7198  smoothAUC=0.7507  (129.6s)
  ✓ Fold 1 new best smoothed AUC=0.7507  saved.
    batch 1/8
    batch 6/8
    [swap-guard] 91.9% swap used (batch 6/8) -- pausing 3s for extra cleanup
  Ep  72/200  loss=0.6257  AUC=0.7547  AP=0.7218  smoothAUC=0.7520  (62.5s)
  ✓ Fold 1 new best smoothed AUC=0.7520  saved.
    batch 1/8
    [swap-guard] 97.0% swap used (batch 3/8) -- pausing 3s for extra cleanup
    batch 6/8
    [swap-guard] 92.9% swap used (batch 6/8) -- pausing 3s for extra cleanup
    [swap-guard] 92.5% swap used (epoch end) -- pausing 3s for extra cleanup
    [swap-guard] 92.3% swap used (fold 1 epoch 73 val) -- pausing 3s for extra cleanup
  Ep  73/200  loss=0.6215  AUC=0.7567  AP=0.7222  smoothAUC=0.7541  (70.8s)
  ✓ Fold 1 new best smoothed AUC=0.7541  saved.
    batch 1/8
    [swap-guard] 91.0% swap used (batch 3/8) -- pausing 3s for extra cleanup
    batch 6/8
    [swap-guard] 95.2% swap used (batch 6/8) -- pausing 3s for extra cleanup
    [swap-guard] 92.0% swap used (epoch end) -- pausing 3s for extra cleanup
    [swap-guard] 91.9% swap used (fold 1 epoch 74 val) -- pausing 3s for extra cleanup
  Ep  74/200  loss=0.6445  AUC=0.7591  AP=0.7235  smoothAUC=0.7568  (76.1s)
  ✓ Fold 1 new best smoothed AUC=0.7568  saved.
    batch 1/8
    [swap-guard] 97.0% swap used (batch 3/8) -- pausing 3s for extra cleanup
    batch 6/8
    [swap-guard] 96.0% swap used (batch 6/8) -- pausing 3s for extra cleanup
    [swap-guard] 96.4% swap used (epoch end) -- pausing 3s for extra cleanup
    [swap-guard] 95.7% swap used (fold 1 epoch 75 val) -- pausing 3s for extra cleanup
  Ep  75/200  loss=0.6463  AUC=0.7553  AP=0.7216  smoothAUC=0.7571  (62.1s)
  ✓ Fold 1 new best smoothed AUC=0.7571  saved.
    batch 1/8
    [swap-guard] 95.8% swap used (batch 3/8) -- pausing 3s for extra cleanup
    batch 6/8
    [swap-guard] 91.0% swap used (epoch end) -- pausing 3s for extra cleanup
    [swap-guard] 90.2% swap used (fold 1 epoch 76 val) -- pausing 3s for extra cleanup
  Ep  76/200  loss=0.6829  AUC=0.7478  AP=0.7194  smoothAUC=0.7541  (80.8s)
    batch 1/8
    [swap-guard] 95.1% swap used (batch 3/8) -- pausing 3s for extra cleanup
    batch 6/8
  Ep  77/200  loss=0.6089  AUC=0.7471  AP=0.7213  smoothAUC=0.7501  (60.5s)
    batch 1/8
    [swap-guard] 93.3% swap used (batch 3/8) -- pausing 3s for extra cleanup
    batch 6/8
    [swap-guard] 95.5% swap used (batch 6/8) -- pausing 3s for extra cleanup
    [swap-guard] 94.6% swap used (epoch end) -- pausing 3s for extra cleanup
    [swap-guard] 94.5% swap used (fold 1 epoch 78 val) -- pausing 3s for extra cleanup
  Ep  78/200  loss=0.5954  AUC=0.7436  AP=0.7165  smoothAUC=0.7462  (88.2s)
    batch 1/8
    [swap-guard] 92.3% swap used (batch 3/8) -- pausing 3s for extra cleanup
    batch 6/8
    [swap-guard] 94.8% swap used (batch 6/8) -- pausing 3s for extra cleanup
    [swap-guard] 91.1% swap used (epoch end) -- pausing 3s for extra cleanup
    [swap-guard] 90.9% swap used (fold 1 epoch 79 val) -- pausing 3s for extra cleanup
  Ep  79/200  loss=0.6026  AUC=0.7451  AP=0.7132  smoothAUC=0.7453  (99.3s)
    batch 1/8
    [swap-guard] 96.4% swap used (batch 3/8) -- pausing 3s for extra cleanup
    batch 6/8
    [swap-guard] 95.2% swap used (batch 6/8) -- pausing 3s for extra cleanup
    [swap-guard] 92.3% swap used (epoch end) -- pausing 3s for extra cleanup
    [swap-guard] 92.2% swap used (fold 1 epoch 80 val) -- pausing 3s for extra cleanup
  Ep  80/200  loss=0.5809  AUC=0.7465  AP=0.7157  smoothAUC=0.7451  (67.7s)
    batch 1/8
    [swap-guard] 94.2% swap used (batch 3/8) -- pausing 3s for extra cleanup
    batch 6/8
    [swap-guard] 96.6% swap used (batch 6/8) -- pausing 3s for extra cleanup
    [swap-guard] 95.8% swap used (epoch end) -- pausing 3s for extra cleanup
    [swap-guard] 95.7% swap used (fold 1 epoch 81 val) -- pausing 3s for extra cleanup
  Ep  81/200  loss=0.6631  AUC=0.7477  AP=0.7159  smoothAUC=0.7464  (94.5s)
    batch 1/8
    [swap-guard] 93.6% swap used (batch 3/8) -- pausing 3s for extra cleanup
    batch 6/8
    [swap-guard] 93.5% swap used (epoch end) -- pausing 3s for extra cleanup
    [swap-guard] 93.4% swap used (fold 1 epoch 82 val) -- pausing 3s for extra cleanup
  Ep  82/200  loss=0.6135  AUC=0.7478  AP=0.7165  smoothAUC=0.7473  (77.1s)
    batch 1/8
    [swap-guard] 94.1% swap used (batch 3/8) -- pausing 3s for extra cleanup
    batch 6/8
    [swap-guard] 96.3% swap used (batch 6/8) -- pausing 3s for extra cleanup
    [swap-guard] 95.4% swap used (epoch end) -- pausing 3s for extra cleanup
    [swap-guard] 95.1% swap used (fold 1 epoch 83 val) -- pausing 3s for extra cleanup
  Ep  83/200  loss=0.5813  AUC=0.7449  AP=0.7123  smoothAUC=0.7468  (89.8s)
    batch 1/8
    [swap-guard] 95.7% swap used (batch 3/8) -- pausing 3s for extra cleanup
    batch 6/8
    [swap-guard] 95.4% swap used (batch 6/8) -- pausing 3s for extra cleanup
    [swap-guard] 94.6% swap used (epoch end) -- pausing 3s for extra cleanup
    [swap-guard] 94.5% swap used (fold 1 epoch 84 val) -- pausing 3s for extra cleanup
  Ep  84/200  loss=0.5996  AUC=0.7512  AP=0.7190  smoothAUC=0.7479  (85.2s)
    batch 1/8
    [swap-guard] 96.4% swap used (batch 3/8) -- pausing 3s for extra cleanup
    batch 6/8
    [swap-guard] 91.4% swap used (batch 6/8) -- pausing 3s for extra cleanup
  Ep  85/200  loss=0.6106  AUC=0.7553  AP=0.7263  smoothAUC=0.7505  (100.1s)
    batch 1/8
    [swap-guard] 95.5% swap used (batch 3/8) -- pausing 3s for extra cleanup
    batch 6/8
    [swap-guard] 96.6% swap used (batch 6/8) -- pausing 3s for extra cleanup
    [swap-guard] 95.7% swap used (epoch end) -- pausing 3s for extra cleanup
    [swap-guard] 95.0% swap used (fold 1 epoch 86 val) -- pausing 3s for extra cleanup
  Ep  86/200  loss=0.6184  AUC=0.7560  AP=0.7214  smoothAUC=0.7542  (68.1s)
    batch 1/8
    [swap-guard] 93.2% swap used (batch 3/8) -- pausing 3s for extra cleanup
    batch 6/8
    [swap-guard] 97.8% swap used (batch 6/8) -- pausing 3s for extra cleanup
    [swap-guard] 90.8% swap used (epoch end) -- pausing 3s for extra cleanup
    [swap-guard] 93.7% swap used (fold 1 epoch 87 val) -- pausing 3s for extra cleanup
  Ep  87/200  loss=0.6365  AUC=0.7572  AP=0.7274  smoothAUC=0.7562  (102.5s)
    batch 1/8
    [swap-guard] 94.0% swap used (batch 3/8) -- pausing 3s for extra cleanup
    batch 6/8
    [swap-guard] 95.5% swap used (batch 6/8) -- pausing 3s for extra cleanup
    [swap-guard] 94.4% swap used (epoch end) -- pausing 3s for extra cleanup
    [swap-guard] 94.3% swap used (fold 1 epoch 88 val) -- pausing 3s for extra cleanup
  Ep  88/200  loss=0.5916  AUC=0.7568  AP=0.7273  smoothAUC=0.7567  (99.7s)
    batch 1/8
    batch 6/8
    [swap-guard] 91.8% swap used (batch 6/8) -- pausing 3s for extra cleanup
    [swap-guard] 91.0% swap used (epoch end) -- pausing 3s for extra cleanup
    [swap-guard] 90.9% swap used (fold 1 epoch 89 val) -- pausing 3s for extra cleanup
  Ep  89/200  loss=0.6078  AUC=0.7551  AP=0.7273  smoothAUC=0.7564  (69.3s)
    batch 1/8
    [swap-guard] 96.5% swap used (batch 3/8) -- pausing 3s for extra cleanup
    batch 6/8
    [swap-guard] 94.3% swap used (batch 6/8) -- pausing 3s for extra cleanup
    [swap-guard] 90.5% swap used (epoch end) -- pausing 3s for extra cleanup
    [swap-guard] 90.4% swap used (fold 1 epoch 90 val) -- pausing 3s for extra cleanup
  Ep  90/200  loss=0.5996  AUC=0.7600  AP=0.7378  smoothAUC=0.7573  (105.6s)
  ✓ Fold 1 new best smoothed AUC=0.7573  saved.
    batch 1/8
    [swap-guard] 93.2% swap used (batch 3/8) -- pausing 3s for extra cleanup
    batch 6/8
    [swap-guard] 95.3% swap used (batch 6/8) -- pausing 3s for extra cleanup
    [swap-guard] 94.9% swap used (epoch end) -- pausing 3s for extra cleanup
    [swap-guard] 94.3% swap used (fold 1 epoch 91 val) -- pausing 3s for extra cleanup
  Ep  91/200  loss=0.5969  AUC=0.7623  AP=0.7312  smoothAUC=0.7591  (74.9s)
  ✓ Fold 1 new best smoothed AUC=0.7591  saved.
    batch 1/8
    [swap-guard] 93.2% swap used (batch 3/8) -- pausing 3s for extra cleanup
    batch 6/8
    [swap-guard] 93.6% swap used (batch 6/8) -- pausing 3s for extra cleanup
    [swap-guard] 93.6% swap used (epoch end) -- pausing 3s for extra cleanup
    [swap-guard] 93.5% swap used (fold 1 epoch 92 val) -- pausing 3s for extra cleanup
  Ep  92/200  loss=0.6139  AUC=0.7613  AP=0.7300  smoothAUC=0.7612  (87.8s)
  ✓ Fold 1 new best smoothed AUC=0.7612  saved.
    batch 1/8
    [swap-guard] 92.6% swap used (batch 3/8) -- pausing 3s for extra cleanup
    batch 6/8
    [swap-guard] 90.9% swap used (epoch end) -- pausing 3s for extra cleanup
    [swap-guard] 90.6% swap used (fold 1 epoch 93 val) -- pausing 3s for extra cleanup
  Ep  93/200  loss=0.5729  AUC=0.7606  AP=0.7306  smoothAUC=0.7614  (81.7s)
  ✓ Fold 1 new best smoothed AUC=0.7614  saved.
    batch 1/8
    [swap-guard] 94.2% swap used (batch 3/8) -- pausing 3s for extra cleanup
    batch 6/8
    [swap-guard] 97.1% swap used (batch 6/8) -- pausing 3s for extra cleanup
    [swap-guard] 95.5% swap used (epoch end) -- pausing 3s for extra cleanup
    [swap-guard] 95.2% swap used (fold 1 epoch 94 val) -- pausing 3s for extra cleanup
  Ep  94/200  loss=0.5886  AUC=0.7550  AP=0.7236  smoothAUC=0.7590  (88.1s)
    batch 1/8
    [swap-guard] 98.0% swap used (batch 3/8) -- pausing 3s for extra cleanup
    batch 6/8
    [swap-guard] 95.5% swap used (epoch end) -- pausing 3s for extra cleanup
    [swap-guard] 95.4% swap used (fold 1 epoch 95 val) -- pausing 3s for extra cleanup
  Ep  95/200  loss=0.5934  AUC=0.7547  AP=0.7274  smoothAUC=0.7568  (91.7s)
    batch 1/8
    [swap-guard] 92.2% swap used (batch 3/8) -- pausing 3s for extra cleanup
    batch 6/8
    [swap-guard] 93.6% swap used (batch 6/8) -- pausing 3s for extra cleanup
    [swap-guard] 91.9% swap used (epoch end) -- pausing 3s for extra cleanup
  Ep  96/200  loss=0.5538  AUC=0.7536  AP=0.7285  smoothAUC=0.7544  (121.0s)
    batch 1/8
    batch 6/8
    [swap-guard] 91.8% swap used (epoch end) -- pausing 3s for extra cleanup
    [swap-guard] 91.6% swap used (fold 1 epoch 97 val) -- pausing 3s for extra cleanup
  Ep  97/200  loss=0.6095  AUC=0.7562  AP=0.7304  smoothAUC=0.7548  (75.1s)
    batch 1/8
    [swap-guard] 96.2% swap used (batch 3/8) -- pausing 3s for extra cleanup
    batch 6/8
    [swap-guard] 94.8% swap used (batch 6/8) -- pausing 3s for extra cleanup
    [swap-guard] 93.9% swap used (epoch end) -- pausing 3s for extra cleanup
    [swap-guard] 93.8% swap used (fold 1 epoch 98 val) -- pausing 3s for extra cleanup
  Ep  98/200  loss=0.5513  AUC=0.7557  AP=0.7292  smoothAUC=0.7551  (104.6s)
    batch 1/8
    [swap-guard] 94.3% swap used (batch 3/8) -- pausing 3s for extra cleanup
    batch 6/8
    [swap-guard] 93.7% swap used (batch 6/8) -- pausing 3s for extra cleanup
    [swap-guard] 92.3% swap used (epoch end) -- pausing 3s for extra cleanup
    [swap-guard] 92.2% swap used (fold 1 epoch 99 val) -- pausing 3s for extra cleanup
  Ep  99/200  loss=0.5768  AUC=0.7557  AP=0.7284  smoothAUC=0.7558  (104.2s)
    batch 1/8
    [swap-guard] 91.9% swap used (batch 3/8) -- pausing 3s for extra cleanup
    batch 6/8
    [swap-guard] 93.7% swap used (epoch end) -- pausing 3s for extra cleanup
    [swap-guard] 93.5% swap used (fold 1 epoch 100 val) -- pausing 3s for extra cleanup
  Ep 100/200  loss=0.6028  AUC=0.7551  AP=0.7268  smoothAUC=0.7555  (97.5s)
    batch 1/8
    [swap-guard] 96.9% swap used (batch 3/8) -- pausing 3s for extra cleanup
    batch 6/8
    [swap-guard] 94.4% swap used (epoch end) -- pausing 3s for extra cleanup
    [swap-guard] 94.1% swap used (fold 1 epoch 101 val) -- pausing 3s for extra cleanup
  Ep 101/200  loss=0.5916  AUC=0.7560  AP=0.7271  smoothAUC=0.7556  (74.8s)
    batch 1/8
    [swap-guard] 95.8% swap used (batch 3/8) -- pausing 3s for extra cleanup
    batch 6/8
    [swap-guard] 95.5% swap used (epoch end) -- pausing 3s for extra cleanup
    [swap-guard] 95.3% swap used (fold 1 epoch 102 val) -- pausing 3s for extra cleanup
  Ep 102/200  loss=0.5401  AUC=0.7566  AP=0.7308  smoothAUC=0.7559  (83.2s)
    batch 1/8
    batch 6/8
    [swap-guard] 95.6% swap used (batch 6/8) -- pausing 3s for extra cleanup
    [swap-guard] 94.3% swap used (epoch end) -- pausing 3s for extra cleanup
    [swap-guard] 94.1% swap used (fold 1 epoch 103 val) -- pausing 3s for extra cleanup
  Ep 103/200  loss=0.5570  AUC=0.7572  AP=0.7323  smoothAUC=0.7566  (96.8s)
    batch 1/8
    batch 6/8
    [swap-guard] 94.3% swap used (batch 6/8) -- pausing 3s for extra cleanup
    [swap-guard] 93.0% swap used (epoch end) -- pausing 3s for extra cleanup
    [swap-guard] 92.8% swap used (fold 1 epoch 104 val) -- pausing 3s for extra cleanup
  Ep 104/200  loss=0.5511  AUC=0.7558  AP=0.7289  smoothAUC=0.7566  (94.1s)
    batch 1/8
    batch 6/8
    [swap-guard] 96.0% swap used (batch 6/8) -- pausing 3s for extra cleanup
    [swap-guard] 96.5% swap used (epoch end) -- pausing 3s for extra cleanup
    [swap-guard] 95.5% swap used (fold 1 epoch 105 val) -- pausing 3s for extra cleanup
  Ep 105/200  loss=0.6200  AUC=0.7549  AP=0.7279  smoothAUC=0.7560  (92.0s)
    batch 1/8
    [swap-guard] 93.6% swap used (batch 3/8) -- pausing 3s for extra cleanup
    batch 6/8
    [swap-guard] 90.3% swap used (batch 6/8) -- pausing 3s for extra cleanup
    [swap-guard] 91.6% swap used (epoch end) -- pausing 3s for extra cleanup
    [swap-guard] 91.4% swap used (fold 1 epoch 106 val) -- pausing 3s for extra cleanup
  Ep 106/200  loss=0.5657  AUC=0.7542  AP=0.7231  smoothAUC=0.7550  (103.8s)
    batch 1/8
    batch 6/8
    [swap-guard] 94.6% swap used (batch 6/8) -- pausing 3s for extra cleanup
    [swap-guard] 95.2% swap used (epoch end) -- pausing 3s for extra cleanup
    [swap-guard] 94.9% swap used (fold 1 epoch 107 val) -- pausing 3s for extra cleanup
  Ep 107/200  loss=0.5510  AUC=0.7541  AP=0.7229  smoothAUC=0.7544  (91.7s)
    batch 1/8
    batch 6/8
    [swap-guard] 96.8% swap used (batch 6/8) -- pausing 3s for extra cleanup
    [swap-guard] 96.1% swap used (epoch end) -- pausing 3s for extra cleanup
    [swap-guard] 96.0% swap used (fold 1 epoch 108 val) -- pausing 3s for extra cleanup
  Ep 108/200  loss=0.5932  AUC=0.7525  AP=0.7209  smoothAUC=0.7536  (94.5s)
    batch 1/8
    batch 6/8
    [swap-guard] 97.6% swap used (batch 6/8) -- pausing 3s for extra cleanup
    [swap-guard] 93.4% swap used (epoch end) -- pausing 3s for extra cleanup
    [swap-guard] 93.0% swap used (fold 1 epoch 109 val) -- pausing 3s for extra cleanup
  Ep 109/200  loss=0.5250  AUC=0.7523  AP=0.7200  smoothAUC=0.7530  (76.4s)
    batch 1/8
    [swap-guard] 95.6% swap used (batch 3/8) -- pausing 3s for extra cleanup
    batch 6/8
    [swap-guard] 94.3% swap used (batch 6/8) -- pausing 3s for extra cleanup
    [swap-guard] 94.4% swap used (epoch end) -- pausing 3s for extra cleanup
    [swap-guard] 94.3% swap used (fold 1 epoch 110 val) -- pausing 3s for extra cleanup
  Ep 110/200  loss=0.5856  AUC=0.7524  AP=0.7200  smoothAUC=0.7524  (127.5s)
    batch 1/8
    [swap-guard] 94.6% swap used (batch 3/8) -- pausing 3s for extra cleanup
    batch 6/8
    [swap-guard] 95.5% swap used (batch 6/8) -- pausing 3s for extra cleanup
    [swap-guard] 94.3% swap used (epoch end) -- pausing 3s for extra cleanup
    [swap-guard] 93.8% swap used (fold 1 epoch 111 val) -- pausing 3s for extra cleanup
  Ep 111/200  loss=0.5751  AUC=0.7539  AP=0.7234  smoothAUC=0.7529  (83.2s)
    batch 1/8
    [swap-guard] 94.7% swap used (batch 3/8) -- pausing 3s for extra cleanup
    batch 6/8
    [swap-guard] 93.1% swap used (epoch end) -- pausing 3s for extra cleanup
    [swap-guard] 92.4% swap used (fold 1 epoch 112 val) -- pausing 3s for extra cleanup
  Ep 112/200  loss=0.5740  AUC=0.7532  AP=0.7223  smoothAUC=0.7532  (111.4s)
    batch 1/8
    [swap-guard] 97.7% swap used (batch 3/8) -- pausing 3s for extra cleanup
    batch 6/8
    [swap-guard] 93.2% swap used (epoch end) -- pausing 3s for extra cleanup
    [swap-guard] 92.9% swap used (fold 1 epoch 113 val) -- pausing 3s for extra cleanup
  Ep 113/200  loss=0.5611  AUC=0.7534  AP=0.7227  smoothAUC=0.7535  (86.2s)

  Early stopping at epoch 113.

  Fold 1 test — AUC=0.7628  AP=0.7557  (random=0.5000)
    [swap-guard] 92.1% swap used (fold 1 boundary) -- pausing 3s for extra cleanup

=======================================================
  FOLD 2 / 5
=======================================================
/Users/mbp/Documents/MTECH/Sem4/Individual_project/AI_Assisted_3D_Assembly_Design/AI-Assisted-3D-Assembly-Design/.venv/lib/python3.12/site-packages/torch_geometric/transforms/base_transform.py:32: UserWarning: There are not enough negative edges to satisfy the provided sampling ratio. The ratio will be adjusted to 0.00.
  return self.forward(copy.copy(data))
    [DIAG] graph 60: 2 nodes, 2 dir-edges, 1 pos, requested 1 neg but only 0 possible
    [DIAG] graph 63: 2 nodes, 2 dir-edges, 1 pos, requested 1 neg but only 0 possible
    [DIAG] graph 71: 2 nodes, 2 dir-edges, 1 pos, requested 1 neg but only 0 possible
    [DIAG] graph 119: 2 nodes, 2 dir-edges, 1 pos, requested 1 neg but only 0 possible
    [DIAG] graph 44: 2 nodes, 2 dir-edges, 1 pos, requested 1 neg but only 0 possible
  Fold 2/5 — train: 122  val: 31  test: 39
Model built on mps  |  total params: 2,441,809
    batch 1/8
    [swap-guard] 93.8% swap used (batch 3/8) -- pausing 3s for extra cleanup
    batch 6/8
    [swap-guard] 95.4% swap used (batch 6/8) -- pausing 3s for extra cleanup
    [swap-guard] 92.6% swap used (epoch end) -- pausing 3s for extra cleanup
    [swap-guard] 95.9% swap used (fold 2 epoch 1 val) -- pausing 3s for extra cleanup
  Ep   1/200  loss=1.5691  AUC=0.5658  AP=0.5703  smoothAUC=0.5658  (101.4s)
  ✓ Fold 2 new best smoothed AUC=0.5658  saved.
    batch 1/8
    [swap-guard] 96.3% swap used (batch 3/8) -- pausing 3s for extra cleanup
    batch 6/8
    [swap-guard] 94.9% swap used (batch 6/8) -- pausing 3s for extra cleanup
    [swap-guard] 94.5% swap used (epoch end) -- pausing 3s for extra cleanup
    [swap-guard] 94.3% swap used (fold 2 epoch 2 val) -- pausing 3s for extra cleanup
  Ep   2/200  loss=1.4921  AUC=0.5660  AP=0.5765  smoothAUC=0.5659  (88.5s)
  ✓ Fold 2 new best smoothed AUC=0.5659  saved.
    batch 1/8
    [swap-guard] 94.3% swap used (batch 3/8) -- pausing 3s for extra cleanup
    batch 6/8
    [swap-guard] 94.2% swap used (batch 6/8) -- pausing 3s for extra cleanup
    [swap-guard] 93.2% swap used (epoch end) -- pausing 3s for extra cleanup
    [swap-guard] 93.1% swap used (fold 2 epoch 3 val) -- pausing 3s for extra cleanup
  Ep   3/200  loss=1.5051  AUC=0.5930  AP=0.5976  smoothAUC=0.5749  (119.4s)
  ✓ Fold 2 new best smoothed AUC=0.5749  saved.
    batch 1/8
    [swap-guard] 95.7% swap used (batch 3/8) -- pausing 3s for extra cleanup
    batch 6/8
    [swap-guard] 96.8% swap used (batch 6/8) -- pausing 3s for extra cleanup
    [swap-guard] 94.8% swap used (epoch end) -- pausing 3s for extra cleanup
    [swap-guard] 94.8% swap used (fold 2 epoch 4 val) -- pausing 3s for extra cleanup
  Ep   4/200  loss=1.4514  AUC=0.6540  AP=0.6324  smoothAUC=0.6043  (115.1s)
  ✓ Fold 2 new best smoothed AUC=0.6043  saved.
    batch 1/8
    [swap-guard] 94.9% swap used (batch 3/8) -- pausing 3s for extra cleanup
    batch 6/8
    [swap-guard] 94.5% swap used (batch 6/8) -- pausing 3s for extra cleanup
    [swap-guard] 91.9% swap used (epoch end) -- pausing 3s for extra cleanup
    [swap-guard] 91.7% swap used (fold 2 epoch 5 val) -- pausing 3s for extra cleanup
  Ep   5/200  loss=1.4678  AUC=0.6479  AP=0.6186  smoothAUC=0.6316  (97.2s)
  ✓ Fold 2 new best smoothed AUC=0.6316  saved.
    batch 1/8
    [swap-guard] 93.4% swap used (batch 3/8) -- pausing 3s for extra cleanup
    batch 6/8
    [swap-guard] 93.5% swap used (epoch end) -- pausing 3s for extra cleanup
    [swap-guard] 93.4% swap used (fold 2 epoch 6 val) -- pausing 3s for extra cleanup
  Ep   6/200  loss=1.4288  AUC=0.6010  AP=0.6022  smoothAUC=0.6343  (83.7s)
  ✓ Fold 2 new best smoothed AUC=0.6343  saved.
    batch 1/8
    [swap-guard] 97.1% swap used (batch 3/8) -- pausing 3s for extra cleanup
    batch 6/8
    [swap-guard] 94.0% swap used (epoch end) -- pausing 3s for extra cleanup
    [swap-guard] 93.6% swap used (fold 2 epoch 7 val) -- pausing 3s for extra cleanup
  Ep   7/200  loss=1.3913  AUC=0.5995  AP=0.6065  smoothAUC=0.6161  (92.2s)
    batch 1/8
    [swap-guard] 95.6% swap used (batch 3/8) -- pausing 3s for extra cleanup
    batch 6/8
    [swap-guard] 94.3% swap used (batch 6/8) -- pausing 3s for extra cleanup
    [swap-guard] 95.5% swap used (epoch end) -- pausing 3s for extra cleanup
    [swap-guard] 95.2% swap used (fold 2 epoch 8 val) -- pausing 3s for extra cleanup
  Ep   8/200  loss=1.3791  AUC=0.6167  AP=0.6146  smoothAUC=0.6057  (100.0s)
    batch 1/8
    [swap-guard] 95.4% swap used (batch 3/8) -- pausing 3s for extra cleanup
    batch 6/8
    [swap-guard] 95.0% swap used (batch 6/8) -- pausing 3s for extra cleanup
    [swap-guard] 94.5% swap used (epoch end) -- pausing 3s for extra cleanup
    [swap-guard] 94.3% swap used (fold 2 epoch 9 val) -- pausing 3s for extra cleanup
  Ep   9/200  loss=1.3203  AUC=0.6143  AP=0.6128  smoothAUC=0.6102  (90.6s)
    batch 1/8
    [swap-guard] 94.3% swap used (batch 3/8) -- pausing 3s for extra cleanup
    batch 6/8
    [swap-guard] 95.7% swap used (batch 6/8) -- pausing 3s for extra cleanup
    [swap-guard] 95.1% swap used (epoch end) -- pausing 3s for extra cleanup
    [swap-guard] 94.2% swap used (fold 2 epoch 10 val) -- pausing 3s for extra cleanup
  Ep  10/200  loss=1.3378  AUC=0.5762  AP=0.6094  smoothAUC=0.6024  (107.3s)
    batch 1/8
    [swap-guard] 94.2% swap used (batch 3/8) -- pausing 3s for extra cleanup
    batch 6/8
    [swap-guard] 95.9% swap used (batch 6/8) -- pausing 3s for extra cleanup
    [swap-guard] 95.5% swap used (epoch end) -- pausing 3s for extra cleanup
    [swap-guard] 95.5% swap used (fold 2 epoch 11 val) -- pausing 3s for extra cleanup
  Ep  11/200  loss=1.3322  AUC=0.5627  AP=0.6023  smoothAUC=0.5844  (92.4s)
    batch 1/8
    [swap-guard] 94.0% swap used (batch 3/8) -- pausing 3s for extra cleanup
    batch 6/8
    [swap-guard] 94.8% swap used (epoch end) -- pausing 3s for extra cleanup
    [swap-guard] 94.6% swap used (fold 2 epoch 12 val) -- pausing 3s for extra cleanup
  Ep  12/200  loss=1.2516  AUC=0.5653  AP=0.5855  smoothAUC=0.5681  (84.8s)
    batch 1/8
    batch 6/8
    [swap-guard] 93.3% swap used (batch 6/8) -- pausing 3s for extra cleanup
    [swap-guard] 95.0% swap used (epoch end) -- pausing 3s for extra cleanup
    [swap-guard] 94.8% swap used (fold 2 epoch 13 val) -- pausing 3s for extra cleanup
  Ep  13/200  loss=1.2858  AUC=0.5928  AP=0.6029  smoothAUC=0.5736  (102.6s)
    batch 1/8
    [swap-guard] 97.3% swap used (batch 3/8) -- pausing 3s for extra cleanup
    batch 6/8
    [swap-guard] 94.4% swap used (epoch end) -- pausing 3s for extra cleanup
    [swap-guard] 94.3% swap used (fold 2 epoch 14 val) -- pausing 3s for extra cleanup
  Ep  14/200  loss=1.2367  AUC=0.6395  AP=0.6330  smoothAUC=0.5992  (105.1s)
    batch 1/8
    [swap-guard] 96.7% swap used (batch 3/8) -- pausing 3s for extra cleanup
    batch 6/8
    [swap-guard] 92.5% swap used (epoch end) -- pausing 3s for extra cleanup
    [swap-guard] 92.2% swap used (fold 2 epoch 15 val) -- pausing 3s for extra cleanup
  Ep  15/200  loss=1.2497  AUC=0.6347  AP=0.6262  smoothAUC=0.6223  (114.2s)
    batch 1/8
    [swap-guard] 94.0% swap used (batch 3/8) -- pausing 3s for extra cleanup
    batch 6/8
    [swap-guard] 94.1% swap used (batch 6/8) -- pausing 3s for extra cleanup
    [swap-guard] 93.2% swap used (epoch end) -- pausing 3s for extra cleanup
    [swap-guard] 93.2% swap used (fold 2 epoch 16 val) -- pausing 3s for extra cleanup
  Ep  16/200  loss=1.2160  AUC=0.6109  AP=0.6074  smoothAUC=0.6284  (77.3s)
    batch 1/8
    [swap-guard] 96.5% swap used (batch 3/8) -- pausing 3s for extra cleanup
    batch 6/8
    [swap-guard] 96.5% swap used (batch 6/8) -- pausing 3s for extra cleanup
    [swap-guard] 92.7% swap used (epoch end) -- pausing 3s for extra cleanup
    [swap-guard] 92.6% swap used (fold 2 epoch 17 val) -- pausing 3s for extra cleanup
  Ep  17/200  loss=1.2245  AUC=0.6231  AP=0.6303  smoothAUC=0.6229  (100.6s)
    batch 1/8
    [swap-guard] 94.8% swap used (batch 3/8) -- pausing 3s for extra cleanup
    batch 6/8
    [swap-guard] 93.5% swap used (batch 6/8) -- pausing 3s for extra cleanup
    [swap-guard] 94.9% swap used (epoch end) -- pausing 3s for extra cleanup
    [swap-guard] 94.7% swap used (fold 2 epoch 18 val) -- pausing 3s for extra cleanup
  Ep  18/200  loss=1.2035  AUC=0.6314  AP=0.6292  smoothAUC=0.6218  (97.8s)
    batch 1/8
    [swap-guard] 94.4% swap used (batch 3/8) -- pausing 3s for extra cleanup
    batch 6/8
    [swap-guard] 94.9% swap used (batch 6/8) -- pausing 3s for extra cleanup
    [swap-guard] 94.7% swap used (epoch end) -- pausing 3s for extra cleanup
    [swap-guard] 94.4% swap used (fold 2 epoch 19 val) -- pausing 3s for extra cleanup
  Ep  19/200  loss=1.1960  AUC=0.6385  AP=0.6396  smoothAUC=0.6310  (146.3s)
    batch 1/8
    [swap-guard] 95.8% swap used (batch 3/8) -- pausing 3s for extra cleanup
    batch 6/8
    [swap-guard] 94.5% swap used (batch 6/8) -- pausing 3s for extra cleanup
    [swap-guard] 94.2% swap used (epoch end) -- pausing 3s for extra cleanup
    [swap-guard] 94.1% swap used (fold 2 epoch 20 val) -- pausing 3s for extra cleanup
  Ep  20/200  loss=1.1316  AUC=0.6341  AP=0.6360  smoothAUC=0.6347  (102.1s)
  ✓ Fold 2 new best smoothed AUC=0.6347  saved.
    batch 1/8
    [swap-guard] 95.6% swap used (batch 3/8) -- pausing 3s for extra cleanup
    batch 6/8
    [swap-guard] 95.1% swap used (batch 6/8) -- pausing 3s for extra cleanup
    [swap-guard] 94.7% swap used (epoch end) -- pausing 3s for extra cleanup
    [swap-guard] 94.5% swap used (fold 2 epoch 21 val) -- pausing 3s for extra cleanup
  Ep  21/200  loss=1.1181  AUC=0.6164  AP=0.6305  smoothAUC=0.6297  (100.3s)
    batch 1/8
    [swap-guard] 94.5% swap used (batch 3/8) -- pausing 3s for extra cleanup
    batch 6/8
    [swap-guard] 96.6% swap used (batch 6/8) -- pausing 3s for extra cleanup
    [swap-guard] 94.6% swap used (epoch end) -- pausing 3s for extra cleanup
    [swap-guard] 93.9% swap used (fold 2 epoch 22 val) -- pausing 3s for extra cleanup
  Ep  22/200  loss=1.1762  AUC=0.6062  AP=0.6302  smoothAUC=0.6189  (92.6s)
    batch 1/8
    [swap-guard] 97.3% swap used (batch 3/8) -- pausing 3s for extra cleanup
    batch 6/8
    [swap-guard] 96.1% swap used (batch 6/8) -- pausing 3s for extra cleanup
    [swap-guard] 96.1% swap used (epoch end) -- pausing 3s for extra cleanup
    [swap-guard] 96.0% swap used (fold 2 epoch 23 val) -- pausing 3s for extra cleanup
  Ep  23/200  loss=1.1472  AUC=0.6157  AP=0.6366  smoothAUC=0.6128  (150.8s)
    batch 1/8
    [swap-guard] 92.0% swap used (batch 3/8) -- pausing 3s for extra cleanup
    batch 6/8
    [swap-guard] 97.1% swap used (batch 6/8) -- pausing 3s for extra cleanup
    [swap-guard] 93.2% swap used (fold 2 epoch 24 val) -- pausing 3s for extra cleanup
  Ep  24/200  loss=1.1305  AUC=0.6295  AP=0.6504  smoothAUC=0.6171  (80.7s)
    batch 1/8
    [swap-guard] 96.3% swap used (batch 3/8) -- pausing 3s for extra cleanup
    batch 6/8
    [swap-guard] 94.7% swap used (batch 6/8) -- pausing 3s for extra cleanup
    [swap-guard] 94.2% swap used (epoch end) -- pausing 3s for extra cleanup
    [swap-guard] 94.0% swap used (fold 2 epoch 25 val) -- pausing 3s for extra cleanup
  Ep  25/200  loss=1.1255  AUC=0.6452  AP=0.6712  smoothAUC=0.6301  (170.8s)
    batch 1/8
    [swap-guard] 95.9% swap used (batch 3/8) -- pausing 3s for extra cleanup
    batch 6/8
    [swap-guard] 98.0% swap used (batch 6/8) -- pausing 3s for extra cleanup
    [swap-guard] 93.7% swap used (epoch end) -- pausing 3s for extra cleanup
  Ep  26/200  loss=1.1007  AUC=0.6321  AP=0.6606  smoothAUC=0.6356  (135.8s)
  ✓ Fold 2 new best smoothed AUC=0.6356  saved.
    batch 1/8
    [swap-guard] 95.4% swap used (batch 3/8) -- pausing 3s for extra cleanup
    batch 6/8
    [swap-guard] 96.2% swap used (batch 6/8) -- pausing 3s for extra cleanup
    [swap-guard] 94.7% swap used (epoch end) -- pausing 3s for extra cleanup
    [swap-guard] 94.7% swap used (fold 2 epoch 27 val) -- pausing 3s for extra cleanup
  Ep  27/200  loss=1.1146  AUC=0.6221  AP=0.6489  smoothAUC=0.6331  (134.5s)
    batch 1/8
    [swap-guard] 97.1% swap used (batch 3/8) -- pausing 3s for extra cleanup
    batch 6/8
    [swap-guard] 97.2% swap used (batch 6/8) -- pausing 3s for extra cleanup
    [swap-guard] 97.7% swap used (epoch end) -- pausing 3s for extra cleanup
    [swap-guard] 97.5% swap used (fold 2 epoch 28 val) -- pausing 3s for extra cleanup
  Ep  28/200  loss=1.0401  AUC=0.6107  AP=0.6433  smoothAUC=0.6216  (112.8s)
    batch 1/8
    [swap-guard] 97.5% swap used (batch 3/8) -- pausing 3s for extra cleanup
    batch 6/8
    [swap-guard] 95.9% swap used (batch 6/8) -- pausing 3s for extra cleanup
    [swap-guard] 95.3% swap used (epoch end) -- pausing 3s for extra cleanup
    [swap-guard] 95.2% swap used (fold 2 epoch 29 val) -- pausing 3s for extra cleanup
  Ep  29/200  loss=1.0600  AUC=0.6121  AP=0.6351  smoothAUC=0.6150  (86.0s)
    batch 1/8
    [swap-guard] 95.8% swap used (batch 3/8) -- pausing 3s for extra cleanup
    batch 6/8
    [swap-guard] 97.6% swap used (batch 6/8) -- pausing 3s for extra cleanup
    [swap-guard] 96.6% swap used (epoch end) -- pausing 3s for extra cleanup
    [swap-guard] 96.5% swap used (fold 2 epoch 30 val) -- pausing 3s for extra cleanup
  Ep  30/200  loss=1.0982  AUC=0.6438  AP=0.6453  smoothAUC=0.6222  (110.7s)
    batch 1/8
    batch 6/8
    [swap-guard] 94.1% swap used (batch 6/8) -- pausing 3s for extra cleanup
    [swap-guard] 96.5% swap used (epoch end) -- pausing 3s for extra cleanup
    [swap-guard] 96.0% swap used (fold 2 epoch 31 val) -- pausing 3s for extra cleanup
  Ep  31/200  loss=1.0397  AUC=0.6699  AP=0.6653  smoothAUC=0.6419  (119.0s)
  ✓ Fold 2 new best smoothed AUC=0.6419  saved.
    batch 1/8
    [swap-guard] 95.3% swap used (batch 3/8) -- pausing 3s for extra cleanup
    batch 6/8
    [swap-guard] 97.5% swap used (batch 6/8) -- pausing 3s for extra cleanup
    [swap-guard] 95.1% swap used (epoch end) -- pausing 3s for extra cleanup
    [swap-guard] 94.9% swap used (fold 2 epoch 32 val) -- pausing 3s for extra cleanup
  Ep  32/200  loss=1.0211  AUC=0.6800  AP=0.6701  smoothAUC=0.6646  (125.9s)
  ✓ Fold 2 new best smoothed AUC=0.6646  saved.
    batch 1/8
    [swap-guard] 94.8% swap used (batch 3/8) -- pausing 3s for extra cleanup
    batch 6/8
    [swap-guard] 95.6% swap used (batch 6/8) -- pausing 3s for extra cleanup
    [swap-guard] 94.6% swap used (epoch end) -- pausing 3s for extra cleanup
    [swap-guard] 94.3% swap used (fold 2 epoch 33 val) -- pausing 3s for extra cleanup
  Ep  33/200  loss=1.0165  AUC=0.6727  AP=0.6808  smoothAUC=0.6742  (90.3s)
  ✓ Fold 2 new best smoothed AUC=0.6742  saved.
    batch 1/8
    [swap-guard] 95.5% swap used (batch 3/8) -- pausing 3s for extra cleanup
    batch 6/8
    [swap-guard] 93.3% swap used (batch 6/8) -- pausing 3s for extra cleanup
    [swap-guard] 94.9% swap used (epoch end) -- pausing 3s for extra cleanup
    [swap-guard] 94.6% swap used (fold 2 epoch 34 val) -- pausing 3s for extra cleanup
  Ep  34/200  loss=1.0340  AUC=0.6657  AP=0.6762  smoothAUC=0.6728  (125.5s)
    batch 1/8
    [swap-guard] 96.7% swap used (batch 3/8) -- pausing 3s for extra cleanup
    batch 6/8
    [swap-guard] 94.6% swap used (epoch end) -- pausing 3s for extra cleanup
    [swap-guard] 93.8% swap used (fold 2 epoch 35 val) -- pausing 3s for extra cleanup
  Ep  35/200  loss=1.0339  AUC=0.6732  AP=0.6786  smoothAUC=0.6705  (137.0s)
    batch 1/8
    [swap-guard] 96.0% swap used (batch 3/8) -- pausing 3s for extra cleanup
    batch 6/8
    [swap-guard] 98.3% swap used (batch 6/8) -- pausing 3s for extra cleanup
    [swap-guard] 97.7% swap used (epoch end) -- pausing 3s for extra cleanup
    [swap-guard] 97.6% swap used (fold 2 epoch 36 val) -- pausing 3s for extra cleanup
  Ep  36/200  loss=0.9710  AUC=0.6789  AP=0.6788  smoothAUC=0.6726  (124.3s)
    batch 1/8
    [swap-guard] 95.6% swap used (batch 3/8) -- pausing 3s for extra cleanup
    batch 6/8
    [swap-guard] 98.2% swap used (batch 6/8) -- pausing 3s for extra cleanup
    [swap-guard] 92.8% swap used (epoch end) -- pausing 3s for extra cleanup
    [swap-guard] 92.7% swap used (fold 2 epoch 37 val) -- pausing 3s for extra cleanup
  Ep  37/200  loss=0.9852  AUC=0.6690  AP=0.6631  smoothAUC=0.6737  (149.2s)
    batch 1/8
    [swap-guard] 97.6% swap used (batch 3/8) -- pausing 3s for extra cleanup
    batch 6/8
    [swap-guard] 94.7% swap used (batch 6/8) -- pausing 3s for extra cleanup
    [swap-guard] 97.6% swap used (epoch end) -- pausing 3s for extra cleanup
    [swap-guard] 97.4% swap used (fold 2 epoch 38 val) -- pausing 3s for extra cleanup
  Ep  38/200  loss=0.9403  AUC=0.6691  AP=0.6610  smoothAUC=0.6723  (116.9s)
    batch 1/8
    batch 6/8
    [swap-guard] 98.0% swap used (batch 6/8) -- pausing 3s for extra cleanup
    [swap-guard] 94.1% swap used (epoch end) -- pausing 3s for extra cleanup
    [swap-guard] 93.9% swap used (fold 2 epoch 39 val) -- pausing 3s for extra cleanup
  Ep  39/200  loss=0.9947  AUC=0.6705  AP=0.6711  smoothAUC=0.6695  (119.3s)
    batch 1/8
    [swap-guard] 97.7% swap used (batch 3/8) -- pausing 3s for extra cleanup
    batch 6/8
    [swap-guard] 97.0% swap used (epoch end) -- pausing 3s for extra cleanup
    [swap-guard] 96.7% swap used (fold 2 epoch 40 val) -- pausing 3s for extra cleanup
  Ep  40/200  loss=0.9808  AUC=0.6690  AP=0.6651  smoothAUC=0.6695  (109.8s)
    batch 1/8
    [swap-guard] 94.8% swap used (batch 3/8) -- pausing 3s for extra cleanup
    batch 6/8
    [swap-guard] 96.1% swap used (batch 6/8) -- pausing 3s for extra cleanup
    [swap-guard] 96.7% swap used (epoch end) -- pausing 3s for extra cleanup
    [swap-guard] 96.4% swap used (fold 2 epoch 41 val) -- pausing 3s for extra cleanup
  Ep  41/200  loss=0.9402  AUC=0.6735  AP=0.6650  smoothAUC=0.6710  (119.8s)
    batch 1/8
    [swap-guard] 94.5% swap used (batch 3/8) -- pausing 3s for extra cleanup
    batch 6/8
    [swap-guard] 96.3% swap used (batch 6/8) -- pausing 3s for extra cleanup
    [swap-guard] 95.0% swap used (epoch end) -- pausing 3s for extra cleanup
    [swap-guard] 94.9% swap used (fold 2 epoch 42 val) -- pausing 3s for extra cleanup
  Ep  42/200  loss=0.9239  AUC=0.6833  AP=0.6785  smoothAUC=0.6753  (105.3s)
  ✓ Fold 2 new best smoothed AUC=0.6753  saved.
    batch 1/8
    [swap-guard] 95.0% swap used (batch 3/8) -- pausing 3s for extra cleanup
    batch 6/8
    [swap-guard] 97.4% swap used (batch 6/8) -- pausing 3s for extra cleanup
    [swap-guard] 97.7% swap used (epoch end) -- pausing 3s for extra cleanup
    [swap-guard] 97.1% swap used (fold 2 epoch 43 val) -- pausing 3s for extra cleanup
  Ep  43/200  loss=0.9130  AUC=0.6977  AP=0.6900  smoothAUC=0.6848  (143.5s)
  ✓ Fold 2 new best smoothed AUC=0.6848  saved.
    batch 1/8
    [swap-guard] 95.3% swap used (batch 3/8) -- pausing 3s for extra cleanup
    batch 6/8
    [swap-guard] 92.9% swap used (batch 6/8) -- pausing 3s for extra cleanup
    [swap-guard] 96.3% swap used (epoch end) -- pausing 3s for extra cleanup
    [swap-guard] 96.2% swap used (fold 2 epoch 44 val) -- pausing 3s for extra cleanup
  Ep  44/200  loss=0.9319  AUC=0.7137  AP=0.6987  smoothAUC=0.6982  (124.7s)
  ✓ Fold 2 new best smoothed AUC=0.6982  saved.
    batch 1/8
    [swap-guard] 97.9% swap used (batch 3/8) -- pausing 3s for extra cleanup
    batch 6/8
    [swap-guard] 95.4% swap used (batch 6/8) -- pausing 3s for extra cleanup
    [swap-guard] 95.1% swap used (epoch end) -- pausing 3s for extra cleanup
    [swap-guard] 94.8% swap used (fold 2 epoch 45 val) -- pausing 3s for extra cleanup
  Ep  45/200  loss=0.9046  AUC=0.7248  AP=0.7055  smoothAUC=0.7121  (125.8s)
  ✓ Fold 2 new best smoothed AUC=0.7121  saved.
    batch 1/8
    [swap-guard] 94.9% swap used (batch 3/8) -- pausing 3s for extra cleanup
    batch 6/8
    [swap-guard] 97.8% swap used (batch 6/8) -- pausing 3s for extra cleanup
    [swap-guard] 97.2% swap used (epoch end) -- pausing 3s for extra cleanup
    [swap-guard] 96.8% swap used (fold 2 epoch 46 val) -- pausing 3s for extra cleanup
  Ep  46/200  loss=0.8747  AUC=0.7253  AP=0.7098  smoothAUC=0.7213  (120.5s)
  ✓ Fold 2 new best smoothed AUC=0.7213  saved.
    batch 1/8
    batch 6/8
    [swap-guard] 96.0% swap used (batch 6/8) -- pausing 3s for extra cleanup
    [swap-guard] 93.1% swap used (epoch end) -- pausing 3s for extra cleanup
    [swap-guard] 93.1% swap used (fold 2 epoch 47 val) -- pausing 3s for extra cleanup
  Ep  47/200  loss=0.8746  AUC=0.7175  AP=0.6977  smoothAUC=0.7226  (135.5s)
  ✓ Fold 2 new best smoothed AUC=0.7226  saved.
    batch 1/8
    [swap-guard] 95.4% swap used (batch 3/8) -- pausing 3s for extra cleanup
    batch 6/8
    [swap-guard] 98.5% swap used (batch 6/8) -- pausing 3s for extra cleanup
    [swap-guard] 93.5% swap used (epoch end) -- pausing 3s for extra cleanup
    [swap-guard] 93.4% swap used (fold 2 epoch 48 val) -- pausing 3s for extra cleanup
  Ep  48/200  loss=0.8814  AUC=0.7012  AP=0.6812  smoothAUC=0.7147  (136.4s)
    batch 1/8
    [swap-guard] 95.2% swap used (batch 3/8) -- pausing 3s for extra cleanup
    batch 6/8
    [swap-guard] 96.0% swap used (batch 6/8) -- pausing 3s for extra cleanup
    [swap-guard] 94.0% swap used (epoch end) -- pausing 3s for extra cleanup
    [swap-guard] 93.9% swap used (fold 2 epoch 49 val) -- pausing 3s for extra cleanup
  Ep  49/200  loss=0.8917  AUC=0.6895  AP=0.6781  smoothAUC=0.7028  (116.9s)
    batch 1/8
    [swap-guard] 96.5% swap used (batch 3/8) -- pausing 3s for extra cleanup
    batch 6/8
    [swap-guard] 96.1% swap used (batch 6/8) -- pausing 3s for extra cleanup
    [swap-guard] 95.0% swap used (epoch end) -- pausing 3s for extra cleanup
    [swap-guard] 95.0% swap used (fold 2 epoch 50 val) -- pausing 3s for extra cleanup
  Ep  50/200  loss=0.8827  AUC=0.6852  AP=0.6778  smoothAUC=0.6920  (152.5s)
    batch 1/8
    batch 6/8
    [swap-guard] 98.0% swap used (batch 6/8) -- pausing 3s for extra cleanup
    [swap-guard] 97.3% swap used (epoch end) -- pausing 3s for extra cleanup
    [swap-guard] 97.1% swap used (fold 2 epoch 51 val) -- pausing 3s for extra cleanup
  Ep  51/200  loss=0.8309  AUC=0.7009  AP=0.7241  smoothAUC=0.6919  (121.5s)
    batch 1/8
    [swap-guard] 97.8% swap used (batch 3/8) -- pausing 3s for extra cleanup
    batch 6/8
    [swap-guard] 94.3% swap used (batch 6/8) -- pausing 3s for extra cleanup
    [swap-guard] 94.5% swap used (epoch end) -- pausing 3s for extra cleanup
    [swap-guard] 94.5% swap used (fold 2 epoch 52 val) -- pausing 3s for extra cleanup
  Ep  52/200  loss=0.8395  AUC=0.7130  AP=0.7338  smoothAUC=0.6997  (160.5s)
    batch 1/8
    [swap-guard] 95.6% swap used (batch 3/8) -- pausing 3s for extra cleanup
    batch 6/8
    [swap-guard] 98.2% swap used (batch 6/8) -- pausing 3s for extra cleanup
    [swap-guard] 95.8% swap used (epoch end) -- pausing 3s for extra cleanup
    [swap-guard] 95.7% swap used (fold 2 epoch 53 val) -- pausing 3s for extra cleanup
  Ep  53/200  loss=0.8183  AUC=0.7081  AP=0.7408  smoothAUC=0.7073  (116.2s)
    batch 1/8
    [swap-guard] 95.8% swap used (batch 3/8) -- pausing 3s for extra cleanup
    batch 6/8
    [swap-guard] 96.8% swap used (batch 6/8) -- pausing 3s for extra cleanup
    [swap-guard] 95.7% swap used (epoch end) -- pausing 3s for extra cleanup
    [swap-guard] 95.5% swap used (fold 2 epoch 54 val) -- pausing 3s for extra cleanup
  Ep  54/200  loss=0.8024  AUC=0.7044  AP=0.7322  smoothAUC=0.7085  (115.3s)
    batch 1/8
    [swap-guard] 97.4% swap used (batch 3/8) -- pausing 3s for extra cleanup
    batch 6/8
    [swap-guard] 94.7% swap used (batch 6/8) -- pausing 3s for extra cleanup
    [swap-guard] 96.1% swap used (epoch end) -- pausing 3s for extra cleanup
    [swap-guard] 96.1% swap used (fold 2 epoch 55 val) -- pausing 3s for extra cleanup
  Ep  55/200  loss=0.8569  AUC=0.6972  AP=0.7205  smoothAUC=0.7033  (154.0s)
    batch 1/8
    batch 6/8
    [swap-guard] 94.1% swap used (batch 6/8) -- pausing 3s for extra cleanup
    [swap-guard] 98.7% swap used (epoch end) -- pausing 3s for extra cleanup
    [swap-guard] 98.4% swap used (fold 2 epoch 56 val) -- pausing 3s for extra cleanup
  Ep  56/200  loss=0.8071  AUC=0.6895  AP=0.7103  smoothAUC=0.6970  (116.7s)
    batch 1/8
    [swap-guard] 94.9% swap used (batch 3/8) -- pausing 3s for extra cleanup
    batch 6/8
    [swap-guard] 97.9% swap used (batch 6/8) -- pausing 3s for extra cleanup
    [swap-guard] 95.5% swap used (epoch end) -- pausing 3s for extra cleanup
    [swap-guard] 95.4% swap used (fold 2 epoch 57 val) -- pausing 3s for extra cleanup
  Ep  57/200  loss=0.8329  AUC=0.6875  AP=0.7114  smoothAUC=0.6914  (136.8s)
    batch 1/8
    [swap-guard] 98.3% swap used (batch 3/8) -- pausing 3s for extra cleanup
    batch 6/8
    [swap-guard] 95.8% swap used (batch 6/8) -- pausing 3s for extra cleanup
    [swap-guard] 93.2% swap used (epoch end) -- pausing 3s for extra cleanup
    [swap-guard] 96.9% swap used (fold 2 epoch 58 val) -- pausing 3s for extra cleanup
  Ep  58/200  loss=0.7994  AUC=0.6949  AP=0.7177  smoothAUC=0.6907  (149.3s)
    batch 1/8
    batch 6/8
    [swap-guard] 95.9% swap used (batch 6/8) -- pausing 3s for extra cleanup
    [swap-guard] 93.4% swap used (epoch end) -- pausing 3s for extra cleanup
    [swap-guard] 93.3% swap used (fold 2 epoch 59 val) -- pausing 3s for extra cleanup
  Ep  59/200  loss=0.8080  AUC=0.6991  AP=0.7194  smoothAUC=0.6939  (143.8s)
    batch 1/8
    [swap-guard] 95.9% swap used (batch 3/8) -- pausing 3s for extra cleanup
    batch 6/8
    [swap-guard] 95.2% swap used (batch 6/8) -- pausing 3s for extra cleanup
    [swap-guard] 96.5% swap used (epoch end) -- pausing 3s for extra cleanup
    [swap-guard] 96.3% swap used (fold 2 epoch 60 val) -- pausing 3s for extra cleanup
  Ep  60/200  loss=0.8030  AUC=0.6994  AP=0.7189  smoothAUC=0.6978  (133.7s)
    batch 1/8
    [swap-guard] 97.9% swap used (batch 3/8) -- pausing 3s for extra cleanup
    batch 6/8
    [swap-guard] 95.2% swap used (batch 6/8) -- pausing 3s for extra cleanup
    [swap-guard] 94.7% swap used (epoch end) -- pausing 3s for extra cleanup
    [swap-guard] 94.6% swap used (fold 2 epoch 61 val) -- pausing 3s for extra cleanup
  Ep  61/200  loss=0.8200  AUC=0.7043  AP=0.7243  smoothAUC=0.7009  (186.8s)
    batch 1/8
    [swap-guard] 97.2% swap used (batch 3/8) -- pausing 3s for extra cleanup
    batch 6/8
    [swap-guard] 95.8% swap used (epoch end) -- pausing 3s for extra cleanup
    [swap-guard] 95.6% swap used (fold 2 epoch 62 val) -- pausing 3s for extra cleanup
  Ep  62/200  loss=0.7830  AUC=0.7070  AP=0.7223  smoothAUC=0.7036  (134.3s)
    batch 1/8
    [swap-guard] 96.3% swap used (batch 3/8) -- pausing 3s for extra cleanup
    batch 6/8
    [swap-guard] 96.8% swap used (batch 6/8) -- pausing 3s for extra cleanup
    [swap-guard] 93.7% swap used (epoch end) -- pausing 3s for extra cleanup
    [swap-guard] 95.7% swap used (fold 2 epoch 63 val) -- pausing 3s for extra cleanup
  Ep  63/200  loss=0.7483  AUC=0.6973  AP=0.7104  smoothAUC=0.7029  (142.0s)
    batch 1/8
    [swap-guard] 96.5% swap used (batch 3/8) -- pausing 3s for extra cleanup
    batch 6/8
    [swap-guard] 95.9% swap used (batch 6/8) -- pausing 3s for extra cleanup
    [swap-guard] 94.4% swap used (epoch end) -- pausing 3s for extra cleanup
    [swap-guard] 94.4% swap used (fold 2 epoch 64 val) -- pausing 3s for extra cleanup
  Ep  64/200  loss=0.7561  AUC=0.6952  AP=0.7106  smoothAUC=0.6998  (163.2s)
    batch 1/8
    [swap-guard] 96.2% swap used (batch 3/8) -- pausing 3s for extra cleanup
    batch 6/8
    [swap-guard] 94.9% swap used (batch 6/8) -- pausing 3s for extra cleanup
    [swap-guard] 94.7% swap used (epoch end) -- pausing 3s for extra cleanup
    [swap-guard] 94.4% swap used (fold 2 epoch 65 val) -- pausing 3s for extra cleanup
  Ep  65/200  loss=0.7691  AUC=0.6974  AP=0.7147  smoothAUC=0.6966  (154.2s)
    batch 1/8
    [swap-guard] 97.4% swap used (batch 3/8) -- pausing 3s for extra cleanup
    batch 6/8
    [swap-guard] 95.5% swap used (batch 6/8) -- pausing 3s for extra cleanup
    [swap-guard] 96.0% swap used (epoch end) -- pausing 3s for extra cleanup
    [swap-guard] 95.8% swap used (fold 2 epoch 66 val) -- pausing 3s for extra cleanup
  Ep  66/200  loss=0.7305  AUC=0.7027  AP=0.7207  smoothAUC=0.6984  (141.7s)
    batch 1/8
    [swap-guard] 95.4% swap used (batch 3/8) -- pausing 3s for extra cleanup
    batch 6/8
    [swap-guard] 94.5% swap used (batch 6/8) -- pausing 3s for extra cleanup
    [swap-guard] 96.4% swap used (epoch end) -- pausing 3s for extra cleanup
    [swap-guard] 96.4% swap used (fold 2 epoch 67 val) -- pausing 3s for extra cleanup
  Ep  67/200  loss=0.7890  AUC=0.7059  AP=0.7184  smoothAUC=0.7020  (178.6s)

  Early stopping at epoch 67.

  Fold 2 test — AUC=0.6736  AP=0.6649  (random=0.5000)
    [swap-guard] 96.2% swap used (fold 2 boundary) -- pausing 3s for extra cleanup

=======================================================
  FOLD 3 / 5
=======================================================
    [DIAG] graph 60: 2 nodes, 2 dir-edges, 1 pos, requested 1 neg but only 0 possible
/Users/mbp/Documents/MTECH/Sem4/Individual_project/AI_Assisted_3D_Assembly_Design/AI-Assisted-3D-Assembly-Design/.venv/lib/python3.12/site-packages/torch_geometric/transforms/base_transform.py:32: UserWarning: There are not enough negative edges to satisfy the provided sampling ratio. The ratio will be adjusted to 0.00.
  return self.forward(copy.copy(data))
    [DIAG] graph 44: 2 nodes, 2 dir-edges, 1 pos, requested 1 neg but only 0 possible
    [DIAG] graph 63: 2 nodes, 2 dir-edges, 1 pos, requested 1 neg but only 0 possible
    [DIAG] graph 71: 2 nodes, 2 dir-edges, 1 pos, requested 1 neg but only 0 possible
    [DIAG] graph 119: 2 nodes, 2 dir-edges, 1 pos, requested 1 neg but only 0 possible
  Fold 3/5 — train: 123  val: 31  test: 38
Model built on mps  |  total params: 2,441,809
    batch 1/8
    [swap-guard] 97.5% swap used (batch 3/8) -- pausing 3s for extra cleanup
    batch 6/8
    [swap-guard] 97.2% swap used (batch 6/8) -- pausing 3s for extra cleanup
    [swap-guard] 96.9% swap used (epoch end) -- pausing 3s for extra cleanup
    [swap-guard] 96.7% swap used (fold 3 epoch 1 val) -- pausing 3s for extra cleanup
  Ep   1/200  loss=1.6312  AUC=0.5153  AP=0.5155  smoothAUC=0.5153  (117.4s)
  ✓ Fold 3 new best smoothed AUC=0.5153  saved.
    batch 1/8
    [swap-guard] 96.5% swap used (batch 3/8) -- pausing 3s for extra cleanup
    batch 6/8
    [swap-guard] 96.0% swap used (batch 6/8) -- pausing 3s for extra cleanup
    [swap-guard] 97.1% swap used (epoch end) -- pausing 3s for extra cleanup
    [swap-guard] 96.9% swap used (fold 3 epoch 2 val) -- pausing 3s for extra cleanup
  Ep   2/200  loss=1.5498  AUC=0.4763  AP=0.5206  smoothAUC=0.4958  (158.3s)
    batch 1/8
    [swap-guard] 96.7% swap used (batch 3/8) -- pausing 3s for extra cleanup
    batch 6/8
    [swap-guard] 96.6% swap used (batch 6/8) -- pausing 3s for extra cleanup
    [swap-guard] 94.4% swap used (epoch end) -- pausing 3s for extra cleanup
    [swap-guard] 94.3% swap used (fold 3 epoch 3 val) -- pausing 3s for extra cleanup
  Ep   3/200  loss=1.5067  AUC=0.4917  AP=0.5222  smoothAUC=0.4945  (125.9s)
    batch 1/8
    [swap-guard] 98.1% swap used (batch 3/8) -- pausing 3s for extra cleanup
    batch 6/8
    [swap-guard] 95.7% swap used (batch 6/8) -- pausing 3s for extra cleanup
    [swap-guard] 94.2% swap used (epoch end) -- pausing 3s for extra cleanup
    [swap-guard] 94.1% swap used (fold 3 epoch 4 val) -- pausing 3s for extra cleanup
  Ep   4/200  loss=1.4867  AUC=0.5197  AP=0.5241  smoothAUC=0.4959  (137.4s)
    batch 1/8
    [swap-guard] 98.4% swap used (batch 3/8) -- pausing 3s for extra cleanup
    batch 6/8
    [swap-guard] 98.6% swap used (batch 6/8) -- pausing 3s for extra cleanup
    [swap-guard] 97.0% swap used (epoch end) -- pausing 3s for extra cleanup
    [swap-guard] 96.9% swap used (fold 3 epoch 5 val) -- pausing 3s for extra cleanup
  Ep   5/200  loss=1.4468  AUC=0.5217  AP=0.5077  smoothAUC=0.5110  (145.2s)
    batch 1/8
    [swap-guard] 96.4% swap used (batch 3/8) -- pausing 3s for extra cleanup
    batch 6/8
    [swap-guard] 95.6% swap used (batch 6/8) -- pausing 3s for extra cleanup
    [swap-guard] 95.5% swap used (epoch end) -- pausing 3s for extra cleanup
    [swap-guard] 95.4% swap used (fold 3 epoch 6 val) -- pausing 3s for extra cleanup
  Ep   6/200  loss=1.4162  AUC=0.5745  AP=0.5552  smoothAUC=0.5386  (131.6s)
  ✓ Fold 3 new best smoothed AUC=0.5386  saved.
    batch 1/8
    [swap-guard] 96.3% swap used (batch 3/8) -- pausing 3s for extra cleanup
    batch 6/8
    [swap-guard] 98.3% swap used (batch 6/8) -- pausing 3s for extra cleanup
    [swap-guard] 97.1% swap used (epoch end) -- pausing 3s for extra cleanup
    [swap-guard] 97.0% swap used (fold 3 epoch 7 val) -- pausing 3s for extra cleanup
  Ep   7/200  loss=1.4057  AUC=0.5780  AP=0.5340  smoothAUC=0.5580  (126.6s)
  ✓ Fold 3 new best smoothed AUC=0.5580  saved.
    batch 1/8
    [swap-guard] 98.2% swap used (batch 3/8) -- pausing 3s for extra cleanup
    batch 6/8
    [swap-guard] 96.5% swap used (batch 6/8) -- pausing 3s for extra cleanup
    [swap-guard] 95.3% swap used (epoch end) -- pausing 3s for extra cleanup
    [swap-guard] 95.1% swap used (fold 3 epoch 8 val) -- pausing 3s for extra cleanup
  Ep   8/200  loss=1.3611  AUC=0.5602  AP=0.5365  smoothAUC=0.5709  (134.0s)
  ✓ Fold 3 new best smoothed AUC=0.5709  saved.
    batch 1/8
    [swap-guard] 98.4% swap used (batch 3/8) -- pausing 3s for extra cleanup
    batch 6/8
    [swap-guard] 97.2% swap used (batch 6/8) -- pausing 3s for extra cleanup
    [swap-guard] 95.4% swap used (epoch end) -- pausing 3s for extra cleanup
    [swap-guard] 95.3% swap used (fold 3 epoch 9 val) -- pausing 3s for extra cleanup
  Ep   9/200  loss=1.3840  AUC=0.5269  AP=0.5375  smoothAUC=0.5550  (151.2s)
    batch 1/8
    [swap-guard] 94.4% swap used (batch 3/8) -- pausing 3s for extra cleanup
    batch 6/8
    [swap-guard] 98.5% swap used (batch 6/8) -- pausing 3s for extra cleanup
    [swap-guard] 98.4% swap used (epoch end) -- pausing 3s for extra cleanup
    [swap-guard] 97.9% swap used (fold 3 epoch 10 val) -- pausing 3s for extra cleanup
  Ep  10/200  loss=1.3336  AUC=0.5419  AP=0.5516  smoothAUC=0.5430  (138.1s)
    batch 1/8
    [swap-guard] 96.6% swap used (batch 3/8) -- pausing 3s for extra cleanup
    batch 6/8
    [swap-guard] 95.5% swap used (batch 6/8) -- pausing 3s for extra cleanup
    [swap-guard] 96.5% swap used (epoch end) -- pausing 3s for extra cleanup
    [swap-guard] 96.4% swap used (fold 3 epoch 11 val) -- pausing 3s for extra cleanup
  Ep  11/200  loss=1.2922  AUC=0.5919  AP=0.5767  smoothAUC=0.5536  (154.7s)
    batch 1/8
    [swap-guard] 97.2% swap used (batch 3/8) -- pausing 3s for extra cleanup
    batch 6/8
    [swap-guard] 96.6% swap used (epoch end) -- pausing 3s for extra cleanup
    [swap-guard] 96.5% swap used (fold 3 epoch 12 val) -- pausing 3s for extra cleanup
  Ep  12/200  loss=1.2766  AUC=0.6288  AP=0.6177  smoothAUC=0.5876  (153.1s)
  ✓ Fold 3 new best smoothed AUC=0.5876  saved.
    batch 1/8
    [swap-guard] 96.9% swap used (batch 3/8) -- pausing 3s for extra cleanup
    batch 6/8
    [swap-guard] 97.4% swap used (batch 6/8) -- pausing 3s for extra cleanup
    [swap-guard] 95.8% swap used (epoch end) -- pausing 3s for extra cleanup
    [swap-guard] 95.5% swap used (fold 3 epoch 13 val) -- pausing 3s for extra cleanup
  Ep  13/200  loss=1.2552  AUC=0.6255  AP=0.6320  smoothAUC=0.6154  (148.4s)
  ✓ Fold 3 new best smoothed AUC=0.6154  saved.
    batch 1/8
    [swap-guard] 94.5% swap used (batch 3/8) -- pausing 3s for extra cleanup
    batch 6/8
    [swap-guard] 97.7% swap used (batch 6/8) -- pausing 3s for extra cleanup
    [swap-guard] 93.8% swap used (epoch end) -- pausing 3s for extra cleanup
    [swap-guard] 93.8% swap used (fold 3 epoch 14 val) -- pausing 3s for extra cleanup
  Ep  14/200  loss=1.2135  AUC=0.6211  AP=0.6392  smoothAUC=0.6251  (151.4s)
  ✓ Fold 3 new best smoothed AUC=0.6251  saved.
    batch 1/8
    [swap-guard] 97.4% swap used (batch 3/8) -- pausing 3s for extra cleanup
    batch 6/8
    [swap-guard] 96.2% swap used (batch 6/8) -- pausing 3s for extra cleanup
    [swap-guard] 97.5% swap used (epoch end) -- pausing 3s for extra cleanup
    [swap-guard] 97.0% swap used (fold 3 epoch 15 val) -- pausing 3s for extra cleanup
  Ep  15/200  loss=1.1958  AUC=0.6076  AP=0.6194  smoothAUC=0.6181  (119.3s)
    batch 1/8
    [swap-guard] 97.1% swap used (batch 3/8) -- pausing 3s for extra cleanup
    batch 6/8
    [swap-guard] 97.1% swap used (batch 6/8) -- pausing 3s for extra cleanup
    [swap-guard] 98.3% swap used (epoch end) -- pausing 3s for extra cleanup
    [swap-guard] 98.0% swap used (fold 3 epoch 16 val) -- pausing 3s for extra cleanup
  Ep  16/200  loss=1.1725  AUC=0.5842  AP=0.5780  smoothAUC=0.6043  (124.7s)
    batch 1/8
    [swap-guard] 98.1% swap used (batch 3/8) -- pausing 3s for extra cleanup
    batch 6/8
    [swap-guard] 94.2% swap used (batch 6/8) -- pausing 3s for extra cleanup
    [swap-guard] 94.9% swap used (epoch end) -- pausing 3s for extra cleanup
    [swap-guard] 94.7% swap used (fold 3 epoch 17 val) -- pausing 3s for extra cleanup
  Ep  17/200  loss=1.1120  AUC=0.6018  AP=0.5907  smoothAUC=0.5979  (127.0s)
    batch 1/8
    [swap-guard] 97.5% swap used (batch 3/8) -- pausing 3s for extra cleanup
    batch 6/8
    [swap-guard] 95.9% swap used (batch 6/8) -- pausing 3s for extra cleanup
    [swap-guard] 94.9% swap used (epoch end) -- pausing 3s for extra cleanup
    [swap-guard] 94.8% swap used (fold 3 epoch 18 val) -- pausing 3s for extra cleanup
  Ep  18/200  loss=1.1137  AUC=0.6008  AP=0.6196  smoothAUC=0.5956  (111.4s)
    batch 1/8
    [swap-guard] 96.4% swap used (batch 3/8) -- pausing 3s for extra cleanup
    batch 6/8
    [swap-guard] 98.1% swap used (batch 6/8) -- pausing 3s for extra cleanup
    [swap-guard] 95.9% swap used (epoch end) -- pausing 3s for extra cleanup
    [swap-guard] 95.8% swap used (fold 3 epoch 19 val) -- pausing 3s for extra cleanup
  Ep  19/200  loss=1.1098  AUC=0.6142  AP=0.6127  smoothAUC=0.6056  (127.0s)
    batch 1/8
    [swap-guard] 97.8% swap used (batch 3/8) -- pausing 3s for extra cleanup
    batch 6/8
    [swap-guard] 96.5% swap used (batch 6/8) -- pausing 3s for extra cleanup
    [swap-guard] 97.1% swap used (epoch end) -- pausing 3s for extra cleanup
    [swap-guard] 96.7% swap used (fold 3 epoch 20 val) -- pausing 3s for extra cleanup
  Ep  20/200  loss=1.0970  AUC=0.6105  AP=0.5943  smoothAUC=0.6085  (117.1s)
    batch 1/8
    [swap-guard] 96.6% swap used (batch 3/8) -- pausing 3s for extra cleanup
    batch 6/8
    [swap-guard] 95.3% swap used (batch 6/8) -- pausing 3s for extra cleanup
    [swap-guard] 95.8% swap used (epoch end) -- pausing 3s for extra cleanup
    [swap-guard] 95.6% swap used (fold 3 epoch 21 val) -- pausing 3s for extra cleanup
  Ep  21/200  loss=1.0583  AUC=0.6021  AP=0.5727  smoothAUC=0.6089  (129.0s)
    batch 1/8
    [swap-guard] 97.6% swap used (batch 3/8) -- pausing 3s for extra cleanup
    batch 6/8
    [swap-guard] 96.6% swap used (batch 6/8) -- pausing 3s for extra cleanup
    [swap-guard] 96.7% swap used (epoch end) -- pausing 3s for extra cleanup
    [swap-guard] 96.7% swap used (fold 3 epoch 22 val) -- pausing 3s for extra cleanup
  Ep  22/200  loss=1.0300  AUC=0.5956  AP=0.5683  smoothAUC=0.6027  (134.2s)
    batch 1/8
    [swap-guard] 96.4% swap used (batch 3/8) -- pausing 3s for extra cleanup
    batch 6/8
    [swap-guard] 96.4% swap used (batch 6/8) -- pausing 3s for extra cleanup
    [swap-guard] 97.5% swap used (epoch end) -- pausing 3s for extra cleanup
    [swap-guard] 97.3% swap used (fold 3 epoch 23 val) -- pausing 3s for extra cleanup
  Ep  23/200  loss=1.0255  AUC=0.6164  AP=0.5751  smoothAUC=0.6047  (154.8s)
    batch 1/8
    [swap-guard] 97.4% swap used (batch 3/8) -- pausing 3s for extra cleanup
    batch 6/8
    [swap-guard] 95.7% swap used (batch 6/8) -- pausing 3s for extra cleanup
    [swap-guard] 97.0% swap used (epoch end) -- pausing 3s for extra cleanup
    [swap-guard] 96.9% swap used (fold 3 epoch 24 val) -- pausing 3s for extra cleanup
  Ep  24/200  loss=1.0415  AUC=0.5993  AP=0.5684  smoothAUC=0.6038  (176.3s)
    batch 1/8
    [swap-guard] 98.2% swap used (batch 3/8) -- pausing 3s for extra cleanup
    batch 6/8
    [swap-guard] 96.0% swap used (batch 6/8) -- pausing 3s for extra cleanup
    [swap-guard] 96.9% swap used (epoch end) -- pausing 3s for extra cleanup
    [swap-guard] 96.9% swap used (fold 3 epoch 25 val) -- pausing 3s for extra cleanup
  Ep  25/200  loss=0.9824  AUC=0.5898  AP=0.5643  smoothAUC=0.6018  (179.3s)
    batch 1/8
    [swap-guard] 97.3% swap used (batch 3/8) -- pausing 3s for extra cleanup
    batch 6/8
    [swap-guard] 97.8% swap used (batch 6/8) -- pausing 3s for extra cleanup
    [swap-guard] 98.5% swap used (epoch end) -- pausing 3s for extra cleanup
    [swap-guard] 98.3% swap used (fold 3 epoch 26 val) -- pausing 3s for extra cleanup
  Ep  26/200  loss=0.9694  AUC=0.5980  AP=0.5619  smoothAUC=0.5957  (190.9s)
    batch 1/8
    [swap-guard] 96.4% swap used (batch 3/8) -- pausing 3s for extra cleanup
    batch 6/8
    [swap-guard] 96.1% swap used (batch 6/8) -- pausing 3s for extra cleanup
    [swap-guard] 97.1% swap used (epoch end) -- pausing 3s for extra cleanup
    [swap-guard] 96.9% swap used (fold 3 epoch 27 val) -- pausing 3s for extra cleanup
  Ep  27/200  loss=0.9829  AUC=0.6037  AP=0.5654  smoothAUC=0.5972  (173.4s)
    batch 1/8
    [swap-guard] 96.3% swap used (batch 3/8) -- pausing 3s for extra cleanup
    batch 6/8
    [swap-guard] 98.2% swap used (batch 6/8) -- pausing 3s for extra cleanup
    [swap-guard] 97.7% swap used (epoch end) -- pausing 3s for extra cleanup
    [swap-guard] 97.2% swap used (fold 3 epoch 28 val) -- pausing 3s for extra cleanup
  Ep  28/200  loss=0.9752  AUC=0.6164  AP=0.5758  smoothAUC=0.6060  (166.2s)
    batch 1/8
    [swap-guard] 97.1% swap used (batch 3/8) -- pausing 3s for extra cleanup
    batch 6/8
    [swap-guard] 96.0% swap used (batch 6/8) -- pausing 3s for extra cleanup
    [swap-guard] 97.7% swap used (epoch end) -- pausing 3s for extra cleanup
    [swap-guard] 97.5% swap used (fold 3 epoch 29 val) -- pausing 3s for extra cleanup
  Ep  29/200  loss=0.9842  AUC=0.6155  AP=0.5791  smoothAUC=0.6119  (179.4s)
    batch 1/8
    [swap-guard] 96.5% swap used (batch 3/8) -- pausing 3s for extra cleanup
    batch 6/8
    [swap-guard] 97.3% swap used (batch 6/8) -- pausing 3s for extra cleanup
    [swap-guard] 99.1% swap used (epoch end) -- pausing 3s for extra cleanup
    [swap-guard] 98.9% swap used (fold 3 epoch 30 val) -- pausing 3s for extra cleanup
  Ep  30/200  loss=0.9797  AUC=0.6141  AP=0.5733  smoothAUC=0.6153  (166.1s)
    batch 1/8
    [swap-guard] 96.0% swap used (batch 3/8) -- pausing 3s for extra cleanup
    batch 6/8
    [swap-guard] 97.1% swap used (batch 6/8) -- pausing 3s for extra cleanup
    [swap-guard] 95.8% swap used (epoch end) -- pausing 3s for extra cleanup
    [swap-guard] 95.5% swap used (fold 3 epoch 31 val) -- pausing 3s for extra cleanup
  Ep  31/200  loss=0.9170  AUC=0.6112  AP=0.5710  smoothAUC=0.6136  (156.2s)
    batch 1/8
    [swap-guard] 97.4% swap used (batch 3/8) -- pausing 3s for extra cleanup
    batch 6/8
    [swap-guard] 96.1% swap used (batch 6/8) -- pausing 3s for extra cleanup
    [swap-guard] 96.2% swap used (epoch end) -- pausing 3s for extra cleanup
    [swap-guard] 96.1% swap used (fold 3 epoch 32 val) -- pausing 3s for extra cleanup
  Ep  32/200  loss=0.9192  AUC=0.6145  AP=0.5757  smoothAUC=0.6133  (237.4s)
    batch 1/8
    [swap-guard] 96.0% swap used (batch 3/8) -- pausing 3s for extra cleanup
    batch 6/8
    [swap-guard] 96.4% swap used (batch 6/8) -- pausing 3s for extra cleanup
    [swap-guard] 94.3% swap used (epoch end) -- pausing 3s for extra cleanup
  Ep  33/200  loss=0.9491  AUC=0.6167  AP=0.5731  smoothAUC=0.6141  (320.4s)
    batch 1/8
    [swap-guard] 97.3% swap used (batch 3/8) -- pausing 3s for extra cleanup
    batch 6/8
    [swap-guard] 98.7% swap used (batch 6/8) -- pausing 3s for extra cleanup
    [swap-guard] 95.4% swap used (epoch end) -- pausing 3s for extra cleanup
    [swap-guard] 95.2% swap used (fold 3 epoch 34 val) -- pausing 3s for extra cleanup
  Ep  34/200  loss=0.9273  AUC=0.6211  AP=0.5759  smoothAUC=0.6174  (242.2s)

  Early stopping at epoch 34.

  Fold 3 test — AUC=0.5821  AP=0.6561  (random=0.5782)
    [swap-guard] 96.2% swap used (fold 3 boundary) -- pausing 3s for extra cleanup

=======================================================
  FOLD 4 / 5
=======================================================
/Users/mbp/Documents/MTECH/Sem4/Individual_project/AI_Assisted_3D_Assembly_Design/AI-Assisted-3D-Assembly-Design/.venv/lib/python3.12/site-packages/torch_geometric/transforms/base_transform.py:32: UserWarning: There are not enough negative edges to satisfy the provided sampling ratio. The ratio will be adjusted to 0.00.
  return self.forward(copy.copy(data))
    [DIAG] graph 44: 2 nodes, 2 dir-edges, 1 pos, requested 1 neg but only 0 possible
    [DIAG] graph 60: 2 nodes, 2 dir-edges, 1 pos, requested 1 neg but only 0 possible
    [DIAG] graph 63: 2 nodes, 2 dir-edges, 1 pos, requested 1 neg but only 0 possible
    [DIAG] graph 71: 2 nodes, 2 dir-edges, 1 pos, requested 1 neg but only 0 possible
    [DIAG] graph 119: 2 nodes, 2 dir-edges, 1 pos, requested 1 neg but only 0 possible
  Fold 4/5 — train: 123  val: 31  test: 38
Model built on mps  |  total params: 2,441,809
    batch 1/8
    [swap-guard] 96.1% swap used (batch 3/8) -- pausing 3s for extra cleanup
    batch 6/8
    [swap-guard] 98.3% swap used (batch 6/8) -- pausing 3s for extra cleanup
    [swap-guard] 94.9% swap used (epoch end) -- pausing 3s for extra cleanup
    [swap-guard] 94.7% swap used (fold 4 epoch 1 val) -- pausing 3s for extra cleanup
  Ep   1/200  loss=1.6459  AUC=0.6152  AP=0.5796  smoothAUC=0.6152  (408.4s)
  ✓ Fold 4 new best smoothed AUC=0.6152  saved.
    batch 1/8
    [swap-guard] 97.5% swap used (batch 3/8) -- pausing 3s for extra cleanup
    batch 6/8
    [swap-guard] 98.0% swap used (batch 6/8) -- pausing 3s for extra cleanup
    [swap-guard] 97.7% swap used (epoch end) -- pausing 3s for extra cleanup
    [swap-guard] 97.2% swap used (fold 4 epoch 2 val) -- pausing 3s for extra cleanup
  Ep   2/200  loss=1.5640  AUC=0.6342  AP=0.6415  smoothAUC=0.6247  (173.7s)
  ✓ Fold 4 new best smoothed AUC=0.6247  saved.
    batch 1/8
    [swap-guard] 97.7% swap used (batch 3/8) -- pausing 3s for extra cleanup
    batch 6/8
    [swap-guard] 95.7% swap used (batch 6/8) -- pausing 3s for extra cleanup
    [swap-guard] 96.1% swap used (epoch end) -- pausing 3s for extra cleanup
    [swap-guard] 95.9% swap used (fold 4 epoch 3 val) -- pausing 3s for extra cleanup
  Ep   3/200  loss=1.5156  AUC=0.6494  AP=0.6639  smoothAUC=0.6329  (195.1s)
  ✓ Fold 4 new best smoothed AUC=0.6329  saved.
    batch 1/8
    [swap-guard] 97.4% swap used (batch 3/8) -- pausing 3s for extra cleanup
    batch 6/8
    [swap-guard] 95.9% swap used (batch 6/8) -- pausing 3s for extra cleanup
    [swap-guard] 97.8% swap used (epoch end) -- pausing 3s for extra cleanup
    [swap-guard] 97.7% swap used (fold 4 epoch 4 val) -- pausing 3s for extra cleanup
  Ep   4/200  loss=1.4838  AUC=0.6431  AP=0.6158  smoothAUC=0.6423  (210.1s)
  ✓ Fold 4 new best smoothed AUC=0.6423  saved.
    batch 1/8
    [swap-guard] 96.6% swap used (batch 3/8) -- pausing 3s for extra cleanup
    batch 6/8
    [swap-guard] 97.4% swap used (batch 6/8) -- pausing 3s for extra cleanup
    [swap-guard] 97.6% swap used (epoch end) -- pausing 3s for extra cleanup
    [swap-guard] 97.2% swap used (fold 4 epoch 5 val) -- pausing 3s for extra cleanup
  Ep   5/200  loss=1.4264  AUC=0.6196  AP=0.6229  smoothAUC=0.6374  (254.0s)
    batch 1/8
    [swap-guard] 97.1% swap used (batch 3/8) -- pausing 3s for extra cleanup
    batch 6/8
    [swap-guard] 94.6% swap used (batch 6/8) -- pausing 3s for extra cleanup
    [swap-guard] 98.4% swap used (epoch end) -- pausing 3s for extra cleanup
    [swap-guard] 98.0% swap used (fold 4 epoch 6 val) -- pausing 3s for extra cleanup
  Ep   6/200  loss=1.4603  AUC=0.6033  AP=0.6067  smoothAUC=0.6220  (290.6s)
    batch 1/8
    [swap-guard] 96.6% swap used (batch 3/8) -- pausing 3s for extra cleanup
    batch 6/8
    [swap-guard] 96.1% swap used (batch 6/8) -- pausing 3s for extra cleanup
    [swap-guard] 94.6% swap used (epoch end) -- pausing 3s for extra cleanup
    [swap-guard] 94.2% swap used (fold 4 epoch 7 val) -- pausing 3s for extra cleanup
  Ep   7/200  loss=1.3684  AUC=0.6414  AP=0.6423  smoothAUC=0.6214  (217.6s)
    batch 1/8
    [swap-guard] 95.6% swap used (batch 3/8) -- pausing 3s for extra cleanup
    batch 6/8
    [swap-guard] 95.5% swap used (batch 6/8) -- pausing 3s for extra cleanup
    [swap-guard] 97.3% swap used (epoch end) -- pausing 3s for extra cleanup
    [swap-guard] 97.3% swap used (fold 4 epoch 8 val) -- pausing 3s for extra cleanup
  Ep   8/200  loss=1.4165  AUC=0.6103  AP=0.6140  smoothAUC=0.6183  (446.8s)
    batch 1/8
    [swap-guard] 95.2% swap used (batch 3/8) -- pausing 3s for extra cleanup
    batch 6/8
    [swap-guard] 95.3% swap used (batch 6/8) -- pausing 3s for extra cleanup
    [swap-guard] 97.7% swap used (epoch end) -- pausing 3s for extra cleanup
    [swap-guard] 97.6% swap used (fold 4 epoch 9 val) -- pausing 3s for extra cleanup
  Ep   9/200  loss=1.3422  AUC=0.6017  AP=0.6040  smoothAUC=0.6178  (236.1s)
    batch 1/8
    [swap-guard] 97.4% swap used (batch 3/8) -- pausing 3s for extra cleanup
    batch 6/8
    [swap-guard] 94.1% swap used (batch 6/8) -- pausing 3s for extra cleanup
    [swap-guard] 98.6% swap used (epoch end) -- pausing 3s for extra cleanup
    [swap-guard] 98.3% swap used (fold 4 epoch 10 val) -- pausing 3s for extra cleanup
  Ep  10/200  loss=1.2797  AUC=0.5870  AP=0.5850  smoothAUC=0.5997  (329.0s)
    batch 1/8
    [swap-guard] 96.1% swap used (batch 3/8) -- pausing 3s for extra cleanup
    batch 6/8
    [swap-guard] 95.2% swap used (batch 6/8) -- pausing 3s for extra cleanup
    [swap-guard] 97.0% swap used (epoch end) -- pausing 3s for extra cleanup
    [swap-guard] 96.9% swap used (fold 4 epoch 11 val) -- pausing 3s for extra cleanup
  Ep  11/200  loss=1.3310  AUC=0.6013  AP=0.6010  smoothAUC=0.5967  (553.9s)
    batch 1/8
    [swap-guard] 95.4% swap used (batch 3/8) -- pausing 3s for extra cleanup
    batch 6/8
    [swap-guard] 97.0% swap used (batch 6/8) -- pausing 3s for extra cleanup
    [swap-guard] 98.0% swap used (epoch end) -- pausing 3s for extra cleanup
    [swap-guard] 97.9% swap used (fold 4 epoch 12 val) -- pausing 3s for extra cleanup
  Ep  12/200  loss=1.2939  AUC=0.6321  AP=0.6392  smoothAUC=0.6068  (220.2s)
    batch 1/8
    [swap-guard] 96.5% swap used (batch 3/8) -- pausing 3s for extra cleanup
    batch 6/8
    [swap-guard] 97.8% swap used (batch 6/8) -- pausing 3s for extra cleanup
    [swap-guard] 96.0% swap used (epoch end) -- pausing 3s for extra cleanup
    [swap-guard] 95.7% swap used (fold 4 epoch 13 val) -- pausing 3s for extra cleanup
  Ep  13/200  loss=1.2370  AUC=0.6392  AP=0.6493  smoothAUC=0.6242  (195.9s)
    batch 1/8
    [swap-guard] 96.4% swap used (batch 3/8) -- pausing 3s for extra cleanup
    batch 6/8
    [swap-guard] 96.5% swap used (batch 6/8) -- pausing 3s for extra cleanup
    [swap-guard] 97.6% swap used (epoch end) -- pausing 3s for extra cleanup
    [swap-guard] 97.5% swap used (fold 4 epoch 14 val) -- pausing 3s for extra cleanup
  Ep  14/200  loss=1.2543  AUC=0.6310  AP=0.6370  smoothAUC=0.6341  (214.6s)
    batch 1/8
