Processing...

[1/4] Loading dataset …
  Found 154 STEP file(s) in /Users/mbp/Documents/MTECH/Sem4/Individual_project/AI_Assisted_3D_Assembly_Design/AI-Assisted-3D-Assembly-Design/Source_3d_models/New_Training_models
  Timeout 120s per file — no size filters
  [1/154] Parsing: Bearing Base.STEP
  [2/154] Parsing: Bearing Bush second part.STEP
  [3/154] Parsing: Bearing Bush.STEP
  [4/154] Parsing: Bearing Cap.STEP
  [5/154] Parsing: Wall Bearing.STEP
  [OK]  Wall Bearing.STEP — 13 nodes  20 edges  (4.4s)
  [6/154] Parsing: Spindle Bracket.step
  [OK]  Spindle Bracket.step — 5 nodes  4 edges  (6.9s)
  [7/154] Parsing: Spindle Mounting Bracket 80mm.step
  [OK]  Spindle Mounting Bracket 80mm.step — 9 nodes  12 edges  (37.8s)
  [8/154] Parsing: 1-4_20_nut.STEP
  [9/154] Parsing: 250_washer.STEP
  [10/154] Parsing: bolt_250x1500.STEP
  [11/154] Parsing: omar_clamp_block.STEP
  [12/154] Parsing: omar_clamp_block_02.STEP
  [13/154] Parsing: omar_offset_clamp_3in.STEP
  [14/154] Parsing: omar_tandem_clip_01.STEP
  [15/154] Parsing: omar_tandem_spacer.STEP
  [16/154] Parsing: omar_tube_5x.STEP
  [17/154] Parsing: SLOT SENSOR ASSEMBLY.STEP
  [OK]  SLOT SENSOR ASSEMBLY.STEP — 29 nodes  27 edges  (4.4s)
  [18/154] Parsing: Starlink Mobility Mount Adapter.stp
  [19/154] Parsing: STOPPER ASSEMBLY.STEP
  [OK]  STOPPER ASSEMBLY.STEP — 18 nodes  21 edges  (4.0s)
  [20/154] Parsing: DN444M6.STEP
  [21/154] Parsing: MouldOvenLocker.STEP
  [OK]  MouldOvenLocker.STEP — 9 nodes  5 edges  (7.8s)
  [22/154] Parsing: CLAMP U-BOLT MOUNTING HARDWARE.stp
  [OK]  CLAMP U-BOLT MOUNTING HARDWARE.stp — 10 nodes  9 edges  (3.7s)
  [23/154] Parsing: Assembly.stp
  [OK]  Assembly.stp — 12 nodes  17 edges  (3.9s)
  [24/154] Parsing: Assembly_1.stp
  [OK]  Assembly_1.stp — 12 nodes  17 edges  (3.9s)
  [25/154] Parsing: Петля карточная 110х40.STEP
  [OK]  Петля карточная 110х40.STEP — 3 nodes  3 edges  (3.0s)
  [26/154] Parsing: 20x20 3D Print Hinge.STEP
  [OK]  20x20 3D Print Hinge.STEP — 2 nodes  1 edges  (2.9s)
  [27/154] Parsing: 3.5 INCH NO SQUEAK DOOR HINGE BUTT HINGE INTERIOR DOOR.stp
  [OK]  3.5 INCH NO SQUEAK DOOR HINGE BUTT HINGE INTERIOR DOOR.stp — 24 nodes  30 edges  (3.9s)
  [28/154] Parsing: hinge.STEP
  [OK]  hinge.STEP — 2 nodes  1 edges  (3.0s)
  [29/154] Parsing: Basetech Hinge Width 60mm.step
  [OK]  Basetech Hinge Width 60mm.step — 3 nodes  3 edges  (3.0s)
  [30/154] Parsing: 70 x 50 hinge.step
  [OK]  70 x 50 hinge.step — 3 nodes  3 edges  (3.0s)
  [31/154] Parsing: Assembly - Hinge HL043.STEP
  [OK]  Assembly - Hinge HL043.STEP — 5 nodes  6 edges  (3.0s)
  [32/154] Parsing: Assembly - Hl051-3.STEP
  [OK]  Assembly - Hl051-3.STEP — 3 nodes  3 edges  (3.5s)
  [33/154] Parsing: Engsel 3 inch tapi 90 degree.stp
  [OK]  Engsel 3 inch tapi 90 degree.stp — 4 nodes  5 edges  (3.0s)
  [34/154] Parsing: Engsel 3 inch.stp
  [OK]  Engsel 3 inch.stp — 4 nodes  5 edges  (2.9s)
  [35/154] Parsing: Engsel Female.stp
  [36/154] Parsing: Engsel Male.stp
  [37/154] Parsing: 001 Engsel Shaft.stp
  [38/154] Parsing: 002 Right Side Engsel.stp
  [39/154] Parsing: 003 Left Side Engsel.stp
  [40/154] Parsing: Assembly 90 sudut darjah.stp
  [OK]  Assembly 90 sudut darjah.stp — 3 nodes  2 edges  (3.0s)
  [41/154] Parsing: Engsel Door.STEP
  [OK]  Engsel Door.STEP — 2 nodes  1 edges  (3.1s)
  [42/154] Parsing: 75mm (3in)-hinge.STEP
  [OK]  75mm (3in)-hinge.STEP — 3 nodes  2 edges  (3.3s)
  [43/154] Parsing: HINGE.stp
  [OK]  HINGE.stp — 3 nodes  3 edges  (3.0s)
  [44/154] Parsing: HL050-2.STEP
  [OK]  HL050-2.STEP — 3 nodes  1 edges  (3.0s)
  [45/154] Parsing: Hinge 38X300.step
  [OK]  Hinge 38X300.step — 3 nodes  3 edges  (3.1s)
  [46/154] Parsing: Hinge SUS 304 91mm.STEP
  [OK]  Hinge SUS 304 91mm.STEP — 5 nodes  6 edges  (3.3s)
  [47/154] Parsing: Hinge.step
  [OK]  Hinge.step — 5 nodes  9 edges  (3.0s)
  [48/154] Parsing: Hingebottom.STEP
  [49/154] Parsing: Hingetop.STEP
  [50/154] Parsing: NH N220-137 Gate Hinge.stp
  [OK]  NH N220-137 Gate Hinge.stp — 13 nodes  10 edges  (5.0s)
  [51/154] Parsing: PaumelleInox1.stp
  [OK]  PaumelleInox1.stp — 3 nodes  3 edges  (3.1s)
  [52/154] Parsing: PaumelleInox2.stp
  [OK]  PaumelleInox2.stp — 3 nodes  1 edges  (3.1s)
  [53/154] Parsing: PaumelleInox3.stp
  [OK]  PaumelleInox3.stp — 7 nodes  11 edges  (3.2s)
  [54/154] Parsing: PaumelleInox4.stp
  [OK]  PaumelleInox4.stp — 7 nodes  11 edges  (3.2s)
  [55/154] Parsing: PaumelleInox5.stp
  [OK]  PaumelleInox5.stp — 7 nodes  8 edges  (3.1s)
  [56/154] Parsing: SK2-041.stp
  [57/154] Parsing: SK2-047S.stp
  [OK]  SK2-047S.stp — 3 nodes  1 edges  (3.3s)
  [58/154] Parsing: SK2-048.stp
  [OK]  SK2-048.stp — 2 nodes  1 edges  (2.9s)
  [59/154] Parsing: SK2-049-1A.stp
  [OK]  SK2-049-1A.stp — 3 nodes  3 edges  (3.0s)
  [60/154] Parsing: SK2-078-1.stp
  [OK]  SK2-078-1.stp — 5 nodes  6 edges  (3.0s)
  [61/154] Parsing: SK2-079.stp
  [OK]  SK2-079.stp — 2 nodes  1 edges  (3.1s)
  [62/154] Parsing: SK2-111.stp
  [OK]  SK2-111.stp — 3 nodes  3 edges  (3.0s)
  [63/154] Parsing: SK2-135.stp
  [OK]  SK2-135.stp — 5 nodes  6 edges  (3.1s)
  [64/154] Parsing: SK2-172S-1.stp
  [OK]  SK2-172S-1.stp — 4 nodes  4 edges  (3.1s)
  [65/154] Parsing: SK2-1941.stp
  [OK]  SK2-1941.stp — 4 nodes  5 edges  (3.0s)
  [66/154] Parsing: SK2-234-1.stp
  [OK]  SK2-234-1.stp — 6 nodes  9 edges  (4.9s)
  [67/154] Parsing: SK2-235.stp
  [OK]  SK2-235.stp — 4 nodes  2 edges  (3.1s)
  [68/154] Parsing: SK2-236.STEP
  [OK]  SK2-236.STEP — 7 nodes  1 edges  (3.7s)
  [69/154] Parsing: SK2-335.stp
  [OK]  SK2-335.stp — 7 nodes  9 edges  (3.1s)
  [70/154] Parsing: SK2-535-1.stp
  [OK]  SK2-535-1.stp — 3 nodes  3 edges  (3.1s)
  [71/154] Parsing: SK2-729S.stp
  [OK]  SK2-729S.stp — 4 nodes  5 edges  (3.0s)
  [72/154] Parsing: SK2-735-1.stp
  [OK]  SK2-735-1.stp — 3 nodes  2 edges  (3.1s)
  [73/154] Parsing: SK2-8064-1.stp
  [OK]  SK2-8064-1.stp — 3 nodes  3 edges  (3.0s)
  [74/154] Parsing: SK2-835-2.stp
  [OK]  SK2-835-2.stp — 3 nodes  3 edges  (3.0s)
  [75/154] Parsing: Hinge Assembly.STEP
  [OK]  Hinge Assembly.STEP — 3 nodes  1 edges  (3.1s)
  [76/154] Parsing: TORQUE HINGE RS-770-2983.stp
  [OK]  TORQUE HINGE RS-770-2983.stp — 3 nodes  1 edges  (3.1s)
  [77/154] Parsing: петля-комплект.stp
  [OK]  петля-комплект.stp — 12 nodes  12 edges  (5.3s)
  [78/154] Parsing: B-1-3.STEP
  [OK]  B-1-3.STEP — 7 nodes  10 edges  (3.0s)
  [79/154] Parsing: Fortress HX10075SS.STEP
  [OK]  Fortress HX10075SS.STEP — 5 nodes  9 edges  (3.4s)
  [80/154] Parsing: BUTT HINGE.STEP
  [OK]  BUTT HINGE.STEP — 3 nodes  3 edges  (3.1s)
  [81/154] Parsing: HINGE HALF A.STEP
  [82/154] Parsing: HINGE HALF B.STEP
  [83/154] Parsing: HINGE PIN.STEP
  [84/154] Parsing: Butt Hinge 60 x 60mm.STEP
  [OK]  Butt Hinge 60 x 60mm.STEP — 3 nodes  3 edges  (3.0s)
  [85/154] Parsing: CH-CL-4050.stp
  [OK]  CH-CL-4050.stp — 3 nodes  3 edges  (3.0s)
  [86/154] Parsing: DHFM-40.STEP
  [OK]  DHFM-40.STEP — 3 nodes  3 edges  (3.1s)
  [87/154] Parsing: DHIM 50_50 Hinges.step
  [OK]  DHIM 50_50 Hinges.step — 2 nodes  1 edges  (2.9s)
  [88/154] Parsing: DOBRADIÇA #1,5x76,2x48mm.STEP
  [OK]  DOBRADIÇA #1,5x76,2x48mm.STEP — 3 nodes  1 edges  (3.0s)
  [89/154] Parsing: CJ DOBRADIÇA - 22 - 50 - F-M5.STEP
  [OK]  CJ DOBRADIÇA - 22 - 50 - F-M5.STEP — 3 nodes  3 edges  (3.0s)
  [90/154] Parsing: DOBRADIÇA - 01.STEP
  [91/154] Parsing: DOBRADIÇA - 02.STEP
  [92/154] Parsing: DOBRADIÇA - 03.STEP
  [93/154] Parsing: Dobradica Náutica.STEP
  [OK]  Dobradica Náutica.STEP — 2 nodes  1 edges  (3.1s)
  [94/154] Parsing: Assem hinge.STEP
  [OK]  Assem hinge.STEP — 2 nodes  1 edges  (3.0s)
  [95/154] Parsing: assemblyPetlya.stp
  [OK]  assemblyPetlya.stp — 5 nodes  7 edges  (4.4s)
  [96/154] Parsing: ASS_door_hinge60.STEP
  [OK]  ASS_door_hinge60.STEP — 4 nodes  3 edges  (3.4s)
  [97/154] Parsing: door hinge assembly angled.STEP
  [OK]  door hinge assembly angled.STEP — 3 nodes  3 edges  (3.4s)
  [98/154] Parsing: door hinge assembly.STEP
  [OK]  door hinge assembly.STEP — 3 nodes  3 edges  (3.2s)
  [99/154] Parsing: DOOR HINGE v1.step
  [OK]  DOOR HINGE v1.step — 3 nodes  3 edges  (7.7s)
  [100/154] Parsing: Door hinge joint.step
  [OK]  Door hinge joint.step — 4 nodes  5 edges  (4.1s)
  [101/154] Parsing: Gate-House-Hinge-#0308970 v2.step
  [OK]  Gate-House-Hinge-#0308970 v2.step — 3 nodes  3 edges  (3.2s)
  [102/154] Parsing: A-960-3.stp
  [OK]  A-960-3.stp — 16 nodes  16 edges  (4.2s)
  [103/154] Parsing: BY183-2.stp
  [OK]  BY183-2.stp — 9 nodes  13 edges  (5.6s)
  [104/154] Parsing: HHPSNA8-SET.stp
  [OK]  HHPSNA8-SET.stp — 11 nodes  10 edges  (3.3s)
  [105/154] Parsing: KFC-120(IV) FAN.stp
  [OK]  KFC-120(IV) FAN.stp — 2 nodes  1 edges  (3.2s)
  [106/154] Parsing: Butt Hinge.stp
  [OK]  Butt Hinge.stp — 3 nodes  3 edges  (3.1s)
  [107/154] Parsing: ASS_HL051-1.3.stp
  [OK]  ASS_HL051-1.3.stp — 3 nodes  3 edges  (3.3s)
  [108/154] Parsing: HL051-1.3 A.stp
  [109/154] Parsing: HL051-1.3 B.stp
  [110/154] Parsing: Assembly.step
  [OK]  Assembly.step — 3 nodes  2 edges  (3.0s)
  [111/154] Parsing: Parts.step
  [OK]  Parts.step — 3 nodes  3 edges  (3.0s)
  [112/154] Parsing: Untitled work v2.step
  [OK]  Untitled work v2.step — 4 nodes  4 edges  (3.0s)
  [113/154] Parsing: hinge.stp
  [OK]  hinge.stp — 8 nodes  2 edges  (3.2s)
  [114/154] Parsing: Hinge_close.STEP
  [OK]  Hinge_close.STEP — 27 nodes  26 edges  (5.7s)
  [115/154] Parsing: Hinge_open.STEP
  [OK]  Hinge_open.STEP — 27 nodes  26 edges  (5.7s)
  [116/154] Parsing: Assemblage1.STEP
  [OK]  Assemblage1.STEP — 5 nodes  8 edges  (3.9s)
  [117/154] Parsing: 121.STEP
  [OK]  121.STEP — 3 nodes  2 edges  (3.0s)
  [118/154] Parsing: Hinge.stp
  [OK]  Hinge.stp — 3 nodes  3 edges  (3.1s)
  [119/154] Parsing: RS Pro_Hinge_726-4125 (50x50x2).stp
  [OK]  RS Pro_Hinge_726-4125 (50x50x2).stp — 3 nodes  2 edges  (3.3s)
  [120/154] Parsing: Dobradiça 850.step
  [OK]  Dobradiça 850.step — 3 nodes  1 edges  (3.0s)
  [121/154] Parsing: HINGE-HENGZHU-50X50.STEP
  [OK]  HINGE-HENGZHU-50X50.STEP — 3 nodes  1 edges  (3.0s)
  [122/154] Parsing: Hinge for Extrusion UNEVEN 3030 and 2020.step
  [OK]  Hinge for Extrusion UNEVEN 3030 and 2020.step — 6 nodes  15 edges  (3.4s)
  [123/154] Parsing: Hinge for Alu Profile 3030.step
  [OK]  Hinge for Alu Profile 3030.step — 5 nodes  6 edges  (2.9s)
  [124/154] Parsing: HINGE-HENGZHU-40X40.STEP
  [OK]  HINGE-HENGZHU-40X40.STEP — 3 nodes  1 edges  (3.0s)
  [125/154] Parsing: Assembly1.stp
  [OK]  Assembly1.stp — 3 nodes  3 edges  (3.2s)
  [126/154] Parsing: Hinge v1.step
  [OK]  Hinge v1.step — 5 nodes  8 edges  (3.1s)
  [127/154] Parsing: Assembly4.stp
  [OK]  Assembly4.stp — 2 nodes  1 edges  (3.0s)
  [128/154] Parsing: Hinge NH-42L.STEP
  [129/154] Parsing: NABESEI Hinge stainless steel NH-42L.STEP
  [OK]  NABESEI Hinge stainless steel NH-42L.STEP — 2 nodes  1 edges  (3.0s)
  [130/154] Parsing: Hinge-W50x63x6T.step
  [OK]  Hinge-W50x63x6T.step — 5 nodes  6 edges  (3.2s)
  [131/154] Parsing: Hinges 26x36.STEP
  [OK]  Hinges 26x36.STEP — 3 nodes  2 edges  (3.0s)
  [132/154] Parsing: HINGE 1.STEP
  [133/154] Parsing: HINGE 2.STEP
  [134/154] Parsing: HINGE ASSY.STEP
  [OK]  HINGE ASSY.STEP — 3 nodes  3 edges  (3.1s)
  [135/154] Parsing: engsel.stp
  [OK]  engsel.stp — 3 nodes  3 edges  (3.0s)
  [136/154] Parsing: hood hinge_(yamaha).stp
[31;1m**** ERR StepFile : Undefined Parsing: Line 2: Incorrect syntax: unexpected TYPE, expecting STEP    ****[0m
[31;1m**** ERR StepFile : Undefined Parsing: Line 2: Incorrect syntax: unexpected TYPE, expecting STEP    ****[0m
  [OK]  hood hinge_(yamaha).stp — 2 nodes  1 edges  (3.1s)
  [137/154] Parsing: KROM MENTEŞE MONTAJI.STEP
  [OK]  KROM MENTEŞE MONTAJI.STEP — 3 nodes  2 edges  (3.1s)
  [138/154] Parsing: MILGRADE SS HINGE M5.STEP
  [OK]  MILGRADE SS HINGE M5.STEP — 2 nodes  1 edges  (3.0s)
  [139/154] Parsing: Mortise-Mount Hinges with Holes.STEP
  [OK]  Mortise-Mount Hinges with Holes.STEP — 3 nodes  3 edges  (3.2s)
  [140/154] Parsing: BH050105X4ZP.STEP
  [OK]  BH050105X4ZP.STEP — 3 nodes  1 edges  (5.3s)
  [141/154] Parsing: Plug-in Door Hinge.STEP
  [OK]  Plug-in Door Hinge.STEP — 5 nodes  6 edges  (3.1s)
  [142/154] Parsing: SFK-2A3S.STEP
  [OK]  SFK-2A3S.STEP — 7 nodes  8 edges  (3.4s)
  [143/154] Parsing: Hinge.stp
  [OK]  Hinge.stp — 7 nodes  21 edges  (4.9s)
  [144/154] Parsing: Stainless Steel Hinge,DHS-5065-6.STEP
  [OK]  Stainless Steel Hinge,DHS-5065-6.STEP — 6 nodes  5 edges  (4.4s)
  [145/154] Parsing: TH-31_X.STEP
  [OK]  TH-31_X.STEP — 3 nodes  3 edges  (3.1s)
  [146/154] Parsing: asm0002_asm.stp
  [OK]  asm0002_asm.stp — 9 nodes  9 edges  (3.7s)
  [147/154] Parsing: bearing housing_IGS.step
  [148/154] Parsing: Pedestal Bearing.stp
  [OK]  Pedestal Bearing.stp — 9 nodes  15 edges  (4.0s)
  [149/154] Parsing: Pillow Block Bearing.STEP
  [OK]  Pillow Block Bearing.STEP — 2 nodes  1 edges  (4.7s)
  [150/154] Parsing: plumber block.stp
[32;1m*** ERR StepReaderData : Unresolved Reference : Fails Count : 1 ***[0m
  [OK]  plumber block.stp — 10 nodes  15 edges  (3.3s)
  [151/154] Parsing: Plummer Block.stp
  [OK]  Plummer Block.stp — 13 nodes  21 edges  (3.7s)
  [152/154] Parsing: Plummer Block.STEP
  [OK]  Plummer Block.STEP — 10 nodes  5 edges  (9.0s)
  [153/154] Parsing: block.stp
  [OK]  block.stp — 13 nodes  20 edges  (7.1s)
  [154/154] Parsing: plumber block_.step
  [OK]  plumber block_.step — 11 nodes  8 edges  (58.6s)
  Parsed 119 valid graphs  |  0 errors  |  0 timeouts
Done!
/Users/mbp/Documents/MTECH/Sem4/Individual_project/AI_Assisted_3D_Assembly_Design/AI-Assisted-3D-Assembly-Design/.venv/lib/python3.12/site-packages/torch_geometric/transforms/base_transform.py:32: UserWarning: There are not enough negative edges to satisfy the provided sampling ratio. The ratio will be adjusted to 0.00.
  return self.forward(copy.copy(data))
/Users/mbp/Documents/MTECH/Sem4/Individual_project/AI_Assisted_3D_Assembly_Design/AI-Assisted-3D-Assembly-Design/.venv/lib/python3.12/site-packages/torch_geometric/transforms/base_transform.py:32: UserWarning: There are not enough negative edges to satisfy the provided sampling ratio. The ratio will be adjusted to 0.50.
  return self.forward(copy.copy(data))
/Users/mbp/Documents/MTECH/Sem4/Individual_project/AI_Assisted_3D_Assembly_Design/AI-Assisted-3D-Assembly-Design/.venv/lib/python3.12/site-packages/torch_geometric/transforms/base_transform.py:32: UserWarning: There are not enough negative edges to satisfy the provided sampling ratio. The ratio will be adjusted to 0.00.
  return self.forward(copy.copy(data))
/Users/mbp/Documents/MTECH/Sem4/Individual_project/AI_Assisted_3D_Assembly_Design/AI-Assisted-3D-Assembly-Design/.venv/lib/python3.12/site-packages/torch_geometric/transforms/base_transform.py:32: UserWarning: There are not enough negative edges to satisfy the provided sampling ratio. The ratio will be adjusted to 0.50.
  return self.forward(copy.copy(data))
/Users/mbp/Documents/MTECH/Sem4/Individual_project/AI_Assisted_3D_Assembly_Design/AI-Assisted-3D-Assembly-Design/.venv/lib/python3.12/site-packages/torch_geometric/transforms/base_transform.py:32: UserWarning: There are not enough negative edges to satisfy the provided sampling ratio. The ratio will be adjusted to 0.00.
  return self.forward(copy.copy(data))
/Users/mbp/Documents/MTECH/Sem4/Individual_project/AI_Assisted_3D_Assembly_Design/AI-Assisted-3D-Assembly-Design/.venv/lib/python3.12/site-packages/torch_geometric/transforms/base_transform.py:32: UserWarning: There are not enough negative edges to satisfy the provided sampling ratio. The ratio will be adjusted to 0.50.
  return self.forward(copy.copy(data))
/Users/mbp/Documents/MTECH/Sem4/Individual_project/AI_Assisted_3D_Assembly_Design/AI-Assisted-3D-Assembly-Design/.venv/lib/python3.12/site-packages/torch_geometric/transforms/base_transform.py:32: UserWarning: There are not enough negative edges to satisfy the provided sampling ratio. The ratio will be adjusted to 0.00.
  return self.forward(copy.copy(data))
/Users/mbp/Documents/MTECH/Sem4/Individual_project/AI_Assisted_3D_Assembly_Design/AI-Assisted-3D-Assembly-Design/.venv/lib/python3.12/site-packages/torch_geometric/transforms/base_transform.py:32: UserWarning: There are not enough negative edges to satisfy the provided sampling ratio. The ratio will be adjusted to 0.50.
  return self.forward(copy.copy(data))
/Users/mbp/Documents/MTECH/Sem4/Individual_project/AI_Assisted_3D_Assembly_Design/AI-Assisted-3D-Assembly-Design/.venv/lib/python3.12/site-packages/torch_geometric/transforms/base_transform.py:32: UserWarning: There are not enough negative edges to satisfy the provided sampling ratio. The ratio will be adjusted to 0.00.
  return self.forward(copy.copy(data))
/Users/mbp/Documents/MTECH/Sem4/Individual_project/AI_Assisted_3D_Assembly_Design/AI-Assisted-3D-Assembly-Design/.venv/lib/python3.12/site-packages/torch_geometric/transforms/base_transform.py:32: UserWarning: There are not enough negative edges to satisfy the provided sampling ratio. The ratio will be adjusted to 0.50.
  return self.forward(copy.copy(data))
/Users/mbp/Documents/MTECH/Sem4/Individual_project/AI_Assisted_3D_Assembly_Design/AI-Assisted-3D-Assembly-Design/.venv/lib/python3.12/site-packages/torch_geometric/transforms/base_transform.py:32: UserWarning: There are not enough negative edges to satisfy the provided sampling ratio. The ratio will be adjusted to 0.00.
  return self.forward(copy.copy(data))
/Users/mbp/Documents/MTECH/Sem4/Individual_project/AI_Assisted_3D_Assembly_Design/AI-Assisted-3D-Assembly-Design/.venv/lib/python3.12/site-packages/torch_geometric/transforms/base_transform.py:32: UserWarning: There are not enough negative edges to satisfy the provided sampling ratio. The ratio will be adjusted to 0.50.
  return self.forward(copy.copy(data))
  Using 119 real assembly graph(s) — no synthetic data.
  Saved 119 graphs → data/processed/processed/data.pt
  Saved source paths    → data/processed/processed/sources.json
  Saved categories      → data/processed/processed/categories.json
      119 graphs loaded.
      Dataset: 119 graphs | mean nodes=5.7 | mean edges=12.3 | categories: Bracket_Bolt=9 Hinge_assembly=102 Shaft_Bearing_Housing=8

[2/4] Building model …  (5-fold CV)

[3/4] Training (5 folds) …

=======================================================
  FOLD 1 / 5
=======================================================
  Fold 1/5 — train: 81  val: 21  test: 17
Model built on mps  |  total params: 602,945
  Ep   1/200  loss=0.9168  AUC=0.5000  AP=0.8875  (1.2s)
  ✓ Fold 1 new best AUC=0.5000  saved.
  Ep   2/200  loss=0.9553  AUC=0.5000  AP=0.8875  (0.7s)
  Ep   3/200  loss=0.9081  AUC=0.5000  AP=0.8875  (0.9s)
  Ep   4/200  loss=0.8634  AUC=0.2500  AP=0.8042  (0.7s)
  Ep   5/200  loss=0.8920  AUC=0.2500  AP=0.8042  (0.7s)
  Ep   6/200  loss=0.8980  AUC=0.2500  AP=0.8042  (0.8s)
  Ep   7/200  loss=0.8826  AUC=0.2500  AP=0.8042  (0.9s)
  Ep   8/200  loss=0.8811  AUC=0.7500  AP=0.9500  (0.7s)
  ✓ Fold 1 new best AUC=0.7500  saved.
  Ep   9/200  loss=0.8566  AUC=0.7500  AP=0.9500  (0.9s)
  Ep  10/200  loss=0.8888  AUC=0.7500  AP=0.9500  (0.8s)
  Ep  11/200  loss=0.9105  AUC=0.2500  AP=0.8042  (1.0s)
  Ep  12/200  loss=0.8624  AUC=0.2500  AP=0.8042  (1.0s)
  Ep  13/200  loss=0.8655  AUC=0.0000  AP=0.6792  (0.9s)
  Ep  14/200  loss=0.8586  AUC=0.0000  AP=0.6792  (0.9s)
  Ep  15/200  loss=0.8766  AUC=0.2500  AP=0.8042  (0.7s)
  Ep  16/200  loss=0.8464  AUC=0.2500  AP=0.8042  (0.7s)
  Ep  17/200  loss=0.8827  AUC=0.2500  AP=0.8042  (1.0s)
  Ep  18/200  loss=0.8727  AUC=0.2500  AP=0.8042  (1.0s)
  Ep  19/200  loss=0.8672  AUC=0.2500  AP=0.8042  (1.1s)
  Ep  20/200  loss=0.8503  AUC=0.2500  AP=0.8042  (1.0s)
  Ep  21/200  loss=0.8586  AUC=0.2500  AP=0.8042  (1.1s)
  Ep  22/200  loss=0.8588  AUC=0.2500  AP=0.8042  (1.3s)
  Ep  23/200  loss=0.8555  AUC=0.0000  AP=0.6792  (0.9s)
  Ep  24/200  loss=0.8784  AUC=0.2500  AP=0.8042  (1.0s)
  Ep  25/200  loss=0.8318  AUC=0.2500  AP=0.8042  (0.9s)
  Ep  26/200  loss=0.8200  AUC=0.2500  AP=0.8042  (1.4s)
  Ep  27/200  loss=0.8297  AUC=0.2500  AP=0.8042  (1.5s)
  Ep  28/200  loss=0.8593  AUC=0.2500  AP=0.8042  (1.0s)

  Early stopping at epoch 28.

  Fold 1 test — AUC=0.6667  AP=0.9167

=======================================================
  FOLD 2 / 5
=======================================================
  Fold 2/5 — train: 81  val: 21  test: 17
Model built on mps  |  total params: 602,945
  Ep   1/200  loss=0.9474  AUC=0.6000  AP=0.9267  (1.4s)
  ✓ Fold 2 new best AUC=0.6000  saved.
  Ep   2/200  loss=0.9210  AUC=0.6000  AP=0.9267  (0.5s)
  Ep   3/200  loss=0.9002  AUC=0.6000  AP=0.9267  (0.9s)
  Ep   4/200  loss=0.8861  AUC=0.8000  AP=0.9667  (1.2s)
  ✓ Fold 2 new best AUC=0.8000  saved.
  Ep   5/200  loss=0.9377  AUC=0.2000  AP=0.8100  (1.2s)
  Ep   6/200  loss=0.9134  AUC=0.2000  AP=0.8100  (1.2s)
  Ep   7/200  loss=0.8823  AUC=0.2000  AP=0.8100  (1.1s)
  Ep   8/200  loss=0.8822  AUC=0.2000  AP=0.8100  (1.2s)
  Ep   9/200  loss=0.8848  AUC=0.2000  AP=0.8100  (1.1s)
  Ep  10/200  loss=0.8708  AUC=0.2000  AP=0.8100  (1.6s)
  Ep  11/200  loss=0.8955  AUC=0.4000  AP=0.8767  (1.3s)
  Ep  12/200  loss=0.8911  AUC=0.4000  AP=0.8767  (1.2s)
  Ep  13/200  loss=0.8886  AUC=0.4000  AP=0.8767  (1.1s)
  Ep  14/200  loss=0.8672  AUC=0.4000  AP=0.8767  (1.4s)
  Ep  15/200  loss=0.8927  AUC=0.2000  AP=0.8100  (1.3s)
  Ep  16/200  loss=0.8775  AUC=0.4000  AP=0.8767  (1.5s)
  Ep  17/200  loss=0.8573  AUC=0.4000  AP=0.8767  (1.5s)
  Ep  18/200  loss=0.8679  AUC=0.4000  AP=0.8767  (1.4s)
  Ep  19/200  loss=0.8894  AUC=0.6000  AP=0.9267  (1.3s)
  Ep  20/200  loss=0.8738  AUC=0.6000  AP=0.9267  (1.0s)
  Ep  21/200  loss=0.8486  AUC=0.4000  AP=0.8767  (1.7s)
  Ep  22/200  loss=0.8577  AUC=0.4000  AP=0.8767  (1.4s)
  Ep  23/200  loss=0.8479  AUC=0.4000  AP=0.8767  (1.7s)
  Ep  24/200  loss=0.8674  AUC=0.4000  AP=0.8767  (1.4s)

  Early stopping at epoch 24.

  Fold 2 test — AUC=0.0000  AP=0.6389

=======================================================
  FOLD 3 / 5
=======================================================
  Fold 3/5 — train: 82  val: 20  test: 17
Model built on mps  |  total params: 602,945
  Ep   1/200  loss=0.9302  AUC=0.7500  AP=0.9500  (1.5s)
  ✓ Fold 3 new best AUC=0.7500  saved.
  Ep   2/200  loss=0.9074  AUC=0.5000  AP=0.8875  (2.1s)
  Ep   3/200  loss=0.9986  AUC=0.7500  AP=0.9500  (0.8s)
  Ep   4/200  loss=0.9204  AUC=0.5000  AP=0.8875  (1.4s)
  Ep   5/200  loss=0.9491  AUC=0.5000  AP=0.8875  (0.9s)
  Ep   6/200  loss=0.8771  AUC=0.5000  AP=0.8875  (1.5s)
  Ep   7/200  loss=0.8918  AUC=0.5000  AP=0.8875  (1.9s)
  Ep   8/200  loss=0.8967  AUC=0.5000  AP=0.8875  (2.3s)
  Ep   9/200  loss=0.8768  AUC=0.5000  AP=0.8875  (0.9s)
  Ep  10/200  loss=0.8865  AUC=0.5000  AP=0.8875  (1.6s)
  Ep  11/200  loss=0.8976  AUC=0.5000  AP=0.8875  (1.2s)
  Ep  12/200  loss=0.8910  AUC=0.5000  AP=0.8875  (1.6s)
  Ep  13/200  loss=0.8952  AUC=0.5000  AP=0.8875  (1.7s)
  Ep  14/200  loss=0.8982  AUC=0.5000  AP=0.8875  (1.8s)
  Ep  15/200  loss=0.8743  AUC=0.5000  AP=0.8875  (1.5s)
  Ep  16/200  loss=0.8722  AUC=0.5000  AP=0.8875  (1.2s)
  Ep  17/200  loss=0.8422  AUC=0.2500  AP=0.8042  (1.5s)
  Ep  18/200  loss=0.8886  AUC=0.5000  AP=0.8875  (1.3s)
  Ep  19/200  loss=0.9003  AUC=0.5000  AP=0.8875  (1.5s)
  Ep  20/200  loss=0.8659  AUC=0.2500  AP=0.8042  (1.7s)
  Ep  21/200  loss=0.8772  AUC=0.2500  AP=0.8042  (1.9s)

  Early stopping at epoch 21.

  Fold 3 test — AUC=0.0000  AP=0.6389

=======================================================
  FOLD 4 / 5
=======================================================
  Fold 4/5 — train: 82  val: 20  test: 17
Model built on mps  |  total params: 602,945
  Ep   1/200  loss=0.9074  AUC=0.2222  AP=0.8783  (1.7s)
  ✓ Fold 4 new best AUC=0.2222  saved.
  Ep   2/200  loss=0.9202  AUC=1.0000  AP=1.0000  (1.9s)
  ✓ Fold 4 new best AUC=1.0000  saved.
  Ep   3/200  loss=0.9169  AUC=0.7778  AP=0.9765  (1.9s)
  Ep   4/200  loss=0.9063  AUC=0.2222  AP=0.8783  (1.9s)
  Ep   5/200  loss=0.9319  AUC=0.4444  AP=0.9283  (1.7s)
  Ep   6/200  loss=0.9163  AUC=0.7778  AP=0.9765  (1.7s)
  Ep   7/200  loss=0.9273  AUC=0.8889  AP=0.9889  (1.5s)
  Ep   8/200  loss=0.8758  AUC=0.6667  AP=0.9627  (1.9s)
  Ep   9/200  loss=0.8842  AUC=0.7778  AP=0.9765  (2.0s)
  Ep  10/200  loss=0.8805  AUC=0.7778  AP=0.9765  (1.9s)
  Ep  11/200  loss=0.8650  AUC=0.7778  AP=0.9765  (1.9s)
  Ep  12/200  loss=0.9014  AUC=0.7778  AP=0.9765  (1.4s)
  Ep  13/200  loss=0.8898  AUC=0.7778  AP=0.9765  (2.0s)
  Ep  14/200  loss=0.8848  AUC=0.7778  AP=0.9765  (2.5s)
  Ep  15/200  loss=0.8514  AUC=0.7778  AP=0.9765  (2.0s)
  Ep  16/200  loss=0.8624  AUC=0.7778  AP=0.9765  (2.1s)
  Ep  17/200  loss=0.8738  AUC=0.7778  AP=0.9765  (2.0s)
  Ep  18/200  loss=0.8805  AUC=0.7778  AP=0.9765  (2.3s)
  Ep  19/200  loss=0.8610  AUC=0.7778  AP=0.9765  (2.4s)
  Ep  20/200  loss=0.8930  AUC=0.7778  AP=0.9765  (2.1s)
  Ep  21/200  loss=0.8334  AUC=0.7778  AP=0.9765  (2.6s)
  Ep  22/200  loss=0.8580  AUC=0.7778  AP=0.9765  (2.5s)

  Early stopping at epoch 22.

  Fold 4 test — AUC=0.6667  AP=0.9167

=======================================================
  FOLD 5 / 5
=======================================================
  Fold 5/5 — train: 82  val: 20  test: 17
Model built on mps  |  total params: 602,945
  Ep   1/200  loss=0.9273  AUC=0.8750  AP=0.9526  (2.4s)
  ✓ Fold 5 new best AUC=0.8750  saved.
  Ep   2/200  loss=0.8924  AUC=0.5417  AP=0.8201  (2.0s)
  Ep   3/200  loss=0.9717  AUC=0.7083  AP=0.8339  (2.1s)
  Ep   4/200  loss=0.8648  AUC=0.7083  AP=0.8339  (2.4s)
  Ep   5/200  loss=0.8778  AUC=0.6667  AP=0.8228  (1.7s)
  Ep   6/200  loss=0.9066  AUC=0.6667  AP=0.8803  (1.2s)
  Ep   7/200  loss=0.8927  AUC=0.5833  AP=0.7481  (1.8s)
  Ep   8/200  loss=0.8892  AUC=0.4583  AP=0.7032  (2.5s)
  Ep   9/200  loss=0.8598  AUC=0.4167  AP=0.6844  (2.3s)
  Ep  10/200  loss=0.8452  AUC=0.5000  AP=0.7886  (1.8s)
  Ep  11/200  loss=0.8534  AUC=0.5417  AP=0.7823  (2.3s)
  Ep  12/200  loss=0.8968  AUC=0.7083  AP=0.8339  (2.5s)
  Ep  13/200  loss=0.9154  AUC=0.7083  AP=0.8339  (2.6s)
  Ep  14/200  loss=0.8442  AUC=0.7083  AP=0.8339  (2.0s)
  Ep  15/200  loss=0.8524  AUC=0.6667  AP=0.8523  (2.0s)
  Ep  16/200  loss=0.8443  AUC=0.5417  AP=0.7823  (2.5s)
  Ep  17/200  loss=0.8578  AUC=0.5833  AP=0.7512  (2.0s)
  Ep  18/200  loss=0.8882  AUC=0.5417  AP=0.7390  (2.4s)
  Ep  19/200  loss=0.8551  AUC=0.4583  AP=0.7159  (2.2s)
  Ep  20/200  loss=0.8793  AUC=0.4583  AP=0.7159  (2.2s)
  Ep  21/200  loss=0.8480  AUC=0.3750  AP=0.6753  (1.5s)

  Early stopping at epoch 21.

  Fold 5 test — AUC=0.3333  AP=0.8056

=======================================================
  5-Fold CV Summary
=======================================================
  Fold 1: AUC=0.6667  AP=0.9167
  Fold 2: AUC=0.0000  AP=0.6389
  Fold 3: AUC=0.0000  AP=0.6389
  Fold 4: AUC=0.6667  AP=0.9167
  Fold 5: AUC=0.3333  AP=0.8056
  ─────────────────────────────────────────
  Mean AUC = 0.3333 ± 0.3333
  Mean AP  = 0.7833 ± 0.1394
  Best overall fold: 4  (val AUC=1.0000)

[4/4] Final test evaluation (best_overall.pt) …
Model built on mps  |  total params: 602,945
  Fold 4/5 — train: 82  val: 20  test: 17

  ── Test results (best overall model) ─────
     auc         : 1.0000
     ap          : 1.0000

  Results saved        → results
  Best overall ckpt    → checkpoints/best_overall.pt
  Trained model export → ../trained_models/assembly_gnn_20260625_110011_auc10000.pt

  ✓ best_serving.pt updated — AUC=0.3333, AP=0.7833

  Building assembly template cache …
  [TemplateDB] Built 1 category templates from 119 training assemblies.
    New Training Models                       bodies≈3  dist={'body': 2, 'fastener': 1, 'plate': 2}
  [TemplateDB] Saved 1 templates → data/assembly_templates.json
