
==================================================================
[2026-08-06 01:28:13] Starting training (attempt 1/3, start_fold=0)
==================================================================
[2026-08-06 01:28:13] Training PID=47219 started (start_fold=0, attempt=1)
[17m53s] Ep   1/200  loss=1.6668  AUC=0.5481  AP=0.6874  (101.6s)
[35m33s] Ep   2/200  loss=1.6151  AUC=0.5360  AP=0.7108  (2010.1s)
[52m38s] Ep   2/200  loss=1.6151  AUC=0.5360  AP=0.7108  (2010.1s)
[68m55s] Ep   3/200  loss=1.5683  AUC=0.5136  AP=0.6636  (1976.6s)
[69m55s] Ep   4/200  loss=1.4999  AUC=0.5297  AP=0.6880  (75.7s)
[70m55s] Ep   5/200  loss=1.4398  AUC=0.5470  AP=0.7161  (57.1s)
[71m55s] Ep   6/200  loss=1.4575  AUC=0.5699  AP=0.7426  (58.7s)
[72m55s] Ep   7/200  loss=1.4030  AUC=0.6011  AP=0.7608  (57.4s)
[73m55s] Ep   8/200  loss=1.3428  AUC=0.5813  AP=0.7472  (59.9s)
[74m55s] Ep   9/200  loss=1.3244  AUC=0.5987  AP=0.7588  (53.0s)
[75m55s] Ep  10/200  loss=1.3173  AUC=0.5932  AP=0.7494  (64.7s)
[76m55s] Ep  11/200  loss=1.3078  AUC=0.6059  AP=0.7620  (81.8s)
[77m55s] Ep  12/200  loss=1.2412  AUC=0.5667  AP=0.7291  (65.7s)
[78m55s] Ep  12/200  loss=1.2412  AUC=0.5667  AP=0.7291  (65.7s)
[79m55s] Ep  13/200  loss=1.3428  AUC=0.5477  AP=0.7372  (80.5s)
[80m56s] Ep  14/200  loss=1.2799  AUC=0.5374  AP=0.7194  (67.8s)
[81m56s] Ep  15/200  loss=1.2338  AUC=0.5753  AP=0.7503  (66.0s)
[82m56s] Ep  16/200  loss=1.1789  AUC=0.5559  AP=0.7476  (63.1s)
[83m56s] Ep  17/200  loss=1.2454  AUC=0.5359  AP=0.7380  (73.6s)
[84m56s] Ep  18/200  loss=1.2111  AUC=0.5482  AP=0.7364  (69.5s)
[85m56s] Ep  18/200  loss=1.2111  AUC=0.5482  AP=0.7364  (69.5s)
[86m56s] Ep  19/200  loss=1.1652  AUC=0.5504  AP=0.7398  (73.6s)
[87m56s] Ep  20/200  loss=1.1124  AUC=0.5494  AP=0.7301  (69.6s)
[88m56s] Ep  21/200  loss=1.0857  AUC=0.5357  AP=0.7237  (74.6s)
[89m56s] Ep  22/200  loss=1.0705  AUC=0.5332  AP=0.7189  (61.4s)
[90m56s] Ep  23/200  loss=1.0773  AUC=0.5535  AP=0.7345  (62.6s)
[91m56s] Ep  24/200  loss=1.1052  AUC=0.5492  AP=0.7357  (82.7s)
[92m56s] Ep  24/200  loss=1.1052  AUC=0.5492  AP=0.7357  (82.7s)
[93m56s] Ep  25/200  loss=1.0591  AUC=0.5593  AP=0.7360  (76.2s)
[94m56s] Ep  26/200  loss=1.0444  AUC=0.5697  AP=0.7395  (76.0s)
[95m57s] Ep  27/200  loss=1.0674  AUC=0.5611  AP=0.7387  (57.7s)
[96m57s] Ep  28/200  loss=1.0617  AUC=0.5611  AP=0.7420  (95.2s)
[97m57s] Ep  28/200  loss=1.0617  AUC=0.5611  AP=0.7420  (95.2s)
[98m57s] Ep  29/200  loss=1.0801  AUC=0.5552  AP=0.7346  (95.4s)
[99m57s] Ep  30/200  loss=1.0360  AUC=0.5565  AP=0.7350  (68.7s)

┌──────────────────────────────────────────────────────────────┐
│  FOLD 1/5 COMPLETE                                          │
│  Best val AUC: 0.6059   Test AUC: 0.4825   Test AP: 0.7055
│  Elapsed: 100m 57s   Est. remaining: 403m
└──────────────────────────────────────────────────────────────┘
[100m57s] Ep  31/200  loss=1.0201  AUC=0.5678  AP=0.7405  (74.1s)
[101m57s] Ep  31/200  loss=1.0201  AUC=0.5678  AP=0.7405  (74.1s)
[102m57s] Ep   1/200  loss=1.5933  AUC=0.4982  AP=0.7414  (80.5s)
[103m57s] Ep   2/200  loss=1.5731  AUC=0.5797  AP=0.7864  (78.2s)
[104m57s] Ep   2/200  loss=1.5731  AUC=0.5797  AP=0.7864  (78.2s)
[105m57s] Ep   3/200  loss=1.5459  AUC=0.5553  AP=0.7714  (88.7s)
[106m57s] Ep   4/200  loss=1.4640  AUC=0.5590  AP=0.7736  (74.5s)
[107m57s] Ep   5/200  loss=1.4576  AUC=0.5713  AP=0.7965  (83.3s)
[108m57s] Ep   5/200  loss=1.4576  AUC=0.5713  AP=0.7965  (83.3s)
[109m57s] Ep   6/200  loss=1.3663  AUC=0.5697  AP=0.8078  (78.5s)
[110m57s] Ep   7/200  loss=1.3309  AUC=0.5753  AP=0.8089  (72.9s)
[111m58s] Ep   8/200  loss=1.3152  AUC=0.5776  AP=0.8088  (63.3s)
[112m58s] Ep   9/200  loss=1.2829  AUC=0.6078  AP=0.7989  (101.0s)
[113m58s] Ep   9/200  loss=1.2829  AUC=0.6078  AP=0.7989  (101.0s)
[114m58s] Ep  10/200  loss=1.2464  AUC=0.5832  AP=0.7847  (75.5s)
[115m58s] Ep  11/200  loss=1.1944  AUC=0.5711  AP=0.7992  (76.1s)
[116m59s] Ep  12/200  loss=1.1851  AUC=0.5785  AP=0.7987  (76.5s)
[117m59s] Ep  12/200  loss=1.1851  AUC=0.5785  AP=0.7987  (76.5s)
[118m59s] Ep  13/200  loss=1.1863  AUC=0.5967  AP=0.7977  (86.3s)
[119m59s] Ep  14/200  loss=1.1471  AUC=0.6077  AP=0.8024  (81.8s)
[120m59s] Ep  14/200  loss=1.1471  AUC=0.6077  AP=0.8024  (81.8s)
[121m59s] Ep  15/200  loss=1.1722  AUC=0.5982  AP=0.8022  (103.5s)
[122m59s] Ep  16/200  loss=1.1343  AUC=0.5884  AP=0.8010  (90.3s)
[123m59s] Ep  16/200  loss=1.1343  AUC=0.5884  AP=0.8010  (90.3s)
[124m59s] Ep  17/200  loss=1.1238  AUC=0.6016  AP=0.8080  (127.6s)
[126m0s] Ep  17/200  loss=1.1238  AUC=0.6016  AP=0.8080  (127.6s)
[127m0s] Ep  18/200  loss=1.1188  AUC=0.6320  AP=0.8262  (118.9s)
[128m0s] Ep  18/200  loss=1.1188  AUC=0.6320  AP=0.8262  (118.9s)
[129m0s] Ep  19/200  loss=1.0972  AUC=0.6232  AP=0.8308  (74.6s)
[130m0s] Ep  20/200  loss=1.1024  AUC=0.5980  AP=0.8201  (86.2s)
[131m0s] Ep  20/200  loss=1.1024  AUC=0.5980  AP=0.8201  (86.2s)
[132m1s] Ep  21/200  loss=1.0520  AUC=0.5805  AP=0.8030  (110.4s)
[133m1s] Ep  22/200  loss=1.0894  AUC=0.6204  AP=0.8071  (88.1s)
[134m1s] Ep  22/200  loss=1.0894  AUC=0.6204  AP=0.8071  (88.1s)
[135m1s] Ep  23/200  loss=1.0986  AUC=0.6303  AP=0.8243  (104.2s)
[136m1s] Ep  23/200  loss=1.0986  AUC=0.6303  AP=0.8243  (104.2s)
[137m1s] Ep  24/200  loss=1.0682  AUC=0.6367  AP=0.8264  (99.1s)
[138m1s] Ep  25/200  loss=1.0708  AUC=0.6257  AP=0.8272  (93.1s)
[139m1s] Ep  25/200  loss=1.0708  AUC=0.6257  AP=0.8272  (93.1s)
[140m1s] Ep  26/200  loss=1.0371  AUC=0.6068  AP=0.8153  (95.5s)
[141m1s] Ep  27/200  loss=0.9852  AUC=0.6322  AP=0.8280  (89.8s)
[142m1s] Ep  27/200  loss=0.9852  AUC=0.6322  AP=0.8280  (89.8s)
[143m1s] Ep  28/200  loss=1.0164  AUC=0.6152  AP=0.8382  (92.5s)
[144m1s] Ep  29/200  loss=1.0067  AUC=0.6148  AP=0.8343  (92.5s)
[145m1s] Ep  29/200  loss=1.0067  AUC=0.6148  AP=0.8343  (92.5s)
[146m1s] Ep  30/200  loss=0.9683  AUC=0.6338  AP=0.8378  (104.6s)
[147m2s] Ep  30/200  loss=0.9683  AUC=0.6338  AP=0.8378  (104.6s)
[148m2s] Ep  31/200  loss=1.0302  AUC=0.5987  AP=0.8169  (87.3s)
[149m2s] Ep  32/200  loss=0.9603  AUC=0.5851  AP=0.8073  (83.1s)
[150m2s] Ep  32/200  loss=0.9603  AUC=0.5851  AP=0.8073  (83.1s)
[151m2s] Ep  33/200  loss=0.9983  AUC=0.5992  AP=0.8138  (104.0s)
[152m2s] Ep  33/200  loss=0.9983  AUC=0.5992  AP=0.8138  (104.0s)
[153m2s] Ep  34/200  loss=0.9957  AUC=0.6066  AP=0.8217  (133.5s)
[154m2s] Ep  34/200  loss=0.9957  AUC=0.6066  AP=0.8217  (133.5s)
[155m2s] Ep  35/200  loss=0.9448  AUC=0.6096  AP=0.8254  (101.9s)
[156m2s] Ep  36/200  loss=0.9467  AUC=0.6154  AP=0.8278  (98.0s)
[157m2s] Ep  36/200  loss=0.9467  AUC=0.6154  AP=0.8278  (98.0s)
[158m3s] Ep  37/200  loss=0.9520  AUC=0.6122  AP=0.8274  (109.6s)
[159m3s] Ep  37/200  loss=0.9520  AUC=0.6122  AP=0.8274  (109.6s)
[160m3s] Ep  38/200  loss=0.9367  AUC=0.5984  AP=0.8201  (106.3s)
[161m3s] Ep  39/200  loss=0.9460  AUC=0.5977  AP=0.8161  (94.1s)
[162m3s] Ep  39/200  loss=0.9460  AUC=0.5977  AP=0.8161  (94.1s)
[163m3s] Ep  40/200  loss=0.9591  AUC=0.6094  AP=0.8227  (92.0s)
[164m3s] Ep  40/200  loss=0.9591  AUC=0.6094  AP=0.8227  (92.0s)
[165m3s] Ep  41/200  loss=0.9089  AUC=0.6095  AP=0.8242  (92.9s)
[166m3s] Ep  42/200  loss=0.9209  AUC=0.6205  AP=0.8338  (96.5s)
[167m3s] Ep  42/200  loss=0.9209  AUC=0.6205  AP=0.8338  (96.5s)
[168m4s] Ep  43/200  loss=0.9283  AUC=0.6089  AP=0.8327  (83.8s)

┌──────────────────────────────────────────────────────────────┐
│  FOLD 2/5 COMPLETE                                          │
│  Best val AUC: 0.6367   Test AUC: 0.5457   Test AP: 0.7458
│  Elapsed: 169m 4s   Est. remaining: 253m
└──────────────────────────────────────────────────────────────┘
[169m4s] Ep  44/200  loss=0.9245  AUC=0.6085  AP=0.8311  (100.4s)
[170m4s] Ep  44/200  loss=0.9245  AUC=0.6085  AP=0.8311  (100.4s)
[171m4s] Ep   1/200  loss=1.6485  AUC=0.5585  AP=0.7661  (125.3s)
[172m4s] Ep   1/200  loss=1.6485  AUC=0.5585  AP=0.7661  (125.3s)
[173m4s] Ep   1/200  loss=1.6485  AUC=0.5585  AP=0.7661  (125.3s)
[174m4s] Ep   2/200  loss=1.6382  AUC=0.5721  AP=0.7732  (150.1s)
[175m4s] Ep   2/200  loss=1.6382  AUC=0.5721  AP=0.7732  (150.1s)
[176m4s] Ep   3/200  loss=1.5640  AUC=0.5441  AP=0.7741  (150.5s)
[177m4s] Ep   3/200  loss=1.5640  AUC=0.5441  AP=0.7741  (150.5s)
[178m4s] Ep   3/200  loss=1.5640  AUC=0.5441  AP=0.7741  (150.5s)
[179m4s] Ep   4/200  loss=1.5290  AUC=0.5431  AP=0.7693  (152.8s)
[180m4s] Ep   4/200  loss=1.5290  AUC=0.5431  AP=0.7693  (152.8s)
[181m4s] Ep   5/200  loss=1.5067  AUC=0.5816  AP=0.7856  (127.6s)
[182m4s] Ep   5/200  loss=1.5067  AUC=0.5816  AP=0.7856  (127.6s)
[183m5s] Ep   5/200  loss=1.5067  AUC=0.5816  AP=0.7856  (127.6s)
[184m5s] Ep   6/200  loss=1.4642  AUC=0.6211  AP=0.8063  (164.9s)
[185m5s] Ep   6/200  loss=1.4642  AUC=0.6211  AP=0.8063  (164.9s)
[186m5s] Ep   6/200  loss=1.4642  AUC=0.6211  AP=0.8063  (164.9s)
[187m5s] Ep   7/200  loss=1.3638  AUC=0.6008  AP=0.8064  (186.8s)
[188m5s] Ep   7/200  loss=1.3638  AUC=0.6008  AP=0.8064  (186.8s)
[189m5s] Ep   8/200  loss=1.3809  AUC=0.5431  AP=0.7837  (127.0s)
[190m5s] Ep   8/200  loss=1.3809  AUC=0.5431  AP=0.7837  (127.0s)
[191m5s] Ep   9/200  loss=1.3304  AUC=0.5718  AP=0.7889  (149.3s)
[192m5s] Ep   9/200  loss=1.3304  AUC=0.5718  AP=0.7889  (149.3s)
[193m5s] Ep   9/200  loss=1.3304  AUC=0.5718  AP=0.7889  (149.3s)
[194m5s] Ep  10/200  loss=1.3564  AUC=0.5448  AP=0.7700  (134.5s)
[210m33s] Ep  10/200  loss=1.3564  AUC=0.5448  AP=0.7700  (134.5s)
[226m41s] Ep  11/200  loss=1.3476  AUC=0.5900  AP=0.7864  (1999.0s)
[234m47s] Ep  11/200  loss=1.3476  AUC=0.5900  AP=0.7864  (1999.0s)
[253m19s] Ep  12/200  loss=1.2759  AUC=0.6138  AP=0.8081  (628.6s)
[269m24s] Ep  12/200  loss=1.2759  AUC=0.6138  AP=0.8081  (628.6s)
[281m19s] Ep  12/200  loss=1.2759  AUC=0.6138  AP=0.8081  (628.6s)
[297m57s] Ep  13/200  loss=1.2764  AUC=0.6324  AP=0.8235  (3620.3s)
[314m18s] Ep  13/200  loss=1.2764  AUC=0.6324  AP=0.8235  (3620.3s)
[347m29s] Ep  14/200  loss=1.2217  AUC=0.6348  AP=0.8167  (1977.5s)
[356m37s] Ep  14/200  loss=1.2217  AUC=0.6348  AP=0.8167  (1977.5s)
[364m26s] Ep  14/200  loss=1.2217  AUC=0.6348  AP=0.8167  (1977.5s)
[365m26s] Ep  15/200  loss=1.2526  AUC=0.6246  AP=0.8040  (2045.0s)
[366m26s] Ep  15/200  loss=1.2526  AUC=0.6246  AP=0.8040  (2045.0s)
[367m26s] Ep  16/200  loss=1.2635  AUC=0.5994  AP=0.7822  (139.4s)
[368m26s] Ep  16/200  loss=1.2635  AUC=0.5994  AP=0.7822  (139.4s)
[369m26s] Ep  17/200  loss=1.2204  AUC=0.5865  AP=0.7941  (137.8s)
[370m26s] Ep  17/200  loss=1.2204  AUC=0.5865  AP=0.7941  (137.8s)
[371m26s] Ep  18/200  loss=1.1959  AUC=0.6155  AP=0.8045  (116.5s)
[372m26s] Ep  18/200  loss=1.1959  AUC=0.6155  AP=0.8045  (116.5s)
[373m26s] Ep  18/200  loss=1.1959  AUC=0.6155  AP=0.8045  (116.5s)
[374m26s] Ep  19/200  loss=1.1942  AUC=0.6296  AP=0.8114  (165.7s)
[375m26s] Ep  19/200  loss=1.1942  AUC=0.6296  AP=0.8114  (165.7s)
[376m26s] Ep  20/200  loss=1.1707  AUC=0.6187  AP=0.8154  (103.9s)
[377m27s] Ep  20/200  loss=1.1707  AUC=0.6187  AP=0.8154  (103.9s)
[378m27s] Ep  21/200  loss=1.1497  AUC=0.6068  AP=0.8020  (124.6s)
[379m27s] Ep  21/200  loss=1.1497  AUC=0.6068  AP=0.8020  (124.6s)
[380m27s] Ep  22/200  loss=1.1863  AUC=0.5847  AP=0.7856  (144.6s)
[381m27s] Ep  22/200  loss=1.1863  AUC=0.5847  AP=0.7856  (144.6s)
[382m27s] Ep  23/200  loss=1.1545  AUC=0.5854  AP=0.7873  (119.8s)
[383m27s] Ep  23/200  loss=1.1545  AUC=0.5854  AP=0.7873  (119.8s)
[384m28s] Ep  23/200  loss=1.1545  AUC=0.5854  AP=0.7873  (119.8s)
[385m28s] Ep  24/200  loss=1.1642  AUC=0.5872  AP=0.7951  (201.2s)
[386m28s] Ep  24/200  loss=1.1642  AUC=0.5872  AP=0.7951  (201.2s)
[387m28s] Ep  24/200  loss=1.1642  AUC=0.5872  AP=0.7951  (201.2s)
[388m28s] Ep  25/200  loss=1.1567  AUC=0.5854  AP=0.7904  (131.4s)
[389m28s] Ep  25/200  loss=1.1567  AUC=0.5854  AP=0.7904  (131.4s)
[390m28s] Ep  26/200  loss=1.1410  AUC=0.5928  AP=0.7967  (123.4s)
[391m28s] Ep  26/200  loss=1.1410  AUC=0.5928  AP=0.7967  (123.4s)
[392m28s] Ep  27/200  loss=1.1201  AUC=0.5889  AP=0.7955  (115.2s)
[393m28s] Ep  27/200  loss=1.1201  AUC=0.5889  AP=0.7955  (115.2s)
[394m28s] Ep  28/200  loss=1.0994  AUC=0.5812  AP=0.7834  (128.0s)
[395m28s] Ep  28/200  loss=1.0994  AUC=0.5812  AP=0.7834  (128.0s)
[396m28s] Ep  29/200  loss=1.0528  AUC=0.5854  AP=0.7914  (144.1s)
[397m28s] Ep  29/200  loss=1.0528  AUC=0.5854  AP=0.7914  (144.1s)
[398m29s] Ep  30/200  loss=1.0753  AUC=0.6012  AP=0.8105  (129.2s)
[399m29s] Ep  30/200  loss=1.0753  AUC=0.6012  AP=0.8105  (129.2s)
[400m29s] Ep  31/200  loss=1.0507  AUC=0.6211  AP=0.8265  (124.7s)
[401m29s] Ep  31/200  loss=1.0507  AUC=0.6211  AP=0.8265  (124.7s)
[402m29s] Ep  31/200  loss=1.0507  AUC=0.6211  AP=0.8265  (124.7s)
[403m29s] Ep  32/200  loss=1.0610  AUC=0.6127  AP=0.8086  (140.8s)
[404m29s] Ep  32/200  loss=1.0610  AUC=0.6127  AP=0.8086  (140.8s)
[405m29s] Ep  33/200  loss=1.0649  AUC=0.6057  AP=0.8082  (141.0s)
[406m29s] Ep  33/200  loss=1.0649  AUC=0.6057  AP=0.8082  (141.0s)

┌──────────────────────────────────────────────────────────────┐
│  FOLD 3/5 COMPLETE                                          │
│  Best val AUC: 0.6348   Test AUC: 0.5175   Test AP: 0.6961
│  Elapsed: 407m 30s   Est. remaining: 271m
└──────────────────────────────────────────────────────────────┘
[407m30s] Ep  34/200  loss=1.0429  AUC=0.6012  AP=0.8051  (143.6s)
[408m30s] Ep  34/200  loss=1.0429  AUC=0.6012  AP=0.8051  (143.6s)
[409m30s] Ep  34/200  loss=1.0429  AUC=0.6012  AP=0.8051  (143.6s)
[410m30s] Ep  34/200  loss=1.0429  AUC=0.6012  AP=0.8051  (143.6s)
[411m30s] Ep   1/200  loss=1.6445  AUC=0.5265  AP=0.7320  (190.8s)
[412m30s] Ep   1/200  loss=1.6445  AUC=0.5265  AP=0.7320  (190.8s)
[413m30s] Ep   2/200  loss=1.6525  AUC=0.5540  AP=0.7733  (132.0s)
[414m30s] Ep   2/200  loss=1.6525  AUC=0.5540  AP=0.7733  (132.0s)
[415m30s] Ep   2/200  loss=1.6525  AUC=0.5540  AP=0.7733  (132.0s)
[416m30s] Ep   3/200  loss=1.5768  AUC=0.6283  AP=0.7919  (200.1s)
[417m30s] Ep   3/200  loss=1.5768  AUC=0.6283  AP=0.7919  (200.1s)
[418m30s] Ep   4/200  loss=1.4990  AUC=0.5787  AP=0.7346  (140.8s)
[419m30s] Ep   4/200  loss=1.4990  AUC=0.5787  AP=0.7346  (140.8s)
[420m30s] Ep   4/200  loss=1.4990  AUC=0.5787  AP=0.7346  (140.8s)
[421m31s] Ep   5/200  loss=1.4233  AUC=0.5756  AP=0.7442  (135.0s)
[422m31s] Ep   5/200  loss=1.4233  AUC=0.5756  AP=0.7442  (135.0s)
[423m31s] Ep   6/200  loss=1.3851  AUC=0.5318  AP=0.7141  (153.4s)
[424m31s] Ep   6/200  loss=1.3851  AUC=0.5318  AP=0.7141  (153.4s)
[425m31s] Ep   6/200  loss=1.3851  AUC=0.5318  AP=0.7141  (153.4s)
[426m31s] Ep   7/200  loss=1.3020  AUC=0.5395  AP=0.7222  (184.7s)
[427m31s] Ep   7/200  loss=1.3020  AUC=0.5395  AP=0.7222  (184.7s)
[428m31s] Ep   7/200  loss=1.3020  AUC=0.5395  AP=0.7222  (184.7s)
[429m32s] Ep   8/200  loss=1.4034  AUC=0.5463  AP=0.7318  (151.9s)
[430m32s] Ep   8/200  loss=1.4034  AUC=0.5463  AP=0.7318  (151.9s)
[431m32s] Ep   9/200  loss=1.3576  AUC=0.5776  AP=0.7698  (133.1s)
[432m32s] Ep   9/200  loss=1.3576  AUC=0.5776  AP=0.7698  (133.1s)
[433m32s] Ep   9/200  loss=1.3576  AUC=0.5776  AP=0.7698  (133.1s)
[434m32s] Ep  10/200  loss=1.3567  AUC=0.5801  AP=0.7710  (153.8s)
[435m32s] Ep  10/200  loss=1.3567  AUC=0.5801  AP=0.7710  (153.8s)
[436m32s] Ep  10/200  loss=1.3567  AUC=0.5801  AP=0.7710  (153.8s)
[437m32s] Ep  11/200  loss=1.3141  AUC=0.5767  AP=0.7526  (176.0s)
[438m32s] Ep  11/200  loss=1.3141  AUC=0.5767  AP=0.7526  (176.0s)
[439m32s] Ep  12/200  loss=1.2837  AUC=0.5899  AP=0.7563  (165.7s)
[440m32s] Ep  12/200  loss=1.2837  AUC=0.5899  AP=0.7563  (165.7s)
[441m32s] Ep  12/200  loss=1.2837  AUC=0.5899  AP=0.7563  (165.7s)
[442m33s] Ep  13/200  loss=1.2656  AUC=0.5858  AP=0.7508  (140.2s)
[443m33s] Ep  13/200  loss=1.2656  AUC=0.5858  AP=0.7508  (140.2s)
[444m33s] Ep  14/200  loss=1.2396  AUC=0.5803  AP=0.7355  (154.8s)
[445m33s] Ep  14/200  loss=1.2396  AUC=0.5803  AP=0.7355  (154.8s)
[446m33s] Ep  15/200  loss=1.2422  AUC=0.5783  AP=0.7383  (135.9s)
[447m33s] Ep  15/200  loss=1.2422  AUC=0.5783  AP=0.7383  (135.9s)
[448m33s] Ep  15/200  loss=1.2422  AUC=0.5783  AP=0.7383  (135.9s)
[449m33s] Ep  16/200  loss=1.2515  AUC=0.5897  AP=0.7479  (139.9s)
[450m33s] Ep  16/200  loss=1.2515  AUC=0.5897  AP=0.7479  (139.9s)
[451m33s] Ep  16/200  loss=1.2515  AUC=0.5897  AP=0.7479  (139.9s)
[452m33s] Ep  17/200  loss=1.2280  AUC=0.5923  AP=0.7390  (185.3s)
[453m33s] Ep  17/200  loss=1.2280  AUC=0.5923  AP=0.7390  (185.3s)
[454m33s] Ep  18/200  loss=1.2380  AUC=0.5614  AP=0.7266  (134.7s)
[455m34s] Ep  18/200  loss=1.2380  AUC=0.5614  AP=0.7266  (134.7s)
[456m34s] Ep  18/200  loss=1.2380  AUC=0.5614  AP=0.7266  (134.7s)
[457m34s] Ep  19/200  loss=1.2423  AUC=0.5548  AP=0.7201  (159.6s)
[458m34s] Ep  19/200  loss=1.2423  AUC=0.5548  AP=0.7201  (159.6s)
[459m34s] Ep  20/200  loss=1.2049  AUC=0.5518  AP=0.7312  (143.4s)
[460m34s] Ep  20/200  loss=1.2049  AUC=0.5518  AP=0.7312  (143.4s)
[461m34s] Ep  20/200  loss=1.2049  AUC=0.5518  AP=0.7312  (143.4s)
[462m34s] Ep  21/200  loss=1.1875  AUC=0.5691  AP=0.7391  (146.6s)
[463m34s] Ep  21/200  loss=1.1875  AUC=0.5691  AP=0.7391  (146.6s)
[464m34s] Ep  22/200  loss=1.1723  AUC=0.5673  AP=0.7392  (157.6s)
[465m34s] Ep  22/200  loss=1.1723  AUC=0.5673  AP=0.7392  (157.6s)
[466m34s] Ep  22/200  loss=1.1723  AUC=0.5673  AP=0.7392  (157.6s)
[467m34s] Ep  22/200  loss=1.1723  AUC=0.5673  AP=0.7392  (157.6s)

┌──────────────────────────────────────────────────────────────┐
│  FOLD 4/5 COMPLETE                                          │
│  Best val AUC: 0.6283   Test AUC: 0.5451   Test AP: 0.7375
│  Elapsed: 468m 34s   Est. remaining: 117m
└──────────────────────────────────────────────────────────────┘
[468m34s] Ep  23/200  loss=1.1453  AUC=0.5647  AP=0.7293  (198.4s)
[469m34s] Ep  23/200  loss=1.1453  AUC=0.5647  AP=0.7293  (198.4s)
[470m34s] Ep   1/200  loss=1.6285  AUC=0.5058  AP=0.7240  (140.6s)
[471m34s] Ep   1/200  loss=1.6285  AUC=0.5058  AP=0.7240  (140.6s)
[472m34s] Ep   1/200  loss=1.6285  AUC=0.5058  AP=0.7240  (140.6s)
[473m34s] Ep   2/200  loss=1.6053  AUC=0.5296  AP=0.7631  (205.6s)
[474m35s] Ep   2/200  loss=1.6053  AUC=0.5296  AP=0.7631  (205.6s)
[475m35s] Ep   2/200  loss=1.6053  AUC=0.5296  AP=0.7631  (205.6s)
[476m35s] Ep   3/200  loss=1.5519  AUC=0.5149  AP=0.7047  (145.6s)
[477m35s] Ep   3/200  loss=1.5519  AUC=0.5149  AP=0.7047  (145.6s)
[478m35s] Ep   3/200  loss=1.5519  AUC=0.5149  AP=0.7047  (145.6s)
[479m35s] Ep   4/200  loss=1.5021  AUC=0.4775  AP=0.6807  (185.3s)
[480m35s] Ep   4/200  loss=1.5021  AUC=0.4775  AP=0.6807  (185.3s)
[481m35s] Ep   5/200  loss=1.4727  AUC=0.4918  AP=0.6816  (143.3s)
[482m35s] Ep   5/200  loss=1.4727  AUC=0.4918  AP=0.6816  (143.3s)
[483m35s] Ep   5/200  loss=1.4727  AUC=0.4918  AP=0.6816  (143.3s)
[484m35s] Ep   6/200  loss=1.4147  AUC=0.5022  AP=0.6994  (159.6s)
[485m35s] Ep   6/200  loss=1.4147  AUC=0.5022  AP=0.6994  (159.6s)
[486m35s] Ep   6/200  loss=1.4147  AUC=0.5022  AP=0.6994  (159.6s)
[487m35s] Ep   7/200  loss=1.4035  AUC=0.5167  AP=0.7103  (190.8s)
[488m35s] Ep   7/200  loss=1.4035  AUC=0.5167  AP=0.7103  (190.8s)
[489m36s] Ep   7/200  loss=1.4035  AUC=0.5167  AP=0.7103  (190.8s)
[490m36s] Ep   8/200  loss=1.3772  AUC=0.4960  AP=0.7111  (146.8s)
[491m36s] Ep   8/200  loss=1.3772  AUC=0.4960  AP=0.7111  (146.8s)
[492m36s] Ep   9/200  loss=1.3221  AUC=0.4733  AP=0.6834  (143.1s)
[493m36s] Ep   9/200  loss=1.3221  AUC=0.4733  AP=0.6834  (143.1s)
[494m36s] Ep  10/200  loss=1.2822  AUC=0.5234  AP=0.7139  (134.9s)
[495m36s] Ep  10/200  loss=1.2822  AUC=0.5234  AP=0.7139  (134.9s)
[496m36s] Ep  10/200  loss=1.2822  AUC=0.5234  AP=0.7139  (134.9s)
[497m36s] Ep  11/200  loss=1.3340  AUC=0.5495  AP=0.7319  (160.4s)
[498m36s] Ep  11/200  loss=1.3340  AUC=0.5495  AP=0.7319  (160.4s)
[499m36s] Ep  12/200  loss=1.2497  AUC=0.5238  AP=0.7172  (143.1s)
[500m36s] Ep  12/200  loss=1.2497  AUC=0.5238  AP=0.7172  (143.1s)
[501m37s] Ep  12/200  loss=1.2497  AUC=0.5238  AP=0.7172  (143.1s)
[502m37s] Ep  13/200  loss=1.2510  AUC=0.5082  AP=0.7171  (154.2s)
[503m37s] Ep  13/200  loss=1.2510  AUC=0.5082  AP=0.7171  (154.2s)
[504m37s] Ep  14/200  loss=1.2388  AUC=0.5201  AP=0.7336  (159.1s)
[505m37s] Ep  14/200  loss=1.2388  AUC=0.5201  AP=0.7336  (159.1s)
[506m37s] Ep  14/200  loss=1.2388  AUC=0.5201  AP=0.7336  (159.1s)
[507m37s] Ep  15/200  loss=1.2680  AUC=0.5020  AP=0.7047  (181.7s)
[508m37s] Ep  15/200  loss=1.2680  AUC=0.5020  AP=0.7047  (181.7s)
[509m37s] Ep  15/200  loss=1.2680  AUC=0.5020  AP=0.7047  (181.7s)
[510m37s] Ep  16/200  loss=1.3038  AUC=0.4886  AP=0.7072  (180.8s)
[511m37s] Ep  16/200  loss=1.3038  AUC=0.4886  AP=0.7072  (180.8s)
[512m37s] Ep  16/200  loss=1.3038  AUC=0.4886  AP=0.7072  (180.8s)
[513m37s] Ep  16/200  loss=1.3038  AUC=0.4886  AP=0.7072  (180.8s)
[514m37s] Ep  17/200  loss=1.2572  AUC=0.4766  AP=0.7165  (192.5s)
[515m38s] Ep  17/200  loss=1.2572  AUC=0.4766  AP=0.7165  (192.5s)
[516m38s] Ep  17/200  loss=1.2572  AUC=0.4766  AP=0.7165  (192.5s)
[517m38s] Ep  18/200  loss=1.2270  AUC=0.4561  AP=0.7037  (211.8s)
[518m38s] Ep  18/200  loss=1.2270  AUC=0.4561  AP=0.7037  (211.8s)
[519m38s] Ep  18/200  loss=1.2270  AUC=0.4561  AP=0.7037  (211.8s)
[520m38s] Ep  19/200  loss=1.2070  AUC=0.4666  AP=0.6982  (164.6s)
[521m38s] Ep  19/200  loss=1.2070  AUC=0.4666  AP=0.6982  (164.6s)
[522m38s] Ep  20/200  loss=1.1838  AUC=0.4817  AP=0.7042  (149.3s)
[523m38s] Ep  20/200  loss=1.1838  AUC=0.4817  AP=0.7042  (149.3s)
[524m38s] Ep  20/200  loss=1.1838  AUC=0.4817  AP=0.7042  (149.3s)
[525m38s] Ep  21/200  loss=1.1868  AUC=0.4590  AP=0.6983  (164.7s)
[526m38s] Ep  21/200  loss=1.1868  AUC=0.4590  AP=0.6983  (164.7s)
[527m38s] Ep  21/200  loss=1.1868  AUC=0.4590  AP=0.6983  (164.7s)
[528m38s] Ep  21/200  loss=1.1868  AUC=0.4590  AP=0.6983  (164.7s)
[529m39s] Ep  22/200  loss=1.1297  AUC=0.4563  AP=0.6878  (236.6s)
[530m39s] Ep  22/200  loss=1.1297  AUC=0.4563  AP=0.6878  (236.6s)
[531m39s] Ep  22/200  loss=1.1297  AUC=0.4563  AP=0.6878  (236.6s)
[532m39s] Ep  23/200  loss=1.2027  AUC=0.4436  AP=0.6784  (186.6s)
[533m39s] Ep  23/200  loss=1.2027  AUC=0.4436  AP=0.6784  (186.6s)
[534m39s] Ep  23/200  loss=1.2027  AUC=0.4436  AP=0.6784  (186.6s)
[535m39s] Ep  24/200  loss=1.1792  AUC=0.4463  AP=0.6901  (160.4s)
[536m39s] Ep  24/200  loss=1.1792  AUC=0.4463  AP=0.6901  (160.4s)
[537m39s] Ep  25/200  loss=1.1009  AUC=0.4643  AP=0.6953  (128.9s)
[538m39s] Ep  25/200  loss=1.1009  AUC=0.4643  AP=0.6953  (128.9s)
[539m40s] Ep  25/200  loss=1.1009  AUC=0.4643  AP=0.6953  (128.9s)
[540m40s] Ep  26/200  loss=1.1446  AUC=0.4650  AP=0.6956  (159.9s)
[541m40s] Ep  26/200  loss=1.1446  AUC=0.4650  AP=0.6956  (159.9s)
[542m40s] Ep  26/200  loss=1.1446  AUC=0.4650  AP=0.6956  (159.9s)
[543m40s] Ep  27/200  loss=1.0926  AUC=0.4561  AP=0.6930  (178.9s)
[544m41s] Ep  27/200  loss=1.0926  AUC=0.4561  AP=0.6930  (178.9s)
[545m41s] Ep  27/200  loss=1.0926  AUC=0.4561  AP=0.6930  (178.9s)
[546m41s] Ep  28/200  loss=1.1243  AUC=0.4488  AP=0.6844  (192.7s)
[547m41s] Ep  28/200  loss=1.1243  AUC=0.4488  AP=0.6844  (192.7s)
[548m41s] Ep  28/200  loss=1.1243  AUC=0.4488  AP=0.6844  (192.7s)
[549m41s] Ep  28/200  loss=1.1243  AUC=0.4488  AP=0.6844  (192.7s)
[550m41s] Ep  29/200  loss=1.1322  AUC=0.4574  AP=0.6871  (263.7s)
[551m41s] Ep  29/200  loss=1.1322  AUC=0.4574  AP=0.6871  (263.7s)
[552m41s] Ep  29/200  loss=1.1322  AUC=0.4574  AP=0.6871  (263.7s)
[553m41s] Ep  30/200  loss=1.0764  AUC=0.4726  AP=0.6979  (184.7s)
[554m41s] Ep  30/200  loss=1.0764  AUC=0.4726  AP=0.6979  (184.7s)
[555m41s] Ep  30/200  loss=1.0764  AUC=0.4726  AP=0.6979  (184.7s)

┌──────────────────────────────────────────────────────────────┐
│  FOLD 5/5 COMPLETE                                          │
│  Best val AUC: 0.5495   Test AUC: 0.5623   Test AP: 0.7217
│  Elapsed: 556m 41s   Est. remaining: 0m
└──────────────────────────────────────────────────────────────┘
[556m41s] Ep  31/200  loss=1.1005  AUC=0.4844  AP=0.7084  (178.4s)
[557m41s] Ep  31/200  loss=1.1005  AUC=0.4844  AP=0.7084  (178.4s)

==================================================================
[2026-08-06 10:46:54] Training completed successfully!
==================================================================
[10:44:42]   5-Fold CV Summary
[10:44:42] =======================================================
[10:44:42]   Fold 1: AUC=0.4825  AP=0.7055
[10:44:42]   Fold 2: AUC=0.5457  AP=0.7458
[10:44:42]   Fold 3: AUC=0.5175  AP=0.6961
[10:44:42]   Fold 4: AUC=0.5451  AP=0.7375
[10:44:42]   Fold 5: AUC=0.5623  AP=0.7217
[10:44:42]   ─────────────────────────────────────────
[10:44:42]   Mean AUC = 0.5306 ± 0.0314
[10:44:42]   Mean AP  = 0.7213 ± 0.0209
[10:44:42]   Best overall fold: 2  (val AUC=0.6367)
[10:44:42] 
[10:44:42] [4/4] Final test evaluation (best_overall.pt) …
[10:44:42] Model built on mps  |  total params: 2,441,745
[10:44:42] /Users/mbp/Documents/MTECH/Sem4/Individual_project/AI_Assisted_3D_Assembly_Design/AI-Assisted-3D-Assembly-Design/.venv/lib/python3.12/site-packages/torch_geometric/transforms/base_transform.py:32: UserWarning: There are not enough negative edges to satisfy the provided sampling ratio. The ratio will be adjusted to 0.00.
[10:44:42]   return self.forward(copy.copy(data))
[10:44:42]   Fold 2/5 — train: 128  val: 32  test: 28
[10:44:42] 
[10:44:42]   ── Test results (best overall model) ─────
[10:44:42]      auc         : 0.5993
[10:44:42]      ap          : 0.7934

Total training time: 558m 41s
Attempts used: 1/3
[2026-08-06 10:46:54] Training completed successfully in 558m 41s
