
[1/4] Loading dataset …
      192 graphs loaded.
      Dataset: 192 graphs | mean nodes=26.9 | mean edges=81.1 | categories: Bench_vice=54 C_Clamps=31 Crane_hook=16 Gate_Valve=20 Pipe_vice=42 Press_Tool=21 Tool_Post=8

[2/4] Building model …  (5-fold CV)

[3/4] Training (5 folds) …

=======================================================
  FOLD 1 / 5
=======================================================
    [DIAG] graph 44: 2 nodes, 2 dir-edges, 1 pos, requested 1 neg but only 0 possible
/Users/mbp/Documents/MTECH/Sem4/Individual_project/AI_Assisted_3D_Assembly_Design/AI-Assisted-3D-Assembly-Design/.venv/lib/python3.12/site-packages/torch_geometric/transforms/base_transform.py:32: UserWarning: There are not enough negative edges to satisfy the provided sampling ratio. The ratio will be adjusted to 0.00.
  return self.forward(copy.copy(data))
    [DIAG] graph 60: 2 nodes, 2 dir-edges, 1 pos, requested 1 neg but only 0 possible
    [DIAG] graph 63: 2 nodes, 2 dir-edges, 1 pos, requested 1 neg but only 0 possible
    [DIAG] graph 71: 2 nodes, 2 dir-edges, 1 pos, requested 1 neg but only 0 possible
    [DIAG] graph 119: 2 nodes, 2 dir-edges, 1 pos, requested 1 neg but only 0 possible
  Fold 1/5 — train: 136  val: 35  test: 21
Model built on mps  |  total params: 1,209,553
    batch 1/9
    batch 6/9
  Ep   1/200  loss=1.5653  AUC=0.6435  AP=0.6783  smoothAUC=0.6435  (2.9s)
  ✓ Fold 1 new best smoothed AUC=0.6435  saved.
    batch 1/9
    batch 6/9
  Ep   2/200  loss=1.4308  AUC=0.5999  AP=0.6452  smoothAUC=0.6217  (2.3s)
    batch 1/9
    batch 6/9
  Ep   3/200  loss=1.3184  AUC=0.6400  AP=0.6975  smoothAUC=0.6278  (2.3s)
    batch 1/9
    batch 6/9
  Ep   4/200  loss=1.2510  AUC=0.6347  AP=0.6989  smoothAUC=0.6249  (2.4s)
    batch 1/9
    batch 6/9
  Ep   5/200  loss=1.2094  AUC=0.6482  AP=0.6903  smoothAUC=0.6410  (2.4s)
    batch 1/9
    batch 6/9
  Ep   6/200  loss=1.1516  AUC=0.6507  AP=0.6995  smoothAUC=0.6445  (2.5s)
  ✓ Fold 1 new best smoothed AUC=0.6445  saved.
    batch 1/9
    batch 6/9
  Ep   7/200  loss=1.1264  AUC=0.6692  AP=0.7101  smoothAUC=0.6560  (2.6s)
  ✓ Fold 1 new best smoothed AUC=0.6560  saved.
    batch 1/9
    batch 6/9
  Ep   8/200  loss=1.0572  AUC=0.6784  AP=0.7026  smoothAUC=0.6661  (2.6s)
  ✓ Fold 1 new best smoothed AUC=0.6661  saved.
    batch 1/9
    batch 6/9
  Ep   9/200  loss=1.0475  AUC=0.6862  AP=0.7316  smoothAUC=0.6779  (2.7s)
  ✓ Fold 1 new best smoothed AUC=0.6779  saved.
    batch 1/9
    batch 6/9
  Ep  10/200  loss=0.9772  AUC=0.6659  AP=0.7070  smoothAUC=0.6768  (2.7s)
    batch 1/9
    batch 6/9
  Ep  11/200  loss=0.9449  AUC=0.6814  AP=0.7124  smoothAUC=0.6778  (2.7s)
    batch 1/9
    batch 6/9
  Ep  12/200  loss=0.9117  AUC=0.6978  AP=0.7331  smoothAUC=0.6817  (2.9s)
  ✓ Fold 1 new best smoothed AUC=0.6817  saved.
    batch 1/9
    batch 6/9
  Ep  13/200  loss=0.8657  AUC=0.6685  AP=0.7225  smoothAUC=0.6825  (3.0s)
  ✓ Fold 1 new best smoothed AUC=0.6825  saved.
    batch 1/9
    batch 6/9
  Ep  14/200  loss=0.8524  AUC=0.6939  AP=0.7315  smoothAUC=0.6867  (3.1s)
  ✓ Fold 1 new best smoothed AUC=0.6867  saved.
    batch 1/9
    batch 6/9
  Ep  15/200  loss=0.8065  AUC=0.6900  AP=0.7173  smoothAUC=0.6841  (3.0s)
    batch 1/9
    batch 6/9
  Ep  16/200  loss=0.7715  AUC=0.6950  AP=0.7208  smoothAUC=0.6930  (3.0s)
  ✓ Fold 1 new best smoothed AUC=0.6930  saved.
    batch 1/9
    batch 6/9
  Ep  17/200  loss=0.7528  AUC=0.6906  AP=0.7170  smoothAUC=0.6919  (2.5s)
    batch 1/9
    batch 6/9
  Ep  18/200  loss=0.7438  AUC=0.6916  AP=0.7200  smoothAUC=0.6924  (3.0s)
    batch 1/9
    batch 6/9
  Ep  19/200  loss=0.7034  AUC=0.6870  AP=0.7109  smoothAUC=0.6897  (2.7s)
    batch 1/9
    batch 6/9
  Ep  20/200  loss=0.7080  AUC=0.6861  AP=0.7146  smoothAUC=0.6882  (2.8s)
    batch 1/9
    batch 6/9
  Ep  21/200  loss=0.6831  AUC=0.6843  AP=0.7211  smoothAUC=0.6858  (2.9s)
    batch 1/9
    batch 6/9
  Ep  22/200  loss=0.6049  AUC=0.6819  AP=0.7039  smoothAUC=0.6841  (3.3s)
    batch 1/9
    batch 6/9
  Ep  23/200  loss=0.5846  AUC=0.6922  AP=0.7156  smoothAUC=0.6861  (3.2s)
    batch 1/9
    batch 6/9
  Ep  24/200  loss=0.6037  AUC=0.7072  AP=0.7185  smoothAUC=0.6938  (3.7s)
  ✓ Fold 1 new best smoothed AUC=0.6938  saved.
    batch 1/9
    batch 6/9
  Ep  25/200  loss=0.5669  AUC=0.6821  AP=0.7269  smoothAUC=0.6938  (4.0s)
  ✓ Fold 1 new best smoothed AUC=0.6938  saved.
    batch 1/9
    batch 6/9
  Ep  26/200  loss=0.5450  AUC=0.6936  AP=0.7115  smoothAUC=0.6943  (3.9s)
  ✓ Fold 1 new best smoothed AUC=0.6943  saved.
    batch 1/9
    batch 6/9
  Ep  27/200  loss=0.5482  AUC=0.6857  AP=0.7178  smoothAUC=0.6871  (3.4s)
    batch 1/9
    batch 6/9
  Ep  28/200  loss=0.5130  AUC=0.6931  AP=0.7184  smoothAUC=0.6908  (4.0s)
    batch 1/9
    batch 6/9
  Ep  29/200  loss=0.5170  AUC=0.6926  AP=0.7080  smoothAUC=0.6905  (3.4s)
    batch 1/9
    batch 6/9
  Ep  30/200  loss=0.4816  AUC=0.6766  AP=0.6915  smoothAUC=0.6874  (3.4s)
    batch 1/9
    batch 6/9
  Ep  31/200  loss=0.4587  AUC=0.6851  AP=0.6978  smoothAUC=0.6848  (3.7s)
    batch 1/9
    batch 6/9
  Ep  32/200  loss=0.4732  AUC=0.6861  AP=0.7055  smoothAUC=0.6826  (3.6s)
    batch 1/9
    batch 6/9
  Ep  33/200  loss=0.4682  AUC=0.6913  AP=0.7027  smoothAUC=0.6875  (3.9s)
    batch 1/9
    batch 6/9
  Ep  34/200  loss=0.4223  AUC=0.6863  AP=0.7151  smoothAUC=0.6879  (3.7s)
    batch 1/9
    batch 6/9
  Ep  35/200  loss=0.4455  AUC=0.6793  AP=0.6944  smoothAUC=0.6856  (3.4s)
    batch 1/9
    batch 6/9
  Ep  36/200  loss=0.3965  AUC=0.6873  AP=0.7049  smoothAUC=0.6843  (3.7s)
    batch 1/9
    batch 6/9
  Ep  37/200  loss=0.3520  AUC=0.6936  AP=0.7148  smoothAUC=0.6867  (3.1s)
    batch 1/9
    batch 6/9
  Ep  38/200  loss=0.3413  AUC=0.6968  AP=0.7078  smoothAUC=0.6926  (3.2s)
    batch 1/9
    batch 6/9
  Ep  39/200  loss=0.3325  AUC=0.6873  AP=0.7012  smoothAUC=0.6926  (3.9s)
    batch 1/9
    batch 6/9
  Ep  40/200  loss=0.3069  AUC=0.6981  AP=0.7117  smoothAUC=0.6941  (3.4s)
    batch 1/9
    batch 6/9
  Ep  41/200  loss=0.3265  AUC=0.6963  AP=0.7067  smoothAUC=0.6939  (3.5s)
    batch 1/9
    batch 6/9
  Ep  42/200  loss=0.3259  AUC=0.6981  AP=0.7096  smoothAUC=0.6975  (3.5s)
  ✓ Fold 1 new best smoothed AUC=0.6975  saved.
    batch 1/9
    batch 6/9
  Ep  43/200  loss=0.3047  AUC=0.6818  AP=0.6939  smoothAUC=0.6921  (3.8s)
    batch 1/9
    batch 6/9
  Ep  44/200  loss=0.2958  AUC=0.6926  AP=0.7175  smoothAUC=0.6908  (3.5s)
    batch 1/9
    batch 6/9
  Ep  45/200  loss=0.2875  AUC=0.6915  AP=0.7181  smoothAUC=0.6886  (3.0s)
    batch 1/9
    batch 6/9
  Ep  46/200  loss=0.2840  AUC=0.6912  AP=0.7037  smoothAUC=0.6917  (4.3s)
    batch 1/9
    batch 6/9
  Ep  47/200  loss=0.2764  AUC=0.6951  AP=0.7123  smoothAUC=0.6926  (4.9s)
    batch 1/9
    batch 6/9
  Ep  48/200  loss=0.2943  AUC=0.6901  AP=0.7133  smoothAUC=0.6921  (3.6s)
    batch 1/9
    batch 6/9
  Ep  49/200  loss=0.2581  AUC=0.6882  AP=0.7130  smoothAUC=0.6911  (3.4s)
    batch 1/9
    batch 6/9
  Ep  50/200  loss=0.2426  AUC=0.6928  AP=0.7153  smoothAUC=0.6904  (3.8s)
    batch 1/9
    batch 6/9
  Ep  51/200  loss=0.2706  AUC=0.6937  AP=0.7050  smoothAUC=0.6916  (4.0s)
    batch 1/9
    batch 6/9
  Ep  52/200  loss=0.2386  AUC=0.6889  AP=0.7035  smoothAUC=0.6918  (3.7s)
    batch 1/9
    batch 6/9
  Ep  53/200  loss=0.2308  AUC=0.6898  AP=0.7093  smoothAUC=0.6908  (3.7s)
    batch 1/9
    batch 6/9
  Ep  54/200  loss=0.2299  AUC=0.6920  AP=0.7196  smoothAUC=0.6902  (3.2s)
    batch 1/9
    batch 6/9
  Ep  55/200  loss=0.2062  AUC=0.6882  AP=0.7185  smoothAUC=0.6900  (4.0s)
    batch 1/9
    batch 6/9
  Ep  56/200  loss=0.2132  AUC=0.6823  AP=0.7118  smoothAUC=0.6875  (5.1s)
    batch 1/9
    batch 6/9
  Ep  57/200  loss=0.1984  AUC=0.6896  AP=0.7142  smoothAUC=0.6867  (3.7s)
    batch 1/9
    batch 6/9
  Ep  58/200  loss=0.2150  AUC=0.6879  AP=0.7090  smoothAUC=0.6866  (3.9s)
    batch 1/9
    batch 6/9
  Ep  59/200  loss=0.2265  AUC=0.6836  AP=0.7087  smoothAUC=0.6870  (3.4s)
    batch 1/9
    batch 6/9
  Ep  60/200  loss=0.1965  AUC=0.6858  AP=0.7075  smoothAUC=0.6858  (3.8s)
    batch 1/9
    batch 6/9
  Ep  61/200  loss=0.2103  AUC=0.6880  AP=0.7074  smoothAUC=0.6858  (4.3s)
    batch 1/9
    batch 6/9
  Ep  62/200  loss=0.2119  AUC=0.6886  AP=0.7099  smoothAUC=0.6874  (4.6s)

  Early stopping at epoch 62.

  Fold 1 test — AUC=0.7027  AP=0.7038  (random=0.5000)

=======================================================
  FOLD 2 / 5
=======================================================
/Users/mbp/Documents/MTECH/Sem4/Individual_project/AI_Assisted_3D_Assembly_Design/AI-Assisted-3D-Assembly-Design/.venv/lib/python3.12/site-packages/torch_geometric/transforms/base_transform.py:32: UserWarning: There are not enough negative edges to satisfy the provided sampling ratio. The ratio will be adjusted to 0.00.
  return self.forward(copy.copy(data))
    [DIAG] graph 63: 2 nodes, 2 dir-edges, 1 pos, requested 1 neg but only 0 possible
    [DIAG] graph 119: 2 nodes, 2 dir-edges, 1 pos, requested 1 neg but only 0 possible
    [DIAG] graph 44: 2 nodes, 2 dir-edges, 1 pos, requested 1 neg but only 0 possible
    [DIAG] graph 60: 2 nodes, 2 dir-edges, 1 pos, requested 1 neg but only 0 possible
    [DIAG] graph 71: 2 nodes, 2 dir-edges, 1 pos, requested 1 neg but only 0 possible
  Fold 2/5 — train: 137  val: 34  test: 21
Model built on mps  |  total params: 1,209,553
    batch 1/9
    batch 6/9
  Ep   1/200  loss=1.5597  AUC=0.5489  AP=0.5489  smoothAUC=0.5489  (5.4s)
  ✓ Fold 2 new best smoothed AUC=0.5489  saved.
    batch 1/9
    batch 6/9
  Ep   2/200  loss=1.4450  AUC=0.5719  AP=0.5447  smoothAUC=0.5604  (3.9s)
  ✓ Fold 2 new best smoothed AUC=0.5604  saved.
    batch 1/9
    batch 6/9
  Ep   3/200  loss=1.2851  AUC=0.6095  AP=0.5968  smoothAUC=0.5768  (3.9s)
  ✓ Fold 2 new best smoothed AUC=0.5768  saved.
    batch 1/9
    batch 6/9
  Ep   4/200  loss=1.2153  AUC=0.6178  AP=0.6289  smoothAUC=0.5997  (3.4s)
  ✓ Fold 2 new best smoothed AUC=0.5997  saved.
    batch 1/9
    batch 6/9
  Ep   5/200  loss=1.1848  AUC=0.6564  AP=0.6484  smoothAUC=0.6279  (4.6s)
  ✓ Fold 2 new best smoothed AUC=0.6279  saved.
    batch 1/9
    batch 6/9
  Ep   6/200  loss=1.1599  AUC=0.6311  AP=0.6303  smoothAUC=0.6351  (4.7s)
  ✓ Fold 2 new best smoothed AUC=0.6351  saved.
    batch 1/9
    batch 6/9
  Ep   7/200  loss=1.0960  AUC=0.6455  AP=0.6617  smoothAUC=0.6443  (4.0s)
  ✓ Fold 2 new best smoothed AUC=0.6443  saved.
    batch 1/9
    batch 6/9
  Ep   8/200  loss=1.0463  AUC=0.6774  AP=0.6693  smoothAUC=0.6513  (5.8s)
  ✓ Fold 2 new best smoothed AUC=0.6513  saved.
    batch 1/9
    batch 6/9
  Ep   9/200  loss=1.0044  AUC=0.6667  AP=0.6587  smoothAUC=0.6632  (4.8s)
  ✓ Fold 2 new best smoothed AUC=0.6632  saved.
    batch 1/9
    batch 6/9
  Ep  10/200  loss=1.0140  AUC=0.7009  AP=0.7216  smoothAUC=0.6817  (4.9s)
  ✓ Fold 2 new best smoothed AUC=0.6817  saved.
    batch 1/9
    batch 6/9
  Ep  11/200  loss=0.9455  AUC=0.6939  AP=0.6966  smoothAUC=0.6872  (4.4s)
  ✓ Fold 2 new best smoothed AUC=0.6872  saved.
    batch 1/9
    batch 6/9
  Ep  12/200  loss=0.9298  AUC=0.6825  AP=0.6843  smoothAUC=0.6924  (4.9s)
  ✓ Fold 2 new best smoothed AUC=0.6924  saved.
    batch 1/9
    batch 6/9
  Ep  13/200  loss=0.8550  AUC=0.7004  AP=0.7167  smoothAUC=0.6923  (4.3s)
    batch 1/9
    batch 6/9
  Ep  14/200  loss=0.8327  AUC=0.6801  AP=0.7079  smoothAUC=0.6877  (4.0s)
    batch 1/9
    batch 6/9
  Ep  15/200  loss=0.8149  AUC=0.6960  AP=0.7047  smoothAUC=0.6922  (4.9s)
    batch 1/9
    batch 6/9
  Ep  16/200  loss=0.8105  AUC=0.7029  AP=0.7398  smoothAUC=0.6930  (6.5s)
  ✓ Fold 2 new best smoothed AUC=0.6930  saved.
    batch 1/9
    batch 6/9
  Ep  17/200  loss=0.7445  AUC=0.7050  AP=0.7134  smoothAUC=0.7013  (6.3s)
  ✓ Fold 2 new best smoothed AUC=0.7013  saved.
    batch 1/9
    batch 6/9
  Ep  18/200  loss=0.7451  AUC=0.6836  AP=0.7102  smoothAUC=0.6972  (5.2s)
    batch 1/9
    batch 6/9
  Ep  19/200  loss=0.7569  AUC=0.6736  AP=0.6846  smoothAUC=0.6874  (4.8s)
    batch 1/9
    batch 6/9
  Ep  20/200  loss=0.7281  AUC=0.6915  AP=0.7125  smoothAUC=0.6829  (5.0s)
    batch 1/9
    batch 6/9
  Ep  21/200  loss=0.7039  AUC=0.6892  AP=0.6912  smoothAUC=0.6848  (5.7s)
    batch 1/9
    batch 6/9
  Ep  22/200  loss=0.6745  AUC=0.6944  AP=0.7089  smoothAUC=0.6917  (4.9s)
    batch 1/9
    batch 6/9
  Ep  23/200  loss=0.6439  AUC=0.6940  AP=0.7102  smoothAUC=0.6926  (4.6s)
    batch 1/9
    batch 6/9
  Ep  24/200  loss=0.6893  AUC=0.6834  AP=0.6946  smoothAUC=0.6906  (3.4s)
    batch 1/9
    batch 6/9
  Ep  25/200  loss=0.6350  AUC=0.6958  AP=0.7216  smoothAUC=0.6911  (5.1s)
    batch 1/9
    batch 6/9
  Ep  26/200  loss=0.6257  AUC=0.7127  AP=0.7220  smoothAUC=0.6973  (3.9s)
    batch 1/9
    batch 6/9
  Ep  27/200  loss=0.5314  AUC=0.6930  AP=0.7080  smoothAUC=0.7005  (5.3s)
    batch 1/9
    batch 6/9
  Ep  28/200  loss=0.5061  AUC=0.6966  AP=0.7033  smoothAUC=0.7008  (5.2s)
    batch 1/9
    batch 6/9
  Ep  29/200  loss=0.5177  AUC=0.6978  AP=0.7046  smoothAUC=0.6958  (4.3s)
    batch 1/9
    batch 6/9
  Ep  30/200  loss=0.4789  AUC=0.6995  AP=0.7085  smoothAUC=0.6980  (5.7s)
    batch 1/9
    batch 6/9
  Ep  31/200  loss=0.4461  AUC=0.7030  AP=0.7215  smoothAUC=0.7001  (5.7s)
    batch 1/9
    batch 6/9
  Ep  32/200  loss=0.4515  AUC=0.6995  AP=0.7161  smoothAUC=0.7007  (5.1s)
    batch 1/9
    batch 6/9
  Ep  33/200  loss=0.4159  AUC=0.7057  AP=0.7197  smoothAUC=0.7027  (5.9s)
  ✓ Fold 2 new best smoothed AUC=0.7027  saved.
    batch 1/9
    batch 6/9
  Ep  34/200  loss=0.4187  AUC=0.7041  AP=0.7141  smoothAUC=0.7031  (4.2s)
  ✓ Fold 2 new best smoothed AUC=0.7031  saved.
    batch 1/9
    batch 6/9
  Ep  35/200  loss=0.3933  AUC=0.6975  AP=0.7050  smoothAUC=0.7024  (5.0s)
    batch 1/9
    batch 6/9
  Ep  36/200  loss=0.4216  AUC=0.6870  AP=0.6945  smoothAUC=0.6962  (5.9s)
    batch 1/9
    batch 6/9
  Ep  37/200  loss=0.3980  AUC=0.6943  AP=0.6989  smoothAUC=0.6929  (5.6s)
    batch 1/9
    batch 6/9
  Ep  38/200  loss=0.3936  AUC=0.7145  AP=0.7316  smoothAUC=0.6986  (6.4s)
    batch 1/9
    batch 6/9
  Ep  39/200  loss=0.3782  AUC=0.7017  AP=0.6920  smoothAUC=0.7035  (7.6s)
  ✓ Fold 2 new best smoothed AUC=0.7035  saved.
    batch 1/9
    batch 6/9
  Ep  40/200  loss=0.4397  AUC=0.6817  AP=0.6932  smoothAUC=0.6993  (5.1s)
    batch 1/9
    batch 6/9
  Ep  41/200  loss=0.3948  AUC=0.6696  AP=0.6931  smoothAUC=0.6843  (4.9s)
    batch 1/9
    batch 6/9
  Ep  42/200  loss=0.3852  AUC=0.6970  AP=0.7120  smoothAUC=0.6827  (4.1s)
    batch 1/9
    batch 6/9
  Ep  43/200  loss=0.3844  AUC=0.7004  AP=0.6935  smoothAUC=0.6890  (5.0s)
    batch 1/9
    batch 6/9
  Ep  44/200  loss=0.3683  AUC=0.7029  AP=0.7024  smoothAUC=0.7001  (4.8s)
    batch 1/9
    batch 6/9
  Ep  45/200  loss=0.4017  AUC=0.7021  AP=0.6989  smoothAUC=0.7018  (5.5s)
    batch 1/9
    [swap-guard] 90.1% swap used (batch 3/9) -- pausing 3s for extra cleanup
    batch 6/9
  Ep  46/200  loss=0.3401  AUC=0.6925  AP=0.6824  smoothAUC=0.6992  (9.0s)
    batch 1/9
    batch 6/9
  Ep  47/200  loss=0.3357  AUC=0.6941  AP=0.7071  smoothAUC=0.6962  (8.0s)
    batch 1/9
    batch 6/9
  Ep  48/200  loss=0.3514  AUC=0.6835  AP=0.7008  smoothAUC=0.6900  (5.5s)
    batch 1/9
    batch 6/9
  Ep  49/200  loss=0.3066  AUC=0.6869  AP=0.6804  smoothAUC=0.6881  (6.2s)
    batch 1/9
    batch 6/9
  Ep  50/200  loss=0.2955  AUC=0.6928  AP=0.6888  smoothAUC=0.6877  (4.9s)
    batch 1/9
    batch 6/9
  Ep  51/200  loss=0.3340  AUC=0.6876  AP=0.6939  smoothAUC=0.6891  (5.7s)
    batch 1/9
    batch 6/9
  Ep  52/200  loss=0.2793  AUC=0.6805  AP=0.6819  smoothAUC=0.6870  (5.3s)
    batch 1/9
    batch 6/9
  Ep  53/200  loss=0.2740  AUC=0.6886  AP=0.6825  smoothAUC=0.6856  (5.9s)
    batch 1/9
    batch 6/9
  Ep  54/200  loss=0.2648  AUC=0.6908  AP=0.6948  smoothAUC=0.6866  (7.5s)
    batch 1/9
    batch 6/9
  Ep  55/200  loss=0.2547  AUC=0.6876  AP=0.7006  smoothAUC=0.6890  (6.7s)
    batch 1/9
    batch 6/9
  Ep  56/200  loss=0.2527  AUC=0.6905  AP=0.6911  smoothAUC=0.6897  (6.1s)
    batch 1/9
    batch 6/9
  Ep  57/200  loss=0.2729  AUC=0.6886  AP=0.6906  smoothAUC=0.6889  (5.8s)
    batch 1/9
    batch 6/9
  Ep  58/200  loss=0.2976  AUC=0.6860  AP=0.6857  smoothAUC=0.6884  (7.5s)
    batch 1/9
    batch 6/9
  Ep  59/200  loss=0.2595  AUC=0.6859  AP=0.6854  smoothAUC=0.6869  (7.2s)

  Early stopping at epoch 59.

  Fold 2 test — AUC=0.6408  AP=0.6487  (random=0.5000)

=======================================================
  FOLD 3 / 5
=======================================================
/Users/mbp/Documents/MTECH/Sem4/Individual_project/AI_Assisted_3D_Assembly_Design/AI-Assisted-3D-Assembly-Design/.venv/lib/python3.12/site-packages/torch_geometric/transforms/base_transform.py:32: UserWarning: There are not enough negative edges to satisfy the provided sampling ratio. The ratio will be adjusted to 0.00.
  return self.forward(copy.copy(data))
    [DIAG] graph 44: 2 nodes, 2 dir-edges, 1 pos, requested 1 neg but only 0 possible
    [DIAG] graph 60: 2 nodes, 2 dir-edges, 1 pos, requested 1 neg but only 0 possible
    [DIAG] graph 71: 2 nodes, 2 dir-edges, 1 pos, requested 1 neg but only 0 possible
    [DIAG] graph 119: 2 nodes, 2 dir-edges, 1 pos, requested 1 neg but only 0 possible
    [DIAG] graph 63: 2 nodes, 2 dir-edges, 1 pos, requested 1 neg but only 0 possible
  Fold 3/5 — train: 137  val: 34  test: 21
Model built on mps  |  total params: 1,209,553
    batch 1/9
    batch 6/9
  Ep   1/200  loss=1.5464  AUC=0.5791  AP=0.5487  smoothAUC=0.5791  (7.9s)
  ✓ Fold 3 new best smoothed AUC=0.5791  saved.
    batch 1/9
    [swap-guard] 91.0% swap used (batch 3/9) -- pausing 3s for extra cleanup
    batch 6/9
    [swap-guard] 91.0% swap used (batch 6/9) -- pausing 3s for extra cleanup
    [swap-guard] 91.0% swap used (batch 9/9) -- pausing 3s for extra cleanup
    [swap-guard] 91.0% swap used (epoch end) -- pausing 3s for extra cleanup
    [swap-guard] 91.0% swap used (fold 3 epoch 2 val) -- pausing 3s for extra cleanup
  Ep   2/200  loss=1.4372  AUC=0.6154  AP=0.5856  smoothAUC=0.5973  (22.3s)
  ✓ Fold 3 new best smoothed AUC=0.5973  saved.
    batch 1/9
    [swap-guard] 91.3% swap used (batch 3/9) -- pausing 3s for extra cleanup
    batch 6/9
    [swap-guard] 91.1% swap used (batch 6/9) -- pausing 3s for extra cleanup
    [swap-guard] 91.1% swap used (batch 9/9) -- pausing 3s for extra cleanup
    [swap-guard] 91.1% swap used (epoch end) -- pausing 3s for extra cleanup
    [swap-guard] 91.1% swap used (fold 3 epoch 3 val) -- pausing 3s for extra cleanup
  Ep   3/200  loss=1.3743  AUC=0.6448  AP=0.6261  smoothAUC=0.6131  (22.3s)
  ✓ Fold 3 new best smoothed AUC=0.6131  saved.
    batch 1/9
    [swap-guard] 92.1% swap used (batch 3/9) -- pausing 3s for extra cleanup
    batch 6/9
    [swap-guard] 92.1% swap used (batch 6/9) -- pausing 3s for extra cleanup
    [swap-guard] 92.1% swap used (batch 9/9) -- pausing 3s for extra cleanup
    [swap-guard] 92.1% swap used (epoch end) -- pausing 3s for extra cleanup
    [swap-guard] 92.1% swap used (fold 3 epoch 4 val) -- pausing 3s for extra cleanup
  Ep   4/200  loss=1.2625  AUC=0.6730  AP=0.6479  smoothAUC=0.6444  (21.4s)
  ✓ Fold 3 new best smoothed AUC=0.6444  saved.
    batch 1/9
    [swap-guard] 92.1% swap used (batch 3/9) -- pausing 3s for extra cleanup
    batch 6/9
    [swap-guard] 92.7% swap used (batch 6/9) -- pausing 3s for extra cleanup
    [swap-guard] 93.0% swap used (batch 9/9) -- pausing 3s for extra cleanup
    [swap-guard] 93.0% swap used (epoch end) -- pausing 3s for extra cleanup
    [swap-guard] 93.0% swap used (fold 3 epoch 5 val) -- pausing 3s for extra cleanup
  Ep   5/200  loss=1.2414  AUC=0.6814  AP=0.6668  smoothAUC=0.6664  (20.8s)
  ✓ Fold 3 new best smoothed AUC=0.6664  saved.
    batch 1/9
    [swap-guard] 93.7% swap used (batch 3/9) -- pausing 3s for extra cleanup
    batch 6/9
  Ep   6/200  loss=1.1257  AUC=0.6699  AP=0.6700  smoothAUC=0.6747  (10.2s)
  ✓ Fold 3 new best smoothed AUC=0.6747  saved.
    batch 1/9
    batch 6/9
  Ep   7/200  loss=1.1025  AUC=0.6696  AP=0.6974  smoothAUC=0.6736  (6.0s)
    batch 1/9
    batch 6/9
  Ep   8/200  loss=1.0682  AUC=0.6948  AP=0.7234  smoothAUC=0.6781  (6.0s)
  ✓ Fold 3 new best smoothed AUC=0.6781  saved.
    batch 1/9
    batch 6/9
  Ep   9/200  loss=1.0227  AUC=0.6794  AP=0.6930  smoothAUC=0.6813  (6.2s)
  ✓ Fold 3 new best smoothed AUC=0.6813  saved.
    batch 1/9
    batch 6/9
  Ep  10/200  loss=0.9923  AUC=0.6937  AP=0.7063  smoothAUC=0.6893  (6.6s)
  ✓ Fold 3 new best smoothed AUC=0.6893  saved.
    batch 1/9
    batch 6/9
  Ep  11/200  loss=0.9534  AUC=0.6900  AP=0.7060  smoothAUC=0.6877  (7.4s)
    batch 1/9
    batch 6/9
  Ep  12/200  loss=0.9213  AUC=0.6785  AP=0.7131  smoothAUC=0.6874  (6.8s)
    batch 1/9
    batch 6/9
  Ep  13/200  loss=0.9179  AUC=0.6827  AP=0.6994  smoothAUC=0.6837  (6.3s)
    batch 1/9
    batch 6/9
  Ep  14/200  loss=0.8726  AUC=0.6796  AP=0.6983  smoothAUC=0.6803  (7.9s)
    batch 1/9
    batch 6/9
  Ep  15/200  loss=0.8424  AUC=0.6625  AP=0.6956  smoothAUC=0.6749  (9.1s)
    batch 1/9
    batch 6/9
  Ep  16/200  loss=0.7958  AUC=0.6988  AP=0.7259  smoothAUC=0.6803  (6.1s)
    batch 1/9
    batch 6/9
  Ep  17/200  loss=0.7970  AUC=0.6607  AP=0.6852  smoothAUC=0.6740  (6.9s)
    batch 1/9
    batch 6/9
  Ep  18/200  loss=0.7185  AUC=0.6875  AP=0.7177  smoothAUC=0.6823  (6.2s)
    batch 1/9
    batch 6/9
  Ep  19/200  loss=0.7578  AUC=0.6872  AP=0.7088  smoothAUC=0.6785  (6.4s)
    batch 1/9
    batch 6/9
    [swap-guard] 90.2% swap used (batch 9/9) -- pausing 3s for extra cleanup
    [swap-guard] 90.2% swap used (epoch end) -- pausing 3s for extra cleanup
    [swap-guard] 90.2% swap used (fold 3 epoch 20 val) -- pausing 3s for extra cleanup
  Ep  20/200  loss=0.6613  AUC=0.7085  AP=0.7300  smoothAUC=0.6944  (16.8s)
  ✓ Fold 3 new best smoothed AUC=0.6944  saved.
    batch 1/9
    [swap-guard] 91.0% swap used (batch 3/9) -- pausing 3s for extra cleanup
    batch 6/9
    [swap-guard] 91.8% swap used (batch 6/9) -- pausing 3s for extra cleanup
    [swap-guard] 92.4% swap used (batch 9/9) -- pausing 3s for extra cleanup
    [swap-guard] 92.4% swap used (epoch end) -- pausing 3s for extra cleanup
    [swap-guard] 92.4% swap used (fold 3 epoch 21 val) -- pausing 3s for extra cleanup
  Ep  21/200  loss=0.6611  AUC=0.6998  AP=0.7256  smoothAUC=0.6985  (23.4s)
  ✓ Fold 3 new best smoothed AUC=0.6985  saved.
    batch 1/9
    [swap-guard] 93.0% swap used (batch 3/9) -- pausing 3s for extra cleanup
    batch 6/9
    [swap-guard] 92.9% swap used (batch 6/9) -- pausing 3s for extra cleanup
    [swap-guard] 92.9% swap used (batch 9/9) -- pausing 3s for extra cleanup
    [swap-guard] 92.9% swap used (epoch end) -- pausing 3s for extra cleanup
    [swap-guard] 92.9% swap used (fold 3 epoch 22 val) -- pausing 3s for extra cleanup
  Ep  22/200  loss=0.6347  AUC=0.7032  AP=0.7346  smoothAUC=0.7038  (24.3s)
  ✓ Fold 3 new best smoothed AUC=0.7038  saved.
    batch 1/9
    [swap-guard] 92.8% swap used (batch 3/9) -- pausing 3s for extra cleanup
    batch 6/9
    [swap-guard] 93.0% swap used (batch 6/9) -- pausing 3s for extra cleanup
    [swap-guard] 93.7% swap used (batch 9/9) -- pausing 3s for extra cleanup
    [swap-guard] 93.7% swap used (epoch end) -- pausing 3s for extra cleanup
    [swap-guard] 93.7% swap used (fold 3 epoch 23 val) -- pausing 3s for extra cleanup
  Ep  23/200  loss=0.6349  AUC=0.7035  AP=0.7335  smoothAUC=0.7021  (24.5s)
    batch 1/9
    [swap-guard] 93.8% swap used (batch 3/9) -- pausing 3s for extra cleanup
    batch 6/9
    [swap-guard] 94.0% swap used (batch 6/9) -- pausing 3s for extra cleanup
  Ep  24/200  loss=0.6148  AUC=0.7185  AP=0.7427  smoothAUC=0.7084  (15.2s)
  ✓ Fold 3 new best smoothed AUC=0.7084  saved.
    batch 1/9
    batch 6/9
  Ep  25/200  loss=0.5995  AUC=0.7000  AP=0.7311  smoothAUC=0.7073  (6.3s)
    batch 1/9
    batch 6/9
  Ep  26/200  loss=0.6032  AUC=0.6949  AP=0.7234  smoothAUC=0.7045  (8.8s)
    batch 1/9
    batch 6/9
  Ep  27/200  loss=0.5952  AUC=0.7135  AP=0.7362  smoothAUC=0.7028  (7.0s)
    batch 1/9
    batch 6/9
  Ep  28/200  loss=0.5523  AUC=0.7070  AP=0.7343  smoothAUC=0.7051  (6.8s)
    batch 1/9
    batch 6/9
  Ep  29/200  loss=0.5585  AUC=0.7028  AP=0.7304  smoothAUC=0.7078  (7.3s)
    batch 1/9
    batch 6/9
  Ep  30/200  loss=0.5665  AUC=0.7086  AP=0.7358  smoothAUC=0.7062  (8.2s)
    batch 1/9
    batch 6/9
  Ep  31/200  loss=0.5324  AUC=0.7260  AP=0.7441  smoothAUC=0.7125  (7.2s)
  ✓ Fold 3 new best smoothed AUC=0.7125  saved.
    batch 1/9
    batch 6/9
  Ep  32/200  loss=0.5160  AUC=0.7257  AP=0.7471  smoothAUC=0.7201  (8.1s)
  ✓ Fold 3 new best smoothed AUC=0.7201  saved.
    batch 1/9
    batch 6/9
  Ep  33/200  loss=0.5550  AUC=0.7160  AP=0.7488  smoothAUC=0.7226  (7.5s)
  ✓ Fold 3 new best smoothed AUC=0.7226  saved.
    batch 1/9
    batch 6/9
  Ep  34/200  loss=0.5189  AUC=0.7151  AP=0.7298  smoothAUC=0.7189  (11.1s)
    batch 1/9
    batch 6/9
  Ep  35/200  loss=0.5254  AUC=0.7184  AP=0.7303  smoothAUC=0.7165  (9.1s)
    batch 1/9
    batch 6/9
  Ep  36/200  loss=0.5139  AUC=0.7128  AP=0.7454  smoothAUC=0.7154  (9.4s)
    batch 1/9
    batch 6/9
  Ep  37/200  loss=0.4713  AUC=0.7249  AP=0.7545  smoothAUC=0.7187  (6.2s)
    batch 1/9
    batch 6/9
  Ep  38/200  loss=0.4647  AUC=0.7283  AP=0.7501  smoothAUC=0.7220  (9.9s)
    batch 1/9
    batch 6/9
    [swap-guard] 90.5% swap used (batch 6/9) -- pausing 3s for extra cleanup
    [swap-guard] 90.5% swap used (batch 9/9) -- pausing 3s for extra cleanup
    [swap-guard] 90.5% swap used (epoch end) -- pausing 3s for extra cleanup
    [swap-guard] 90.5% swap used (fold 3 epoch 39 val) -- pausing 3s for extra cleanup
  Ep  39/200  loss=0.4767  AUC=0.7067  AP=0.7416  smoothAUC=0.7200  (23.5s)
    batch 1/9
    [swap-guard] 90.9% swap used (batch 3/9) -- pausing 3s for extra cleanup
    batch 6/9
    [swap-guard] 91.2% swap used (batch 6/9) -- pausing 3s for extra cleanup
    [swap-guard] 91.2% swap used (batch 9/9) -- pausing 3s for extra cleanup
    [swap-guard] 91.2% swap used (epoch end) -- pausing 3s for extra cleanup
    [swap-guard] 91.2% swap used (fold 3 epoch 40 val) -- pausing 3s for extra cleanup
  Ep  40/200  loss=0.4160  AUC=0.7117  AP=0.7318  smoothAUC=0.7156  (26.3s)
    batch 1/9
    [swap-guard] 91.5% swap used (batch 3/9) -- pausing 3s for extra cleanup
    batch 6/9
    [swap-guard] 92.3% swap used (batch 6/9) -- pausing 3s for extra cleanup
    [swap-guard] 92.5% swap used (batch 9/9) -- pausing 3s for extra cleanup
    [swap-guard] 92.5% swap used (epoch end) -- pausing 3s for extra cleanup
    [swap-guard] 92.5% swap used (fold 3 epoch 41 val) -- pausing 3s for extra cleanup
  Ep  41/200  loss=0.4093  AUC=0.7226  AP=0.7468  smoothAUC=0.7137  (27.4s)
    batch 1/9
    [swap-guard] 92.5% swap used (batch 3/9) -- pausing 3s for extra cleanup
    batch 6/9
    [swap-guard] 92.8% swap used (batch 6/9) -- pausing 3s for extra cleanup
    [swap-guard] 93.1% swap used (batch 9/9) -- pausing 3s for extra cleanup
    [swap-guard] 93.1% swap used (epoch end) -- pausing 3s for extra cleanup
    [swap-guard] 93.1% swap used (fold 3 epoch 42 val) -- pausing 3s for extra cleanup
  Ep  42/200  loss=0.4075  AUC=0.7216  AP=0.7505  smoothAUC=0.7186  (27.4s)
    batch 1/9
    [swap-guard] 93.2% swap used (batch 3/9) -- pausing 3s for extra cleanup
    batch 6/9
    [swap-guard] 93.7% swap used (batch 6/9) -- pausing 3s for extra cleanup
    [swap-guard] 93.8% swap used (batch 9/9) -- pausing 3s for extra cleanup
    [swap-guard] 93.7% swap used (epoch end) -- pausing 3s for extra cleanup
    [swap-guard] 93.7% swap used (fold 3 epoch 43 val) -- pausing 3s for extra cleanup
  Ep  43/200  loss=0.4235  AUC=0.7299  AP=0.7570  smoothAUC=0.7247  (26.3s)
  ✓ Fold 3 new best smoothed AUC=0.7247  saved.
    batch 1/9
    [swap-guard] 93.7% swap used (batch 3/9) -- pausing 3s for extra cleanup
    batch 6/9
    [swap-guard] 94.1% swap used (batch 6/9) -- pausing 3s for extra cleanup
    [swap-guard] 94.3% swap used (batch 9/9) -- pausing 3s for extra cleanup
    [swap-guard] 94.3% swap used (epoch end) -- pausing 3s for extra cleanup
    [swap-guard] 94.3% swap used (fold 3 epoch 44 val) -- pausing 3s for extra cleanup
  Ep  44/200  loss=0.4174  AUC=0.7147  AP=0.7409  smoothAUC=0.7221  (26.2s)
    batch 1/9
    [swap-guard] 94.7% swap used (batch 3/9) -- pausing 3s for extra cleanup
    batch 6/9
    [swap-guard] 94.8% swap used (batch 6/9) -- pausing 3s for extra cleanup
    [swap-guard] 95.2% swap used (batch 9/9) -- pausing 3s for extra cleanup
    [swap-guard] 95.2% swap used (epoch end) -- pausing 3s for extra cleanup
    [swap-guard] 95.2% swap used (fold 3 epoch 45 val) -- pausing 3s for extra cleanup
  Ep  45/200  loss=0.3966  AUC=0.7148  AP=0.7367  smoothAUC=0.7198  (27.4s)
    batch 1/9
    [swap-guard] 95.4% swap used (batch 3/9) -- pausing 3s for extra cleanup
    batch 6/9
  Ep  46/200  loss=0.3629  AUC=0.7268  AP=0.7534  smoothAUC=0.7188  (14.8s)
    batch 1/9
    batch 6/9
  Ep  47/200  loss=0.3547  AUC=0.7212  AP=0.7461  smoothAUC=0.7209  (12.0s)
    batch 1/9
    batch 6/9
  Ep  48/200  loss=0.3663  AUC=0.7264  AP=0.7466  smoothAUC=0.7248  (11.1s)
  ✓ Fold 3 new best smoothed AUC=0.7248  saved.
    batch 1/9
    batch 6/9
  Ep  49/200  loss=0.3574  AUC=0.7375  AP=0.7642  smoothAUC=0.7284  (10.9s)
  ✓ Fold 3 new best smoothed AUC=0.7284  saved.
    batch 1/9
    batch 6/9
  Ep  50/200  loss=0.3878  AUC=0.7270  AP=0.7551  smoothAUC=0.7303  (12.5s)
  ✓ Fold 3 new best smoothed AUC=0.7303  saved.
    batch 1/9
    batch 6/9
  Ep  51/200  loss=0.3606  AUC=0.7305  AP=0.7564  smoothAUC=0.7317  (13.8s)
  ✓ Fold 3 new best smoothed AUC=0.7317  saved.
    batch 1/9
    batch 6/9
  Ep  52/200  loss=0.3513  AUC=0.7247  AP=0.7489  smoothAUC=0.7274  (12.5s)
    batch 1/9
    batch 6/9
  Ep  53/200  loss=0.3423  AUC=0.7425  AP=0.7685  smoothAUC=0.7326  (12.3s)
  ✓ Fold 3 new best smoothed AUC=0.7326  saved.
    batch 1/9
    batch 6/9
  Ep  54/200  loss=0.3421  AUC=0.7372  AP=0.7658  smoothAUC=0.7348  (13.3s)
  ✓ Fold 3 new best smoothed AUC=0.7348  saved.
    batch 1/9
    batch 6/9
  Ep  55/200  loss=0.3409  AUC=0.7323  AP=0.7651  smoothAUC=0.7373  (10.6s)
  ✓ Fold 3 new best smoothed AUC=0.7373  saved.
    batch 1/9
    batch 6/9
  Ep  56/200  loss=0.3576  AUC=0.7270  AP=0.7626  smoothAUC=0.7322  (18.0s)
    batch 1/9
    batch 6/9
  Ep  57/200  loss=0.3367  AUC=0.7241  AP=0.7507  smoothAUC=0.7278  (17.2s)
    batch 1/9
    batch 6/9
  Ep  58/200  loss=0.3577  AUC=0.7278  AP=0.7555  smoothAUC=0.7263  (14.9s)
    batch 1/9
    [swap-guard] 90.5% swap used (batch 3/9) -- pausing 3s for extra cleanup
    batch 6/9
    [swap-guard] 90.5% swap used (batch 6/9) -- pausing 3s for extra cleanup
    [swap-guard] 90.5% swap used (batch 9/9) -- pausing 3s for extra cleanup
    [swap-guard] 90.5% swap used (epoch end) -- pausing 3s for extra cleanup
    [swap-guard] 90.5% swap used (fold 3 epoch 59 val) -- pausing 3s for extra cleanup
  Ep  59/200  loss=0.3606  AUC=0.7358  AP=0.7641  smoothAUC=0.7292  (31.2s)
    batch 1/9
    [swap-guard] 90.9% swap used (batch 3/9) -- pausing 3s for extra cleanup
    batch 6/9
    [swap-guard] 90.7% swap used (batch 6/9) -- pausing 3s for extra cleanup
    [swap-guard] 90.8% swap used (batch 9/9) -- pausing 3s for extra cleanup
    [swap-guard] 90.8% swap used (epoch end) -- pausing 3s for extra cleanup
    [swap-guard] 90.8% swap used (fold 3 epoch 60 val) -- pausing 3s for extra cleanup
  Ep  60/200  loss=0.3232  AUC=0.7321  AP=0.7599  smoothAUC=0.7319  (29.0s)
    batch 1/9
    [swap-guard] 91.3% swap used (batch 3/9) -- pausing 3s for extra cleanup
    batch 6/9
    [swap-guard] 91.3% swap used (batch 6/9) -- pausing 3s for extra cleanup
    [swap-guard] 91.3% swap used (batch 9/9) -- pausing 3s for extra cleanup
    [swap-guard] 91.3% swap used (epoch end) -- pausing 3s for extra cleanup
    [swap-guard] 91.3% swap used (fold 3 epoch 61 val) -- pausing 3s for extra cleanup
  Ep  61/200  loss=0.3088  AUC=0.7284  AP=0.7609  smoothAUC=0.7321  (31.8s)
    batch 1/9
    [swap-guard] 91.8% swap used (batch 3/9) -- pausing 3s for extra cleanup
    batch 6/9
    [swap-guard] 92.0% swap used (batch 6/9) -- pausing 3s for extra cleanup
    [swap-guard] 92.0% swap used (batch 9/9) -- pausing 3s for extra cleanup
    [swap-guard] 92.0% swap used (epoch end) -- pausing 3s for extra cleanup
    [swap-guard] 92.0% swap used (fold 3 epoch 62 val) -- pausing 3s for extra cleanup
  Ep  62/200  loss=0.3252  AUC=0.7217  AP=0.7504  smoothAUC=0.7274  (32.5s)
    batch 1/9
    [swap-guard] 92.4% swap used (batch 3/9) -- pausing 3s for extra cleanup
    batch 6/9
    [swap-guard] 92.0% swap used (batch 6/9) -- pausing 3s for extra cleanup
    [swap-guard] 92.8% swap used (batch 9/9) -- pausing 3s for extra cleanup
    [swap-guard] 92.8% swap used (epoch end) -- pausing 3s for extra cleanup
    [swap-guard] 92.8% swap used (fold 3 epoch 63 val) -- pausing 3s for extra cleanup
  Ep  63/200  loss=0.3294  AUC=0.7199  AP=0.7502  smoothAUC=0.7233  (29.9s)
    batch 1/9
    [swap-guard] 93.0% swap used (batch 3/9) -- pausing 3s for extra cleanup
    batch 6/9
    [swap-guard] 93.0% swap used (batch 6/9) -- pausing 3s for extra cleanup
    [swap-guard] 93.4% swap used (batch 9/9) -- pausing 3s for extra cleanup
    [swap-guard] 93.4% swap used (epoch end) -- pausing 3s for extra cleanup
    [swap-guard] 93.4% swap used (fold 3 epoch 64 val) -- pausing 3s for extra cleanup
  Ep  64/200  loss=0.3301  AUC=0.7157  AP=0.7402  smoothAUC=0.7191  (33.4s)
    batch 1/9
    [swap-guard] 93.6% swap used (batch 3/9) -- pausing 3s for extra cleanup
    batch 6/9
    [swap-guard] 93.8% swap used (batch 6/9) -- pausing 3s for extra cleanup
    [swap-guard] 93.8% swap used (batch 9/9) -- pausing 3s for extra cleanup
    [swap-guard] 93.8% swap used (epoch end) -- pausing 3s for extra cleanup
    [swap-guard] 93.8% swap used (fold 3 epoch 65 val) -- pausing 3s for extra cleanup
  Ep  65/200  loss=0.3308  AUC=0.7178  AP=0.7495  smoothAUC=0.7178  (33.6s)
    batch 1/9
    [swap-guard] 93.8% swap used (batch 3/9) -- pausing 3s for extra cleanup
    batch 6/9
    [swap-guard] 94.2% swap used (batch 6/9) -- pausing 3s for extra cleanup
    [swap-guard] 94.4% swap used (batch 9/9) -- pausing 3s for extra cleanup
    [swap-guard] 94.4% swap used (epoch end) -- pausing 3s for extra cleanup
    [swap-guard] 94.4% swap used (fold 3 epoch 66 val) -- pausing 3s for extra cleanup
  Ep  66/200  loss=0.3272  AUC=0.7199  AP=0.7448  smoothAUC=0.7178  (30.8s)
    batch 1/9
    [swap-guard] 94.5% swap used (batch 3/9) -- pausing 3s for extra cleanup
    batch 6/9
    [swap-guard] 94.6% swap used (batch 6/9) -- pausing 3s for extra cleanup
    [swap-guard] 94.9% swap used (batch 9/9) -- pausing 3s for extra cleanup
    [swap-guard] 94.9% swap used (epoch end) -- pausing 3s for extra cleanup
    [swap-guard] 94.9% swap used (fold 3 epoch 67 val) -- pausing 3s for extra cleanup
  Ep  67/200  loss=0.2930  AUC=0.7209  AP=0.7458  smoothAUC=0.7195  (31.9s)
    batch 1/9
    [swap-guard] 95.2% swap used (batch 3/9) -- pausing 3s for extra cleanup
    batch 6/9
    [swap-guard] 95.4% swap used (batch 6/9) -- pausing 3s for extra cleanup
    [swap-guard] 95.6% swap used (batch 9/9) -- pausing 3s for extra cleanup
    [swap-guard] 95.6% swap used (epoch end) -- pausing 3s for extra cleanup
    [swap-guard] 95.6% swap used (fold 3 epoch 68 val) -- pausing 3s for extra cleanup
  Ep  68/200  loss=0.2839  AUC=0.7272  AP=0.7545  smoothAUC=0.7226  (31.6s)
    batch 1/9
    [swap-guard] 95.7% swap used (batch 3/9) -- pausing 3s for extra cleanup
    batch 6/9
    [swap-guard] 95.7% swap used (batch 6/9) -- pausing 3s for extra cleanup
    [swap-guard] 95.9% swap used (batch 9/9) -- pausing 3s for extra cleanup
    [swap-guard] 95.9% swap used (epoch end) -- pausing 3s for extra cleanup
    [swap-guard] 95.9% swap used (fold 3 epoch 69 val) -- pausing 3s for extra cleanup
  Ep  69/200  loss=0.2987  AUC=0.7344  AP=0.7667  smoothAUC=0.7275  (32.7s)
    batch 1/9
    [swap-guard] 96.4% swap used (batch 3/9) -- pausing 3s for extra cleanup
    batch 6/9
    [swap-guard] 96.2% swap used (batch 6/9) -- pausing 3s for extra cleanup
    [swap-guard] 96.3% swap used (batch 9/9) -- pausing 3s for extra cleanup
    [swap-guard] 96.3% swap used (epoch end) -- pausing 3s for extra cleanup
    [swap-guard] 96.3% swap used (fold 3 epoch 70 val) -- pausing 3s for extra cleanup
  Ep  70/200  loss=0.2899  AUC=0.7344  AP=0.7618  smoothAUC=0.7320  (34.8s)
    batch 1/9
    batch 6/9
  Ep  71/200  loss=0.3110  AUC=0.7232  AP=0.7549  smoothAUC=0.7307  (18.7s)
    batch 1/9
    batch 6/9
  Ep  72/200  loss=0.2841  AUC=0.7243  AP=0.7595  smoothAUC=0.7273  (17.0s)
    batch 1/9
    batch 6/9
  Ep  73/200  loss=0.2628  AUC=0.7330  AP=0.7687  smoothAUC=0.7268  (15.8s)
    batch 1/9
    batch 6/9
  Ep  74/200  loss=0.2557  AUC=0.7347  AP=0.7665  smoothAUC=0.7307  (12.6s)
    batch 1/9
    batch 6/9
  Ep  75/200  loss=0.2658  AUC=0.7317  AP=0.7624  smoothAUC=0.7331  (18.3s)

  Early stopping at epoch 75.

  Fold 3 test — AUC=0.6897  AP=0.7270  (random=0.5000)

=======================================================
  FOLD 4 / 5
=======================================================
/Users/mbp/Documents/MTECH/Sem4/Individual_project/AI_Assisted_3D_Assembly_Design/AI-Assisted-3D-Assembly-Design/.venv/lib/python3.12/site-packages/torch_geometric/transforms/base_transform.py:32: UserWarning: There are not enough negative edges to satisfy the provided sampling ratio. The ratio will be adjusted to 0.00.
  return self.forward(copy.copy(data))
    [DIAG] graph 44: 2 nodes, 2 dir-edges, 1 pos, requested 1 neg but only 0 possible
    [DIAG] graph 60: 2 nodes, 2 dir-edges, 1 pos, requested 1 neg but only 0 possible
    [DIAG] graph 63: 2 nodes, 2 dir-edges, 1 pos, requested 1 neg but only 0 possible
    [DIAG] graph 71: 2 nodes, 2 dir-edges, 1 pos, requested 1 neg but only 0 possible
    [DIAG] graph 119: 2 nodes, 2 dir-edges, 1 pos, requested 1 neg but only 0 possible
  Fold 4/5 — train: 137  val: 34  test: 21
Model built on mps  |  total params: 1,209,553
    batch 1/9
    batch 6/9
  Ep   1/200  loss=1.5271  AUC=0.6488  AP=0.6326  smoothAUC=0.6488  (19.6s)
  ✓ Fold 4 new best smoothed AUC=0.6488  saved.
    batch 1/9
    batch 6/9
  Ep   2/200  loss=1.4477  AUC=0.6845  AP=0.6680  smoothAUC=0.6666  (18.2s)
  ✓ Fold 4 new best smoothed AUC=0.6666  saved.
    batch 1/9
    batch 6/9
  Ep   3/200  loss=1.3352  AUC=0.6526  AP=0.6420  smoothAUC=0.6619  (17.4s)
    batch 1/9
    batch 6/9
  Ep   4/200  loss=1.2557  AUC=0.6558  AP=0.6560  smoothAUC=0.6643  (15.7s)
    batch 1/9
    batch 6/9
  Ep   5/200  loss=1.1910  AUC=0.6925  AP=0.6843  smoothAUC=0.6670  (18.1s)
  ✓ Fold 4 new best smoothed AUC=0.6670  saved.
    batch 1/9
    batch 6/9
  Ep   6/200  loss=1.1389  AUC=0.6857  AP=0.7073  smoothAUC=0.6780  (17.6s)
  ✓ Fold 4 new best smoothed AUC=0.6780  saved.
    batch 1/9
    [swap-guard] 90.0% swap used (batch 3/9) -- pausing 3s for extra cleanup
    batch 6/9
    [swap-guard] 90.2% swap used (batch 6/9) -- pausing 3s for extra cleanup
    [swap-guard] 90.3% swap used (batch 9/9) -- pausing 3s for extra cleanup
    [swap-guard] 90.3% swap used (epoch end) -- pausing 3s for extra cleanup
    [swap-guard] 90.3% swap used (fold 4 epoch 7 val) -- pausing 3s for extra cleanup
  Ep   7/200  loss=1.0765  AUC=0.6758  AP=0.7016  smoothAUC=0.6847  (31.7s)
  ✓ Fold 4 new best smoothed AUC=0.6847  saved.
    batch 1/9
    [swap-guard] 90.5% swap used (batch 3/9) -- pausing 3s for extra cleanup
    batch 6/9
    [swap-guard] 90.6% swap used (batch 6/9) -- pausing 3s for extra cleanup
    [swap-guard] 90.9% swap used (batch 9/9) -- pausing 3s for extra cleanup
    [swap-guard] 90.9% swap used (epoch end) -- pausing 3s for extra cleanup
    [swap-guard] 90.9% swap used (fold 4 epoch 8 val) -- pausing 3s for extra cleanup
  Ep   8/200  loss=1.0643  AUC=0.6887  AP=0.7088  smoothAUC=0.6834  (34.6s)
    batch 1/9
    [swap-guard] 91.0% swap used (batch 3/9) -- pausing 3s for extra cleanup
    batch 6/9
    [swap-guard] 91.2% swap used (batch 6/9) -- pausing 3s for extra cleanup
    [swap-guard] 91.4% swap used (batch 9/9) -- pausing 3s for extra cleanup
    [swap-guard] 91.4% swap used (epoch end) -- pausing 3s for extra cleanup
    [swap-guard] 91.4% swap used (fold 4 epoch 9 val) -- pausing 3s for extra cleanup
  Ep   9/200  loss=1.0293  AUC=0.6949  AP=0.7118  smoothAUC=0.6865  (34.6s)
  ✓ Fold 4 new best smoothed AUC=0.6865  saved.
    batch 1/9
    [swap-guard] 91.6% swap used (batch 3/9) -- pausing 3s for extra cleanup
    batch 6/9
    [swap-guard] 91.7% swap used (batch 6/9) -- pausing 3s for extra cleanup
    [swap-guard] 92.2% swap used (batch 9/9) -- pausing 3s for extra cleanup
    [swap-guard] 92.2% swap used (epoch end) -- pausing 3s for extra cleanup
    [swap-guard] 92.2% swap used (fold 4 epoch 10 val) -- pausing 3s for extra cleanup
  Ep  10/200  loss=0.9940  AUC=0.6916  AP=0.7038  smoothAUC=0.6917  (32.9s)
  ✓ Fold 4 new best smoothed AUC=0.6917  saved.
    batch 1/9
    [swap-guard] 92.3% swap used (batch 3/9) -- pausing 3s for extra cleanup
    batch 6/9
    [swap-guard] 92.3% swap used (batch 6/9) -- pausing 3s for extra cleanup
    [swap-guard] 92.6% swap used (batch 9/9) -- pausing 3s for extra cleanup
    [swap-guard] 92.6% swap used (epoch end) -- pausing 3s for extra cleanup
    [swap-guard] 92.6% swap used (fold 4 epoch 11 val) -- pausing 3s for extra cleanup
  Ep  11/200  loss=0.9582  AUC=0.6999  AP=0.7174  smoothAUC=0.6955  (33.5s)
  ✓ Fold 4 new best smoothed AUC=0.6955  saved.
    batch 1/9
    [swap-guard] 92.5% swap used (batch 3/9) -- pausing 3s for extra cleanup
    batch 6/9
    [swap-guard] 92.8% swap used (batch 6/9) -- pausing 3s for extra cleanup
    [swap-guard] 92.9% swap used (batch 9/9) -- pausing 3s for extra cleanup
    [swap-guard] 92.9% swap used (epoch end) -- pausing 3s for extra cleanup
    [swap-guard] 92.9% swap used (fold 4 epoch 12 val) -- pausing 3s for extra cleanup
  Ep  12/200  loss=0.8975  AUC=0.6914  AP=0.7084  smoothAUC=0.6943  (30.5s)
    batch 1/9
    [swap-guard] 93.8% swap used (batch 3/9) -- pausing 3s for extra cleanup
    batch 6/9
    [swap-guard] 93.6% swap used (batch 6/9) -- pausing 3s for extra cleanup
    [swap-guard] 93.7% swap used (batch 9/9) -- pausing 3s for extra cleanup
    [swap-guard] 93.7% swap used (epoch end) -- pausing 3s for extra cleanup
    [swap-guard] 93.4% swap used (fold 4 epoch 13 val) -- pausing 3s for extra cleanup
  Ep  13/200  loss=0.8663  AUC=0.6828  AP=0.7021  smoothAUC=0.6914  (32.1s)
    batch 1/9
    [swap-guard] 94.5% swap used (batch 3/9) -- pausing 3s for extra cleanup
    batch 6/9
    [swap-guard] 94.4% swap used (batch 6/9) -- pausing 3s for extra cleanup
    [swap-guard] 94.3% swap used (batch 9/9) -- pausing 3s for extra cleanup
    [swap-guard] 94.2% swap used (epoch end) -- pausing 3s for extra cleanup
    [swap-guard] 94.2% swap used (fold 4 epoch 14 val) -- pausing 3s for extra cleanup
  Ep  14/200  loss=0.8550  AUC=0.7229  AP=0.7254  smoothAUC=0.6991  (33.4s)
  ✓ Fold 4 new best smoothed AUC=0.6991  saved.
    batch 1/9
    [swap-guard] 94.0% swap used (batch 3/9) -- pausing 3s for extra cleanup
    batch 6/9
    [swap-guard] 94.0% swap used (batch 6/9) -- pausing 3s for extra cleanup
    [swap-guard] 94.0% swap used (batch 9/9) -- pausing 3s for extra cleanup
    [swap-guard] 94.0% swap used (epoch end) -- pausing 3s for extra cleanup
    [swap-guard] 94.0% swap used (fold 4 epoch 15 val) -- pausing 3s for extra cleanup
  Ep  15/200  loss=0.8170  AUC=0.6894  AP=0.7249  smoothAUC=0.6984  (33.7s)
    batch 1/9
    [swap-guard] 95.2% swap used (batch 3/9) -- pausing 3s for extra cleanup
    batch 6/9
    [swap-guard] 95.1% swap used (batch 6/9) -- pausing 3s for extra cleanup
    [swap-guard] 95.1% swap used (batch 9/9) -- pausing 3s for extra cleanup
    [swap-guard] 95.1% swap used (epoch end) -- pausing 3s for extra cleanup
    [swap-guard] 95.1% swap used (fold 4 epoch 16 val) -- pausing 3s for extra cleanup
  Ep  16/200  loss=0.7931  AUC=0.7036  AP=0.7168  smoothAUC=0.7053  (34.9s)
  ✓ Fold 4 new best smoothed AUC=0.7053  saved.
    batch 1/9
    [swap-guard] 95.2% swap used (batch 3/9) -- pausing 3s for extra cleanup
    batch 6/9
    [swap-guard] 95.4% swap used (batch 6/9) -- pausing 3s for extra cleanup
    [swap-guard] 95.6% swap used (batch 9/9) -- pausing 3s for extra cleanup
    [swap-guard] 95.6% swap used (epoch end) -- pausing 3s for extra cleanup
    [swap-guard] 95.6% swap used (fold 4 epoch 17 val) -- pausing 3s for extra cleanup
  Ep  17/200  loss=0.7702  AUC=0.7068  AP=0.7386  smoothAUC=0.6999  (34.6s)
    batch 1/9
    [swap-guard] 95.7% swap used (batch 3/9) -- pausing 3s for extra cleanup
    batch 6/9
  Ep  18/200  loss=0.7331  AUC=0.6990  AP=0.7148  smoothAUC=0.7031  (23.0s)
    batch 1/9
    batch 6/9
  Ep  19/200  loss=0.7492  AUC=0.6870  AP=0.6986  smoothAUC=0.6976  (15.7s)
    batch 1/9
    batch 6/9
  Ep  20/200  loss=0.7221  AUC=0.7228  AP=0.7518  smoothAUC=0.7029  (15.9s)
    batch 1/9
    batch 6/9
  Ep  21/200  loss=0.7283  AUC=0.7167  AP=0.7249  smoothAUC=0.7089  (17.8s)
  ✓ Fold 4 new best smoothed AUC=0.7089  saved.
    batch 1/9
    batch 6/9
  Ep  22/200  loss=0.6907  AUC=0.7115  AP=0.7288  smoothAUC=0.7170  (19.0s)
  ✓ Fold 4 new best smoothed AUC=0.7170  saved.
    batch 1/9
    batch 6/9
  Ep  23/200  loss=0.6804  AUC=0.7199  AP=0.7317  smoothAUC=0.7160  (19.9s)
    batch 1/9
    batch 6/9
  Ep  24/200  loss=0.5933  AUC=0.7031  AP=0.7194  smoothAUC=0.7115  (17.0s)
    batch 1/9
    batch 6/9
  Ep  25/200  loss=0.6050  AUC=0.7358  AP=0.7525  smoothAUC=0.7196  (18.5s)
  ✓ Fold 4 new best smoothed AUC=0.7196  saved.
    batch 1/9
    batch 6/9
  Ep  26/200  loss=0.5602  AUC=0.7202  AP=0.7396  smoothAUC=0.7197  (18.8s)
  ✓ Fold 4 new best smoothed AUC=0.7197  saved.
    batch 1/9
    batch 6/9
    [swap-guard] 90.1% swap used (batch 6/9) -- pausing 3s for extra cleanup
    [swap-guard] 90.2% swap used (batch 9/9) -- pausing 3s for extra cleanup
    [swap-guard] 90.2% swap used (epoch end) -- pausing 3s for extra cleanup
    [swap-guard] 90.2% swap used (fold 4 epoch 27 val) -- pausing 3s for extra cleanup
  Ep  27/200  loss=0.5787  AUC=0.7139  AP=0.7339  smoothAUC=0.7233  (29.8s)
  ✓ Fold 4 new best smoothed AUC=0.7233  saved.
    batch 1/9
    [swap-guard] 90.1% swap used (batch 3/9) -- pausing 3s for extra cleanup
    batch 6/9
    [swap-guard] 90.3% swap used (batch 6/9) -- pausing 3s for extra cleanup
    [swap-guard] 90.2% swap used (batch 9/9) -- pausing 3s for extra cleanup
    [swap-guard] 90.2% swap used (epoch end) -- pausing 3s for extra cleanup
    [swap-guard] 90.2% swap used (fold 4 epoch 28 val) -- pausing 3s for extra cleanup
  Ep  28/200  loss=0.5049  AUC=0.7174  AP=0.7171  smoothAUC=0.7172  (27.1s)
    batch 1/9
    [swap-guard] 90.2% swap used (batch 3/9) -- pausing 3s for extra cleanup
    batch 6/9
    [swap-guard] 90.3% swap used (batch 6/9) -- pausing 3s for extra cleanup
    [swap-guard] 90.7% swap used (batch 9/9) -- pausing 3s for extra cleanup
    [swap-guard] 90.7% swap used (epoch end) -- pausing 3s for extra cleanup
    [swap-guard] 90.7% swap used (fold 4 epoch 29 val) -- pausing 3s for extra cleanup
  Ep  29/200  loss=0.5187  AUC=0.7153  AP=0.7209  smoothAUC=0.7155  (34.5s)
    batch 1/9
    [swap-guard] 90.7% swap used (batch 3/9) -- pausing 3s for extra cleanup
    batch 6/9
    [swap-guard] 90.9% swap used (batch 6/9) -- pausing 3s for extra cleanup
    [swap-guard] 90.9% swap used (batch 9/9) -- pausing 3s for extra cleanup
    [swap-guard] 90.9% swap used (epoch end) -- pausing 3s for extra cleanup
    [swap-guard] 90.8% swap used (fold 4 epoch 30 val) -- pausing 3s for extra cleanup
  Ep  30/200  loss=0.5480  AUC=0.6972  AP=0.6956  smoothAUC=0.7099  (32.9s)
    batch 1/9
    [swap-guard] 91.3% swap used (batch 3/9) -- pausing 3s for extra cleanup
    batch 6/9
    [swap-guard] 91.7% swap used (batch 6/9) -- pausing 3s for extra cleanup
    [swap-guard] 91.9% swap used (batch 9/9) -- pausing 3s for extra cleanup
    [swap-guard] 91.9% swap used (epoch end) -- pausing 3s for extra cleanup
    [swap-guard] 91.9% swap used (fold 4 epoch 31 val) -- pausing 3s for extra cleanup
  Ep  31/200  loss=0.5786  AUC=0.7139  AP=0.7175  smoothAUC=0.7088  (38.3s)
    batch 1/9
    [swap-guard] 91.9% swap used (batch 3/9) -- pausing 3s for extra cleanup
    batch 6/9
    [swap-guard] 92.0% swap used (batch 6/9) -- pausing 3s for extra cleanup
    [swap-guard] 92.2% swap used (batch 9/9) -- pausing 3s for extra cleanup
    [swap-guard] 92.2% swap used (epoch end) -- pausing 3s for extra cleanup
    [swap-guard] 92.2% swap used (fold 4 epoch 32 val) -- pausing 3s for extra cleanup
  Ep  32/200  loss=0.5186  AUC=0.7056  AP=0.7065  smoothAUC=0.7055  (31.4s)
    batch 1/9
    [swap-guard] 92.5% swap used (batch 3/9) -- pausing 3s for extra cleanup
    batch 6/9
    [swap-guard] 92.5% swap used (batch 6/9) -- pausing 3s for extra cleanup
    [swap-guard] 92.6% swap used (batch 9/9) -- pausing 3s for extra cleanup
    [swap-guard] 92.6% swap used (epoch end) -- pausing 3s for extra cleanup
    [swap-guard] 92.6% swap used (fold 4 epoch 33 val) -- pausing 3s for extra cleanup
  Ep  33/200  loss=0.5030  AUC=0.7160  AP=0.7266  smoothAUC=0.7118  (31.1s)
    batch 1/9
    [swap-guard] 92.9% swap used (batch 3/9) -- pausing 3s for extra cleanup
    batch 6/9
    [swap-guard] 93.2% swap used (batch 6/9) -- pausing 3s for extra cleanup
    [swap-guard] 93.4% swap used (batch 9/9) -- pausing 3s for extra cleanup
    [swap-guard] 93.4% swap used (epoch end) -- pausing 3s for extra cleanup
    [swap-guard] 93.4% swap used (fold 4 epoch 34 val) -- pausing 3s for extra cleanup
  Ep  34/200  loss=0.4230  AUC=0.7331  AP=0.7312  smoothAUC=0.7182  (40.4s)
    batch 1/9
    [swap-guard] 93.5% swap used (batch 3/9) -- pausing 3s for extra cleanup
    batch 6/9
    [swap-guard] 94.1% swap used (batch 6/9) -- pausing 3s for extra cleanup
    [swap-guard] 94.1% swap used (batch 9/9) -- pausing 3s for extra cleanup
    [swap-guard] 94.1% swap used (epoch end) -- pausing 3s for extra cleanup
    [swap-guard] 94.1% swap used (fold 4 epoch 35 val) -- pausing 3s for extra cleanup
  Ep  35/200  loss=0.4496  AUC=0.7039  AP=0.7194  smoothAUC=0.7177  (34.2s)
    batch 1/9
    [swap-guard] 94.1% swap used (batch 3/9) -- pausing 3s for extra cleanup
    batch 6/9
    [swap-guard] 94.3% swap used (batch 6/9) -- pausing 3s for extra cleanup
    [swap-guard] 94.2% swap used (batch 9/9) -- pausing 3s for extra cleanup
    [swap-guard] 94.2% swap used (epoch end) -- pausing 3s for extra cleanup
    [swap-guard] 94.2% swap used (fold 4 epoch 36 val) -- pausing 3s for extra cleanup
  Ep  36/200  loss=0.4006  AUC=0.6997  AP=0.7039  smoothAUC=0.7122  (34.6s)
    batch 1/9
    [swap-guard] 94.7% swap used (batch 3/9) -- pausing 3s for extra cleanup
    batch 6/9
    [swap-guard] 94.8% swap used (batch 6/9) -- pausing 3s for extra cleanup
    [swap-guard] 94.8% swap used (batch 9/9) -- pausing 3s for extra cleanup
    [swap-guard] 94.8% swap used (epoch end) -- pausing 3s for extra cleanup
    [swap-guard] 94.8% swap used (fold 4 epoch 37 val) -- pausing 3s for extra cleanup
  Ep  37/200  loss=0.3876  AUC=0.7005  AP=0.7114  smoothAUC=0.7013  (35.6s)
    batch 1/9
    [swap-guard] 95.0% swap used (batch 3/9) -- pausing 3s for extra cleanup
    batch 6/9
    [swap-guard] 95.3% swap used (batch 6/9) -- pausing 3s for extra cleanup
    [swap-guard] 95.3% swap used (batch 9/9) -- pausing 3s for extra cleanup
    [swap-guard] 95.3% swap used (epoch end) -- pausing 3s for extra cleanup
    [swap-guard] 95.3% swap used (fold 4 epoch 38 val) -- pausing 3s for extra cleanup
  Ep  38/200  loss=0.3517  AUC=0.7065  AP=0.7129  smoothAUC=0.7022  (36.7s)
    batch 1/9
    [swap-guard] 95.6% swap used (batch 3/9) -- pausing 3s for extra cleanup
    batch 6/9
    [swap-guard] 95.8% swap used (batch 6/9) -- pausing 3s for extra cleanup
    [swap-guard] 95.6% swap used (batch 9/9) -- pausing 3s for extra cleanup
    [swap-guard] 95.6% swap used (epoch end) -- pausing 3s for extra cleanup
    [swap-guard] 95.6% swap used (fold 4 epoch 39 val) -- pausing 3s for extra cleanup
  Ep  39/200  loss=0.3625  AUC=0.7148  AP=0.7303  smoothAUC=0.7073  (36.2s)
    batch 1/9
    [swap-guard] 95.9% swap used (batch 3/9) -- pausing 3s for extra cleanup
    batch 6/9
    [swap-guard] 96.2% swap used (batch 6/9) -- pausing 3s for extra cleanup
    [swap-guard] 96.2% swap used (batch 9/9) -- pausing 3s for extra cleanup
    [swap-guard] 96.2% swap used (epoch end) -- pausing 3s for extra cleanup
    [swap-guard] 96.2% swap used (fold 4 epoch 40 val) -- pausing 3s for extra cleanup
  Ep  40/200  loss=0.3154  AUC=0.7090  AP=0.7195  smoothAUC=0.7101  (35.7s)
    batch 1/9
    [swap-guard] 96.3% swap used (batch 3/9) -- pausing 3s for extra cleanup
    batch 6/9
    [swap-guard] 96.6% swap used (batch 6/9) -- pausing 3s for extra cleanup
    [swap-guard] 96.5% swap used (batch 9/9) -- pausing 3s for extra cleanup
    [swap-guard] 96.5% swap used (epoch end) -- pausing 3s for extra cleanup
    [swap-guard] 96.5% swap used (fold 4 epoch 41 val) -- pausing 3s for extra cleanup
  Ep  41/200  loss=0.3175  AUC=0.7069  AP=0.7223  smoothAUC=0.7102  (33.6s)
    batch 1/9
    batch 6/9
  Ep  42/200  loss=0.3357  AUC=0.7092  AP=0.7169  smoothAUC=0.7084  (20.8s)
    batch 1/9
    batch 6/9
  Ep  43/200  loss=0.3056  AUC=0.7090  AP=0.7201  smoothAUC=0.7084  (21.7s)
    batch 1/9
    batch 6/9
  Ep  44/200  loss=0.3010  AUC=0.6983  AP=0.7015  smoothAUC=0.7055  (19.3s)
    batch 1/9
    batch 6/9
  Ep  45/200  loss=0.3051  AUC=0.7069  AP=0.7166  smoothAUC=0.7047  (20.3s)
    batch 1/9
    batch 6/9
  Ep  46/200  loss=0.2887  AUC=0.7049  AP=0.7189  smoothAUC=0.7034  (20.1s)
    batch 1/9
    batch 6/9
    [swap-guard] 90.0% swap used (batch 6/9) -- pausing 3s for extra cleanup
    [swap-guard] 90.2% swap used (batch 9/9) -- pausing 3s for extra cleanup
    [swap-guard] 90.2% swap used (epoch end) -- pausing 3s for extra cleanup
    [swap-guard] 90.2% swap used (fold 4 epoch 47 val) -- pausing 3s for extra cleanup
  Ep  47/200  loss=0.2714  AUC=0.7003  AP=0.7082  smoothAUC=0.7041  (26.3s)

  Early stopping at epoch 47.

  Fold 4 test — AUC=0.6515  AP=0.6698  (random=0.5000)
    [swap-guard] 90.2% swap used (fold 4 boundary) -- pausing 3s for extra cleanup

=======================================================
  FOLD 5 / 5
=======================================================
/Users/mbp/Documents/MTECH/Sem4/Individual_project/AI_Assisted_3D_Assembly_Design/AI-Assisted-3D-Assembly-Design/.venv/lib/python3.12/site-packages/torch_geometric/transforms/base_transform.py:32: UserWarning: There are not enough negative edges to satisfy the provided sampling ratio. The ratio will be adjusted to 0.00.
  return self.forward(copy.copy(data))
    [DIAG] graph 44: 2 nodes, 2 dir-edges, 1 pos, requested 1 neg but only 0 possible
    [DIAG] graph 60: 2 nodes, 2 dir-edges, 1 pos, requested 1 neg but only 0 possible
    [DIAG] graph 63: 2 nodes, 2 dir-edges, 1 pos, requested 1 neg but only 0 possible
    [DIAG] graph 71: 2 nodes, 2 dir-edges, 1 pos, requested 1 neg but only 0 possible
    [DIAG] graph 119: 2 nodes, 2 dir-edges, 1 pos, requested 1 neg but only 0 possible
  Fold 5/5 — train: 137  val: 34  test: 21
Model built on mps  |  total params: 1,209,553
    batch 1/9
    batch 6/9
    [swap-guard] 90.4% swap used (batch 6/9) -- pausing 3s for extra cleanup
    [swap-guard] 90.7% swap used (batch 9/9) -- pausing 3s for extra cleanup
    [swap-guard] 90.7% swap used (epoch end) -- pausing 3s for extra cleanup
    [swap-guard] 90.7% swap used (fold 5 epoch 1 val) -- pausing 3s for extra cleanup
  Ep   1/200  loss=1.5861  AUC=0.5397  AP=0.5938  smoothAUC=0.5397  (34.1s)
  ✓ Fold 5 new best smoothed AUC=0.5397  saved.
    batch 1/9
    [swap-guard] 90.7% swap used (batch 3/9) -- pausing 3s for extra cleanup
    batch 6/9
    [swap-guard] 90.7% swap used (batch 6/9) -- pausing 3s for extra cleanup
    [swap-guard] 90.7% swap used (batch 9/9) -- pausing 3s for extra cleanup
    [swap-guard] 90.7% swap used (epoch end) -- pausing 3s for extra cleanup
    [swap-guard] 90.7% swap used (fold 5 epoch 2 val) -- pausing 3s for extra cleanup
  Ep   2/200  loss=1.4472  AUC=0.6713  AP=0.6869  smoothAUC=0.6055  (34.3s)
  ✓ Fold 5 new best smoothed AUC=0.6055  saved.
    batch 1/9
    [swap-guard] 90.7% swap used (batch 3/9) -- pausing 3s for extra cleanup
    batch 6/9
    [swap-guard] 91.0% swap used (batch 6/9) -- pausing 3s for extra cleanup
    [swap-guard] 90.9% swap used (batch 9/9) -- pausing 3s for extra cleanup
    [swap-guard] 90.9% swap used (epoch end) -- pausing 3s for extra cleanup
    [swap-guard] 90.9% swap used (fold 5 epoch 3 val) -- pausing 3s for extra cleanup
  Ep   3/200  loss=1.3417  AUC=0.7014  AP=0.7211  smoothAUC=0.6375  (36.3s)
  ✓ Fold 5 new best smoothed AUC=0.6375  saved.
    batch 1/9
    [swap-guard] 91.1% swap used (batch 3/9) -- pausing 3s for extra cleanup
    batch 6/9
    [swap-guard] 91.2% swap used (batch 6/9) -- pausing 3s for extra cleanup
    [swap-guard] 91.4% swap used (batch 9/9) -- pausing 3s for extra cleanup
    [swap-guard] 91.4% swap used (epoch end) -- pausing 3s for extra cleanup
    [swap-guard] 91.4% swap used (fold 5 epoch 4 val) -- pausing 3s for extra cleanup
  Ep   4/200  loss=1.2389  AUC=0.6995  AP=0.7238  smoothAUC=0.6908  (36.5s)
  ✓ Fold 5 new best smoothed AUC=0.6908  saved.
    batch 1/9
    [swap-guard] 91.4% swap used (batch 3/9) -- pausing 3s for extra cleanup
    batch 6/9
    [swap-guard] 91.5% swap used (batch 6/9) -- pausing 3s for extra cleanup
    [swap-guard] 91.7% swap used (batch 9/9) -- pausing 3s for extra cleanup
    [swap-guard] 91.7% swap used (epoch end) -- pausing 3s for extra cleanup
    [swap-guard] 91.7% swap used (fold 5 epoch 5 val) -- pausing 3s for extra cleanup
  Ep   5/200  loss=1.2154  AUC=0.7116  AP=0.7090  smoothAUC=0.7042  (32.3s)
  ✓ Fold 5 new best smoothed AUC=0.7042  saved.
    batch 1/9
    [swap-guard] 92.0% swap used (batch 3/9) -- pausing 3s for extra cleanup
    batch 6/9
    [swap-guard] 91.9% swap used (batch 6/9) -- pausing 3s for extra cleanup
    [swap-guard] 92.1% swap used (batch 9/9) -- pausing 3s for extra cleanup
    [swap-guard] 92.1% swap used (epoch end) -- pausing 3s for extra cleanup
    [swap-guard] 92.1% swap used (fold 5 epoch 6 val) -- pausing 3s for extra cleanup
  Ep   6/200  loss=1.1408  AUC=0.7497  AP=0.7497  smoothAUC=0.7203  (34.7s)
  ✓ Fold 5 new best smoothed AUC=0.7203  saved.
    batch 1/9
    [swap-guard] 92.2% swap used (batch 3/9) -- pausing 3s for extra cleanup
    batch 6/9
    [swap-guard] 92.7% swap used (batch 6/9) -- pausing 3s for extra cleanup
    [swap-guard] 92.7% swap used (batch 9/9) -- pausing 3s for extra cleanup
    [swap-guard] 92.7% swap used (epoch end) -- pausing 3s for extra cleanup
    [swap-guard] 92.7% swap used (fold 5 epoch 7 val) -- pausing 3s for extra cleanup
  Ep   7/200  loss=1.1129  AUC=0.7419  AP=0.7383  smoothAUC=0.7344  (37.3s)
  ✓ Fold 5 new best smoothed AUC=0.7344  saved.
    batch 1/9
    [swap-guard] 92.7% swap used (batch 3/9) -- pausing 3s for extra cleanup
    batch 6/9
    [swap-guard] 92.8% swap used (batch 6/9) -- pausing 3s for extra cleanup
    [swap-guard] 92.9% swap used (batch 9/9) -- pausing 3s for extra cleanup
    [swap-guard] 92.9% swap used (epoch end) -- pausing 3s for extra cleanup
    [swap-guard] 92.9% swap used (fold 5 epoch 8 val) -- pausing 3s for extra cleanup
  Ep   8/200  loss=1.0742  AUC=0.7338  AP=0.7481  smoothAUC=0.7418  (37.2s)
  ✓ Fold 5 new best smoothed AUC=0.7418  saved.
    batch 1/9
    [swap-guard] 93.1% swap used (batch 3/9) -- pausing 3s for extra cleanup
    batch 6/9
    [swap-guard] 93.4% swap used (batch 6/9) -- pausing 3s for extra cleanup
    [swap-guard] 93.4% swap used (batch 9/9) -- pausing 3s for extra cleanup
    [swap-guard] 93.4% swap used (epoch end) -- pausing 3s for extra cleanup
    [swap-guard] 93.4% swap used (fold 5 epoch 9 val) -- pausing 3s for extra cleanup
  Ep   9/200  loss=1.0020  AUC=0.7552  AP=0.7513  smoothAUC=0.7436  (37.3s)
  ✓ Fold 5 new best smoothed AUC=0.7436  saved.
    batch 1/9
    [swap-guard] 93.5% swap used (batch 3/9) -- pausing 3s for extra cleanup
    batch 6/9
    [swap-guard] 93.6% swap used (batch 6/9) -- pausing 3s for extra cleanup
    [swap-guard] 93.8% swap used (batch 9/9) -- pausing 3s for extra cleanup
    [swap-guard] 93.8% swap used (epoch end) -- pausing 3s for extra cleanup
    [swap-guard] 93.8% swap used (fold 5 epoch 10 val) -- pausing 3s for extra cleanup
  Ep  10/200  loss=1.0067  AUC=0.7570  AP=0.7578  smoothAUC=0.7487  (36.9s)
  ✓ Fold 5 new best smoothed AUC=0.7487  saved.
    batch 1/9
    [swap-guard] 94.0% swap used (batch 3/9) -- pausing 3s for extra cleanup
    batch 6/9
    [swap-guard] 93.9% swap used (batch 6/9) -- pausing 3s for extra cleanup
    [swap-guard] 94.1% swap used (batch 9/9) -- pausing 3s for extra cleanup
    [swap-guard] 94.1% swap used (epoch end) -- pausing 3s for extra cleanup
    [swap-guard] 94.1% swap used (fold 5 epoch 11 val) -- pausing 3s for extra cleanup
  Ep  11/200  loss=0.9835  AUC=0.7275  AP=0.7401  smoothAUC=0.7466  (37.3s)
    batch 1/9
    [swap-guard] 94.2% swap used (batch 3/9) -- pausing 3s for extra cleanup
    batch 6/9
    [swap-guard] 94.4% swap used (batch 6/9) -- pausing 3s for extra cleanup
    [swap-guard] 94.7% swap used (batch 9/9) -- pausing 3s for extra cleanup
    [swap-guard] 94.7% swap used (epoch end) -- pausing 3s for extra cleanup
    [swap-guard] 94.7% swap used (fold 5 epoch 12 val) -- pausing 3s for extra cleanup
  Ep  12/200  loss=0.9344  AUC=0.7338  AP=0.7507  smoothAUC=0.7394  (37.0s)
    batch 1/9
    [swap-guard] 94.7% swap used (batch 3/9) -- pausing 3s for extra cleanup
    batch 6/9
    [swap-guard] 94.6% swap used (batch 6/9) -- pausing 3s for extra cleanup
    [swap-guard] 94.6% swap used (batch 9/9) -- pausing 3s for extra cleanup
    [swap-guard] 94.6% swap used (epoch end) -- pausing 3s for extra cleanup
    [swap-guard] 94.6% swap used (fold 5 epoch 13 val) -- pausing 3s for extra cleanup
  Ep  13/200  loss=0.9033  AUC=0.7450  AP=0.7555  smoothAUC=0.7354  (30.0s)
    batch 1/9
    [swap-guard] 94.9% swap used (batch 3/9) -- pausing 3s for extra cleanup
    batch 6/9
    [swap-guard] 95.3% swap used (batch 6/9) -- pausing 3s for extra cleanup
    [swap-guard] 95.3% swap used (batch 9/9) -- pausing 3s for extra cleanup
    [swap-guard] 95.3% swap used (epoch end) -- pausing 3s for extra cleanup
    [swap-guard] 95.3% swap used (fold 5 epoch 14 val) -- pausing 3s for extra cleanup
  Ep  14/200  loss=0.8672  AUC=0.7263  AP=0.7440  smoothAUC=0.7351  (38.2s)
    batch 1/9
    [swap-guard] 95.3% swap used (batch 3/9) -- pausing 3s for extra cleanup
    batch 6/9
    [swap-guard] 95.8% swap used (batch 6/9) -- pausing 3s for extra cleanup
    [swap-guard] 95.8% swap used (batch 9/9) -- pausing 3s for extra cleanup
    [swap-guard] 95.8% swap used (epoch end) -- pausing 3s for extra cleanup
    [swap-guard] 95.8% swap used (fold 5 epoch 15 val) -- pausing 3s for extra cleanup
  Ep  15/200  loss=0.8491  AUC=0.7249  AP=0.7440  smoothAUC=0.7321  (38.4s)
    batch 1/9
    [swap-guard] 95.8% swap used (batch 3/9) -- pausing 3s for extra cleanup
    batch 6/9
    [swap-guard] 95.9% swap used (batch 6/9) -- pausing 3s for extra cleanup
    [swap-guard] 96.2% swap used (batch 9/9) -- pausing 3s for extra cleanup
    [swap-guard] 96.2% swap used (epoch end) -- pausing 3s for extra cleanup
    [swap-guard] 96.2% swap used (fold 5 epoch 16 val) -- pausing 3s for extra cleanup
  Ep  16/200  loss=0.8150  AUC=0.7158  AP=0.7414  smoothAUC=0.7223  (37.2s)
    batch 1/9
    [swap-guard] 96.2% swap used (batch 3/9) -- pausing 3s for extra cleanup
    batch 6/9
    [swap-guard] 96.3% swap used (batch 6/9) -- pausing 3s for extra cleanup
    [swap-guard] 96.5% swap used (batch 9/9) -- pausing 3s for extra cleanup
    [swap-guard] 96.5% swap used (epoch end) -- pausing 3s for extra cleanup
    [swap-guard] 96.5% swap used (fold 5 epoch 17 val) -- pausing 3s for extra cleanup
  Ep  17/200  loss=0.8087  AUC=0.7146  AP=0.7165  smoothAUC=0.7184  (36.8s)
    batch 1/9
    [swap-guard] 97.3% swap used (batch 3/9) -- pausing 3s for extra cleanup
    batch 6/9
    [swap-guard] 97.3% swap used (batch 6/9) -- pausing 3s for extra cleanup
    [swap-guard] 97.5% swap used (batch 9/9) -- pausing 3s for extra cleanup
    [swap-guard] 97.5% swap used (epoch end) -- pausing 3s for extra cleanup
    [swap-guard] 97.5% swap used (fold 5 epoch 18 val) -- pausing 3s for extra cleanup
  Ep  18/200  loss=0.7533  AUC=0.7162  AP=0.7315  smoothAUC=0.7155  (37.4s)
    batch 1/9
    [swap-guard] 97.5% swap used (batch 3/9) -- pausing 3s for extra cleanup
    batch 6/9
  Ep  19/200  loss=0.7293  AUC=0.7149  AP=0.7326  smoothAUC=0.7152  (22.2s)
    batch 1/9
    batch 6/9
  Ep  20/200  loss=0.6899  AUC=0.7111  AP=0.7305  smoothAUC=0.7140  (21.7s)
    batch 1/9
    batch 6/9
  Ep  21/200  loss=0.6627  AUC=0.7175  AP=0.7284  smoothAUC=0.7145  (21.8s)
    batch 1/9
    batch 6/9
  Ep  22/200  loss=0.6521  AUC=0.7197  AP=0.7425  smoothAUC=0.7161  (22.7s)
    batch 1/9
    batch 6/9
    [swap-guard] 90.0% swap used (batch 9/9) -- pausing 3s for extra cleanup
    [swap-guard] 90.0% swap used (epoch end) -- pausing 3s for extra cleanup
    [swap-guard] 90.0% swap used (fold 5 epoch 23 val) -- pausing 3s for extra cleanup
  Ep  23/200  loss=0.6210  AUC=0.7151  AP=0.7342  smoothAUC=0.7174  (30.8s)
    batch 1/9
    [swap-guard] 90.2% swap used (batch 3/9) -- pausing 3s for extra cleanup
    batch 6/9
    [swap-guard] 90.4% swap used (batch 6/9) -- pausing 3s for extra cleanup
    [swap-guard] 90.5% swap used (batch 9/9) -- pausing 3s for extra cleanup
    [swap-guard] 90.5% swap used (epoch end) -- pausing 3s for extra cleanup
    [swap-guard] 90.5% swap used (fold 5 epoch 24 val) -- pausing 3s for extra cleanup
  Ep  24/200  loss=0.6109  AUC=0.7102  AP=0.7224  smoothAUC=0.7150  (37.9s)
    batch 1/9
    [swap-guard] 90.7% swap used (batch 3/9) -- pausing 3s for extra cleanup
    batch 6/9
    [swap-guard] 90.7% swap used (batch 6/9) -- pausing 3s for extra cleanup
    [swap-guard] 91.2% swap used (batch 9/9) -- pausing 3s for extra cleanup
    [swap-guard] 91.2% swap used (epoch end) -- pausing 3s for extra cleanup
    [swap-guard] 91.2% swap used (fold 5 epoch 25 val) -- pausing 3s for extra cleanup
  Ep  25/200  loss=0.5911  AUC=0.7123  AP=0.7143  smoothAUC=0.7125  (37.7s)
    batch 1/9
    [swap-guard] 91.2% swap used (batch 3/9) -- pausing 3s for extra cleanup
    batch 6/9
    [swap-guard] 91.3% swap used (batch 6/9) -- pausing 3s for extra cleanup
    [swap-guard] 91.3% swap used (batch 9/9) -- pausing 3s for extra cleanup
    [swap-guard] 91.3% swap used (epoch end) -- pausing 3s for extra cleanup
    [swap-guard] 91.3% swap used (fold 5 epoch 26 val) -- pausing 3s for extra cleanup
  Ep  26/200  loss=0.5702  AUC=0.6977  AP=0.7130  smoothAUC=0.7067  (35.7s)
    batch 1/9
    [swap-guard] 91.3% swap used (batch 3/9) -- pausing 3s for extra cleanup
    batch 6/9
    [swap-guard] 91.2% swap used (batch 6/9) -- pausing 3s for extra cleanup
    [swap-guard] 91.5% swap used (batch 9/9) -- pausing 3s for extra cleanup
    [swap-guard] 91.5% swap used (epoch end) -- pausing 3s for extra cleanup
    [swap-guard] 91.5% swap used (fold 5 epoch 27 val) -- pausing 3s for extra cleanup
  Ep  27/200  loss=0.5525  AUC=0.6879  AP=0.7102  smoothAUC=0.6993  (39.7s)
    batch 1/9
    [swap-guard] 91.8% swap used (batch 3/9) -- pausing 3s for extra cleanup
    batch 6/9
    [swap-guard] 92.0% swap used (batch 6/9) -- pausing 3s for extra cleanup
    [swap-guard] 91.9% swap used (batch 9/9) -- pausing 3s for extra cleanup
    [swap-guard] 91.9% swap used (epoch end) -- pausing 3s for extra cleanup
    [swap-guard] 91.9% swap used (fold 5 epoch 28 val) -- pausing 3s for extra cleanup
  Ep  28/200  loss=0.5287  AUC=0.6940  AP=0.7116  smoothAUC=0.6932  (40.9s)
    batch 1/9
    [swap-guard] 91.9% swap used (batch 3/9) -- pausing 3s for extra cleanup
    batch 6/9
    [swap-guard] 92.1% swap used (batch 6/9) -- pausing 3s for extra cleanup
    [swap-guard] 92.0% swap used (batch 9/9) -- pausing 3s for extra cleanup
    [swap-guard] 92.0% swap used (epoch end) -- pausing 3s for extra cleanup
    [swap-guard] 92.0% swap used (fold 5 epoch 29 val) -- pausing 3s for extra cleanup
  Ep  29/200  loss=0.5332  AUC=0.6852  AP=0.7066  smoothAUC=0.6890  (39.2s)
    batch 1/9
    [swap-guard] 92.3% swap used (batch 3/9) -- pausing 3s for extra cleanup
    batch 6/9
    [swap-guard] 92.6% swap used (batch 6/9) -- pausing 3s for extra cleanup
    [swap-guard] 92.6% swap used (batch 9/9) -- pausing 3s for extra cleanup
    [swap-guard] 92.6% swap used (epoch end) -- pausing 3s for extra cleanup
    [swap-guard] 92.5% swap used (fold 5 epoch 30 val) -- pausing 3s for extra cleanup
  Ep  30/200  loss=0.5201  AUC=0.6940  AP=0.7140  smoothAUC=0.6910  (40.4s)

  Early stopping at epoch 30.

  Fold 5 test — AUC=0.6738  AP=0.7207  (random=0.5000)
    [swap-guard] 92.5% swap used (fold 5 boundary) -- pausing 3s for extra cleanup

=======================================================
  5-Fold CV Summary
=======================================================
  Fold 1: AUC=0.7027  AP=0.7038  (random=0.5000)
  Fold 2: AUC=0.6408  AP=0.6487  (random=0.5000)
  Fold 3: AUC=0.6897  AP=0.7270  (random=0.5000)
  Fold 4: AUC=0.6515  AP=0.6698  (random=0.5000)
  Fold 5: AUC=0.6738  AP=0.7207  (random=0.5000)
  ─────────────────────────────────────────
  Mean AUC        = 0.6717 ± 0.0258
  Mean AP         = 0.6940 ± 0.0337
  Mean random AP  = 0.5000 ± 0.0000  (chance baseline — AP lift over this is the real signal)
  Best overall fold: 5  (val AUC=0.7487)

[4/4] Final test evaluation (best_overall.pt) …
Model built on mps  |  total params: 1,209,553
/Users/mbp/Documents/MTECH/Sem4/Individual_project/AI_Assisted_3D_Assembly_Design/AI-Assisted-3D-Assembly-Design/.venv/lib/python3.12/site-packages/torch_geometric/transforms/base_transform.py:32: UserWarning: There are not enough negative edges to satisfy the provided sampling ratio. The ratio will be adjusted to 0.00.
  return self.forward(copy.copy(data))
    [DIAG] graph 44: 2 nodes, 2 dir-edges, 1 pos, requested 1 neg but only 0 possible
    [DIAG] graph 60: 2 nodes, 2 dir-edges, 1 pos, requested 1 neg but only 0 possible
    [DIAG] graph 63: 2 nodes, 2 dir-edges, 1 pos, requested 1 neg but only 0 possible
    [DIAG] graph 71: 2 nodes, 2 dir-edges, 1 pos, requested 1 neg but only 0 possible
    [DIAG] graph 119: 2 nodes, 2 dir-edges, 1 pos, requested 1 neg but only 0 possible
  Fold 5/5 — train: 137  val: 34  test: 21

  ── Test results (best overall model) ─────
     auc         : 0.6738
     ap          : 0.7207
     random_ap   : 0.5000

  Results saved        → results
  Best overall ckpt    → checkpoints/best_overall.pt
  Trained model export → ../trained_models/assembly_gnn_20260811_232427_auc07487.pt

  ⊘ Serving model NOT updated — incumbent (AUC=0.6765, AP-lift=0.1696) is at least as good as this run (AUC=0.6717, AP-lift=0.1940)

  Building assembly template cache …
  [TemplateDB] Built 7 category templates from 192 training assemblies.
    Bench Vice                                bodies≈22  dist={'long_shaft': 2, 'short_shaft': 2, 'thick_plate': 2, 'thin_plate': 3, 'bolt': 2, 'washer': 2, 'nut': 4, 'body': 12}
    C Clamps                                  bodies≈7  dist={'long_shaft': 1, 'short_shaft': 1, 'thick_plate': 1, 'thin_plate': 1, 'bolt': 1, 'washer': 1, 'nut': 2, 'body': 2}
    Crane Hook                                bodies≈40  dist={'long_shaft': 2, 'short_shaft': 3, 'thick_plate': 5, 'thin_plate': 2, 'bolt': 1, 'washer': 7, 'nut': 12, 'body': 7}
    Gate Valve                                bodies≈49  dist={'long_shaft': 2, 'short_shaft': 4, 'thick_plate': 2, 'thin_plate': 4, 'bolt': 4, 'washer': 3, 'nut': 18, 'body': 16}
    Pipe Vice                                 bodies≈8  dist={'long_shaft': 1, 'short_shaft': 1, 'thick_plate': 1, 'thin_plate': 2, 'bolt': 1, 'washer': 1, 'nut': 2, 'body': 4}
    Press Tool                                bodies≈14  dist={'long_shaft': 4, 'short_shaft': 4, 'thick_plate': 2, 'thin_plate': 18, 'bolt': 10, 'washer': 4, 'nut': 4, 'body': 5}
    Tool Post                                 bodies≈30  dist={'long_shaft': 2, 'short_shaft': 8, 'thick_plate': 2, 'thin_plate': 1, 'bolt': 8, 'washer': 2, 'nut': 2, 'body': 11}
  [TemplateDB] Saved 7 templates → data/assembly_templates.json
