
[1/4] Loading dataset …
Processing...
  Category filter: ['Mechanical Engineering', 'Machine design', 'Automotive', 'Tools']
  306 STEP files after category filter
  Found 306 STEP file(s) in /Users/mbp/Documents/MTECH/Sem4/Individual_project/AI_Assisted_3D_Assembly_Design/AI-Assisted-3D-Assembly-Design/Source_3d_models
  Thresholds — nodes ≤ 20  edges ≤ 60  timeout 120s
  [1/306] Parsing: assembly.step
  [OK]  assembly.step — 7 nodes  4 edges  (4.1s)
  [2/306] Parsing: assembly.step
  [OK]  assembly.step — 5 nodes  4 edges  (4.5s)
  [3/306] Parsing: assembly.step
  [OK]  assembly.step — 3 nodes  2 edges  (9.2s)
  [4/306] Parsing: assembly.step
  [5/306] Parsing: assembly.step
  [OK]  assembly.step — 4 nodes  6 edges  (7.3s)
  [6/306] Parsing: assembly.step
  [OK]  assembly.step — 12 nodes  66 edges  (21.2s)
  [7/306] Parsing: assembly.step
  [OK]  assembly.step — 4 nodes  3 edges  (8.1s)
  [8/306] Parsing: assembly.step
  [9/306] Parsing: assembly.step
  [OK]  assembly.step — 7 nodes  8 edges  (17.1s)
  [10/306] Parsing: assembly.step
  [OK]  assembly.step — 3 nodes  3 edges  (3.5s)
  [11/306] Parsing: assembly.step
  [12/306] Parsing: assembly.step
  [OK]  assembly.step — 11 nodes  13 edges  (3.9s)
  [13/306] Parsing: assembly.step
  [OK]  assembly.step — 2 nodes  1 edges  (3.3s)
  [14/306] Parsing: assembly.step
  [15/306] Parsing: assembly.step
  [OK]  assembly.step — 27 nodes  30 edges  (11.9s)
  [16/306] Parsing: assembly.step
  [OK]  assembly.step — 11 nodes  10 edges  (5.2s)
  [17/306] Parsing: assembly.step
  [OK]  assembly.step — 6 nodes  4 edges  (28.2s)
  [18/306] Parsing: assembly.step
  [OK]  assembly.step — 4 nodes  2 edges  (8.7s)
  [19/306] Parsing: assembly.step
  [OK]  assembly.step — 28 nodes  25 edges  (5.5s)
  [20/306] Parsing: assembly.step
  [OK]  assembly.step — 2 nodes  1 edges  (27.5s)
  [21/306] Parsing: assembly.step
  [OK]  assembly.step — 19 nodes  22 edges  (4.9s)
  [22/306] Parsing: assembly.step
  [OK]  assembly.step — 2 nodes  1 edges  (3.3s)
  [23/306] Parsing: assembly.step
  [OK]  assembly.step — 19 nodes  22 edges  (5.2s)
  [24/306] Parsing: assembly.step
  [25/306] Parsing: assembly.step
  [OK]  assembly.step — 2 nodes  1 edges  (3.4s)
  [26/306] Parsing: assembly.step
  [OK]  assembly.step — 5 nodes  10 edges  (3.8s)
  [27/306] Parsing: assembly.step
  [OK]  assembly.step — 4 nodes  2 edges  (5.2s)
  [28/306] Parsing: assembly.step
  [OK]  assembly.step — 2 nodes  1 edges  (3.5s)
  [29/306] Parsing: assembly.step
  [OK]  assembly.step — 7 nodes  4 edges  (3.4s)
  [30/306] Parsing: assembly.step
  [OK]  assembly.step — 2 nodes  1 edges  (3.2s)
  [31/306] Parsing: assembly.step
  [OK]  assembly.step — 5 nodes  3 edges  (3.5s)
  [32/306] Parsing: assembly.step
  [OK]  assembly.step — 2 nodes  1 edges  (3.3s)
  [33/306] Parsing: assembly.step
  [OK]  assembly.step — 4 nodes  2 edges  (3.2s)
  [34/306] Parsing: assembly.step
  [OK]  assembly.step — 11 nodes  8 edges  (14.9s)
  [35/306] Parsing: assembly.step
  [OK]  assembly.step — 5 nodes  4 edges  (4.7s)
  [36/306] Parsing: assembly.step
  [37/306] Parsing: assembly.step
  [OK]  assembly.step — 7 nodes  2 edges  (4.4s)
  [38/306] Parsing: assembly.step
  [OK]  assembly.step — 6 nodes  9 edges  (8.8s)
  [39/306] Parsing: assembly.step
  [OK]  assembly.step — 7 nodes  21 edges  (13.2s)
  [40/306] Parsing: assembly.step
  [OK]  assembly.step — 27 nodes  28 edges  (4.8s)
  [41/306] Parsing: assembly.step
  [OK]  assembly.step — 4 nodes  2 edges  (3.5s)
  [42/306] Parsing: assembly.step
  [OK]  assembly.step — 3 nodes  2 edges  (41.0s)
  [43/306] Parsing: assembly.step
  [OK]  assembly.step — 5 nodes  4 edges  (6.2s)
  [44/306] Parsing: assembly.step
    [skip] assembly.step: Fragments failed - BOPAlgo_AlertBuilderFailed 
  [45/306] Parsing: assembly.step
  [46/306] Parsing: assembly.step
  [OK]  assembly.step — 8 nodes  11 edges  (4.7s)
  [47/306] Parsing: assembly.step
  [OK]  assembly.step — 23 nodes  11 edges  (61.5s)
  [48/306] Parsing: assembly.step
  [49/306] Parsing: assembly.step
  [OK]  assembly.step — 16 nodes  120 edges  (3.5s)
  [50/306] Parsing: assembly.step
  [OK]  assembly.step — 2 nodes  1 edges  (4.8s)
  [51/306] Parsing: assembly.step
  [52/306] Parsing: assembly.step
  [53/306] Parsing: assembly.step
  [OK]  assembly.step — 7 nodes  21 edges  (7.1s)
  [54/306] Parsing: assembly.step
  [55/306] Parsing: assembly.step
  [56/306] Parsing: assembly.step
  [OK]  assembly.step — 6 nodes  15 edges  (6.9s)
  [57/306] Parsing: assembly.step
  [58/306] Parsing: assembly.step
  [OK]  assembly.step — 5 nodes  4 edges  (15.6s)
  [59/306] Parsing: assembly.step
  [60/306] Parsing: assembly.step
  [61/306] Parsing: assembly.step
  [62/306] Parsing: assembly.step
  [63/306] Parsing: assembly.step
  [OK]  assembly.step — 16 nodes  16 edges  (10.4s)
  [64/306] Parsing: assembly.step
  [OK]  assembly.step — 19 nodes  23 edges  (39.4s)
  [65/306] Parsing: assembly.step
  [OK]  assembly.step — 18 nodes  19 edges  (4.2s)
  [66/306] Parsing: assembly.step
  [OK]  assembly.step — 10 nodes  11 edges  (4.9s)
  [67/306] Parsing: assembly.step
  [OK]  assembly.step — 5 nodes  10 edges  (4.7s)
  [68/306] Parsing: assembly.step
  [OK]  assembly.step — 19 nodes  25 edges  (4.9s)
  [69/306] Parsing: assembly.step
  [OK]  assembly.step — 9 nodes  14 edges  (9.0s)
  [70/306] Parsing: assembly.step
  [71/306] Parsing: assembly.step
  [72/306] Parsing: assembly.step
  [OK]  assembly.step — 15 nodes  13 edges  (3.5s)
  [73/306] Parsing: assembly.step
  [OK]  assembly.step — 3 nodes  3 edges  (3.2s)
  [74/306] Parsing: assembly.step
  [OK]  assembly.step — 11 nodes  11 edges  (7.1s)
  [75/306] Parsing: assembly.step
  [OK]  assembly.step — 7 nodes  7 edges  (3.4s)
  [76/306] Parsing: assembly.step
  [OK]  assembly.step — 7 nodes  6 edges  (3.5s)
  [77/306] Parsing: assembly.step
  [OK]  assembly.step — 2 nodes  1 edges  (3.3s)
  [78/306] Parsing: assembly.step
  [79/306] Parsing: assembly.step
  [80/306] Parsing: assembly.step
  [OK]  assembly.step — 7 nodes  6 edges  (6.5s)
  [81/306] Parsing: assembly.step
  [OK]  assembly.step — 15 nodes  2 edges  (3.5s)
  [82/306] Parsing: assembly.step
  [OK]  assembly.step — 23 nodes  18 edges  (65.2s)
  [83/306] Parsing: assembly.step
  [OK]  assembly.step — 7 nodes  6 edges  (4.6s)
  [84/306] Parsing: assembly.step
  [OK]  assembly.step — 13 nodes  6 edges  (30.9s)
  [85/306] Parsing: assembly.step
  [OK]  assembly.step — 2 nodes  1 edges  (3.2s)
  [86/306] Parsing: assembly.step
  [OK]  assembly.step — 21 nodes  26 edges  (11.3s)
  [87/306] Parsing: assembly.step
  [OK]  assembly.step — 3 nodes  1 edges  (3.2s)
  [88/306] Parsing: assembly.step
  [OK]  assembly.step — 7 nodes  2 edges  (3.0s)
  [89/306] Parsing: assembly.step
  [OK]  assembly.step — 16 nodes  3 edges  (12.4s)
  [90/306] Parsing: assembly.step
  [OK]  assembly.step — 5 nodes  4 edges  (8.4s)
  [91/306] Parsing: assembly.step
  [OK]  assembly.step — 2 nodes  1 edges  (3.3s)
  [92/306] Parsing: assembly.step
  [OK]  assembly.step — 6 nodes  15 edges  (3.1s)
  [93/306] Parsing: assembly.step
  [OK]  assembly.step — 6 nodes  15 edges  (63.1s)
  [94/306] Parsing: assembly.step
  [OK]  assembly.step — 2 nodes  1 edges  (4.3s)
  [95/306] Parsing: assembly.step
  [OK]  assembly.step — 11 nodes  8 edges  (5.9s)
  [96/306] Parsing: assembly.step
  [OK]  assembly.step — 6 nodes  5 edges  (3.6s)
  [97/306] Parsing: assembly.step
  [OK]  assembly.step — 10 nodes  11 edges  (3.5s)
  [98/306] Parsing: assembly.step
  [OK]  assembly.step — 15 nodes  19 edges  (4.8s)
  [99/306] Parsing: assembly.step
  [OK]  assembly.step — 6 nodes  2 edges  (7.4s)
  [100/306] Parsing: assembly.step
  [OK]  assembly.step — 4 nodes  6 edges  (3.3s)
  [101/306] Parsing: assembly.step
  [OK]  assembly.step — 4 nodes  6 edges  (3.2s)
  [102/306] Parsing: assembly.step
  [103/306] Parsing: assembly.step
  [OK]  assembly.step — 4 nodes  3 edges  (3.2s)
  [104/306] Parsing: assembly.step
  [OK]  assembly.step — 2 nodes  1 edges  (3.1s)
  [105/306] Parsing: assembly.step
  [OK]  assembly.step — 5 nodes  10 edges  (3.2s)
  [106/306] Parsing: assembly.step
  [OK]  assembly.step — 22 nodes  30 edges  (9.7s)
  [107/306] Parsing: assembly.step
  [OK]  assembly.step — 14 nodes  16 edges  (3.4s)
  [108/306] Parsing: assembly.step
  [OK]  assembly.step — 14 nodes  10 edges  (4.0s)
  [109/306] Parsing: assembly.step
  [OK]  assembly.step — 4 nodes  4 edges  (3.7s)
  [110/306] Parsing: assembly.step
  [OK]  assembly.step — 23 nodes  22 edges  (9.4s)
  [111/306] Parsing: assembly.step
  [OK]  assembly.step — 21 nodes  21 edges  (5.4s)
  [112/306] Parsing: assembly.step
  [OK]  assembly.step — 9 nodes  14 edges  (4.9s)
  [113/306] Parsing: assembly.step
  [OK]  assembly.step — 4 nodes  6 edges  (3.0s)
  [114/306] Parsing: assembly.step
  [OK]  assembly.step — 8 nodes  10 edges  (3.1s)
  [115/306] Parsing: assembly.step
  [OK]  assembly.step — 15 nodes  15 edges  (3.1s)
  [116/306] Parsing: assembly.step
  [OK]  assembly.step — 2 nodes  1 edges  (3.0s)
  [117/306] Parsing: assembly.step
  [OK]  assembly.step — 2 nodes  1 edges  (5.1s)
  [118/306] Parsing: assembly.step
  [OK]  assembly.step — 6 nodes  7 edges  (8.8s)
  [119/306] Parsing: assembly.step
  [OK]  assembly.step — 20 nodes  22 edges  (5.4s)
  [120/306] Parsing: assembly.step
  [OK]  assembly.step — 24 nodes  30 edges  (7.5s)
  [121/306] Parsing: assembly.step
  [OK]  assembly.step — 3 nodes  3 edges  (5.2s)
  [122/306] Parsing: assembly.step
  [OK]  assembly.step — 4 nodes  1 edges  (20.7s)
  [123/306] Parsing: assembly.step
  [OK]  assembly.step — 9 nodes  8 edges  (4.4s)
  [124/306] Parsing: assembly.step
  [125/306] Parsing: assembly.step
  [OK]  assembly.step — 10 nodes  12 edges  (6.6s)
  [126/306] Parsing: assembly.step
  [OK]  assembly.step — 2 nodes  1 edges  (6.6s)
  [127/306] Parsing: assembly.step
  [OK]  assembly.step — 2 nodes  1 edges  (3.4s)
  [128/306] Parsing: assembly.step
  [OK]  assembly.step — 15 nodes  14 edges  (6.3s)
  [129/306] Parsing: assembly.step
  [OK]  assembly.step — 20 nodes  14 edges  (4.2s)
  [130/306] Parsing: assembly.step
  [OK]  assembly.step — 9 nodes  9 edges  (3.9s)
  [131/306] Parsing: assembly.step
  [OK]  assembly.step — 27 nodes  22 edges  (22.6s)
  [132/306] Parsing: assembly.step
  [OK]  assembly.step — 3 nodes  3 edges  (4.0s)
  [133/306] Parsing: assembly.step
  [OK]  assembly.step — 11 nodes  55 edges  (4.0s)
  [134/306] Parsing: assembly.step
  [OK]  assembly.step — 2 nodes  1 edges  (3.0s)
  [135/306] Parsing: assembly.step
  [OK]  assembly.step — 2 nodes  1 edges  (3.1s)
  [136/306] Parsing: assembly.step
  [OK]  assembly.step — 3 nodes  3 edges  (3.2s)
  [137/306] Parsing: assembly.step
  [OK]  assembly.step — 2 nodes  1 edges  (3.2s)
  [138/306] Parsing: assembly.step
  [OK]  assembly.step — 2 nodes  1 edges  (3.2s)
  [139/306] Parsing: assembly.step
  [OK]  assembly.step — 3 nodes  3 edges  (3.3s)
  [140/306] Parsing: assembly.step
  [OK]  assembly.step — 18 nodes  19 edges  (4.7s)
  [141/306] Parsing: assembly.step
  [OK]  assembly.step — 2 nodes  1 edges  (4.8s)
  [142/306] Parsing: assembly.step
  [OK]  assembly.step — 31 nodes  28 edges  (12.7s)
  [143/306] Parsing: assembly.step
  [OK]  assembly.step — 15 nodes  16 edges  (4.6s)
  [144/306] Parsing: assembly.step
  [OK]  assembly.step — 9 nodes  8 edges  (18.1s)
  [145/306] Parsing: assembly.step
  [OK]  assembly.step — 5 nodes  2 edges  (4.0s)
  [146/306] Parsing: assembly.step
  [OK]  assembly.step — 2 nodes  1 edges  (3.9s)
  [147/306] Parsing: assembly.step
  [148/306] Parsing: assembly.step
  [OK]  assembly.step — 3 nodes  3 edges  (3.2s)
  [149/306] Parsing: assembly.step
  [OK]  assembly.step — 8 nodes  4 edges  (11.2s)
  [150/306] Parsing: assembly.step
  [OK]  assembly.step — 12 nodes  12 edges  (4.7s)
  [151/306] Parsing: assembly.step
  [OK]  assembly.step — 16 nodes  13 edges  (5.3s)
  [152/306] Parsing: assembly.step
  [OK]  assembly.step — 12 nodes  12 edges  (93.9s)
  [153/306] Parsing: assembly.step
  [OK]  assembly.step — 2 nodes  1 edges  (3.7s)
  [154/306] Parsing: assembly.step
  [OK]  assembly.step — 3 nodes  2 edges  (3.8s)
  [155/306] Parsing: assembly.step
  [OK]  assembly.step — 2 nodes  1 edges  (3.1s)
  [156/306] Parsing: assembly.step
  [OK]  assembly.step — 2 nodes  1 edges  (3.1s)
  [157/306] Parsing: assembly.step
  [OK]  assembly.step — 2 nodes  1 edges  (3.1s)
  [158/306] Parsing: assembly.step
  [OK]  assembly.step — 14 nodes  19 edges  (26.6s)
  [159/306] Parsing: assembly.step
  [OK]  assembly.step — 3 nodes  3 edges  (4.8s)
  [160/306] Parsing: assembly.step
  [OK]  assembly.step — 14 nodes  13 edges  (43.8s)
  [161/306] Parsing: assembly.step
  [OK]  assembly.step — 16 nodes  28 edges  (4.4s)
  [162/306] Parsing: assembly.step
  [OK]  assembly.step — 18 nodes  21 edges  (4.5s)
  [163/306] Parsing: assembly.step
  [OK]  assembly.step — 2 nodes  1 edges  (3.2s)
  [164/306] Parsing: assembly.step
  [OK]  assembly.step — 21 nodes  24 edges  (4.5s)
  [165/306] Parsing: assembly.step
  [OK]  assembly.step — 9 nodes  15 edges  (2.9s)
  [166/306] Parsing: assembly.step
  [OK]  assembly.step — 3 nodes  2 edges  (2.9s)
  [167/306] Parsing: assembly.step
  [168/306] Parsing: assembly.step
  [OK]  assembly.step — 2 nodes  1 edges  (2.9s)
  [169/306] Parsing: assembly.step
  [OK]  assembly.step — 12 nodes  27 edges  (2.9s)
  [170/306] Parsing: assembly.step
  [OK]  assembly.step — 9 nodes  17 edges  (3.0s)
  [171/306] Parsing: assembly.step
  [OK]  assembly.step — 2 nodes  1 edges  (2.9s)
  [172/306] Parsing: assembly.step
  [OK]  assembly.step — 15 nodes  11 edges  (10.7s)
  [173/306] Parsing: assembly.step
  [OK]  assembly.step — 2 nodes  1 edges  (3.4s)
  [174/306] Parsing: assembly.step
  [OK]  assembly.step — 6 nodes  7 edges  (3.8s)
  [175/306] Parsing: assembly.step
  [OK]  assembly.step — 6 nodes  4 edges  (2.9s)
  [176/306] Parsing: assembly.step
  [OK]  assembly.step — 3 nodes  3 edges  (2.9s)
  [177/306] Parsing: assembly.step
  [OK]  assembly.step — 4 nodes  3 edges  (27.9s)
  [178/306] Parsing: assembly.step
  [OK]  assembly.step — 25 nodes  24 edges  (6.8s)
  [179/306] Parsing: assembly.step
  [OK]  assembly.step — 6 nodes  10 edges  (3.2s)
  [180/306] Parsing: assembly.step
  [OK]  assembly.step — 10 nodes  4 edges  (3.8s)
  [181/306] Parsing: assembly.step
  [OK]  assembly.step — 6 nodes  5 edges  (4.0s)
  [182/306] Parsing: assembly.step
  [OK]  assembly.step — 2 nodes  1 edges  (2.8s)
  [183/306] Parsing: assembly.step
  [OK]  assembly.step — 5 nodes  4 edges  (2.9s)
  [184/306] Parsing: assembly.step
  [OK]  assembly.step — 3 nodes  2 edges  (2.9s)
  [185/306] Parsing: assembly.step
  [OK]  assembly.step — 5 nodes  3 edges  (2.9s)
  [186/306] Parsing: assembly.step
  [OK]  assembly.step — 6 nodes  4 edges  (3.0s)
  [187/306] Parsing: assembly.step
  [OK]  assembly.step — 3 nodes  1 edges  (3.1s)
  [188/306] Parsing: assembly.step
  [OK]  assembly.step — 3 nodes  3 edges  (18.5s)
  [189/306] Parsing: assembly.step
  [OK]  assembly.step — 11 nodes  14 edges  (3.3s)
  [190/306] Parsing: assembly.step
  [OK]  assembly.step — 21 nodes  19 edges  (11.5s)
  [191/306] Parsing: assembly.step
  [OK]  assembly.step — 20 nodes  26 edges  (3.7s)
  [192/306] Parsing: assembly.step
  [193/306] Parsing: assembly.step
  [OK]  assembly.step — 4 nodes  1 edges  (5.0s)
  [194/306] Parsing: assembly.step
  [OK]  assembly.step — 5 nodes  4 edges  (5.0s)
  [195/306] Parsing: assembly.step
  [OK]  assembly.step — 7 nodes  4 edges  (3.3s)
  [196/306] Parsing: assembly.step
  [OK]  assembly.step — 9 nodes  11 edges  (3.0s)
  [197/306] Parsing: assembly.step
  [OK]  assembly.step — 29 nodes  28 edges  (3.0s)
  [198/306] Parsing: assembly.step
  [OK]  assembly.step — 6 nodes  5 edges  (4.7s)
  [199/306] Parsing: assembly.step
  [OK]  assembly.step — 3 nodes  2 edges  (3.0s)
  [200/306] Parsing: assembly.step
  [201/306] Parsing: assembly.step
  [OK]  assembly.step — 9 nodes  5 edges  (5.5s)
  [202/306] Parsing: assembly.step
  [OK]  assembly.step — 17 nodes  18 edges  (8.0s)
  [203/306] Parsing: assembly.step
    [skip] assembly.step: 
  [204/306] Parsing: assembly.step
  [OK]  assembly.step — 3 nodes  2 edges  (3.2s)
  [205/306] Parsing: assembly.step
  [OK]  assembly.step — 11 nodes  12 edges  (11.0s)
  [206/306] Parsing: assembly.step
  [OK]  assembly.step — 8 nodes  7 edges  (3.1s)
  [207/306] Parsing: assembly.step
  [OK]  assembly.step — 3 nodes  3 edges  (4.2s)
  [208/306] Parsing: assembly.step
  [OK]  assembly.step — 10 nodes  1 edges  (3.3s)
  [209/306] Parsing: assembly.step
  [OK]  assembly.step — 18 nodes  21 edges  (3.8s)
  [210/306] Parsing: assembly.step
  [OK]  assembly.step — 4 nodes  4 edges  (3.0s)
  [211/306] Parsing: assembly.step
  [OK]  assembly.step — 12 nodes  14 edges  (4.6s)
  [212/306] Parsing: assembly.step
  [OK]  assembly.step — 21 nodes  20 edges  (3.1s)
  [213/306] Parsing: assembly.step
  [OK]  assembly.step — 5 nodes  4 edges  (4.6s)
  [214/306] Parsing: assembly.step
  [OK]  assembly.step — 8 nodes  4 edges  (3.0s)
  [215/306] Parsing: assembly.step
  [OK]  assembly.step — 20 nodes  25 edges  (3.4s)
  [216/306] Parsing: assembly.step
  [OK]  assembly.step — 19 nodes  18 edges  (3.1s)
  [217/306] Parsing: assembly.step
  [OK]  assembly.step — 14 nodes  22 edges  (3.0s)
  [218/306] Parsing: assembly.step
  [OK]  assembly.step — 3 nodes  1 edges  (2.9s)
  [219/306] Parsing: assembly.step
  [OK]  assembly.step — 25 nodes  24 edges  (5.7s)
  [220/306] Parsing: assembly.step
  [OK]  assembly.step — 2 nodes  1 edges  (3.0s)
  [221/306] Parsing: assembly.step
  [OK]  assembly.step — 2 nodes  1 edges  (2.9s)
  [222/306] Parsing: assembly.step
  [OK]  assembly.step — 10 nodes  8 edges  (3.8s)
  [223/306] Parsing: assembly.step
  [OK]  assembly.step — 3 nodes  2 edges  (2.9s)
  [224/306] Parsing: assembly.step
  [OK]  assembly.step — 3 nodes  2 edges  (2.9s)
  [225/306] Parsing: assembly.step
  [OK]  assembly.step — 21 nodes  23 edges  (5.3s)
  [226/306] Parsing: assembly.step
  [OK]  assembly.step — 12 nodes  1 edges  (3.1s)
  [227/306] Parsing: assembly.step
  [OK]  assembly.step — 3 nodes  2 edges  (2.9s)
  [228/306] Parsing: assembly.step
  [OK]  assembly.step — 11 nodes  10 edges  (4.3s)
  [229/306] Parsing: assembly.step
  [OK]  assembly.step — 2 nodes  1 edges  (2.9s)
  [230/306] Parsing: assembly.step
  [OK]  assembly.step — 2 nodes  1 edges  (3.0s)
  [231/306] Parsing: assembly.step
  [OK]  assembly.step — 12 nodes  5 edges  (3.0s)
  [232/306] Parsing: assembly.step
  [233/306] Parsing: assembly.step
    [skip] assembly.step: Fragments failed - BOPAlgo_AlertIntersectionFailed 
  [234/306] Parsing: assembly.step
  [OK]  assembly.step — 10 nodes  9 edges  (16.8s)
  [235/306] Parsing: assembly.step
  [236/306] Parsing: assembly.step
  [OK]  assembly.step — 23 nodes  23 edges  (4.6s)
  [237/306] Parsing: assembly.step
  [OK]  assembly.step — 20 nodes  23 edges  (6.8s)
  [238/306] Parsing: assembly.step
  [239/306] Parsing: assembly.step
  [OK]  assembly.step — 6 nodes  5 edges  (2.9s)
  [240/306] Parsing: assembly.step
  [OK]  assembly.step — 7 nodes  6 edges  (3.3s)
  [241/306] Parsing: assembly.step
  [OK]  assembly.step — 15 nodes  105 edges  (4.2s)
  [242/306] Parsing: assembly.step
  [OK]  assembly.step — 4 nodes  6 edges  (4.0s)
  [243/306] Parsing: assembly.step
  [OK]  assembly.step — 16 nodes  4 edges  (4.3s)
  [244/306] Parsing: assembly.step
  [OK]  assembly.step — 3 nodes  2 edges  (2.9s)
  [245/306] Parsing: assembly.step
  [OK]  assembly.step — 22 nodes  21 edges  (81.9s)
  [246/306] Parsing: assembly.step
  [OK]  assembly.step — 2 nodes  1 edges  (3.5s)
  [247/306] Parsing: assembly.step
  [OK]  assembly.step — 9 nodes  10 edges  (3.9s)
  [248/306] Parsing: assembly.step
  [OK]  assembly.step — 7 nodes  5 edges  (10.4s)
  [249/306] Parsing: assembly.step
  [OK]  assembly.step — 2 nodes  1 edges  (3.5s)
  [250/306] Parsing: assembly.step
  [OK]  assembly.step — 6 nodes  6 edges  (29.7s)
  [251/306] Parsing: assembly.step
  [OK]  assembly.step — 12 nodes  13 edges  (26.7s)
  [252/306] Parsing: assembly.step
  [OK]  assembly.step — 3 nodes  3 edges  (3.0s)
  [253/306] Parsing: assembly.step
  [254/306] Parsing: assembly.step
  [OK]  assembly.step — 10 nodes  10 edges  (3.1s)
  [255/306] Parsing: assembly.step
  [OK]  assembly.step — 12 nodes  2 edges  (3.4s)
  [256/306] Parsing: assembly.step
  [OK]  assembly.step — 3 nodes  1 edges  (3.0s)
  [257/306] Parsing: assembly.step
  [OK]  assembly.step — 19 nodes  19 edges  (5.9s)
  [258/306] Parsing: assembly.step
  [OK]  assembly.step — 9 nodes  9 edges  (3.1s)
  [259/306] Parsing: assembly.step
  [OK]  assembly.step — 6 nodes  5 edges  (2.9s)
  [260/306] Parsing: assembly.step
  [OK]  assembly.step — 2 nodes  1 edges  (3.6s)
  [261/306] Parsing: assembly.step
  [OK]  assembly.step — 7 nodes  5 edges  (6.8s)
  [262/306] Parsing: assembly.step
  [OK]  assembly.step — 5 nodes  3 edges  (3.1s)
  [263/306] Parsing: assembly.step
  [OK]  assembly.step — 2 nodes  1 edges  (3.1s)
  [264/306] Parsing: assembly.step
  [OK]  assembly.step — 2 nodes  1 edges  (3.9s)
  [265/306] Parsing: assembly.step
  [OK]  assembly.step — 6 nodes  7 edges  (3.2s)
  [266/306] Parsing: assembly.step
  [OK]  assembly.step — 9 nodes  5 edges  (2.9s)
  [267/306] Parsing: assembly.step
  [OK]  assembly.step — 13 nodes  18 edges  (10.4s)
  [268/306] Parsing: assembly.step
    [skip] assembly.step: Could not fix wire in surface 1761
  [269/306] Parsing: assembly.step
  [OK]  assembly.step — 7 nodes  6 edges  (5.9s)
  [270/306] Parsing: assembly.step
  [OK]  assembly.step — 8 nodes  6 edges  (3.5s)
  [271/306] Parsing: assembly.step
  [OK]  assembly.step — 18 nodes  19 edges  (3.8s)
  [272/306] Parsing: assembly.step
  [OK]  assembly.step — 24 nodes  28 edges  (11.3s)
  [273/306] Parsing: assembly.step
  [OK]  assembly.step — 14 nodes  7 edges  (36.5s)
  [274/306] Parsing: assembly.step
  [OK]  assembly.step — 14 nodes  14 edges  (3.7s)
  [275/306] Parsing: assembly.step
  [OK]  assembly.step — 20 nodes  16 edges  (11.2s)
  [276/306] Parsing: assembly.step
  [OK]  assembly.step — 14 nodes  13 edges  (3.4s)
  [277/306] Parsing: assembly.step
  [OK]  assembly.step — 20 nodes  26 edges  (9.4s)
  [278/306] Parsing: assembly.step
  [OK]  assembly.step — 18 nodes  18 edges  (12.6s)
  [279/306] Parsing: assembly.step
  [OK]  assembly.step — 6 nodes  4 edges  (25.9s)
  [280/306] Parsing: assembly.step
  [OK]  assembly.step — 6 nodes  9 edges  (5.9s)
  [281/306] Parsing: assembly.step
  [OK]  assembly.step — 2 nodes  1 edges  (3.0s)
  [282/306] Parsing: assembly.step
  [OK]  assembly.step — 19 nodes  20 edges  (3.8s)
  [283/306] Parsing: assembly.step
  [OK]  assembly.step — 4 nodes  2 edges  (3.4s)
  [284/306] Parsing: assembly.step
  [OK]  assembly.step — 24 nodes  26 edges  (15.3s)
  [285/306] Parsing: assembly.step
  [OK]  assembly.step — 20 nodes  27 edges  (4.1s)
  [286/306] Parsing: assembly.step
  [OK]  assembly.step — 24 nodes  18 edges  (4.4s)
  [287/306] Parsing: assembly.step
  [OK]  assembly.step — 19 nodes  25 edges  (3.4s)
  [288/306] Parsing: assembly.step
  [OK]  assembly.step — 15 nodes  24 edges  (7.7s)
  [289/306] Parsing: assembly.step
  [OK]  assembly.step — 5 nodes  6 edges  (3.0s)
  [290/306] Parsing: assembly.step
  [OK]  assembly.step — 3 nodes  1 edges  (2.9s)
  [291/306] Parsing: assembly.step
  [OK]  assembly.step — 3 nodes  2 edges  (3.4s)
  [292/306] Parsing: assembly.step
  [OK]  assembly.step — 20 nodes  25 edges  (4.8s)
  [293/306] Parsing: assembly.step
  [OK]  assembly.step — 6 nodes  6 edges  (7.2s)
  [294/306] Parsing: assembly.step
  [OK]  assembly.step — 13 nodes  14 edges  (8.7s)
  [295/306] Parsing: assembly.step
  [OK]  assembly.step — 19 nodes  13 edges  (15.6s)
  [296/306] Parsing: assembly.step
  [OK]  assembly.step — 2 nodes  1 edges  (3.1s)
  [297/306] Parsing: assembly.step
  [OK]  assembly.step — 25 nodes  16 edges  (56.3s)
  [298/306] Parsing: assembly.step
  [OK]  assembly.step — 16 nodes  14 edges  (55.2s)
  [299/306] Parsing: assembly.step
  [OK]  assembly.step — 4 nodes  2 edges  (6.4s)
  [300/306] Parsing: assembly.step
  [OK]  assembly.step — 2 nodes  1 edges  (3.1s)
  [301/306] Parsing: assembly.step
  [OK]  assembly.step — 2 nodes  1 edges  (2.9s)
  [302/306] Parsing: assembly.step
  [OK]  assembly.step — 18 nodes  18 edges  (64.2s)
  [303/306] Parsing: assembly.step
    [skip] assembly.step: Fragments failed - BOPAlgo_AlertBuilderFailed 
  [304/306] Parsing: assembly.step
  [OK]  assembly.step — 11 nodes  55 edges  (6.8s)
  [305/306] Parsing: assembly.step
  [OK]  assembly.step — 15 nodes  15 edges  (45.9s)
  [306/306] Parsing: assembly.step
  [OK]  assembly.step — 18 nodes  27 edges  (18.6s)
  Parsed 270 valid  |  Skipped 0 total (nodes>20: 0  edges>60: 0  timeout: 0)
  Using 270 real assembly graph(s) — no synthetic data.
  Saved 270 graphs → data/processed/processed/data.pt
  Saved source paths    → data/processed/processed/sources.json
Done!
      270 graphs loaded.

[2/4] Building model …  (5-fold CV)

[3/4] Training (5 folds) …

=======================================================
  FOLD 1 / 5
=======================================================
/Users/mbp/Documents/MTECH/Sem4/Individual_project/AI_Assisted_3D_Assembly_Design/AI-Assisted-3D-Assembly-Design/.venv/lib/python3.12/site-packages/torch_geometric/transforms/base_transform.py:32: UserWarning: There are not enough negative edges to satisfy the provided sampling ratio. The ratio will be adjusted to 0.00.
  return self.forward(copy.copy(data))
  Fold 1/5 — train: 119  val: 30  test: 24
Model built on mps  |  total params: 169,537
  Ep   1/200  loss=0.6822  AUC=0.5651  AP=0.6175  (2.2s)
  ✓ Fold 1 new best AUC=0.5651  saved.
  Ep   2/200  loss=0.6555  AUC=0.6331  AP=0.6976  (1.2s)
  ✓ Fold 1 new best AUC=0.6331  saved.
  Ep   3/200  loss=0.6299  AUC=0.6648  AP=0.7284  (1.1s)
  ✓ Fold 1 new best AUC=0.6648  saved.
  Ep   4/200  loss=0.6134  AUC=0.6341  AP=0.6347  (1.2s)
  Ep   5/200  loss=0.5882  AUC=0.6418  AP=0.6721  (1.5s)
  Ep   6/200  loss=0.5611  AUC=0.6561  AP=0.7160  (1.3s)
  Ep   7/200  loss=0.5560  AUC=0.6590  AP=0.7197  (1.6s)
  Ep   8/200  loss=0.5325  AUC=0.6485  AP=0.7202  (1.4s)
  Ep   9/200  loss=0.5281  AUC=0.6446  AP=0.7307  (1.4s)
  Ep  10/200  loss=0.5156  AUC=0.6379  AP=0.7395  (1.3s)
  Ep  11/200  loss=0.5136  AUC=0.6341  AP=0.7276  (1.5s)
  Ep  12/200  loss=0.4919  AUC=0.6331  AP=0.7188  (1.3s)
  Ep  13/200  loss=0.5027  AUC=0.6312  AP=0.7172  (1.5s)
  Ep  14/200  loss=0.4830  AUC=0.6303  AP=0.7214  (1.6s)
  Ep  15/200  loss=0.4813  AUC=0.6274  AP=0.7352  (1.8s)
  Ep  16/200  loss=0.4806  AUC=0.6331  AP=0.7377  (1.6s)
  Ep  17/200  loss=0.4970  AUC=0.6284  AP=0.7298  (1.5s)
  Ep  18/200  loss=0.4809  AUC=0.6264  AP=0.7226  (2.0s)
  Ep  19/200  loss=0.4795  AUC=0.6284  AP=0.7285  (1.9s)
  Ep  20/200  loss=0.4864  AUC=0.6216  AP=0.7281  (1.6s)
  Ep  21/200  loss=0.4707  AUC=0.6255  AP=0.7348  (1.9s)
  Ep  22/200  loss=0.4630  AUC=0.6312  AP=0.7300  (1.7s)
  Ep  23/200  loss=0.4755  AUC=0.6216  AP=0.7178  (1.8s)

  Early stopping at epoch 23.

  Fold 1 test — AUC=0.5670  AP=0.7102

=======================================================
  FOLD 2 / 5
=======================================================
/Users/mbp/Documents/MTECH/Sem4/Individual_project/AI_Assisted_3D_Assembly_Design/AI-Assisted-3D-Assembly-Design/.venv/lib/python3.12/site-packages/torch_geometric/transforms/base_transform.py:32: UserWarning: There are not enough negative edges to satisfy the provided sampling ratio. The ratio will be adjusted to 0.00.
  return self.forward(copy.copy(data))
  Fold 2/5 — train: 118  val: 31  test: 24
Model built on mps  |  total params: 169,537
  Ep   1/200  loss=0.6979  AUC=0.7121  AP=0.8264  (1.8s)
  ✓ Fold 2 new best AUC=0.7121  saved.
  Ep   2/200  loss=0.6542  AUC=0.7152  AP=0.8283  (2.0s)
  ✓ Fold 2 new best AUC=0.7152  saved.
  Ep   3/200  loss=0.6422  AUC=0.7110  AP=0.8241  (2.2s)
  Ep   4/200  loss=0.6264  AUC=0.7027  AP=0.8173  (1.9s)
  Ep   5/200  loss=0.5953  AUC=0.7048  AP=0.8168  (2.3s)
  Ep   6/200  loss=0.5771  AUC=0.6985  AP=0.8172  (1.8s)
  Ep   7/200  loss=0.5730  AUC=0.7037  AP=0.8193  (1.8s)
  Ep   8/200  loss=0.5385  AUC=0.6871  AP=0.8096  (1.4s)
  Ep   9/200  loss=0.5224  AUC=0.6881  AP=0.8082  (2.1s)
  Ep  10/200  loss=0.5347  AUC=0.6892  AP=0.8118  (1.7s)
  Ep  11/200  loss=0.5248  AUC=0.6954  AP=0.8130  (2.3s)
  Ep  12/200  loss=0.5338  AUC=0.7006  AP=0.8133  (2.7s)
  Ep  13/200  loss=0.5126  AUC=0.6913  AP=0.8062  (2.7s)
  Ep  14/200  loss=0.5075  AUC=0.6871  AP=0.8049  (1.7s)
  Ep  15/200  loss=0.5011  AUC=0.6933  AP=0.8098  (2.5s)
  Ep  16/200  loss=0.5228  AUC=0.6933  AP=0.8109  (1.9s)
  Ep  17/200  loss=0.4942  AUC=0.6913  AP=0.8097  (2.1s)
  Ep  18/200  loss=0.4922  AUC=0.6871  AP=0.8026  (2.5s)
  Ep  19/200  loss=0.5071  AUC=0.6850  AP=0.8033  (2.1s)
  Ep  20/200  loss=0.4977  AUC=0.6902  AP=0.8089  (2.6s)
  Ep  21/200  loss=0.4725  AUC=0.6861  AP=0.8056  (2.4s)
  Ep  22/200  loss=0.4903  AUC=0.6881  AP=0.8082  (2.1s)

  Early stopping at epoch 22.

  Fold 2 test — AUC=0.6402  AP=0.7356

=======================================================
  FOLD 3 / 5
=======================================================
/Users/mbp/Documents/MTECH/Sem4/Individual_project/AI_Assisted_3D_Assembly_Design/AI-Assisted-3D-Assembly-Design/.venv/lib/python3.12/site-packages/torch_geometric/transforms/base_transform.py:32: UserWarning: There are not enough negative edges to satisfy the provided sampling ratio. The ratio will be adjusted to 0.00.
  return self.forward(copy.copy(data))
  Fold 3/5 — train: 124  val: 25  test: 24
Model built on mps  |  total params: 169,537
  Ep   1/200  loss=0.6882  AUC=0.4571  AP=0.6219  (2.9s)
  ✓ Fold 3 new best AUC=0.4571  saved.
  Ep   2/200  loss=0.6589  AUC=0.3714  AP=0.6007  (2.5s)
  Ep   3/200  loss=0.6320  AUC=0.5257  AP=0.6521  (2.0s)
  ✓ Fold 3 new best AUC=0.5257  saved.
  Ep   4/200  loss=0.6069  AUC=0.5686  AP=0.6732  (2.5s)
  ✓ Fold 3 new best AUC=0.5686  saved.
  Ep   5/200  loss=0.5876  AUC=0.4971  AP=0.6520  (2.1s)
  Ep   6/200  loss=0.5619  AUC=0.5286  AP=0.6838  (2.4s)
  Ep   7/200  loss=0.5600  AUC=0.5514  AP=0.6919  (2.7s)
  Ep   8/200  loss=0.5467  AUC=0.5486  AP=0.6889  (2.4s)
  Ep   9/200  loss=0.5354  AUC=0.5686  AP=0.6931  (2.3s)
  Ep  10/200  loss=0.5266  AUC=0.6114  AP=0.7100  (2.2s)
  ✓ Fold 3 new best AUC=0.6114  saved.
  Ep  11/200  loss=0.5176  AUC=0.6771  AP=0.7631  (2.3s)
  ✓ Fold 3 new best AUC=0.6771  saved.
  Ep  12/200  loss=0.5051  AUC=0.6514  AP=0.7410  (2.2s)
  Ep  13/200  loss=0.5089  AUC=0.6829  AP=0.7918  (2.6s)
  ✓ Fold 3 new best AUC=0.6829  saved.
  Ep  14/200  loss=0.5011  AUC=0.6743  AP=0.7789  (3.1s)
  Ep  15/200  loss=0.4921  AUC=0.6714  AP=0.7772  (2.3s)
  Ep  16/200  loss=0.4917  AUC=0.6571  AP=0.7789  (2.1s)
  Ep  17/200  loss=0.4811  AUC=0.6743  AP=0.7791  (2.6s)
  Ep  18/200  loss=0.4858  AUC=0.6829  AP=0.7748  (3.6s)
  ✓ Fold 3 new best AUC=0.6829  saved.
  Ep  19/200  loss=0.4852  AUC=0.6743  AP=0.7663  (3.0s)
  Ep  20/200  loss=0.4834  AUC=0.6971  AP=0.7993  (3.5s)
  ✓ Fold 3 new best AUC=0.6971  saved.
  Ep  21/200  loss=0.4743  AUC=0.7143  AP=0.8200  (3.2s)
  ✓ Fold 3 new best AUC=0.7143  saved.
  Ep  22/200  loss=0.4718  AUC=0.7029  AP=0.8138  (2.6s)
  Ep  23/200  loss=0.4860  AUC=0.6743  AP=0.7775  (2.7s)
  Ep  24/200  loss=0.4650  AUC=0.6743  AP=0.7780  (4.2s)
  Ep  25/200  loss=0.4681  AUC=0.7143  AP=0.8198  (3.4s)
  Ep  26/200  loss=0.4770  AUC=0.7086  AP=0.8185  (3.3s)
  Ep  27/200  loss=0.4617  AUC=0.7086  AP=0.8182  (3.8s)
  Ep  28/200  loss=0.4762  AUC=0.7057  AP=0.8178  (2.4s)
  Ep  29/200  loss=0.4654  AUC=0.7000  AP=0.8155  (3.9s)
  Ep  30/200  loss=0.4604  AUC=0.6657  AP=0.7745  (2.6s)
  Ep  31/200  loss=0.4616  AUC=0.6943  AP=0.8116  (3.2s)
  Ep  32/200  loss=0.4638  AUC=0.6914  AP=0.8105  (3.3s)
  Ep  33/200  loss=0.4583  AUC=0.6914  AP=0.8115  (3.7s)
  Ep  34/200  loss=0.4507  AUC=0.6971  AP=0.8139  (3.2s)
  Ep  35/200  loss=0.4463  AUC=0.7000  AP=0.8151  (3.4s)
  Ep  36/200  loss=0.4552  AUC=0.6943  AP=0.8012  (3.2s)
  Ep  37/200  loss=0.4507  AUC=0.6971  AP=0.8027  (2.9s)
  Ep  38/200  loss=0.4583  AUC=0.6943  AP=0.7998  (3.6s)
  Ep  39/200  loss=0.4408  AUC=0.6657  AP=0.7667  (3.9s)
  Ep  40/200  loss=0.4352  AUC=0.6800  AP=0.7865  (3.2s)
  Ep  41/200  loss=0.4430  AUC=0.6914  AP=0.8004  (3.8s)

  Early stopping at epoch 41.

  Fold 3 test — AUC=0.6177  AP=0.7308

=======================================================
  FOLD 4 / 5
=======================================================
/Users/mbp/Documents/MTECH/Sem4/Individual_project/AI_Assisted_3D_Assembly_Design/AI-Assisted-3D-Assembly-Design/.venv/lib/python3.12/site-packages/torch_geometric/transforms/base_transform.py:32: UserWarning: There are not enough negative edges to satisfy the provided sampling ratio. The ratio will be adjusted to 0.00.
  return self.forward(copy.copy(data))
  Fold 4/5 — train: 120  val: 29  test: 24
Model built on mps  |  total params: 169,537
  Ep   1/200  loss=0.7121  AUC=0.5017  AP=0.6027  (4.9s)
  ✓ Fold 4 new best AUC=0.5017  saved.
  Ep   2/200  loss=0.6606  AUC=0.5332  AP=0.5904  (3.4s)
  ✓ Fold 4 new best AUC=0.5332  saved.
  Ep   3/200  loss=0.6468  AUC=0.5262  AP=0.5889  (3.2s)
  Ep   4/200  loss=0.6218  AUC=0.5542  AP=0.6062  (4.1s)
  ✓ Fold 4 new best AUC=0.5542  saved.
  Ep   5/200  loss=0.5986  AUC=0.5769  AP=0.5995  (3.3s)
  ✓ Fold 4 new best AUC=0.5769  saved.
  Ep   6/200  loss=0.5789  AUC=0.5822  AP=0.6019  (3.7s)
  ✓ Fold 4 new best AUC=0.5822  saved.
  Ep   7/200  loss=0.5516  AUC=0.5664  AP=0.5847  (3.2s)
  Ep   8/200  loss=0.5387  AUC=0.5927  AP=0.6055  (4.1s)
  ✓ Fold 4 new best AUC=0.5927  saved.
  Ep   9/200  loss=0.5129  AUC=0.5874  AP=0.6032  (4.7s)
  Ep  10/200  loss=0.5351  AUC=0.5752  AP=0.5931  (3.5s)
  Ep  11/200  loss=0.5054  AUC=0.5769  AP=0.6026  (3.6s)
  Ep  12/200  loss=0.5230  AUC=0.5857  AP=0.6141  (3.9s)
  Ep  13/200  loss=0.4944  AUC=0.5857  AP=0.6269  (4.1s)
  Ep  14/200  loss=0.4850  AUC=0.5769  AP=0.6143  (3.0s)
  Ep  15/200  loss=0.4765  AUC=0.5734  AP=0.6187  (4.5s)
  Ep  16/200  loss=0.5048  AUC=0.5822  AP=0.6185  (3.3s)
  Ep  17/200  loss=0.4805  AUC=0.5787  AP=0.6115  (3.4s)
  Ep  18/200  loss=0.4869  AUC=0.5857  AP=0.6188  (4.7s)
  Ep  19/200  loss=0.4793  AUC=0.5857  AP=0.6269  (4.5s)
  Ep  20/200  loss=0.4818  AUC=0.5822  AP=0.6154  (3.9s)
  Ep  21/200  loss=0.4698  AUC=0.5734  AP=0.6105  (3.4s)
  Ep  22/200  loss=0.4784  AUC=0.5699  AP=0.6072  (4.5s)
  Ep  23/200  loss=0.4674  AUC=0.5647  AP=0.5944  (4.3s)
  Ep  24/200  loss=0.4713  AUC=0.5647  AP=0.6043  (4.6s)
  Ep  25/200  loss=0.4541  AUC=0.5577  AP=0.6003  (4.2s)
  Ep  26/200  loss=0.4728  AUC=0.5699  AP=0.6016  (3.7s)
  Ep  27/200  loss=0.4730  AUC=0.5682  AP=0.5971  (4.4s)
  Ep  28/200  loss=0.4669  AUC=0.5734  AP=0.6111  (5.2s)

  Early stopping at epoch 28.

  Fold 4 test — AUC=0.6605  AP=0.7495

=======================================================
  FOLD 5 / 5
=======================================================
/Users/mbp/Documents/MTECH/Sem4/Individual_project/AI_Assisted_3D_Assembly_Design/AI-Assisted-3D-Assembly-Design/.venv/lib/python3.12/site-packages/torch_geometric/transforms/base_transform.py:32: UserWarning: There are not enough negative edges to satisfy the provided sampling ratio. The ratio will be adjusted to 0.00.
  return self.forward(copy.copy(data))
  Fold 5/5 — train: 115  val: 34  test: 24
Model built on mps  |  total params: 169,537
  Ep   1/200  loss=0.7039  AUC=0.5007  AP=0.5700  (5.9s)
  ✓ Fold 5 new best AUC=0.5007  saved.
  Ep   2/200  loss=0.6472  AUC=0.4593  AP=0.5417  (4.6s)
  Ep   3/200  loss=0.6355  AUC=0.4489  AP=0.5153  (4.5s)
  Ep   4/200  loss=0.6119  AUC=0.4815  AP=0.5445  (6.3s)
  Ep   5/200  loss=0.5921  AUC=0.4963  AP=0.5490  (2.9s)
  Ep   6/200  loss=0.5777  AUC=0.5067  AP=0.5302  (5.0s)
  ✓ Fold 5 new best AUC=0.5067  saved.
  Ep   7/200  loss=0.5600  AUC=0.5007  AP=0.5083  (5.9s)
  Ep   8/200  loss=0.5499  AUC=0.4770  AP=0.4960  (4.7s)
  Ep   9/200  loss=0.5124  AUC=0.4622  AP=0.4946  (4.7s)
  Ep  10/200  loss=0.5151  AUC=0.4622  AP=0.4945  (4.9s)
  Ep  11/200  loss=0.5157  AUC=0.4963  AP=0.5147  (4.9s)
  Ep  12/200  loss=0.4959  AUC=0.5037  AP=0.5197  (5.0s)
  Ep  13/200  loss=0.4887  AUC=0.4978  AP=0.5211  (7.0s)
  Ep  14/200  loss=0.5019  AUC=0.4844  AP=0.5102  (4.4s)
  Ep  15/200  loss=0.4836  AUC=0.4681  AP=0.5013  (4.8s)
  Ep  16/200  loss=0.4939  AUC=0.4548  AP=0.4873  (5.4s)
  Ep  17/200  loss=0.4938  AUC=0.4504  AP=0.4884  (5.2s)
  Ep  18/200  loss=0.4750  AUC=0.4533  AP=0.4836  (4.2s)
  Ep  19/200  loss=0.4681  AUC=0.4519  AP=0.4835  (4.9s)
  Ep  20/200  loss=0.4839  AUC=0.4459  AP=0.4826  (5.3s)
  Ep  21/200  loss=0.4722  AUC=0.4489  AP=0.4850  (5.5s)
  Ep  22/200  loss=0.4755  AUC=0.4548  AP=0.4884  (5.5s)
  Ep  23/200  loss=0.4790  AUC=0.4637  AP=0.4941  (4.7s)
  Ep  24/200  loss=0.4646  AUC=0.4444  AP=0.4805  (7.2s)
  Ep  25/200  loss=0.4599  AUC=0.4444  AP=0.4794  (6.9s)
  Ep  26/200  loss=0.4839  AUC=0.4474  AP=0.4821  (7.8s)

  Early stopping at epoch 26.

  Fold 5 test — AUC=0.6368  AP=0.7418

=======================================================
  5-Fold CV Summary
=======================================================
  Fold 1: AUC=0.5670  AP=0.7102
  Fold 2: AUC=0.6402  AP=0.7356
  Fold 3: AUC=0.6177  AP=0.7308
  Fold 4: AUC=0.6605  AP=0.7495
  Fold 5: AUC=0.6368  AP=0.7418
  ─────────────────────────────────────────
  Mean AUC = 0.6244 ± 0.0355
  Mean AP  = 0.7336 ± 0.0148
  Best overall fold: 2  (val AUC=0.7152)

[4/4] Final test evaluation (best_overall.pt) …
Model built on mps  |  total params: 169,537
/Users/mbp/Documents/MTECH/Sem4/Individual_project/AI_Assisted_3D_Assembly_Design/AI-Assisted-3D-Assembly-Design/.venv/lib/python3.12/site-packages/torch_geometric/transforms/base_transform.py:32: UserWarning: There are not enough negative edges to satisfy the provided sampling ratio. The ratio will be adjusted to 0.00.
  return self.forward(copy.copy(data))
  Fold 2/5 — train: 118  val: 31  test: 24

  ── Test results (best overall model) ─────
     auc         : 0.6413
     ap          : 0.7383

  Results saved        → results
  Best overall ckpt    → checkpoints/best_overall.pt
  Trained model export → ../trained_models/assembly_gnn_20260614_100837_auc07152.pt

  Building assembly template cache …
  [TemplateDB] Built 1 category templates from 270 training assemblies.
    Fusion360 Assy Dataset                    bodies≈7  dist={'body': 5, 'fastener': 3, 'bearing': 1, 'plate': 2, 'housing': 1}
  [TemplateDB] Saved 1 templates → data/assembly_templates.json
