
[1/4] Loading dataset …
      192 graphs loaded.
      Dataset: 192 graphs | mean nodes=26.9 | mean edges=81.1 | categories: Bench_vice=54 C_Clamps=31 Crane_hook=16 Gate_Valve=20 Pipe_vice=42 Press_Tool=21 Tool_Post=8

[2/4] Building model …  (5-fold CV)

  Resuming from fold 3 — loading prior checkpoints …
Model built on mps  |  total params: 2,441,809
/Users/mbp/Documents/MTECH/Sem4/Individual_project/AI_Assisted_3D_Assembly_Design/AI-Assisted-3D-Assembly-Design/.venv/lib/python3.12/site-packages/torch_geometric/transforms/base_transform.py:32: UserWarning: There are not enough negative edges to satisfy the provided sampling ratio. The ratio will be adjusted to 0.00.
  return self.forward(copy.copy(data))
    [DIAG] graph 44: 2 nodes, 2 dir-edges, 1 pos, requested 1 neg but only 0 possible
    [DIAG] graph 60: 2 nodes, 2 dir-edges, 1 pos, requested 1 neg but only 0 possible
    [DIAG] graph 63: 2 nodes, 2 dir-edges, 1 pos, requested 1 neg but only 0 possible
    [DIAG] graph 71: 2 nodes, 2 dir-edges, 1 pos, requested 1 neg but only 0 possible
    [DIAG] graph 119: 2 nodes, 2 dir-edges, 1 pos, requested 1 neg but only 0 possible
  Fold 1/5 — train: 122  val: 31  test: 39
  Fold 1: AUC=0.7628  AP=0.7557  (from checkpoint, random=0.5000)
Model built on mps  |  total params: 2,441,809
/Users/mbp/Documents/MTECH/Sem4/Individual_project/AI_Assisted_3D_Assembly_Design/AI-Assisted-3D-Assembly-Design/.venv/lib/python3.12/site-packages/torch_geometric/transforms/base_transform.py:32: UserWarning: There are not enough negative edges to satisfy the provided sampling ratio. The ratio will be adjusted to 0.00.
  return self.forward(copy.copy(data))
    [DIAG] graph 60: 2 nodes, 2 dir-edges, 1 pos, requested 1 neg but only 0 possible
    [DIAG] graph 63: 2 nodes, 2 dir-edges, 1 pos, requested 1 neg but only 0 possible
    [DIAG] graph 71: 2 nodes, 2 dir-edges, 1 pos, requested 1 neg but only 0 possible
    [DIAG] graph 119: 2 nodes, 2 dir-edges, 1 pos, requested 1 neg but only 0 possible
    [DIAG] graph 44: 2 nodes, 2 dir-edges, 1 pos, requested 1 neg but only 0 possible
  Fold 2/5 — train: 122  val: 31  test: 39
  Fold 2: AUC=0.6736  AP=0.6649  (from checkpoint, random=0.5000)
Model built on mps  |  total params: 2,441,809
    [DIAG] graph 60: 2 nodes, 2 dir-edges, 1 pos, requested 1 neg but only 0 possible
/Users/mbp/Documents/MTECH/Sem4/Individual_project/AI_Assisted_3D_Assembly_Design/AI-Assisted-3D-Assembly-Design/.venv/lib/python3.12/site-packages/torch_geometric/transforms/base_transform.py:32: UserWarning: There are not enough negative edges to satisfy the provided sampling ratio. The ratio will be adjusted to 0.00.
  return self.forward(copy.copy(data))
    [DIAG] graph 44: 2 nodes, 2 dir-edges, 1 pos, requested 1 neg but only 0 possible
    [DIAG] graph 63: 2 nodes, 2 dir-edges, 1 pos, requested 1 neg but only 0 possible
    [DIAG] graph 71: 2 nodes, 2 dir-edges, 1 pos, requested 1 neg but only 0 possible
    [DIAG] graph 119: 2 nodes, 2 dir-edges, 1 pos, requested 1 neg but only 0 possible
  Fold 3/5 — train: 123  val: 31  test: 38
  Fold 3: AUC=0.5821  AP=0.6561  (from checkpoint, random=0.5782)

[3/4] Training (5 folds) …

=======================================================
  FOLD 4 / 5
=======================================================
/Users/mbp/Documents/MTECH/Sem4/Individual_project/AI_Assisted_3D_Assembly_Design/AI-Assisted-3D-Assembly-Design/.venv/lib/python3.12/site-packages/torch_geometric/transforms/base_transform.py:32: UserWarning: There are not enough negative edges to satisfy the provided sampling ratio. The ratio will be adjusted to 0.00.
  return self.forward(copy.copy(data))
    [DIAG] graph 44: 2 nodes, 2 dir-edges, 1 pos, requested 1 neg but only 0 possible
    [DIAG] graph 60: 2 nodes, 2 dir-edges, 1 pos, requested 1 neg but only 0 possible
    [DIAG] graph 63: 2 nodes, 2 dir-edges, 1 pos, requested 1 neg but only 0 possible
    [DIAG] graph 71: 2 nodes, 2 dir-edges, 1 pos, requested 1 neg but only 0 possible
    [DIAG] graph 119: 2 nodes, 2 dir-edges, 1 pos, requested 1 neg but only 0 possible
  Fold 4/5 — train: 123  val: 31  test: 38
Model built on mps  |  total params: 2,441,809
    batch 1/8
    batch 6/8
    [swap-guard] 90.2% swap used (epoch end) -- pausing 3s for extra cleanup
  Ep   1/200  loss=1.5635  AUC=0.5621  AP=0.5413  smoothAUC=0.5621  (98.6s)
  ✓ Fold 4 new best smoothed AUC=0.5621  saved.
    batch 1/8
    [swap-guard] 91.5% swap used (batch 3/8) -- pausing 3s for extra cleanup
    batch 6/8
  Ep   2/200  loss=1.5284  AUC=0.5783  AP=0.5485  smoothAUC=0.5702  (40.4s)
  ✓ Fold 4 new best smoothed AUC=0.5702  saved.
    batch 1/8
    batch 6/8
  Ep   3/200  loss=1.5032  AUC=0.5847  AP=0.5410  smoothAUC=0.5750  (37.7s)
  ✓ Fold 4 new best smoothed AUC=0.5750  saved.
    batch 1/8
    batch 6/8
    [swap-guard] 90.1% swap used (epoch end) -- pausing 3s for extra cleanup
  Ep   4/200  loss=1.4687  AUC=0.5556  AP=0.5290  smoothAUC=0.5728  (48.3s)
    batch 1/8
    batch 6/8
  Ep   5/200  loss=1.4022  AUC=0.5304  AP=0.5174  smoothAUC=0.5569  (40.0s)
    batch 1/8
    batch 6/8
  Ep   6/200  loss=1.3974  AUC=0.5796  AP=0.5347  smoothAUC=0.5552  (49.7s)
    batch 1/8
    batch 6/8
  Ep   7/200  loss=1.3517  AUC=0.6168  AP=0.5541  smoothAUC=0.5756  (40.8s)
  ✓ Fold 4 new best smoothed AUC=0.5756  saved.
    batch 1/8
    batch 6/8
  Ep   8/200  loss=1.3952  AUC=0.6325  AP=0.5673  smoothAUC=0.6097  (45.7s)
  ✓ Fold 4 new best smoothed AUC=0.6097  saved.
    batch 1/8
    batch 6/8
  Ep   9/200  loss=1.3075  AUC=0.6359  AP=0.5667  smoothAUC=0.6284  (41.7s)
  ✓ Fold 4 new best smoothed AUC=0.6284  saved.
    batch 1/8
    batch 6/8
  Ep  10/200  loss=1.3452  AUC=0.6263  AP=0.5581  smoothAUC=0.6316  (42.4s)
  ✓ Fold 4 new best smoothed AUC=0.6316  saved.
    batch 1/8
    batch 6/8
  Ep  11/200  loss=1.3029  AUC=0.6106  AP=0.5724  smoothAUC=0.6242  (60.1s)
    batch 1/8
    batch 6/8
  Ep  12/200  loss=1.3181  AUC=0.6464  AP=0.6247  smoothAUC=0.6277  (68.6s)
    batch 1/8
    batch 6/8
  Ep  13/200  loss=1.2694  AUC=0.6659  AP=0.6360  smoothAUC=0.6410  (40.9s)
  ✓ Fold 4 new best smoothed AUC=0.6410  saved.
    batch 1/8
    batch 6/8
  Ep  14/200  loss=1.2609  AUC=0.6491  AP=0.6169  smoothAUC=0.6538  (37.0s)
  ✓ Fold 4 new best smoothed AUC=0.6538  saved.
    batch 1/8
    batch 6/8
  Ep  15/200  loss=1.2645  AUC=0.6057  AP=0.5953  smoothAUC=0.6402  (47.6s)
    batch 1/8
    batch 6/8
  Ep  16/200  loss=1.2591  AUC=0.6020  AP=0.5857  smoothAUC=0.6190  (47.3s)
    batch 1/8
    batch 6/8
  Ep  17/200  loss=1.2239  AUC=0.6020  AP=0.5664  smoothAUC=0.6033  (50.8s)
    batch 1/8
    batch 6/8
  Ep  18/200  loss=1.2438  AUC=0.6316  AP=0.5853  smoothAUC=0.6119  (36.8s)
    batch 1/8
    batch 6/8
  Ep  19/200  loss=1.1935  AUC=0.6508  AP=0.5951  smoothAUC=0.6282  (45.8s)
    batch 1/8
    batch 6/8
    [swap-guard] 92.1% swap used (epoch end) -- pausing 3s for extra cleanup
    [swap-guard] 91.1% swap used (fold 4 epoch 20 val) -- pausing 3s for extra cleanup
  Ep  20/200  loss=1.2052  AUC=0.6560  AP=0.6061  smoothAUC=0.6461  (72.3s)
    batch 1/8
    [swap-guard] 93.3% swap used (batch 3/8) -- pausing 3s for extra cleanup
    batch 6/8
    [swap-guard] 91.8% swap used (epoch end) -- pausing 3s for extra cleanup
    [swap-guard] 91.2% swap used (fold 4 epoch 21 val) -- pausing 3s for extra cleanup
  Ep  21/200  loss=1.1640  AUC=0.6560  AP=0.6141  smoothAUC=0.6543  (59.8s)
  ✓ Fold 4 new best smoothed AUC=0.6543  saved.
    batch 1/8
    batch 6/8
  Ep  22/200  loss=1.1250  AUC=0.6484  AP=0.6144  smoothAUC=0.6535  (52.5s)
    batch 1/8
    batch 6/8
    [swap-guard] 91.6% swap used (batch 6/8) -- pausing 3s for extra cleanup
    [swap-guard] 90.6% swap used (epoch end) -- pausing 3s for extra cleanup
  Ep  23/200  loss=1.1738  AUC=0.6368  AP=0.6059  smoothAUC=0.6471  (54.4s)
    batch 1/8
    batch 6/8
  Ep  24/200  loss=1.1053  AUC=0.6362  AP=0.5890  smoothAUC=0.6405  (50.9s)
    batch 1/8
    batch 6/8
  Ep  25/200  loss=1.0875  AUC=0.6621  AP=0.6215  smoothAUC=0.6450  (45.8s)
    batch 1/8
    batch 6/8
  Ep  26/200  loss=1.0970  AUC=0.6638  AP=0.6282  smoothAUC=0.6540  (45.2s)
    batch 1/8
    batch 6/8
  Ep  27/200  loss=1.1217  AUC=0.6647  AP=0.6415  smoothAUC=0.6635  (51.4s)
  ✓ Fold 4 new best smoothed AUC=0.6635  saved.
    batch 1/8
    [swap-guard] 91.3% swap used (batch 3/8) -- pausing 3s for extra cleanup
    batch 6/8
  Ep  28/200  loss=1.0947  AUC=0.6604  AP=0.6691  smoothAUC=0.6630  (59.0s)
    batch 1/8
    batch 6/8
  Ep  29/200  loss=1.0673  AUC=0.6501  AP=0.6506  smoothAUC=0.6584  (65.1s)
    batch 1/8
    [swap-guard] 92.0% swap used (batch 3/8) -- pausing 3s for extra cleanup
    batch 6/8
  Ep  30/200  loss=1.0998  AUC=0.6528  AP=0.6547  smoothAUC=0.6544  (60.2s)
    batch 1/8
    batch 6/8
    [swap-guard] 92.1% swap used (batch 6/8) -- pausing 3s for extra cleanup
  Ep  31/200  loss=1.0028  AUC=0.6790  AP=0.6973  smoothAUC=0.6606  (55.8s)
    batch 1/8
    batch 6/8
    [swap-guard] 91.0% swap used (batch 6/8) -- pausing 3s for extra cleanup
  Ep  32/200  loss=0.9728  AUC=0.6830  AP=0.6920  smoothAUC=0.6716  (53.7s)
  ✓ Fold 4 new best smoothed AUC=0.6716  saved.
    batch 1/8
    batch 6/8
    [swap-guard] 90.1% swap used (epoch end) -- pausing 3s for extra cleanup
  Ep  33/200  loss=0.9699  AUC=0.7063  AP=0.6942  smoothAUC=0.6894  (71.2s)
  ✓ Fold 4 new best smoothed AUC=0.6894  saved.
    batch 1/8
    batch 6/8
    [swap-guard] 91.8% swap used (batch 6/8) -- pausing 3s for extra cleanup
    [swap-guard] 91.2% swap used (epoch end) -- pausing 3s for extra cleanup
    [swap-guard] 90.2% swap used (fold 4 epoch 34 val) -- pausing 3s for extra cleanup
  Ep  34/200  loss=0.9786  AUC=0.7392  AP=0.7126  smoothAUC=0.7095  (73.8s)
  ✓ Fold 4 new best smoothed AUC=0.7095  saved.
    batch 1/8
    batch 6/8
  Ep  35/200  loss=0.9804  AUC=0.7420  AP=0.7400  smoothAUC=0.7292  (64.7s)
  ✓ Fold 4 new best smoothed AUC=0.7292  saved.
    batch 1/8
    batch 6/8
  Ep  36/200  loss=1.0050  AUC=0.7391  AP=0.7269  smoothAUC=0.7401  (66.7s)
  ✓ Fold 4 new best smoothed AUC=0.7401  saved.
    batch 1/8
    batch 6/8
    [swap-guard] 91.6% swap used (batch 6/8) -- pausing 3s for extra cleanup
  Ep  37/200  loss=0.9348  AUC=0.7391  AP=0.7160  smoothAUC=0.7400  (58.9s)
    batch 1/8
    [swap-guard] 96.7% swap used (batch 3/8) -- pausing 3s for extra cleanup
    batch 6/8
  Ep  38/200  loss=0.9513  AUC=0.7189  AP=0.6994  smoothAUC=0.7324  (94.2s)
    batch 1/8
    batch 6/8
    [swap-guard] 94.1% swap used (batch 6/8) -- pausing 3s for extra cleanup
    [swap-guard] 90.6% swap used (epoch end) -- pausing 3s for extra cleanup
    [swap-guard] 90.2% swap used (fold 4 epoch 39 val) -- pausing 3s for extra cleanup
  Ep  39/200  loss=0.9121  AUC=0.7098  AP=0.6931  smoothAUC=0.7226  (92.6s)
    batch 1/8
    batch 6/8
    [swap-guard] 91.6% swap used (epoch end) -- pausing 3s for extra cleanup
    [swap-guard] 91.4% swap used (fold 4 epoch 40 val) -- pausing 3s for extra cleanup
  Ep  40/200  loss=0.9071  AUC=0.7075  AP=0.6852  smoothAUC=0.7121  (84.7s)
    batch 1/8
    [swap-guard] 91.4% swap used (batch 3/8) -- pausing 3s for extra cleanup
    batch 6/8
    [swap-guard] 91.3% swap used (epoch end) -- pausing 3s for extra cleanup
    [swap-guard] 90.8% swap used (fold 4 epoch 41 val) -- pausing 3s for extra cleanup
  Ep  41/200  loss=0.8873  AUC=0.7034  AP=0.6794  smoothAUC=0.7069  (66.1s)
    batch 1/8
    [swap-guard] 92.6% swap used (batch 3/8) -- pausing 3s for extra cleanup
    batch 6/8
    [swap-guard] 90.9% swap used (epoch end) -- pausing 3s for extra cleanup
    [swap-guard] 90.0% swap used (fold 4 epoch 42 val) -- pausing 3s for extra cleanup
  Ep  42/200  loss=0.8667  AUC=0.6958  AP=0.6833  smoothAUC=0.7022  (89.2s)
    batch 1/8
    [swap-guard] 91.5% swap used (batch 3/8) -- pausing 3s for extra cleanup
    batch 6/8
    [swap-guard] 90.8% swap used (batch 6/8) -- pausing 3s for extra cleanup
  Ep  43/200  loss=0.8710  AUC=0.7022  AP=0.6852  smoothAUC=0.7005  (83.3s)
    batch 1/8
    [swap-guard] 93.3% swap used (batch 3/8) -- pausing 3s for extra cleanup
    batch 6/8
    [swap-guard] 92.0% swap used (epoch end) -- pausing 3s for extra cleanup
    [swap-guard] 90.4% swap used (fold 4 epoch 44 val) -- pausing 3s for extra cleanup
  Ep  44/200  loss=0.8230  AUC=0.7107  AP=0.6772  smoothAUC=0.7029  (63.3s)
    batch 1/8
    batch 6/8
    [swap-guard] 93.1% swap used (batch 6/8) -- pausing 3s for extra cleanup
  Ep  45/200  loss=0.7855  AUC=0.6984  AP=0.6831  smoothAUC=0.7038  (75.0s)
    batch 1/8
    [swap-guard] 93.8% swap used (batch 3/8) -- pausing 3s for extra cleanup
    batch 6/8
    [swap-guard] 90.3% swap used (batch 6/8) -- pausing 3s for extra cleanup
    [swap-guard] 90.8% swap used (epoch end) -- pausing 3s for extra cleanup
    [swap-guard] 90.7% swap used (fold 4 epoch 46 val) -- pausing 3s for extra cleanup
  Ep  46/200  loss=0.8608  AUC=0.7147  AP=0.7005  smoothAUC=0.7079  (104.9s)
    batch 1/8
    [swap-guard] 93.2% swap used (batch 3/8) -- pausing 3s for extra cleanup
    batch 6/8
    [swap-guard] 92.6% swap used (batch 6/8) -- pausing 3s for extra cleanup
  Ep  47/200  loss=0.7760  AUC=0.7200  AP=0.7037  smoothAUC=0.7110  (84.3s)
    batch 1/8
    [swap-guard] 92.6% swap used (batch 3/8) -- pausing 3s for extra cleanup
    batch 6/8
    [swap-guard] 90.4% swap used (batch 6/8) -- pausing 3s for extra cleanup
    [swap-guard] 94.6% swap used (epoch end) -- pausing 3s for extra cleanup
    [swap-guard] 93.7% swap used (fold 4 epoch 48 val) -- pausing 3s for extra cleanup
  Ep  48/200  loss=0.7833  AUC=0.7249  AP=0.7106  smoothAUC=0.7199  (113.7s)
    batch 1/8
    [swap-guard] 92.7% swap used (batch 3/8) -- pausing 3s for extra cleanup
    batch 6/8
    [swap-guard] 91.0% swap used (batch 6/8) -- pausing 3s for extra cleanup
    [swap-guard] 93.8% swap used (epoch end) -- pausing 3s for extra cleanup
    [swap-guard] 93.1% swap used (fold 4 epoch 49 val) -- pausing 3s for extra cleanup
  Ep  49/200  loss=0.7460  AUC=0.7208  AP=0.6981  smoothAUC=0.7219  (79.0s)
    batch 1/8
    batch 6/8
    [swap-guard] 90.9% swap used (epoch end) -- pausing 3s for extra cleanup
    [swap-guard] 90.8% swap used (fold 4 epoch 50 val) -- pausing 3s for extra cleanup
  Ep  50/200  loss=0.7579  AUC=0.7176  AP=0.6830  smoothAUC=0.7211  (88.8s)
    batch 1/8
    [swap-guard] 93.9% swap used (batch 3/8) -- pausing 3s for extra cleanup
    batch 6/8
    [swap-guard] 93.3% swap used (batch 6/8) -- pausing 3s for extra cleanup
  Ep  51/200  loss=0.7504  AUC=0.7208  AP=0.6929  smoothAUC=0.7197  (95.8s)
    batch 1/8
    [swap-guard] 96.5% swap used (batch 3/8) -- pausing 3s for extra cleanup
    batch 6/8
    [swap-guard] 95.1% swap used (epoch end) -- pausing 3s for extra cleanup
    [swap-guard] 94.5% swap used (fold 4 epoch 52 val) -- pausing 3s for extra cleanup
  Ep  52/200  loss=0.7256  AUC=0.7141  AP=0.6946  smoothAUC=0.7175  (77.1s)
    batch 1/8
    batch 6/8
    [swap-guard] 93.3% swap used (batch 6/8) -- pausing 3s for extra cleanup
    [swap-guard] 93.5% swap used (fold 4 epoch 53 val) -- pausing 3s for extra cleanup
  Ep  53/200  loss=0.7539  AUC=0.7150  AP=0.6908  smoothAUC=0.7166  (84.6s)
    batch 1/8
    batch 6/8
    [swap-guard] 90.3% swap used (epoch end) -- pausing 3s for extra cleanup
    [swap-guard] 90.0% swap used (fold 4 epoch 54 val) -- pausing 3s for extra cleanup
  Ep  54/200  loss=0.7303  AUC=0.7168  AP=0.6911  smoothAUC=0.7153  (95.7s)
    batch 1/8
    batch 6/8
    [swap-guard] 93.6% swap used (epoch end) -- pausing 3s for extra cleanup
    [swap-guard] 93.2% swap used (fold 4 epoch 55 val) -- pausing 3s for extra cleanup
  Ep  55/200  loss=0.7036  AUC=0.7212  AP=0.6969  smoothAUC=0.7177  (77.3s)
    batch 1/8
    [swap-guard] 93.2% swap used (batch 3/8) -- pausing 3s for extra cleanup
    batch 6/8
    [swap-guard] 95.4% swap used (batch 6/8) -- pausing 3s for extra cleanup
    [swap-guard] 91.3% swap used (epoch end) -- pausing 3s for extra cleanup
    [swap-guard] 90.5% swap used (fold 4 epoch 56 val) -- pausing 3s for extra cleanup
  Ep  56/200  loss=0.7086  AUC=0.7218  AP=0.7000  smoothAUC=0.7200  (73.4s)

  Early stopping at epoch 56.

  Fold 4 test — AUC=0.7178  AP=0.6894  (random=0.5000)
    [swap-guard] 92.7% swap used (fold 4 boundary) -- pausing 3s for extra cleanup

=======================================================
  FOLD 5 / 5
=======================================================
/Users/mbp/Documents/MTECH/Sem4/Individual_project/AI_Assisted_3D_Assembly_Design/AI-Assisted-3D-Assembly-Design/.venv/lib/python3.12/site-packages/torch_geometric/transforms/base_transform.py:32: UserWarning: There are not enough negative edges to satisfy the provided sampling ratio. The ratio will be adjusted to 0.00.
  return self.forward(copy.copy(data))
    [DIAG] graph 44: 2 nodes, 2 dir-edges, 1 pos, requested 1 neg but only 0 possible
    [DIAG] graph 63: 2 nodes, 2 dir-edges, 1 pos, requested 1 neg but only 0 possible
    [DIAG] graph 71: 2 nodes, 2 dir-edges, 1 pos, requested 1 neg but only 0 possible
    [DIAG] graph 119: 2 nodes, 2 dir-edges, 1 pos, requested 1 neg but only 0 possible
    [DIAG] graph 60: 2 nodes, 2 dir-edges, 1 pos, requested 1 neg but only 0 possible
  Fold 5/5 — train: 123  val: 31  test: 38
Model built on mps  |  total params: 2,441,809
    batch 1/8
    batch 6/8
    [swap-guard] 90.5% swap used (batch 6/8) -- pausing 3s for extra cleanup
    [swap-guard] 90.0% swap used (epoch end) -- pausing 3s for extra cleanup
  Ep   1/200  loss=1.5756  AUC=0.5926  AP=0.5919  smoothAUC=0.5926  (82.5s)
  ✓ Fold 5 new best smoothed AUC=0.5926  saved.
    batch 1/8
    batch 6/8
    [swap-guard] 93.3% swap used (epoch end) -- pausing 3s for extra cleanup
    [swap-guard] 92.8% swap used (fold 5 epoch 2 val) -- pausing 3s for extra cleanup
  Ep   2/200  loss=1.5539  AUC=0.6405  AP=0.6321  smoothAUC=0.6166  (91.9s)
  ✓ Fold 5 new best smoothed AUC=0.6166  saved.
    batch 1/8
    [swap-guard] 94.5% swap used (batch 3/8) -- pausing 3s for extra cleanup
    batch 6/8
    [swap-guard] 93.1% swap used (epoch end) -- pausing 3s for extra cleanup
    [swap-guard] 92.9% swap used (fold 5 epoch 3 val) -- pausing 3s for extra cleanup
  Ep   3/200  loss=1.5088  AUC=0.6331  AP=0.6162  smoothAUC=0.6221  (69.4s)
  ✓ Fold 5 new best smoothed AUC=0.6221  saved.
    batch 1/8
    [swap-guard] 94.6% swap used (batch 3/8) -- pausing 3s for extra cleanup
    batch 6/8
    [swap-guard] 91.8% swap used (batch 6/8) -- pausing 3s for extra cleanup
  Ep   4/200  loss=1.4624  AUC=0.6099  AP=0.6116  smoothAUC=0.6278  (66.2s)
  ✓ Fold 5 new best smoothed AUC=0.6278  saved.
    batch 1/8
    [swap-guard] 91.5% swap used (batch 3/8) -- pausing 3s for extra cleanup
    batch 6/8
    [swap-guard] 95.4% swap used (batch 6/8) -- pausing 3s for extra cleanup
    [swap-guard] 92.8% swap used (epoch end) -- pausing 3s for extra cleanup
    [swap-guard] 92.4% swap used (fold 5 epoch 5 val) -- pausing 3s for extra cleanup
  Ep   5/200  loss=1.4230  AUC=0.6085  AP=0.6159  smoothAUC=0.6172  (91.1s)
    batch 1/8
    batch 6/8
    [swap-guard] 97.0% swap used (batch 6/8) -- pausing 3s for extra cleanup
    [swap-guard] 90.6% swap used (epoch end) -- pausing 3s for extra cleanup
  Ep   6/200  loss=1.3851  AUC=0.5953  AP=0.6113  smoothAUC=0.6046  (93.0s)
    batch 1/8
    [swap-guard] 94.0% swap used (batch 3/8) -- pausing 3s for extra cleanup
    batch 6/8
  Ep   7/200  loss=1.3705  AUC=0.6063  AP=0.5966  smoothAUC=0.6034  (67.4s)
    batch 1/8
    [swap-guard] 94.2% swap used (batch 3/8) -- pausing 3s for extra cleanup
    batch 6/8
    [swap-guard] 95.5% swap used (batch 6/8) -- pausing 3s for extra cleanup
    [swap-guard] 94.6% swap used (epoch end) -- pausing 3s for extra cleanup
    [swap-guard] 94.5% swap used (fold 5 epoch 8 val) -- pausing 3s for extra cleanup
  Ep   8/200  loss=1.3389  AUC=0.6272  AP=0.5986  smoothAUC=0.6096  (96.0s)
    batch 1/8
    [swap-guard] 93.6% swap used (batch 3/8) -- pausing 3s for extra cleanup
    batch 6/8
    [swap-guard] 93.4% swap used (epoch end) -- pausing 3s for extra cleanup
    [swap-guard] 92.9% swap used (fold 5 epoch 9 val) -- pausing 3s for extra cleanup
  Ep   9/200  loss=1.3420  AUC=0.6044  AP=0.5923  smoothAUC=0.6126  (61.4s)
    batch 1/8
    [swap-guard] 92.0% swap used (batch 3/8) -- pausing 3s for extra cleanup
    batch 6/8
    [swap-guard] 91.3% swap used (epoch end) -- pausing 3s for extra cleanup
    [swap-guard] 91.2% swap used (fold 5 epoch 10 val) -- pausing 3s for extra cleanup
  Ep  10/200  loss=1.3023  AUC=0.5966  AP=0.5801  smoothAUC=0.6094  (62.8s)
    batch 1/8
    [swap-guard] 90.1% swap used (batch 3/8) -- pausing 3s for extra cleanup
    batch 6/8
    [swap-guard] 95.3% swap used (batch 6/8) -- pausing 3s for extra cleanup
    [swap-guard] 94.2% swap used (epoch end) -- pausing 3s for extra cleanup
    [swap-guard] 94.1% swap used (fold 5 epoch 11 val) -- pausing 3s for extra cleanup
  Ep  11/200  loss=1.2663  AUC=0.6214  AP=0.5946  smoothAUC=0.6075  (97.9s)
    batch 1/8
    [swap-guard] 93.8% swap used (batch 3/8) -- pausing 3s for extra cleanup
    batch 6/8
    [swap-guard] 95.7% swap used (batch 6/8) -- pausing 3s for extra cleanup
    [swap-guard] 95.0% swap used (epoch end) -- pausing 3s for extra cleanup
    [swap-guard] 94.8% swap used (fold 5 epoch 12 val) -- pausing 3s for extra cleanup
  Ep  12/200  loss=1.2683  AUC=0.6424  AP=0.5935  smoothAUC=0.6201  (82.3s)
    batch 1/8
    batch 6/8
    [swap-guard] 93.8% swap used (batch 6/8) -- pausing 3s for extra cleanup
    [swap-guard] 93.0% swap used (epoch end) -- pausing 3s for extra cleanup
    [swap-guard] 92.4% swap used (fold 5 epoch 13 val) -- pausing 3s for extra cleanup
  Ep  13/200  loss=1.2170  AUC=0.6486  AP=0.6135  smoothAUC=0.6374  (66.6s)
  ✓ Fold 5 new best smoothed AUC=0.6374  saved.
    batch 1/8
    [swap-guard] 94.3% swap used (batch 3/8) -- pausing 3s for extra cleanup
    batch 6/8
    [swap-guard] 94.4% swap used (batch 6/8) -- pausing 3s for extra cleanup
    [swap-guard] 90.0% swap used (epoch end) -- pausing 3s for extra cleanup
  Ep  14/200  loss=1.1902  AUC=0.6395  AP=0.6204  smoothAUC=0.6435  (68.3s)
  ✓ Fold 5 new best smoothed AUC=0.6435  saved.
    batch 1/8
    [swap-guard] 94.1% swap used (batch 3/8) -- pausing 3s for extra cleanup
    batch 6/8
    [swap-guard] 92.4% swap used (epoch end) -- pausing 3s for extra cleanup
    [swap-guard] 92.1% swap used (fold 5 epoch 15 val) -- pausing 3s for extra cleanup
  Ep  15/200  loss=1.1683  AUC=0.6410  AP=0.6032  smoothAUC=0.6430  (63.1s)
    batch 1/8
    [swap-guard] 93.9% swap used (batch 3/8) -- pausing 3s for extra cleanup
    batch 6/8
    [swap-guard] 95.2% swap used (batch 6/8) -- pausing 3s for extra cleanup
  Ep  16/200  loss=1.1460  AUC=0.6543  AP=0.6104  smoothAUC=0.6449  (76.2s)
  ✓ Fold 5 new best smoothed AUC=0.6449  saved.
    batch 1/8
    [swap-guard] 96.4% swap used (batch 3/8) -- pausing 3s for extra cleanup
    batch 6/8
    [swap-guard] 91.2% swap used (epoch end) -- pausing 3s for extra cleanup
    [swap-guard] 90.9% swap used (fold 5 epoch 17 val) -- pausing 3s for extra cleanup
  Ep  17/200  loss=1.1100  AUC=0.6557  AP=0.6170  smoothAUC=0.6503  (84.9s)
  ✓ Fold 5 new best smoothed AUC=0.6503  saved.
    batch 1/8
    [swap-guard] 94.8% swap used (batch 3/8) -- pausing 3s for extra cleanup
    batch 6/8
    [swap-guard] 96.9% swap used (batch 6/8) -- pausing 3s for extra cleanup
    [swap-guard] 91.2% swap used (epoch end) -- pausing 3s for extra cleanup
    [swap-guard] 91.2% swap used (fold 5 epoch 18 val) -- pausing 3s for extra cleanup
  Ep  18/200  loss=1.1692  AUC=0.6672  AP=0.6274  smoothAUC=0.6591  (110.7s)
  ✓ Fold 5 new best smoothed AUC=0.6591  saved.
    batch 1/8
    batch 6/8
    [swap-guard] 94.1% swap used (batch 6/8) -- pausing 3s for extra cleanup
    [swap-guard] 91.5% swap used (epoch end) -- pausing 3s for extra cleanup
    [swap-guard] 90.9% swap used (fold 5 epoch 19 val) -- pausing 3s for extra cleanup
  Ep  19/200  loss=1.1075  AUC=0.6840  AP=0.6512  smoothAUC=0.6689  (65.9s)
  ✓ Fold 5 new best smoothed AUC=0.6689  saved.
    batch 1/8
    [swap-guard] 93.7% swap used (batch 3/8) -- pausing 3s for extra cleanup
    batch 6/8
    [swap-guard] 93.6% swap used (batch 6/8) -- pausing 3s for extra cleanup
    [swap-guard] 98.3% swap used (epoch end) -- pausing 3s for extra cleanup
    [swap-guard] 97.8% swap used (fold 5 epoch 20 val) -- pausing 3s for extra cleanup
  Ep  20/200  loss=1.0993  AUC=0.6795  AP=0.6454  smoothAUC=0.6769  (67.2s)
  ✓ Fold 5 new best smoothed AUC=0.6769  saved.
    batch 1/8
    [swap-guard] 96.1% swap used (batch 3/8) -- pausing 3s for extra cleanup
    batch 6/8
    [swap-guard] 92.2% swap used (batch 6/8) -- pausing 3s for extra cleanup
    [swap-guard] 94.0% swap used (epoch end) -- pausing 3s for extra cleanup
    [swap-guard] 93.6% swap used (fold 5 epoch 21 val) -- pausing 3s for extra cleanup
  Ep  21/200  loss=1.0818  AUC=0.6720  AP=0.6255  smoothAUC=0.6785  (83.2s)
  ✓ Fold 5 new best smoothed AUC=0.6785  saved.
    batch 1/8
    [swap-guard] 96.8% swap used (batch 3/8) -- pausing 3s for extra cleanup
    batch 6/8
    [swap-guard] 90.5% swap used (epoch end) -- pausing 3s for extra cleanup
    [swap-guard] 90.0% swap used (fold 5 epoch 22 val) -- pausing 3s for extra cleanup
  Ep  22/200  loss=1.0946  AUC=0.6710  AP=0.6299  smoothAUC=0.6741  (64.7s)
    batch 1/8
    [swap-guard] 93.7% swap used (batch 3/8) -- pausing 3s for extra cleanup
    batch 6/8
    [swap-guard] 93.7% swap used (epoch end) -- pausing 3s for extra cleanup
    [swap-guard] 93.5% swap used (fold 5 epoch 23 val) -- pausing 3s for extra cleanup
  Ep  23/200  loss=1.0287  AUC=0.6848  AP=0.6387  smoothAUC=0.6759  (76.7s)
    batch 1/8
    [swap-guard] 96.3% swap used (batch 3/8) -- pausing 3s for extra cleanup
    batch 6/8
    [swap-guard] 95.9% swap used (batch 6/8) -- pausing 3s for extra cleanup
    [swap-guard] 95.2% swap used (epoch end) -- pausing 3s for extra cleanup
    [swap-guard] 95.1% swap used (fold 5 epoch 24 val) -- pausing 3s for extra cleanup
  Ep  24/200  loss=1.0504  AUC=0.6927  AP=0.6440  smoothAUC=0.6828  (89.3s)
  ✓ Fold 5 new best smoothed AUC=0.6828  saved.
    batch 1/8
    [swap-guard] 96.2% swap used (batch 3/8) -- pausing 3s for extra cleanup
    batch 6/8
    [swap-guard] 90.9% swap used (batch 6/8) -- pausing 3s for extra cleanup
    [swap-guard] 90.7% swap used (epoch end) -- pausing 3s for extra cleanup
    [swap-guard] 90.5% swap used (fold 5 epoch 25 val) -- pausing 3s for extra cleanup
  Ep  25/200  loss=1.0437  AUC=0.7066  AP=0.6554  smoothAUC=0.6947  (117.5s)
  ✓ Fold 5 new best smoothed AUC=0.6947  saved.
    batch 1/8
    [swap-guard] 97.3% swap used (batch 3/8) -- pausing 3s for extra cleanup
    batch 6/8
    [swap-guard] 90.9% swap used (batch 6/8) -- pausing 3s for extra cleanup
    [swap-guard] 90.0% swap used (epoch end) -- pausing 3s for extra cleanup
  Ep  26/200  loss=1.0362  AUC=0.7058  AP=0.6610  smoothAUC=0.7017  (82.8s)
  ✓ Fold 5 new best smoothed AUC=0.7017  saved.
    batch 1/8
    batch 6/8
    [swap-guard] 97.7% swap used (batch 6/8) -- pausing 3s for extra cleanup
  Ep  27/200  loss=0.9800  AUC=0.7000  AP=0.6579  smoothAUC=0.7041  (72.5s)
  ✓ Fold 5 new best smoothed AUC=0.7041  saved.
    batch 1/8
    [swap-guard] 92.7% swap used (batch 3/8) -- pausing 3s for extra cleanup
    batch 6/8
    [swap-guard] 94.5% swap used (batch 6/8) -- pausing 3s for extra cleanup
    [swap-guard] 93.0% swap used (epoch end) -- pausing 3s for extra cleanup
    [swap-guard] 92.9% swap used (fold 5 epoch 28 val) -- pausing 3s for extra cleanup
  Ep  28/200  loss=1.0061  AUC=0.6874  AP=0.6314  smoothAUC=0.6977  (75.0s)
    batch 1/8
    [swap-guard] 95.3% swap used (batch 3/8) -- pausing 3s for extra cleanup
    batch 6/8
    [swap-guard] 95.7% swap used (batch 6/8) -- pausing 3s for extra cleanup
    [swap-guard] 93.8% swap used (epoch end) -- pausing 3s for extra cleanup
    [swap-guard] 93.7% swap used (fold 5 epoch 29 val) -- pausing 3s for extra cleanup
  Ep  29/200  loss=0.9266  AUC=0.6630  AP=0.6123  smoothAUC=0.6835  (97.7s)
    batch 1/8
    batch 6/8
    [swap-guard] 91.6% swap used (batch 6/8) -- pausing 3s for extra cleanup
    [swap-guard] 93.2% swap used (epoch end) -- pausing 3s for extra cleanup
    [swap-guard] 93.1% swap used (fold 5 epoch 30 val) -- pausing 3s for extra cleanup
  Ep  30/200  loss=0.9146  AUC=0.6911  AP=0.6563  smoothAUC=0.6805  (68.4s)
    batch 1/8
    [swap-guard] 93.4% swap used (batch 3/8) -- pausing 3s for extra cleanup
    batch 6/8
    [swap-guard] 96.2% swap used (batch 6/8) -- pausing 3s for extra cleanup
    [swap-guard] 93.8% swap used (epoch end) -- pausing 3s for extra cleanup
    [swap-guard] 92.8% swap used (fold 5 epoch 31 val) -- pausing 3s for extra cleanup
  Ep  31/200  loss=0.9613  AUC=0.7043  AP=0.6805  smoothAUC=0.6862  (84.5s)
    batch 1/8
    [swap-guard] 92.8% swap used (batch 3/8) -- pausing 3s for extra cleanup
    batch 6/8
    [swap-guard] 94.1% swap used (batch 6/8) -- pausing 3s for extra cleanup
    [swap-guard] 95.0% swap used (epoch end) -- pausing 3s for extra cleanup
    [swap-guard] 94.7% swap used (fold 5 epoch 32 val) -- pausing 3s for extra cleanup
  Ep  32/200  loss=0.9586  AUC=0.7045  AP=0.6785  smoothAUC=0.7000  (79.6s)
    batch 1/8
    batch 6/8
    [swap-guard] 95.4% swap used (batch 6/8) -- pausing 3s for extra cleanup
    [swap-guard] 94.4% swap used (epoch end) -- pausing 3s for extra cleanup
    [swap-guard] 93.9% swap used (fold 5 epoch 33 val) -- pausing 3s for extra cleanup
  Ep  33/200  loss=0.9264  AUC=0.7072  AP=0.6763  smoothAUC=0.7053  (91.0s)
  ✓ Fold 5 new best smoothed AUC=0.7053  saved.
    batch 1/8
    [swap-guard] 96.8% swap used (batch 3/8) -- pausing 3s for extra cleanup
    batch 6/8
    [swap-guard] 91.7% swap used (epoch end) -- pausing 3s for extra cleanup
    [swap-guard] 91.5% swap used (fold 5 epoch 34 val) -- pausing 3s for extra cleanup
  Ep  34/200  loss=0.9097  AUC=0.7225  AP=0.6942  smoothAUC=0.7114  (89.5s)
  ✓ Fold 5 new best smoothed AUC=0.7114  saved.
    batch 1/8
    [swap-guard] 93.5% swap used (batch 3/8) -- pausing 3s for extra cleanup
    batch 6/8
    [swap-guard] 94.7% swap used (batch 6/8) -- pausing 3s for extra cleanup
    [swap-guard] 97.6% swap used (epoch end) -- pausing 3s for extra cleanup
    [swap-guard] 97.5% swap used (fold 5 epoch 35 val) -- pausing 3s for extra cleanup
  Ep  35/200  loss=0.8981  AUC=0.7180  AP=0.6838  smoothAUC=0.7159  (103.4s)
  ✓ Fold 5 new best smoothed AUC=0.7159  saved.
    batch 1/8
    batch 6/8
    [swap-guard] 95.7% swap used (batch 6/8) -- pausing 3s for extra cleanup
    [swap-guard] 93.6% swap used (epoch end) -- pausing 3s for extra cleanup
    [swap-guard] 93.5% swap used (fold 5 epoch 36 val) -- pausing 3s for extra cleanup
  Ep  36/200  loss=0.9303  AUC=0.7155  AP=0.6852  smoothAUC=0.7187  (85.8s)
  ✓ Fold 5 new best smoothed AUC=0.7187  saved.
    batch 1/8
    [swap-guard] 96.2% swap used (batch 3/8) -- pausing 3s for extra cleanup
    batch 6/8
    [swap-guard] 94.2% swap used (batch 6/8) -- pausing 3s for extra cleanup
    [swap-guard] 92.3% swap used (epoch end) -- pausing 3s for extra cleanup
    [swap-guard] 91.8% swap used (fold 5 epoch 37 val) -- pausing 3s for extra cleanup
  Ep  37/200  loss=0.8977  AUC=0.7216  AP=0.6993  smoothAUC=0.7184  (82.0s)
    batch 1/8
    batch 6/8
    [swap-guard] 94.1% swap used (batch 6/8) -- pausing 3s for extra cleanup
    [swap-guard] 91.7% swap used (epoch end) -- pausing 3s for extra cleanup
    [swap-guard] 92.6% swap used (fold 5 epoch 38 val) -- pausing 3s for extra cleanup
  Ep  38/200  loss=0.8169  AUC=0.7253  AP=0.6998  smoothAUC=0.7208  (83.8s)
  ✓ Fold 5 new best smoothed AUC=0.7208  saved.
    batch 1/8
    batch 6/8
    [swap-guard] 94.5% swap used (batch 6/8) -- pausing 3s for extra cleanup
    [swap-guard] 93.7% swap used (epoch end) -- pausing 3s for extra cleanup
    [swap-guard] 93.6% swap used (fold 5 epoch 39 val) -- pausing 3s for extra cleanup
  Ep  39/200  loss=0.8603  AUC=0.7152  AP=0.6804  smoothAUC=0.7207  (69.9s)
    batch 1/8
    [swap-guard] 93.3% swap used (batch 3/8) -- pausing 3s for extra cleanup
    batch 6/8
    [swap-guard] 94.2% swap used (batch 6/8) -- pausing 3s for extra cleanup
    [swap-guard] 94.8% swap used (epoch end) -- pausing 3s for extra cleanup
    [swap-guard] 94.4% swap used (fold 5 epoch 40 val) -- pausing 3s for extra cleanup
  Ep  40/200  loss=0.8532  AUC=0.7259  AP=0.6991  smoothAUC=0.7221  (92.4s)
  ✓ Fold 5 new best smoothed AUC=0.7221  saved.
    batch 1/8
    [swap-guard] 94.7% swap used (batch 3/8) -- pausing 3s for extra cleanup
    batch 6/8
    [swap-guard] 92.8% swap used (batch 6/8) -- pausing 3s for extra cleanup
    [swap-guard] 96.1% swap used (epoch end) -- pausing 3s for extra cleanup
    [swap-guard] 95.7% swap used (fold 5 epoch 41 val) -- pausing 3s for extra cleanup
  Ep  41/200  loss=0.8215  AUC=0.7346  AP=0.7037  smoothAUC=0.7252  (99.2s)
  ✓ Fold 5 new best smoothed AUC=0.7252  saved.
    batch 1/8
    [swap-guard] 94.1% swap used (batch 3/8) -- pausing 3s for extra cleanup
    batch 6/8
    [swap-guard] 96.4% swap used (batch 6/8) -- pausing 3s for extra cleanup
    [swap-guard] 96.0% swap used (epoch end) -- pausing 3s for extra cleanup
    [swap-guard] 95.8% swap used (fold 5 epoch 42 val) -- pausing 3s for extra cleanup
  Ep  42/200  loss=0.8437  AUC=0.7336  AP=0.7012  smoothAUC=0.7313  (101.4s)
  ✓ Fold 5 new best smoothed AUC=0.7313  saved.
    batch 1/8
    [swap-guard] 91.8% swap used (batch 3/8) -- pausing 3s for extra cleanup
    batch 6/8
    [swap-guard] 96.5% swap used (batch 6/8) -- pausing 3s for extra cleanup
    [swap-guard] 95.4% swap used (epoch end) -- pausing 3s for extra cleanup
    [swap-guard] 95.2% swap used (fold 5 epoch 43 val) -- pausing 3s for extra cleanup
  Ep  43/200  loss=0.7811  AUC=0.7419  AP=0.7136  smoothAUC=0.7367  (93.1s)
  ✓ Fold 5 new best smoothed AUC=0.7367  saved.
    batch 1/8
    batch 6/8
    [swap-guard] 92.8% swap used (epoch end) -- pausing 3s for extra cleanup
    [swap-guard] 92.5% swap used (fold 5 epoch 44 val) -- pausing 3s for extra cleanup
  Ep  44/200  loss=0.8327  AUC=0.7584  AP=0.7255  smoothAUC=0.7446  (78.4s)
  ✓ Fold 5 new best smoothed AUC=0.7446  saved.
    batch 1/8
    [swap-guard] 96.4% swap used (batch 3/8) -- pausing 3s for extra cleanup
    batch 6/8
    [swap-guard] 95.3% swap used (batch 6/8) -- pausing 3s for extra cleanup
    [swap-guard] 93.1% swap used (epoch end) -- pausing 3s for extra cleanup
    [swap-guard] 92.5% swap used (fold 5 epoch 45 val) -- pausing 3s for extra cleanup
  Ep  45/200  loss=0.7695  AUC=0.7582  AP=0.7390  smoothAUC=0.7528  (89.8s)
  ✓ Fold 5 new best smoothed AUC=0.7528  saved.
    batch 1/8
    batch 6/8
    [swap-guard] 94.4% swap used (batch 6/8) -- pausing 3s for extra cleanup
    [swap-guard] 93.7% swap used (epoch end) -- pausing 3s for extra cleanup
    [swap-guard] 93.6% swap used (fold 5 epoch 46 val) -- pausing 3s for extra cleanup
  Ep  46/200  loss=0.7879  AUC=0.7428  AP=0.7158  smoothAUC=0.7531  (81.8s)
  ✓ Fold 5 new best smoothed AUC=0.7531  saved.
    batch 1/8
    batch 6/8
    [swap-guard] 94.0% swap used (batch 6/8) -- pausing 3s for extra cleanup
    [swap-guard] 95.4% swap used (epoch end) -- pausing 3s for extra cleanup
    [swap-guard] 95.0% swap used (fold 5 epoch 47 val) -- pausing 3s for extra cleanup
  Ep  47/200  loss=0.7363  AUC=0.7370  AP=0.7088  smoothAUC=0.7460  (84.8s)
    batch 1/8
    [swap-guard] 92.2% swap used (batch 3/8) -- pausing 3s for extra cleanup
    batch 6/8
    [swap-guard] 93.3% swap used (batch 6/8) -- pausing 3s for extra cleanup
    [swap-guard] 92.7% swap used (epoch end) -- pausing 3s for extra cleanup
    [swap-guard] 92.6% swap used (fold 5 epoch 48 val) -- pausing 3s for extra cleanup
  Ep  48/200  loss=0.7863  AUC=0.7381  AP=0.7079  smoothAUC=0.7393  (107.1s)
    batch 1/8
    [swap-guard] 94.0% swap used (batch 3/8) -- pausing 3s for extra cleanup
    batch 6/8
    [swap-guard] 94.4% swap used (batch 6/8) -- pausing 3s for extra cleanup
    [swap-guard] 94.1% swap used (epoch end) -- pausing 3s for extra cleanup
    [swap-guard] 94.0% swap used (fold 5 epoch 49 val) -- pausing 3s for extra cleanup
  Ep  49/200  loss=0.8276  AUC=0.7441  AP=0.7160  smoothAUC=0.7397  (105.5s)
    batch 1/8
    [swap-guard] 97.2% swap used (batch 3/8) -- pausing 3s for extra cleanup
    batch 6/8
    [swap-guard] 95.0% swap used (batch 6/8) -- pausing 3s for extra cleanup
    [swap-guard] 93.2% swap used (epoch end) -- pausing 3s for extra cleanup
    [swap-guard] 92.8% swap used (fold 5 epoch 50 val) -- pausing 3s for extra cleanup
  Ep  50/200  loss=0.7076  AUC=0.7456  AP=0.7146  smoothAUC=0.7426  (106.7s)
    batch 1/8
    batch 6/8
    [swap-guard] 94.5% swap used (batch 6/8) -- pausing 3s for extra cleanup
    [swap-guard] 93.4% swap used (fold 5 epoch 51 val) -- pausing 3s for extra cleanup
  Ep  51/200  loss=0.7856  AUC=0.7478  AP=0.7203  smoothAUC=0.7458  (93.0s)
    batch 1/8
    [swap-guard] 96.7% swap used (batch 3/8) -- pausing 3s for extra cleanup
    batch 6/8
    [swap-guard] 92.8% swap used (batch 6/8) -- pausing 3s for extra cleanup
    [swap-guard] 92.3% swap used (epoch end) -- pausing 3s for extra cleanup
    [swap-guard] 95.4% swap used (fold 5 epoch 52 val) -- pausing 3s for extra cleanup
  Ep  52/200  loss=0.7326  AUC=0.7432  AP=0.7092  smoothAUC=0.7455  (89.5s)
    batch 1/8
    [swap-guard] 96.0% swap used (batch 3/8) -- pausing 3s for extra cleanup
    batch 6/8
    [swap-guard] 96.3% swap used (epoch end) -- pausing 3s for extra cleanup
    [swap-guard] 95.7% swap used (fold 5 epoch 53 val) -- pausing 3s for extra cleanup
  Ep  53/200  loss=0.7721  AUC=0.7550  AP=0.7158  smoothAUC=0.7486  (87.2s)
    batch 1/8
    [swap-guard] 95.7% swap used (batch 3/8) -- pausing 3s for extra cleanup
    batch 6/8
    [swap-guard] 95.2% swap used (batch 6/8) -- pausing 3s for extra cleanup
    [swap-guard] 92.4% swap used (epoch end) -- pausing 3s for extra cleanup
    [swap-guard] 92.3% swap used (fold 5 epoch 54 val) -- pausing 3s for extra cleanup
  Ep  54/200  loss=0.7126  AUC=0.7581  AP=0.7343  smoothAUC=0.7521  (108.7s)
    batch 1/8
    [swap-guard] 96.3% swap used (batch 3/8) -- pausing 3s for extra cleanup
    batch 6/8
    [swap-guard] 96.5% swap used (batch 6/8) -- pausing 3s for extra cleanup
    [swap-guard] 94.3% swap used (epoch end) -- pausing 3s for extra cleanup
    [swap-guard] 93.9% swap used (fold 5 epoch 55 val) -- pausing 3s for extra cleanup
  Ep  55/200  loss=0.7573  AUC=0.7636  AP=0.7456  smoothAUC=0.7589  (101.5s)
  ✓ Fold 5 new best smoothed AUC=0.7589  saved.
    batch 1/8
    [swap-guard] 96.5% swap used (batch 3/8) -- pausing 3s for extra cleanup
    batch 6/8
    [swap-guard] 94.2% swap used (batch 6/8) -- pausing 3s for extra cleanup
    [swap-guard] 92.6% swap used (epoch end) -- pausing 3s for extra cleanup
    [swap-guard] 92.4% swap used (fold 5 epoch 56 val) -- pausing 3s for extra cleanup
  Ep  56/200  loss=0.7643  AUC=0.7760  AP=0.7548  smoothAUC=0.7659  (126.3s)
  ✓ Fold 5 new best smoothed AUC=0.7659  saved.
    batch 1/8
    [swap-guard] 96.4% swap used (batch 3/8) -- pausing 3s for extra cleanup
    batch 6/8
    [swap-guard] 93.6% swap used (epoch end) -- pausing 3s for extra cleanup
    [swap-guard] 93.1% swap used (fold 5 epoch 57 val) -- pausing 3s for extra cleanup
  Ep  57/200  loss=0.6927  AUC=0.7658  AP=0.7491  smoothAUC=0.7684  (105.0s)
  ✓ Fold 5 new best smoothed AUC=0.7684  saved.
    batch 1/8
    [swap-guard] 96.8% swap used (batch 3/8) -- pausing 3s for extra cleanup
    batch 6/8
    [swap-guard] 95.4% swap used (batch 6/8) -- pausing 3s for extra cleanup
    [swap-guard] 97.3% swap used (epoch end) -- pausing 3s for extra cleanup
    [swap-guard] 96.5% swap used (fold 5 epoch 58 val) -- pausing 3s for extra cleanup
  Ep  58/200  loss=0.6694  AUC=0.7632  AP=0.7419  smoothAUC=0.7683  (109.4s)
    batch 1/8
    [swap-guard] 94.5% swap used (batch 3/8) -- pausing 3s for extra cleanup
    batch 6/8
    [swap-guard] 95.1% swap used (batch 6/8) -- pausing 3s for extra cleanup
    [swap-guard] 93.2% swap used (epoch end) -- pausing 3s for extra cleanup
    [swap-guard] 93.1% swap used (fold 5 epoch 59 val) -- pausing 3s for extra cleanup
  Ep  59/200  loss=0.6874  AUC=0.7627  AP=0.7224  smoothAUC=0.7639  (115.3s)
    batch 1/8
    [swap-guard] 96.5% swap used (batch 3/8) -- pausing 3s for extra cleanup
    batch 6/8
    [swap-guard] 93.3% swap used (epoch end) -- pausing 3s for extra cleanup
    [swap-guard] 92.4% swap used (fold 5 epoch 60 val) -- pausing 3s for extra cleanup
  Ep  60/200  loss=0.6772  AUC=0.7618  AP=0.7223  smoothAUC=0.7626  (99.6s)
    batch 1/8
    [swap-guard] 95.6% swap used (batch 3/8) -- pausing 3s for extra cleanup
    batch 6/8
    [swap-guard] 95.7% swap used (batch 6/8) -- pausing 3s for extra cleanup
    [swap-guard] 94.9% swap used (epoch end) -- pausing 3s for extra cleanup
    [swap-guard] 94.8% swap used (fold 5 epoch 61 val) -- pausing 3s for extra cleanup
  Ep  61/200  loss=0.6477  AUC=0.7680  AP=0.7399  smoothAUC=0.7642  (109.5s)
    batch 1/8
    [swap-guard] 92.9% swap used (batch 3/8) -- pausing 3s for extra cleanup
    batch 6/8
    [swap-guard] 94.6% swap used (batch 6/8) -- pausing 3s for extra cleanup
    [swap-guard] 94.4% swap used (epoch end) -- pausing 3s for extra cleanup
    [swap-guard] 93.9% swap used (fold 5 epoch 62 val) -- pausing 3s for extra cleanup
  Ep  62/200  loss=0.6340  AUC=0.7686  AP=0.7512  smoothAUC=0.7661  (113.8s)
    batch 1/8
    [swap-guard] 95.3% swap used (batch 3/8) -- pausing 3s for extra cleanup
    batch 6/8
    [swap-guard] 94.8% swap used (epoch end) -- pausing 3s for extra cleanup
    [swap-guard] 94.7% swap used (fold 5 epoch 63 val) -- pausing 3s for extra cleanup
  Ep  63/200  loss=0.6533  AUC=0.7715  AP=0.7509  smoothAUC=0.7693  (102.1s)
  ✓ Fold 5 new best smoothed AUC=0.7693  saved.
    batch 1/8
    [swap-guard] 97.2% swap used (batch 3/8) -- pausing 3s for extra cleanup
    batch 6/8
    [swap-guard] 95.3% swap used (epoch end) -- pausing 3s for extra cleanup
    [swap-guard] 95.3% swap used (fold 5 epoch 64 val) -- pausing 3s for extra cleanup
  Ep  64/200  loss=0.6419  AUC=0.7771  AP=0.7619  smoothAUC=0.7724  (110.6s)
  ✓ Fold 5 new best smoothed AUC=0.7724  saved.
    batch 1/8
    [swap-guard] 97.8% swap used (batch 3/8) -- pausing 3s for extra cleanup
    batch 6/8
    [swap-guard] 98.0% swap used (batch 6/8) -- pausing 3s for extra cleanup
    [swap-guard] 97.4% swap used (epoch end) -- pausing 3s for extra cleanup
    [swap-guard] 97.3% swap used (fold 5 epoch 65 val) -- pausing 3s for extra cleanup
  Ep  65/200  loss=0.6081  AUC=0.7850  AP=0.7719  smoothAUC=0.7779  (101.3s)
  ✓ Fold 5 new best smoothed AUC=0.7779  saved.
    batch 1/8
    batch 6/8
    [swap-guard] 96.3% swap used (batch 6/8) -- pausing 3s for extra cleanup
    [swap-guard] 91.8% swap used (epoch end) -- pausing 3s for extra cleanup
    [swap-guard] 91.6% swap used (fold 5 epoch 66 val) -- pausing 3s for extra cleanup
  Ep  66/200  loss=0.6088  AUC=0.7807  AP=0.7614  smoothAUC=0.7809  (100.1s)
  ✓ Fold 5 new best smoothed AUC=0.7809  saved.
    batch 1/8
    [swap-guard] 95.1% swap used (batch 3/8) -- pausing 3s for extra cleanup
    batch 6/8
    [swap-guard] 96.4% swap used (batch 6/8) -- pausing 3s for extra cleanup
    [swap-guard] 93.9% swap used (epoch end) -- pausing 3s for extra cleanup
    [swap-guard] 93.7% swap used (fold 5 epoch 67 val) -- pausing 3s for extra cleanup
  Ep  67/200  loss=0.6473  AUC=0.7880  AP=0.7614  smoothAUC=0.7846  (152.3s)
  ✓ Fold 5 new best smoothed AUC=0.7846  saved.
    batch 1/8
    [swap-guard] 93.3% swap used (batch 3/8) -- pausing 3s for extra cleanup
    batch 6/8
    [swap-guard] 96.4% swap used (batch 6/8) -- pausing 3s for extra cleanup
    [swap-guard] 95.2% swap used (epoch end) -- pausing 3s for extra cleanup
    [swap-guard] 95.0% swap used (fold 5 epoch 68 val) -- pausing 3s for extra cleanup
  Ep  68/200  loss=0.5932  AUC=0.7962  AP=0.7624  smoothAUC=0.7883  (127.0s)
  ✓ Fold 5 new best smoothed AUC=0.7883  saved.
    batch 1/8
    [swap-guard] 96.9% swap used (batch 3/8) -- pausing 3s for extra cleanup
    batch 6/8
    [swap-guard] 97.0% swap used (batch 6/8) -- pausing 3s for extra cleanup
  Ep  69/200  loss=0.5780  AUC=0.7963  AP=0.7622  smoothAUC=0.7935  (85.2s)
  ✓ Fold 5 new best smoothed AUC=0.7935  saved.
    batch 1/8
    [swap-guard] 95.5% swap used (batch 3/8) -- pausing 3s for extra cleanup
    batch 6/8
    [swap-guard] 96.7% swap used (batch 6/8) -- pausing 3s for extra cleanup
    [swap-guard] 94.9% swap used (epoch end) -- pausing 3s for extra cleanup
    [swap-guard] 94.5% swap used (fold 5 epoch 70 val) -- pausing 3s for extra cleanup
  Ep  70/200  loss=0.5847  AUC=0.7916  AP=0.7696  smoothAUC=0.7947  (88.5s)
  ✓ Fold 5 new best smoothed AUC=0.7947  saved.
    batch 1/8
    [swap-guard] 97.1% swap used (batch 3/8) -- pausing 3s for extra cleanup
    batch 6/8
    [swap-guard] 96.5% swap used (batch 6/8) -- pausing 3s for extra cleanup
    [swap-guard] 96.9% swap used (epoch end) -- pausing 3s for extra cleanup
    [swap-guard] 96.3% swap used (fold 5 epoch 71 val) -- pausing 3s for extra cleanup
  Ep  71/200  loss=0.5921  AUC=0.7836  AP=0.7695  smoothAUC=0.7905  (128.2s)
    batch 1/8
    [swap-guard] 96.7% swap used (batch 3/8) -- pausing 3s for extra cleanup
    batch 6/8
    [swap-guard] 93.7% swap used (batch 6/8) -- pausing 3s for extra cleanup
    [swap-guard] 94.0% swap used (epoch end) -- pausing 3s for extra cleanup
    [swap-guard] 93.8% swap used (fold 5 epoch 72 val) -- pausing 3s for extra cleanup
  Ep  72/200  loss=0.5720  AUC=0.7803  AP=0.7698  smoothAUC=0.7852  (115.0s)
    batch 1/8
    [swap-guard] 94.2% swap used (batch 3/8) -- pausing 3s for extra cleanup
    batch 6/8
    [swap-guard] 95.3% swap used (batch 6/8) -- pausing 3s for extra cleanup
    [swap-guard] 93.6% swap used (epoch end) -- pausing 3s for extra cleanup
    [swap-guard] 93.2% swap used (fold 5 epoch 73 val) -- pausing 3s for extra cleanup
  Ep  73/200  loss=0.5900  AUC=0.7816  AP=0.7624  smoothAUC=0.7818  (125.1s)
    batch 1/8
    [swap-guard] 98.3% swap used (batch 3/8) -- pausing 3s for extra cleanup
    batch 6/8
    [swap-guard] 94.2% swap used (batch 6/8) -- pausing 3s for extra cleanup
    [swap-guard] 93.2% swap used (epoch end) -- pausing 3s for extra cleanup
    [swap-guard] 93.1% swap used (fold 5 epoch 74 val) -- pausing 3s for extra cleanup
  Ep  74/200  loss=0.5986  AUC=0.7737  AP=0.7499  smoothAUC=0.7785  (102.4s)
    batch 1/8
    [swap-guard] 96.1% swap used (batch 3/8) -- pausing 3s for extra cleanup
    batch 6/8
    [swap-guard] 92.3% swap used (epoch end) -- pausing 3s for extra cleanup
    [swap-guard] 91.9% swap used (fold 5 epoch 75 val) -- pausing 3s for extra cleanup
  Ep  75/200  loss=0.5994  AUC=0.7716  AP=0.7521  smoothAUC=0.7756  (130.2s)
    batch 1/8
    [swap-guard] 97.2% swap used (batch 3/8) -- pausing 3s for extra cleanup
    batch 6/8
    [swap-guard] 96.2% swap used (batch 6/8) -- pausing 3s for extra cleanup
    [swap-guard] 92.7% swap used (epoch end) -- pausing 3s for extra cleanup
    [swap-guard] 92.6% swap used (fold 5 epoch 76 val) -- pausing 3s for extra cleanup
  Ep  76/200  loss=0.5673  AUC=0.7758  AP=0.7442  smoothAUC=0.7737  (111.6s)
    batch 1/8
    [swap-guard] 94.6% swap used (batch 3/8) -- pausing 3s for extra cleanup
    batch 6/8
    [swap-guard] 95.6% swap used (batch 6/8) -- pausing 3s for extra cleanup
    [swap-guard] 94.7% swap used (epoch end) -- pausing 3s for extra cleanup
    [swap-guard] 94.0% swap used (fold 5 epoch 77 val) -- pausing 3s for extra cleanup
  Ep  77/200  loss=0.5714  AUC=0.7896  AP=0.7411  smoothAUC=0.7790  (106.5s)
    batch 1/8
    [swap-guard] 95.7% swap used (batch 3/8) -- pausing 3s for extra cleanup
    batch 6/8
    [swap-guard] 97.5% swap used (batch 6/8) -- pausing 3s for extra cleanup
    [swap-guard] 97.6% swap used (epoch end) -- pausing 3s for extra cleanup
    [swap-guard] 97.1% swap used (fold 5 epoch 78 val) -- pausing 3s for extra cleanup
  Ep  78/200  loss=0.6038  AUC=0.7863  AP=0.7369  smoothAUC=0.7839  (127.7s)
    batch 1/8
    [swap-guard] 94.4% swap used (batch 3/8) -- pausing 3s for extra cleanup
    batch 6/8
    [swap-guard] 94.4% swap used (batch 6/8) -- pausing 3s for extra cleanup
    [swap-guard] 96.3% swap used (epoch end) -- pausing 3s for extra cleanup
    [swap-guard] 95.7% swap used (fold 5 epoch 79 val) -- pausing 3s for extra cleanup
  Ep  79/200  loss=0.5288  AUC=0.7874  AP=0.7529  smoothAUC=0.7878  (116.0s)
    batch 1/8
    batch 6/8
    [swap-guard] 94.8% swap used (batch 6/8) -- pausing 3s for extra cleanup
    [swap-guard] 90.9% swap used (fold 5 epoch 80 val) -- pausing 3s for extra cleanup
  Ep  80/200  loss=0.5426  AUC=0.7866  AP=0.7495  smoothAUC=0.7868  (97.1s)
    batch 1/8
    [swap-guard] 95.2% swap used (batch 3/8) -- pausing 3s for extra cleanup
    batch 6/8
    [swap-guard] 95.9% swap used (epoch end) -- pausing 3s for extra cleanup
    [swap-guard] 95.4% swap used (fold 5 epoch 81 val) -- pausing 3s for extra cleanup
  Ep  81/200  loss=0.5996  AUC=0.7885  AP=0.7573  smoothAUC=0.7875  (96.3s)
    batch 1/8
    [swap-guard] 96.2% swap used (batch 3/8) -- pausing 3s for extra cleanup
    batch 6/8
    [swap-guard] 96.0% swap used (batch 6/8) -- pausing 3s for extra cleanup
    [swap-guard] 95.4% swap used (epoch end) -- pausing 3s for extra cleanup
    [swap-guard] 95.3% swap used (fold 5 epoch 82 val) -- pausing 3s for extra cleanup
  Ep  82/200  loss=0.5387  AUC=0.7852  AP=0.7646  smoothAUC=0.7868  (90.2s)
    batch 1/8
    [swap-guard] 96.3% swap used (batch 3/8) -- pausing 3s for extra cleanup
    batch 6/8
    [swap-guard] 95.8% swap used (batch 6/8) -- pausing 3s for extra cleanup
    [swap-guard] 94.8% swap used (epoch end) -- pausing 3s for extra cleanup
    [swap-guard] 94.8% swap used (fold 5 epoch 83 val) -- pausing 3s for extra cleanup
  Ep  83/200  loss=0.5269  AUC=0.7877  AP=0.7689  smoothAUC=0.7871  (109.9s)
    batch 1/8
    [swap-guard] 95.2% swap used (batch 3/8) -- pausing 3s for extra cleanup
    batch 6/8
    [swap-guard] 93.5% swap used (batch 6/8) -- pausing 3s for extra cleanup
    [swap-guard] 96.5% swap used (epoch end) -- pausing 3s for extra cleanup
    [swap-guard] 95.1% swap used (fold 5 epoch 84 val) -- pausing 3s for extra cleanup
  Ep  84/200  loss=0.5633  AUC=0.7842  AP=0.7608  smoothAUC=0.7857  (106.4s)
    batch 1/8
    [swap-guard] 95.2% swap used (batch 3/8) -- pausing 3s for extra cleanup
    batch 6/8
    [swap-guard] 97.8% swap used (batch 6/8) -- pausing 3s for extra cleanup
    [swap-guard] 96.4% swap used (epoch end) -- pausing 3s for extra cleanup
    [swap-guard] 96.3% swap used (fold 5 epoch 85 val) -- pausing 3s for extra cleanup
  Ep  85/200  loss=0.4690  AUC=0.7828  AP=0.7571  smoothAUC=0.7849  (126.7s)
    batch 1/8
    [swap-guard] 95.5% swap used (batch 3/8) -- pausing 3s for extra cleanup
    batch 6/8
    [swap-guard] 95.8% swap used (batch 6/8) -- pausing 3s for extra cleanup
    [swap-guard] 93.2% swap used (epoch end) -- pausing 3s for extra cleanup
    [swap-guard] 91.4% swap used (fold 5 epoch 86 val) -- pausing 3s for extra cleanup
  Ep  86/200  loss=0.4876  AUC=0.7819  AP=0.7567  smoothAUC=0.7830  (112.0s)
    batch 1/8
    batch 6/8
    [swap-guard] 95.9% swap used (batch 6/8) -- pausing 3s for extra cleanup
    [swap-guard] 92.6% swap used (epoch end) -- pausing 3s for extra cleanup
    [swap-guard] 92.6% swap used (fold 5 epoch 87 val) -- pausing 3s for extra cleanup
  Ep  87/200  loss=0.4533  AUC=0.7798  AP=0.7564  smoothAUC=0.7815  (101.4s)
    batch 1/8
    [swap-guard] 97.5% swap used (batch 3/8) -- pausing 3s for extra cleanup
    batch 6/8
    [swap-guard] 93.6% swap used (batch 6/8) -- pausing 3s for extra cleanup
    [swap-guard] 95.6% swap used (epoch end) -- pausing 3s for extra cleanup
    [swap-guard] 95.4% swap used (fold 5 epoch 88 val) -- pausing 3s for extra cleanup
  Ep  88/200  loss=0.5063  AUC=0.7751  AP=0.7549  smoothAUC=0.7789  (117.6s)
    batch 1/8
    [swap-guard] 94.7% swap used (batch 3/8) -- pausing 3s for extra cleanup
    batch 6/8
    [swap-guard] 94.7% swap used (batch 6/8) -- pausing 3s for extra cleanup
    [swap-guard] 93.1% swap used (epoch end) -- pausing 3s for extra cleanup
    [swap-guard] 93.1% swap used (fold 5 epoch 89 val) -- pausing 3s for extra cleanup
  Ep  89/200  loss=0.4765  AUC=0.7763  AP=0.7553  smoothAUC=0.7771  (109.6s)
    batch 1/8
    [swap-guard] 98.1% swap used (batch 3/8) -- pausing 3s for extra cleanup
    batch 6/8
    [swap-guard] 94.8% swap used (batch 6/8) -- pausing 3s for extra cleanup
    [swap-guard] 93.7% swap used (epoch end) -- pausing 3s for extra cleanup
    [swap-guard] 93.7% swap used (fold 5 epoch 90 val) -- pausing 3s for extra cleanup
  Ep  90/200  loss=0.4958  AUC=0.7726  AP=0.7502  smoothAUC=0.7747  (137.6s)

  Early stopping at epoch 90.

  Fold 5 test — AUC=0.7324  AP=0.7061  (random=0.5000)
    [swap-guard] 93.2% swap used (fold 5 boundary) -- pausing 3s for extra cleanup

=======================================================
  5-Fold CV Summary
=======================================================
  Fold 1: AUC=0.7628  AP=0.7557  (random=0.5000)
  Fold 2: AUC=0.6736  AP=0.6649  (random=0.5000)
  Fold 3: AUC=0.5821  AP=0.6561  (random=0.5782)
  Fold 4: AUC=0.7178  AP=0.6894  (random=0.5000)
  Fold 5: AUC=0.7324  AP=0.7061  (random=0.5000)
  ─────────────────────────────────────────
  Mean AUC        = 0.6937 ± 0.0702
  Mean AP         = 0.6945 ± 0.0396
  Mean random AP  = 0.5156 ± 0.0350  (chance baseline — AP lift over this is the real signal)
  Best overall fold: 5  (val AUC=0.7947)

[4/4] Final test evaluation (best_overall.pt) …
Model built on mps  |  total params: 2,441,809
/Users/mbp/Documents/MTECH/Sem4/Individual_project/AI_Assisted_3D_Assembly_Design/AI-Assisted-3D-Assembly-Design/.venv/lib/python3.12/site-packages/torch_geometric/transforms/base_transform.py:32: UserWarning: There are not enough negative edges to satisfy the provided sampling ratio. The ratio will be adjusted to 0.00.
  return self.forward(copy.copy(data))
    [DIAG] graph 44: 2 nodes, 2 dir-edges, 1 pos, requested 1 neg but only 0 possible
    [DIAG] graph 63: 2 nodes, 2 dir-edges, 1 pos, requested 1 neg but only 0 possible
    [DIAG] graph 71: 2 nodes, 2 dir-edges, 1 pos, requested 1 neg but only 0 possible
    [DIAG] graph 119: 2 nodes, 2 dir-edges, 1 pos, requested 1 neg but only 0 possible
    [DIAG] graph 60: 2 nodes, 2 dir-edges, 1 pos, requested 1 neg but only 0 possible
  Fold 5/5 — train: 123  val: 31  test: 38

  ── Test results (best overall model) ─────
     auc         : 0.7324
     ap          : 0.7061
     random_ap   : 0.5000

  Results saved        → results
  Best overall ckpt    → checkpoints/best_overall.pt
  Trained model export → ../trained_models/assembly_gnn_20260813_104808_auc07947.pt

  ⊘ Serving model NOT updated — run launched with --no-promote (this run: AUC=0.6937, AP-lift=0.1788)

  Building assembly template cache …
  [TemplateDB] Built 7 category templates from 192 training assemblies.
    Bench Vice                                bodies≈22  dist={'long_shaft': 2, 'short_shaft': 2, 'thick_plate': 2, 'thin_plate': 3, 'bolt': 2, 'washer': 2, 'nut': 4, 'body': 12}
    C Clamps                                  bodies≈7  dist={'long_shaft': 1, 'short_shaft': 1, 'thick_plate': 1, 'thin_plate': 1, 'bolt': 1, 'washer': 1, 'nut': 2, 'body': 2}
    Crane Hook                                bodies≈40  dist={'long_shaft': 2, 'short_shaft': 3, 'thick_plate': 5, 'thin_plate': 2, 'bolt': 1, 'washer': 7, 'nut': 12, 'body': 7}
    Gate Valve                                bodies≈49  dist={'long_shaft': 2, 'short_shaft': 4, 'thick_plate': 2, 'thin_plate': 4, 'bolt': 4, 'washer': 3, 'nut': 18, 'body': 16}
    Pipe Vice                                 bodies≈8  dist={'long_shaft': 1, 'short_shaft': 1, 'thick_plate': 1, 'thin_plate': 2, 'bolt': 1, 'washer': 1, 'nut': 2, 'body': 4}
    Press Tool                                bodies≈14  dist={'long_shaft': 4, 'short_shaft': 4, 'thick_plate': 2, 'thin_plate': 18, 'bolt': 10, 'washer': 4, 'nut': 4, 'body': 5}
    Tool Post                                 bodies≈30  dist={'long_shaft': 2, 'short_shaft': 8, 'thick_plate': 2, 'thin_plate': 1, 'bolt': 8, 'washer': 2, 'nut': 2, 'body': 11}
  [TemplateDB] Saved 7 templates → data/assembly_templates.json
